
> frontend@0.0.0 build
> tsc -b && vite build

src/components/admin/AdminSettings.tsx(22,10): error TS2305: Module '"../../core/UnifiedConfig"' has no exported member 'UnifiedApplicationConfig'.
src/components/advanced/WhatIfSimulator.tsx(209,41): error TS2339: Property 'generateAnalysis' does not exist on type 'LLMService'.
src/components/analytics/PerformanceAnalyticsDashboard.tsx(731,16): error TS2769: No overload matches this call.
  Overload 1 of 2, '(props: { component: ElementType<any, keyof IntrinsicElements>; } & GridBaseProps & { sx?: SxProps<Theme>; } & SystemProps<Theme> & Omit<...>): Element', gave the following error.
    Property 'component' is missing in type '{ children: Element; item: true; xs: number; md: number; }' but required in type '{ component: ElementType<any, keyof IntrinsicElements>; }'.
  Overload 2 of 2, '(props: DefaultComponentProps<GridTypeMap<{}, "div">>): Element', gave the following error.
    Type '{ children: Element; item: true; xs: number; md: number; }' is not assignable to type 'IntrinsicAttributes & GridBaseProps & { sx?: SxProps<Theme>; } & SystemProps<Theme> & Omit<Omit<DetailedHTMLProps<HTMLAttributes<HTMLDivElement>, HTMLDivElement>, "ref"> & { ...; }, "sx" | ... 1 more ... | keyof GridBaseProps>'.
      Property 'item' does not exist on type 'IntrinsicAttributes & GridBaseProps & { sx?: SxProps<Theme>; } & SystemProps<Theme> & Omit<Omit<DetailedHTMLProps<HTMLAttributes<HTMLDivElement>, HTMLDivElement>, "ref"> & { ...; }, "sx" | ... 1 more ... | keyof GridBaseProps>'.
src/components/analytics/PerformanceAnalyticsDashboard.tsx(773,16): error TS2769: No overload matches this call.
  Overload 1 of 2, '(props: { component: ElementType<any, keyof IntrinsicElements>; } & GridBaseProps & { sx?: SxProps<Theme>; } & SystemProps<Theme> & Omit<...>): Element', gave the following error.
    Property 'component' is missing in type '{ children: Element; item: true; xs: number; md: number; }' but required in type '{ component: ElementType<any, keyof IntrinsicElements>; }'.
  Overload 2 of 2, '(props: DefaultComponentProps<GridTypeMap<{}, "div">>): Element', gave the following error.
    Type '{ children: Element; item: true; xs: number; md: number; }' is not assignable to type 'IntrinsicAttributes & GridBaseProps & { sx?: SxProps<Theme>; } & SystemProps<Theme> & Omit<Omit<DetailedHTMLProps<HTMLAttributes<HTMLDivElement>, HTMLDivElement>, "ref"> & { ...; }, "sx" | ... 1 more ... | keyof GridBaseProps>'.
      Property 'item' does not exist on type 'IntrinsicAttributes & GridBaseProps & { sx?: SxProps<Theme>; } & SystemProps<Theme> & Omit<Omit<DetailedHTMLProps<HTMLAttributes<HTMLDivElement>, HTMLDivElement>, "ref"> & { ...; }, "sx" | ... 1 more ... | keyof GridBaseProps>'.
src/components/analytics/PerformanceAnalyticsDashboard.tsx(805,16): error TS2769: No overload matches this call.
  Overload 1 of 2, '(props: { component: ElementType<any, keyof IntrinsicElements>; } & GridBaseProps & { sx?: SxProps<Theme>; } & SystemProps<Theme> & Omit<...>): Element', gave the following error.
    Property 'component' is missing in type '{ children: Element; item: true; xs: number; md: number; }' but required in type '{ component: ElementType<any, keyof IntrinsicElements>; }'.
  Overload 2 of 2, '(props: DefaultComponentProps<GridTypeMap<{}, "div">>): Element', gave the following error.
    Type '{ children: Element; item: true; xs: number; md: number; }' is not assignable to type 'IntrinsicAttributes & GridBaseProps & { sx?: SxProps<Theme>; } & SystemProps<Theme> & Omit<Omit<DetailedHTMLProps<HTMLAttributes<HTMLDivElement>, HTMLDivElement>, "ref"> & { ...; }, "sx" | ... 1 more ... | keyof GridBaseProps>'.
      Property 'item' does not exist on type 'IntrinsicAttributes & GridBaseProps & { sx?: SxProps<Theme>; } & SystemProps<Theme> & Omit<Omit<DetailedHTMLProps<HTMLAttributes<HTMLDivElement>, HTMLDivElement>, "ref"> & { ...; }, "sx" | ... 1 more ... | keyof GridBaseProps>'.
src/components/analytics/PerformanceAnalyticsDashboard.tsx(901,16): error TS2769: No overload matches this call.
  Overload 1 of 2, '(props: { component: ElementType<any, keyof IntrinsicElements>; } & GridBaseProps & { sx?: SxProps<Theme>; } & SystemProps<Theme> & Omit<...>): Element', gave the following error.
    Property 'component' is missing in type '{ children: Element; item: true; xs: number; md: number; }' but required in type '{ component: ElementType<any, keyof IntrinsicElements>; }'.
  Overload 2 of 2, '(props: DefaultComponentProps<GridTypeMap<{}, "div">>): Element', gave the following error.
    Type '{ children: Element; item: true; xs: number; md: number; }' is not assignable to type 'IntrinsicAttributes & GridBaseProps & { sx?: SxProps<Theme>; } & SystemProps<Theme> & Omit<Omit<DetailedHTMLProps<HTMLAttributes<HTMLDivElement>, HTMLDivElement>, "ref"> & { ...; }, "sx" | ... 1 more ... | keyof GridBaseProps>'.
      Property 'item' does not exist on type 'IntrinsicAttributes & GridBaseProps & { sx?: SxProps<Theme>; } & SystemProps<Theme> & Omit<Omit<DetailedHTMLProps<HTMLAttributes<HTMLDivElement>, HTMLDivElement>, "ref"> & { ...; }, "sx" | ... 1 more ... | keyof GridBaseProps>'.
src/components/analytics/PerformanceAnalyticsDashboard.tsx(946,16): error TS2769: No overload matches this call.
  Overload 1 of 2, '(props: { component: ElementType<any, keyof IntrinsicElements>; } & GridBaseProps & { sx?: SxProps<Theme>; } & SystemProps<Theme> & Omit<...>): Element', gave the following error.
    Property 'component' is missing in type '{ children: Element; item: true; xs: number; md: number; }' but required in type '{ component: ElementType<any, keyof IntrinsicElements>; }'.
  Overload 2 of 2, '(props: DefaultComponentProps<GridTypeMap<{}, "div">>): Element', gave the following error.
    Type '{ children: Element; item: true; xs: number; md: number; }' is not assignable to type 'IntrinsicAttributes & GridBaseProps & { sx?: SxProps<Theme>; } & SystemProps<Theme> & Omit<Omit<DetailedHTMLProps<HTMLAttributes<HTMLDivElement>, HTMLDivElement>, "ref"> & { ...; }, "sx" | ... 1 more ... | keyof GridBaseProps>'.
      Property 'item' does not exist on type 'IntrinsicAttributes & GridBaseProps & { sx?: SxProps<Theme>; } & SystemProps<Theme> & Omit<Omit<DetailedHTMLProps<HTMLAttributes<HTMLDivElement>, HTMLDivElement>, "ref"> & { ...; }, "sx" | ... 1 more ... | keyof GridBaseProps>'.
src/components/analytics/PerformanceAnalyticsDashboard.tsx(996,16): error TS2769: No overload matches this call.
  Overload 1 of 2, '(props: { component: ElementType<any, keyof IntrinsicElements>; } & GridBaseProps & { sx?: SxProps<Theme>; } & SystemProps<Theme> & Omit<...>): Element', gave the following error.
    Property 'component' is missing in type '{ children: Element; item: true; xs: number; md: number; }' but required in type '{ component: ElementType<any, keyof IntrinsicElements>; }'.
  Overload 2 of 2, '(props: DefaultComponentProps<GridTypeMap<{}, "div">>): Element', gave the following error.
    Type '{ children: Element; item: true; xs: number; md: number; }' is not assignable to type 'IntrinsicAttributes & GridBaseProps & { sx?: SxProps<Theme>; } & SystemProps<Theme> & Omit<Omit<DetailedHTMLProps<HTMLAttributes<HTMLDivElement>, HTMLDivElement>, "ref"> & { ...; }, "sx" | ... 1 more ... | keyof GridBaseProps>'.
      Property 'item' does not exist on type 'IntrinsicAttributes & GridBaseProps & { sx?: SxProps<Theme>; } & SystemProps<Theme> & Omit<Omit<DetailedHTMLProps<HTMLAttributes<HTMLDivElement>, HTMLDivElement>, "ref"> & { ...; }, "sx" | ... 1 more ... | keyof GridBaseProps>'.
src/components/analytics/PerformanceAnalyticsDashboard.tsx(1038,28): error TS2769: No overload matches this call.
  Overload 1 of 2, '(props: { component: ElementType<any, keyof IntrinsicElements>; } & GridBaseProps & { sx?: SxProps<Theme>; } & SystemProps<Theme> & Omit<...>): Element', gave the following error.
    Property 'component' is missing in type '{ children: Element[]; item: true; xs: number; }' but required in type '{ component: ElementType<any, keyof IntrinsicElements>; }'.
  Overload 2 of 2, '(props: DefaultComponentProps<GridTypeMap<{}, "div">>): Element', gave the following error.
    Type '{ children: Element[]; item: true; xs: number; }' is not assignable to type 'IntrinsicAttributes & GridBaseProps & { sx?: SxProps<Theme>; } & SystemProps<Theme> & Omit<Omit<DetailedHTMLProps<HTMLAttributes<HTMLDivElement>, HTMLDivElement>, "ref"> & { ...; }, "sx" | ... 1 more ... | keyof GridBaseProps>'.
      Property 'item' does not exist on type 'IntrinsicAttributes & GridBaseProps & { sx?: SxProps<Theme>; } & SystemProps<Theme> & Omit<Omit<DetailedHTMLProps<HTMLAttributes<HTMLDivElement>, HTMLDivElement>, "ref"> & { ...; }, "sx" | ... 1 more ... | keyof GridBaseProps>'.
src/components/analytics/PerformanceAnalyticsDashboard.tsx(1044,28): error TS2769: No overload matches this call.
  Overload 1 of 2, '(props: { component: ElementType<any, keyof IntrinsicElements>; } & GridBaseProps & { sx?: SxProps<Theme>; } & SystemProps<Theme> & Omit<...>): Element', gave the following error.
    Property 'component' is missing in type '{ children: Element[]; item: true; xs: number; }' but required in type '{ component: ElementType<any, keyof IntrinsicElements>; }'.
  Overload 2 of 2, '(props: DefaultComponentProps<GridTypeMap<{}, "div">>): Element', gave the following error.
    Type '{ children: Element[]; item: true; xs: number; }' is not assignable to type 'IntrinsicAttributes & GridBaseProps & { sx?: SxProps<Theme>; } & SystemProps<Theme> & Omit<Omit<DetailedHTMLProps<HTMLAttributes<HTMLDivElement>, HTMLDivElement>, "ref"> & { ...; }, "sx" | ... 1 more ... | keyof GridBaseProps>'.
      Property 'item' does not exist on type 'IntrinsicAttributes & GridBaseProps & { sx?: SxProps<Theme>; } & SystemProps<Theme> & Omit<Omit<DetailedHTMLProps<HTMLAttributes<HTMLDivElement>, HTMLDivElement>, "ref"> & { ...; }, "sx" | ... 1 more ... | keyof GridBaseProps>'.
src/components/analytics/PerformanceAnalyticsDashboard.tsx(1050,28): error TS2769: No overload matches this call.
  Overload 1 of 2, '(props: { component: ElementType<any, keyof IntrinsicElements>; } & GridBaseProps & { sx?: SxProps<Theme>; } & SystemProps<Theme> & Omit<...>): Element', gave the following error.
    Property 'component' is missing in type '{ children: Element[]; item: true; xs: number; }' but required in type '{ component: ElementType<any, keyof IntrinsicElements>; }'.
  Overload 2 of 2, '(props: DefaultComponentProps<GridTypeMap<{}, "div">>): Element', gave the following error.
    Type '{ children: Element[]; item: true; xs: number; }' is not assignable to type 'IntrinsicAttributes & GridBaseProps & { sx?: SxProps<Theme>; } & SystemProps<Theme> & Omit<Omit<DetailedHTMLProps<HTMLAttributes<HTMLDivElement>, HTMLDivElement>, "ref"> & { ...; }, "sx" | ... 1 more ... | keyof GridBaseProps>'.
      Property 'item' does not exist on type 'IntrinsicAttributes & GridBaseProps & { sx?: SxProps<Theme>; } & SystemProps<Theme> & Omit<Omit<DetailedHTMLProps<HTMLAttributes<HTMLDivElement>, HTMLDivElement>, "ref"> & { ...; }, "sx" | ... 1 more ... | keyof GridBaseProps>'.
src/components/analytics/PerformanceAnalyticsDashboard.tsx(1063,28): error TS2769: No overload matches this call.
  Overload 1 of 2, '(props: { component: ElementType<any, keyof IntrinsicElements>; } & GridBaseProps & { sx?: SxProps<Theme>; } & SystemProps<Theme> & Omit<...>): Element', gave the following error.
    Property 'component' is missing in type '{ children: Element[]; item: true; xs: number; }' but required in type '{ component: ElementType<any, keyof IntrinsicElements>; }'.
  Overload 2 of 2, '(props: DefaultComponentProps<GridTypeMap<{}, "div">>): Element', gave the following error.
    Type '{ children: Element[]; item: true; xs: number; }' is not assignable to type 'IntrinsicAttributes & GridBaseProps & { sx?: SxProps<Theme>; } & SystemProps<Theme> & Omit<Omit<DetailedHTMLProps<HTMLAttributes<HTMLDivElement>, HTMLDivElement>, "ref"> & { ...; }, "sx" | ... 1 more ... | keyof GridBaseProps>'.
      Property 'item' does not exist on type 'IntrinsicAttributes & GridBaseProps & { sx?: SxProps<Theme>; } & SystemProps<Theme> & Omit<Omit<DetailedHTMLProps<HTMLAttributes<HTMLDivElement>, HTMLDivElement>, "ref"> & { ...; }, "sx" | ... 1 more ... | keyof GridBaseProps>'.
src/components/analytics/PerformanceAnalyticsDashboard.tsx(1088,16): error TS2769: No overload matches this call.
  Overload 1 of 2, '(props: { component: ElementType<any, keyof IntrinsicElements>; } & GridBaseProps & { sx?: SxProps<Theme>; } & SystemProps<Theme> & Omit<...>): Element', gave the following error.
    Property 'component' is missing in type '{ children: Element; item: true; xs: number; md: number; }' but required in type '{ component: ElementType<any, keyof IntrinsicElements>; }'.
  Overload 2 of 2, '(props: DefaultComponentProps<GridTypeMap<{}, "div">>): Element', gave the following error.
    Type '{ children: Element; item: true; xs: number; md: number; }' is not assignable to type 'IntrinsicAttributes & GridBaseProps & { sx?: SxProps<Theme>; } & SystemProps<Theme> & Omit<Omit<DetailedHTMLProps<HTMLAttributes<HTMLDivElement>, HTMLDivElement>, "ref"> & { ...; }, "sx" | ... 1 more ... | keyof GridBaseProps>'.
      Property 'item' does not exist on type 'IntrinsicAttributes & GridBaseProps & { sx?: SxProps<Theme>; } & SystemProps<Theme> & Omit<Omit<DetailedHTMLProps<HTMLAttributes<HTMLDivElement>, HTMLDivElement>, "ref"> & { ...; }, "sx" | ... 1 more ... | keyof GridBaseProps>'.
src/components/analytics/PerformanceAnalyticsDashboard.tsx(1169,16): error TS2769: No overload matches this call.
  Overload 1 of 2, '(props: { component: ElementType<any, keyof IntrinsicElements>; } & GridBaseProps & { sx?: SxProps<Theme>; } & SystemProps<Theme> & Omit<...>): Element', gave the following error.
    Property 'component' is missing in type '{ children: Element; item: true; xs: number; md: number; }' but required in type '{ component: ElementType<any, keyof IntrinsicElements>; }'.
  Overload 2 of 2, '(props: DefaultComponentProps<GridTypeMap<{}, "div">>): Element', gave the following error.
    Type '{ children: Element; item: true; xs: number; md: number; }' is not assignable to type 'IntrinsicAttributes & GridBaseProps & { sx?: SxProps<Theme>; } & SystemProps<Theme> & Omit<Omit<DetailedHTMLProps<HTMLAttributes<HTMLDivElement>, HTMLDivElement>, "ref"> & { ...; }, "sx" | ... 1 more ... | keyof GridBaseProps>'.
      Property 'item' does not exist on type 'IntrinsicAttributes & GridBaseProps & { sx?: SxProps<Theme>; } & SystemProps<Theme> & Omit<Omit<DetailedHTMLProps<HTMLAttributes<HTMLDivElement>, HTMLDivElement>, "ref"> & { ...; }, "sx" | ... 1 more ... | keyof GridBaseProps>'.
src/components/analytics/PerformanceAnalyticsDashboard.tsx(1194,22): error TS2769: No overload matches this call.
  Overload 1 of 2, '(props: { component: ElementType<any, keyof IntrinsicElements>; } & GridBaseProps & { sx?: SxProps<Theme>; } & SystemProps<Theme> & Omit<...>): Element', gave the following error.
    Property 'component' is missing in type '{ children: Element[]; item: true; xs: number; }' but required in type '{ component: ElementType<any, keyof IntrinsicElements>; }'.
  Overload 2 of 2, '(props: DefaultComponentProps<GridTypeMap<{}, "div">>): Element', gave the following error.
    Type '{ children: Element[]; item: true; xs: number; }' is not assignable to type 'IntrinsicAttributes & GridBaseProps & { sx?: SxProps<Theme>; } & SystemProps<Theme> & Omit<Omit<DetailedHTMLProps<HTMLAttributes<HTMLDivElement>, HTMLDivElement>, "ref"> & { ...; }, "sx" | ... 1 more ... | keyof GridBaseProps>'.
      Property 'item' does not exist on type 'IntrinsicAttributes & GridBaseProps & { sx?: SxProps<Theme>; } & SystemProps<Theme> & Omit<Omit<DetailedHTMLProps<HTMLAttributes<HTMLDivElement>, HTMLDivElement>, "ref"> & { ...; }, "sx" | ... 1 more ... | keyof GridBaseProps>'.
src/components/analytics/PerformanceAnalyticsDashboard.tsx(1200,22): error TS2769: No overload matches this call.
  Overload 1 of 2, '(props: { component: ElementType<any, keyof IntrinsicElements>; } & GridBaseProps & { sx?: SxProps<Theme>; } & SystemProps<Theme> & Omit<...>): Element', gave the following error.
    Property 'component' is missing in type '{ children: Element[]; item: true; xs: number; }' but required in type '{ component: ElementType<any, keyof IntrinsicElements>; }'.
  Overload 2 of 2, '(props: DefaultComponentProps<GridTypeMap<{}, "div">>): Element', gave the following error.
    Type '{ children: Element[]; item: true; xs: number; }' is not assignable to type 'IntrinsicAttributes & GridBaseProps & { sx?: SxProps<Theme>; } & SystemProps<Theme> & Omit<Omit<DetailedHTMLProps<HTMLAttributes<HTMLDivElement>, HTMLDivElement>, "ref"> & { ...; }, "sx" | ... 1 more ... | keyof GridBaseProps>'.
      Property 'item' does not exist on type 'IntrinsicAttributes & GridBaseProps & { sx?: SxProps<Theme>; } & SystemProps<Theme> & Omit<Omit<DetailedHTMLProps<HTMLAttributes<HTMLDivElement>, HTMLDivElement>, "ref"> & { ...; }, "sx" | ... 1 more ... | keyof GridBaseProps>'.
src/components/analytics/PerformanceAnalyticsDashboard.tsx(1204,22): error TS2769: No overload matches this call.
  Overload 1 of 2, '(props: { component: ElementType<any, keyof IntrinsicElements>; } & GridBaseProps & { sx?: SxProps<Theme>; } & SystemProps<Theme> & Omit<...>): Element', gave the following error.
    Property 'component' is missing in type '{ children: Element[]; item: true; xs: number; }' but required in type '{ component: ElementType<any, keyof IntrinsicElements>; }'.
  Overload 2 of 2, '(props: DefaultComponentProps<GridTypeMap<{}, "div">>): Element', gave the following error.
    Type '{ children: Element[]; item: true; xs: number; }' is not assignable to type 'IntrinsicAttributes & GridBaseProps & { sx?: SxProps<Theme>; } & SystemProps<Theme> & Omit<Omit<DetailedHTMLProps<HTMLAttributes<HTMLDivElement>, HTMLDivElement>, "ref"> & { ...; }, "sx" | ... 1 more ... | keyof GridBaseProps>'.
      Property 'item' does not exist on type 'IntrinsicAttributes & GridBaseProps & { sx?: SxProps<Theme>; } & SystemProps<Theme> & Omit<Omit<DetailedHTMLProps<HTMLAttributes<HTMLDivElement>, HTMLDivElement>, "ref"> & { ...; }, "sx" | ... 1 more ... | keyof GridBaseProps>'.
src/components/analytics/PerformanceAnalyticsDashboard.tsx(1213,22): error TS2769: No overload matches this call.
  Overload 1 of 2, '(props: { component: ElementType<any, keyof IntrinsicElements>; } & GridBaseProps & { sx?: SxProps<Theme>; } & SystemProps<Theme> & Omit<...>): Element', gave the following error.
    Property 'component' is missing in type '{ children: Element[]; item: true; xs: number; }' but required in type '{ component: ElementType<any, keyof IntrinsicElements>; }'.
  Overload 2 of 2, '(props: DefaultComponentProps<GridTypeMap<{}, "div">>): Element', gave the following error.
    Type '{ children: Element[]; item: true; xs: number; }' is not assignable to type 'IntrinsicAttributes & GridBaseProps & { sx?: SxProps<Theme>; } & SystemProps<Theme> & Omit<Omit<DetailedHTMLProps<HTMLAttributes<HTMLDivElement>, HTMLDivElement>, "ref"> & { ...; }, "sx" | ... 1 more ... | keyof GridBaseProps>'.
      Property 'item' does not exist on type 'IntrinsicAttributes & GridBaseProps & { sx?: SxProps<Theme>; } & SystemProps<Theme> & Omit<Omit<DetailedHTMLProps<HTMLAttributes<HTMLDivElement>, HTMLDivElement>, "ref"> & { ...; }, "sx" | ... 1 more ... | keyof GridBaseProps>'.
src/components/analytics/PerformanceAnalyticsDashboard.tsx(1231,16): error TS2769: No overload matches this call.
  Overload 1 of 2, '(props: { component: ElementType<any, keyof IntrinsicElements>; } & GridBaseProps & { sx?: SxProps<Theme>; } & SystemProps<Theme> & Omit<...>): Element', gave the following error.
    Property 'component' is missing in type '{ children: Element; item: true; xs: number; md: number; }' but required in type '{ component: ElementType<any, keyof IntrinsicElements>; }'.
  Overload 2 of 2, '(props: DefaultComponentProps<GridTypeMap<{}, "div">>): Element', gave the following error.
    Type '{ children: Element; item: true; xs: number; md: number; }' is not assignable to type 'IntrinsicAttributes & GridBaseProps & { sx?: SxProps<Theme>; } & SystemProps<Theme> & Omit<Omit<DetailedHTMLProps<HTMLAttributes<HTMLDivElement>, HTMLDivElement>, "ref"> & { ...; }, "sx" | ... 1 more ... | keyof GridBaseProps>'.
      Property 'item' does not exist on type 'IntrinsicAttributes & GridBaseProps & { sx?: SxProps<Theme>; } & SystemProps<Theme> & Omit<Omit<DetailedHTMLProps<HTMLAttributes<HTMLDivElement>, HTMLDivElement>, "ref"> & { ...; }, "sx" | ... 1 more ... | keyof GridBaseProps>'.
src/components/analytics/PerformanceAnalyticsDashboard.tsx(1286,16): error TS2769: No overload matches this call.
  Overload 1 of 2, '(props: { component: ElementType<any, keyof IntrinsicElements>; } & GridBaseProps & { sx?: SxProps<Theme>; } & SystemProps<Theme> & Omit<...>): Element', gave the following error.
    Property 'component' is missing in type '{ children: Element; item: true; xs: number; md: number; }' but required in type '{ component: ElementType<any, keyof IntrinsicElements>; }'.
  Overload 2 of 2, '(props: DefaultComponentProps<GridTypeMap<{}, "div">>): Element', gave the following error.
    Type '{ children: Element; item: true; xs: number; md: number; }' is not assignable to type 'IntrinsicAttributes & GridBaseProps & { sx?: SxProps<Theme>; } & SystemProps<Theme> & Omit<Omit<DetailedHTMLProps<HTMLAttributes<HTMLDivElement>, HTMLDivElement>, "ref"> & { ...; }, "sx" | ... 1 more ... | keyof GridBaseProps>'.
      Property 'item' does not exist on type 'IntrinsicAttributes & GridBaseProps & { sx?: SxProps<Theme>; } & SystemProps<Theme> & Omit<Omit<DetailedHTMLProps<HTMLAttributes<HTMLDivElement>, HTMLDivElement>, "ref"> & { ...; }, "sx" | ... 1 more ... | keyof GridBaseProps>'.
src/components/analytics/RealTimeAccuracyDashboard.tsx(532,20): error TS2304: Cannot find name 'Line'.
src/components/analytics/RealTimeAccuracyDashboard.tsx(582,20): error TS2304: Cannot find name 'Radar'.
src/components/analytics/RealTimeMetrics.tsx(44,59): error TS2554: Expected 0-1 arguments, but got 3.
src/components/analytics/UniversalAnalytics.tsx(212,31): error TS2339: Property 'totalProfit' does not exist on type '{ accuracy: number; totalPredictions: number; winRate: number; avgConfidence: number; profitability: number; status: string; }'.
src/components/analytics/UniversalAnalytics.tsx(305,31): error TS2339: Property 'dataQuality' does not exist on type '{ accuracy: number; totalPredictions: number; winRate: number; avgConfidence: number; profitability: number; status: string; }'.
src/components/analytics/UniversalAnalytics.tsx(755,12): error TS2304: Cannot find name 'metricsData'.
src/components/analytics/UniversalAnalytics.tsx(762,24): error TS2304: Cannot find name 'metricsData'.
src/components/analytics/UniversalAnalytics.tsx(769,32): error TS2304: Cannot find name 'setSelectedMetric'.
src/components/analytics/UniversalAnalytics.tsx(787,26): error TS2304: Cannot find name 'getMetricIcon'.
src/components/analytics/UniversalAnalytics.tsx(859,12): error TS2741: Property 'children' is missing in type '{ variant: "ghost"; size: "sm"; onClick: () => void; icon: Element; }' but required in type '{ children: ReactNode; onClick?: () => void; variant?: "success" | "secondary" | "ghost" | "primary" | "danger"; size?: "sm" | "lg" | "md"; disabled?: boolean; loading?: boolean; icon?: ReactNode; iconPosition?: "left" | "right"; fullWidth?: boolean; className?: string; }'.
src/components/analytics/UniversalAnalytics.tsx(995,8): error TS2304: Cannot find name 'renderControlPanel'.
src/components/ApiDebug.tsx(29,55): error TS2339: Property 'getModelPerformance' does not exist on type 'BackendApi'.
src/components/ApiDebug.tsx(38,39): error TS2339: Property 'getConnectionStatus' does not exist on type 'BackendApi'.
src/components/AppShell.tsx(18,11): error TS2322: Type '{ currentPath: string; isOpen: boolean; onClose: () => void; }' is not assignable to type 'IntrinsicAttributes'.
  Property 'currentPath' does not exist on type 'IntrinsicAttributes'.
src/components/Arbitrage.tsx(18,11): error TS2339: Property 'data' does not exist on type '{ opportunities: { id: string; game: string; type: string; value: number; confidence: number; expectedReturn: number; league: string; startTime: string; }[]; isLoading: boolean; error: any; refetch: (options?: RefetchOptions) => Promise<...>; }'.
src/components/ArbitrageDetector.tsx(21,34): error TS2352: Conversion of type 'import("C:/Users/bcmad/Downloads/A1Betting-master (7)/A1Betting-master/frontend/src/types/betting").BookOdds' to type 'BookOdds' may be a mistake because neither type sufficiently overlaps with the other. If this was intentional, convert the expression to 'unknown' first.
  Index signature for type 'string' is missing in type 'BookOdds'.
src/components/ArbitrageDetector.tsx(47,48): error TS2352: Conversion of type 'import("C:/Users/bcmad/Downloads/A1Betting-master (7)/A1Betting-master/frontend/src/types/betting").BookOdds' to type 'BookOdds' may be a mistake because neither type sufficiently overlaps with the other. If this was intentional, convert the expression to 'unknown' first.
  Index signature for type 'string' is missing in type 'BookOdds'.
src/components/ArbitrageDetector.tsx(59,33): error TS2352: Conversion of type 'import("C:/Users/bcmad/Downloads/A1Betting-master (7)/A1Betting-master/frontend/src/types/betting").BookOdds' to type 'BookOdds' may be a mistake because neither type sufficiently overlaps with the other. If this was intentional, convert the expression to 'unknown' first.
  Index signature for type 'string' is missing in type 'BookOdds'.
src/components/ArbitrageOpportunities.tsx(774,14): error TS2769: No overload matches this call.
  Overload 1 of 2, '(props: { component: ElementType<any, keyof IntrinsicElements>; } & GridBaseProps & { sx?: SxProps<Theme>; } & SystemProps<Theme> & Omit<...>): Element', gave the following error.
    Property 'component' is missing in type '{ children: Element; item: true; xs: number; sm: number; md: number; }' but required in type '{ component: ElementType<any, keyof IntrinsicElements>; }'.
  Overload 2 of 2, '(props: DefaultComponentProps<GridTypeMap<{}, "div">>): Element', gave the following error.
    Type '{ children: Element; item: true; xs: number; sm: number; md: number; }' is not assignable to type 'IntrinsicAttributes & GridBaseProps & { sx?: SxProps<Theme>; } & SystemProps<Theme> & Omit<Omit<DetailedHTMLProps<HTMLAttributes<HTMLDivElement>, HTMLDivElement>, "ref"> & { ...; }, "sx" | ... 1 more ... | keyof GridBaseProps>'.
      Property 'item' does not exist on type 'IntrinsicAttributes & GridBaseProps & { sx?: SxProps<Theme>; } & SystemProps<Theme> & Omit<Omit<DetailedHTMLProps<HTMLAttributes<HTMLDivElement>, HTMLDivElement>, "ref"> & { ...; }, "sx" | ... 1 more ... | keyof GridBaseProps>'.
src/components/ArbitrageOpportunities.tsx(792,14): error TS2769: No overload matches this call.
  Overload 1 of 2, '(props: { component: ElementType<any, keyof IntrinsicElements>; } & GridBaseProps & { sx?: SxProps<Theme>; } & SystemProps<Theme> & Omit<...>): Element', gave the following error.
    Property 'component' is missing in type '{ children: Element; item: true; xs: number; sm: number; md: number; }' but required in type '{ component: ElementType<any, keyof IntrinsicElements>; }'.
  Overload 2 of 2, '(props: DefaultComponentProps<GridTypeMap<{}, "div">>): Element', gave the following error.
    Type '{ children: Element; item: true; xs: number; sm: number; md: number; }' is not assignable to type 'IntrinsicAttributes & GridBaseProps & { sx?: SxProps<Theme>; } & SystemProps<Theme> & Omit<Omit<DetailedHTMLProps<HTMLAttributes<HTMLDivElement>, HTMLDivElement>, "ref"> & { ...; }, "sx" | ... 1 more ... | keyof GridBaseProps>'.
      Property 'item' does not exist on type 'IntrinsicAttributes & GridBaseProps & { sx?: SxProps<Theme>; } & SystemProps<Theme> & Omit<Omit<DetailedHTMLProps<HTMLAttributes<HTMLDivElement>, HTMLDivElement>, "ref"> & { ...; }, "sx" | ... 1 more ... | keyof GridBaseProps>'.
src/components/ArbitrageOpportunities.tsx(810,14): error TS2769: No overload matches this call.
  Overload 1 of 2, '(props: { component: ElementType<any, keyof IntrinsicElements>; } & GridBaseProps & { sx?: SxProps<Theme>; } & SystemProps<Theme> & Omit<...>): Element', gave the following error.
    Property 'component' is missing in type '{ children: Element; item: true; xs: number; sm: number; md: number; }' but required in type '{ component: ElementType<any, keyof IntrinsicElements>; }'.
  Overload 2 of 2, '(props: DefaultComponentProps<GridTypeMap<{}, "div">>): Element', gave the following error.
    Type '{ children: Element; item: true; xs: number; sm: number; md: number; }' is not assignable to type 'IntrinsicAttributes & GridBaseProps & { sx?: SxProps<Theme>; } & SystemProps<Theme> & Omit<Omit<DetailedHTMLProps<HTMLAttributes<HTMLDivElement>, HTMLDivElement>, "ref"> & { ...; }, "sx" | ... 1 more ... | keyof GridBaseProps>'.
      Property 'item' does not exist on type 'IntrinsicAttributes & GridBaseProps & { sx?: SxProps<Theme>; } & SystemProps<Theme> & Omit<Omit<DetailedHTMLProps<HTMLAttributes<HTMLDivElement>, HTMLDivElement>, "ref"> & { ...; }, "sx" | ... 1 more ... | keyof GridBaseProps>'.
src/components/ArbitrageOpportunities.tsx(824,14): error TS2769: No overload matches this call.
  Overload 1 of 2, '(props: { component: ElementType<any, keyof IntrinsicElements>; } & GridBaseProps & { sx?: SxProps<Theme>; } & SystemProps<Theme> & Omit<...>): Element', gave the following error.
    Property 'component' is missing in type '{ children: Element; item: true; xs: number; sm: number; md: number; }' but required in type '{ component: ElementType<any, keyof IntrinsicElements>; }'.
  Overload 2 of 2, '(props: DefaultComponentProps<GridTypeMap<{}, "div">>): Element', gave the following error.
    Type '{ children: Element; item: true; xs: number; sm: number; md: number; }' is not assignable to type 'IntrinsicAttributes & GridBaseProps & { sx?: SxProps<Theme>; } & SystemProps<Theme> & Omit<Omit<DetailedHTMLProps<HTMLAttributes<HTMLDivElement>, HTMLDivElement>, "ref"> & { ...; }, "sx" | ... 1 more ... | keyof GridBaseProps>'.
      Property 'item' does not exist on type 'IntrinsicAttributes & GridBaseProps & { sx?: SxProps<Theme>; } & SystemProps<Theme> & Omit<Omit<DetailedHTMLProps<HTMLAttributes<HTMLDivElement>, HTMLDivElement>, "ref"> & { ...; }, "sx" | ... 1 more ... | keyof GridBaseProps>'.
src/components/ArbitrageOpportunities.tsx(841,14): error TS2769: No overload matches this call.
  Overload 1 of 2, '(props: { component: ElementType<any, keyof IntrinsicElements>; } & GridBaseProps & { sx?: SxProps<Theme>; } & SystemProps<Theme> & Omit<...>): Element', gave the following error.
    Property 'component' is missing in type '{ children: Element; item: true; xs: number; }' but required in type '{ component: ElementType<any, keyof IntrinsicElements>; }'.
  Overload 2 of 2, '(props: DefaultComponentProps<GridTypeMap<{}, "div">>): Element', gave the following error.
    Type '{ children: Element; item: true; xs: number; }' is not assignable to type 'IntrinsicAttributes & GridBaseProps & { sx?: SxProps<Theme>; } & SystemProps<Theme> & Omit<Omit<DetailedHTMLProps<HTMLAttributes<HTMLDivElement>, HTMLDivElement>, "ref"> & { ...; }, "sx" | ... 1 more ... | keyof GridBaseProps>'.
      Property 'item' does not exist on type 'IntrinsicAttributes & GridBaseProps & { sx?: SxProps<Theme>; } & SystemProps<Theme> & Omit<Omit<DetailedHTMLProps<HTMLAttributes<HTMLDivElement>, HTMLDivElement>, "ref"> & { ...; }, "sx" | ... 1 more ... | keyof GridBaseProps>'.
src/components/ArbitrageOpportunities.tsx(858,14): error TS2769: No overload matches this call.
  Overload 1 of 2, '(props: { component: ElementType<any, keyof IntrinsicElements>; } & GridBaseProps & { sx?: SxProps<Theme>; } & SystemProps<Theme> & Omit<...>): Element', gave the following error.
    Property 'component' is missing in type '{ children: Element; item: true; xs: number; }' but required in type '{ component: ElementType<any, keyof IntrinsicElements>; }'.
  Overload 2 of 2, '(props: DefaultComponentProps<GridTypeMap<{}, "div">>): Element', gave the following error.
    Type '{ children: Element; item: true; xs: number; }' is not assignable to type 'IntrinsicAttributes & GridBaseProps & { sx?: SxProps<Theme>; } & SystemProps<Theme> & Omit<Omit<DetailedHTMLProps<HTMLAttributes<HTMLDivElement>, HTMLDivElement>, "ref"> & { ...; }, "sx" | ... 1 more ... | keyof GridBaseProps>'.
      Property 'item' does not exist on type 'IntrinsicAttributes & GridBaseProps & { sx?: SxProps<Theme>; } & SystemProps<Theme> & Omit<Omit<DetailedHTMLProps<HTMLAttributes<HTMLDivElement>, HTMLDivElement>, "ref"> & { ...; }, "sx" | ... 1 more ... | keyof GridBaseProps>'.
src/components/ArbitrageOpportunities.tsx(873,14): error TS2769: No overload matches this call.
  Overload 1 of 2, '(props: { component: ElementType<any, keyof IntrinsicElements>; } & GridBaseProps & { sx?: SxProps<Theme>; } & SystemProps<Theme> & Omit<...>): Element', gave the following error.
    Property 'component' is missing in type '{ children: Element; item: true; xs: number; }' but required in type '{ component: ElementType<any, keyof IntrinsicElements>; }'.
  Overload 2 of 2, '(props: DefaultComponentProps<GridTypeMap<{}, "div">>): Element', gave the following error.
    Type '{ children: Element; item: true; xs: number; }' is not assignable to type 'IntrinsicAttributes & GridBaseProps & { sx?: SxProps<Theme>; } & SystemProps<Theme> & Omit<Omit<DetailedHTMLProps<HTMLAttributes<HTMLDivElement>, HTMLDivElement>, "ref"> & { ...; }, "sx" | ... 1 more ... | keyof GridBaseProps>'.
      Property 'item' does not exist on type 'IntrinsicAttributes & GridBaseProps & { sx?: SxProps<Theme>; } & SystemProps<Theme> & Omit<Omit<DetailedHTMLProps<HTMLAttributes<HTMLDivElement>, HTMLDivElement>, "ref"> & { ...; }, "sx" | ... 1 more ... | keyof GridBaseProps>'.
src/components/ArbitrageOpportunities.tsx(888,14): error TS2769: No overload matches this call.
  Overload 1 of 2, '(props: { component: ElementType<any, keyof IntrinsicElements>; } & GridBaseProps & { sx?: SxProps<Theme>; } & SystemProps<Theme> & Omit<...>): Element', gave the following error.
    Property 'component' is missing in type '{ children: Element; item: true; xs: number; }' but required in type '{ component: ElementType<any, keyof IntrinsicElements>; }'.
  Overload 2 of 2, '(props: DefaultComponentProps<GridTypeMap<{}, "div">>): Element', gave the following error.
    Type '{ children: Element; item: true; xs: number; }' is not assignable to type 'IntrinsicAttributes & GridBaseProps & { sx?: SxProps<Theme>; } & SystemProps<Theme> & Omit<Omit<DetailedHTMLProps<HTMLAttributes<HTMLDivElement>, HTMLDivElement>, "ref"> & { ...; }, "sx" | ... 1 more ... | keyof GridBaseProps>'.
      Property 'item' does not exist on type 'IntrinsicAttributes & GridBaseProps & { sx?: SxProps<Theme>; } & SystemProps<Theme> & Omit<Omit<DetailedHTMLProps<HTMLAttributes<HTMLDivElement>, HTMLDivElement>, "ref"> & { ...; }, "sx" | ... 1 more ... | keyof GridBaseProps>'.
src/components/ArbitrageOpportunities.tsx(903,14): error TS2769: No overload matches this call.
  Overload 1 of 2, '(props: { component: ElementType<any, keyof IntrinsicElements>; } & GridBaseProps & { sx?: SxProps<Theme>; } & SystemProps<Theme> & Omit<...>): Element', gave the following error.
    Property 'component' is missing in type '{ children: Element; item: true; xs: number; }' but required in type '{ component: ElementType<any, keyof IntrinsicElements>; }'.
  Overload 2 of 2, '(props: DefaultComponentProps<GridTypeMap<{}, "div">>): Element', gave the following error.
    Type '{ children: Element; item: true; xs: number; }' is not assignable to type 'IntrinsicAttributes & GridBaseProps & { sx?: SxProps<Theme>; } & SystemProps<Theme> & Omit<Omit<DetailedHTMLProps<HTMLAttributes<HTMLDivElement>, HTMLDivElement>, "ref"> & { ...; }, "sx" | ... 1 more ... | keyof GridBaseProps>'.
      Property 'item' does not exist on type 'IntrinsicAttributes & GridBaseProps & { sx?: SxProps<Theme>; } & SystemProps<Theme> & Omit<Omit<DetailedHTMLProps<HTMLAttributes<HTMLDivElement>, HTMLDivElement>, "ref"> & { ...; }, "sx" | ... 1 more ... | keyof GridBaseProps>'.
src/components/ArbitrageOpportunities.tsx(917,14): error TS2769: No overload matches this call.
  Overload 1 of 2, '(props: { component: ElementType<any, keyof IntrinsicElements>; } & GridBaseProps & { sx?: SxProps<Theme>; } & SystemProps<Theme> & Omit<...>): Element', gave the following error.
    Property 'component' is missing in type '{ children: Element; item: true; xs: number; }' but required in type '{ component: ElementType<any, keyof IntrinsicElements>; }'.
  Overload 2 of 2, '(props: DefaultComponentProps<GridTypeMap<{}, "div">>): Element', gave the following error.
    Type '{ children: Element; item: true; xs: number; }' is not assignable to type 'IntrinsicAttributes & GridBaseProps & { sx?: SxProps<Theme>; } & SystemProps<Theme> & Omit<Omit<DetailedHTMLProps<HTMLAttributes<HTMLDivElement>, HTMLDivElement>, "ref"> & { ...; }, "sx" | ... 1 more ... | keyof GridBaseProps>'.
      Property 'item' does not exist on type 'IntrinsicAttributes & GridBaseProps & { sx?: SxProps<Theme>; } & SystemProps<Theme> & Omit<Omit<DetailedHTMLProps<HTMLAttributes<HTMLDivElement>, HTMLDivElement>, "ref"> & { ...; }, "sx" | ... 1 more ... | keyof GridBaseProps>'.
src/components/ArbitrageOpportunities.tsx(1173,18): error TS2769: No overload matches this call.
  Overload 1 of 2, '(props: { component: ElementType<any, keyof IntrinsicElements>; } & GridBaseProps & { sx?: SxProps<Theme>; } & SystemProps<Theme> & Omit<...>): Element', gave the following error.
    Property 'component' is missing in type '{ children: Element[]; item: true; xs: number; }' but required in type '{ component: ElementType<any, keyof IntrinsicElements>; }'.
  Overload 2 of 2, '(props: DefaultComponentProps<GridTypeMap<{}, "div">>): Element', gave the following error.
    Type '{ children: Element[]; item: true; xs: number; }' is not assignable to type 'IntrinsicAttributes & GridBaseProps & { sx?: SxProps<Theme>; } & SystemProps<Theme> & Omit<Omit<DetailedHTMLProps<HTMLAttributes<HTMLDivElement>, HTMLDivElement>, "ref"> & { ...; }, "sx" | ... 1 more ... | keyof GridBaseProps>'.
      Property 'item' does not exist on type 'IntrinsicAttributes & GridBaseProps & { sx?: SxProps<Theme>; } & SystemProps<Theme> & Omit<Omit<DetailedHTMLProps<HTMLAttributes<HTMLDivElement>, HTMLDivElement>, "ref"> & { ...; }, "sx" | ... 1 more ... | keyof GridBaseProps>'.
src/components/ArbitrageOpportunities.tsx(1179,18): error TS2769: No overload matches this call.
  Overload 1 of 2, '(props: { component: ElementType<any, keyof IntrinsicElements>; } & GridBaseProps & { sx?: SxProps<Theme>; } & SystemProps<Theme> & Omit<...>): Element', gave the following error.
    Property 'component' is missing in type '{ children: Element[]; item: true; xs: number; }' but required in type '{ component: ElementType<any, keyof IntrinsicElements>; }'.
  Overload 2 of 2, '(props: DefaultComponentProps<GridTypeMap<{}, "div">>): Element', gave the following error.
    Type '{ children: Element[]; item: true; xs: number; }' is not assignable to type 'IntrinsicAttributes & GridBaseProps & { sx?: SxProps<Theme>; } & SystemProps<Theme> & Omit<Omit<DetailedHTMLProps<HTMLAttributes<HTMLDivElement>, HTMLDivElement>, "ref"> & { ...; }, "sx" | ... 1 more ... | keyof GridBaseProps>'.
      Property 'item' does not exist on type 'IntrinsicAttributes & GridBaseProps & { sx?: SxProps<Theme>; } & SystemProps<Theme> & Omit<Omit<DetailedHTMLProps<HTMLAttributes<HTMLDivElement>, HTMLDivElement>, "ref"> & { ...; }, "sx" | ... 1 more ... | keyof GridBaseProps>'.
src/components/ArbitrageOpportunities.tsx(1185,18): error TS2769: No overload matches this call.
  Overload 1 of 2, '(props: { component: ElementType<any, keyof IntrinsicElements>; } & GridBaseProps & { sx?: SxProps<Theme>; } & SystemProps<Theme> & Omit<...>): Element', gave the following error.
    Property 'component' is missing in type '{ children: Element[]; item: true; xs: number; }' but required in type '{ component: ElementType<any, keyof IntrinsicElements>; }'.
  Overload 2 of 2, '(props: DefaultComponentProps<GridTypeMap<{}, "div">>): Element', gave the following error.
    Type '{ children: Element[]; item: true; xs: number; }' is not assignable to type 'IntrinsicAttributes & GridBaseProps & { sx?: SxProps<Theme>; } & SystemProps<Theme> & Omit<Omit<DetailedHTMLProps<HTMLAttributes<HTMLDivElement>, HTMLDivElement>, "ref"> & { ...; }, "sx" | ... 1 more ... | keyof GridBaseProps>'.
      Property 'item' does not exist on type 'IntrinsicAttributes & GridBaseProps & { sx?: SxProps<Theme>; } & SystemProps<Theme> & Omit<Omit<DetailedHTMLProps<HTMLAttributes<HTMLDivElement>, HTMLDivElement>, "ref"> & { ...; }, "sx" | ... 1 more ... | keyof GridBaseProps>'.
src/components/ArbitragePage.tsx(42,9): error TS2578: Unused '@ts-expect-error' directive.
src/components/auth/ProtectedRoute.tsx(11,17): error TS2339: Property 'isAuthenticated' does not exist on type 'AuthContextType'.
src/components/auth/ProtectedRoute.tsx(19,29): error TS2551: Property 'role' does not exist on type 'User'. Did you mean 'roles'?
src/components/auth/UnifiedAuth.tsx(60,51): error TS2554: Expected 0 arguments, but got 1.
src/components/auth/UnifiedAuth.tsx(61,20): error TS2339: Property 'isValid' does not exist on type 'AppState'.
src/components/auth/UnifiedAuth.tsx(134,44): error TS2554: Expected 1 arguments, but got 2.
src/components/auth/UnifiedAuth.tsx(234,60): error TS2339: Property 'target' does not exist on type 'string'.
src/components/auth/UnifiedAuth.tsx(251,63): error TS2339: Property 'target' does not exist on type 'string'.
src/components/auth/UnifiedAuth.tsx(269,72): error TS2339: Property 'target' does not exist on type 'string'.
src/components/auth/UnifiedAuth.tsx(334,56): error TS2339: Property 'target' does not exist on type 'string'.
src/components/AuthProvider.tsx(2,10): error TS2305: Module '"@/types"' has no exported member 'User'.
src/components/BackendConnectionTest.tsx(9,3): error TS2614: Module '"../services/backendApi"' has no exported member 'HealthStatus'. Did you mean to use 'import HealthStatus from "../services/backendApi"' instead?
src/components/BackendConnectionTest.tsx(59,9): error TS2554: Expected 0 arguments, but got 2.
src/components/BackendConnectionTest.tsx(75,16): error TS2339: Property 'onWebSocketEvent' does not exist on type 'BackendApi'.
src/components/BackendConnectionTest.tsx(79,16): error TS2339: Property 'onWebSocketEvent' does not exist on type 'BackendApi'.
src/components/BackendConnectionTest.tsx(83,16): error TS2339: Property 'onWebSocketEvent' does not exist on type 'BackendApi'.
src/components/Badge.tsx(51,51): error TS2345: Argument of type '{ 'bg-gray-500 dark:bg-gray-400': boolean; 'bg-green-500 dark:bg-green-400': boolean; 'bg-yellow-500 dark:bg-yellow-400': boolean; 'bg-red-500 dark:bg-red-400': boolean; 'bg-blue-500 dark:bg-blue-400': boolean; }' is not assignable to parameter of type 'string | false'.
src/components/BankrollPage.tsx(33,19): error TS2339: Property 'isAxiosError' does not exist on type 'AxiosStatic'.
src/components/base/Badge.tsx(51,51): error TS2345: Argument of type '{ 'bg-gray-500 dark:bg-gray-400': boolean; 'bg-green-500 dark:bg-green-400': boolean; 'bg-yellow-500 dark:bg-yellow-400': boolean; 'bg-red-500 dark:bg-red-400': boolean; 'bg-blue-500 dark:bg-blue-400': boolean; }' is not assignable to parameter of type 'string | false'.
src/components/base/Dialog.tsx(64,29): error TS2339: Property 'Overlay' does not exist on type '_internal_ComponentDialog & { Panel: _internal_ComponentDialogPanel; Title: _internal_ComponentDialogTitle; Description: _internal_ComponentDialogDescription; }'.
src/components/base/Modal.tsx(54,21): error TS2339: Property 'Overlay' does not exist on type '_internal_ComponentDialog & { Panel: _internal_ComponentDialogPanel; Title: _internal_ComponentDialogTitle; Description: _internal_ComponentDialogDescription; }'.
src/components/base/Toaster.tsx(5,10): error TS2305: Module '"@/types"' has no exported member 'ToastNotification'.
src/components/base/Toaster.tsx(14,40): error TS2339: Property 'id' does not exist on type 'ToastProps'.
src/components/base/Toaster.tsx(14,44): error TS2339: Property 'message' does not exist on type 'ToastProps'.
src/components/base/Toaster.tsx(14,53): error TS2339: Property 'type' does not exist on type 'ToastProps'.
src/components/base/UnifiedInput.tsx(159,7): error TS2345: Argument of type '{ 'border-gray-300 dark:border-gray-600 bg-white dark:bg-gray-800': boolean; 'border-primary-200 dark:border-primary-800 bg-primary-50/50 dark:bg-primary-900/20': boolean; 'border-red-500 focus:border-red-500 focus:ring-red-500': string; 'pl-10': React.ReactNode; 'pr-10': React.ReactNode; }' is not assignable to parameter of type 'string | false'.
src/components/BetBuilder.tsx(4,10): error TS2459: Module '"../types/core"' declares 'EntryStatus' locally, but it is not exported.
src/components/BetBuilder.tsx(4,23): error TS2459: Module '"../types/core"' declares 'LineupType' locally, but it is not exported.
src/components/BetBuilder.tsx(66,31): error TS2352: Conversion of type 'ProcessedPrizePicksProp[]' to type 'PlayerProp[]' may be a mistake because neither type sufficiently overlaps with the other. If this was intentional, convert the expression to 'unknown' first.
  Type 'ProcessedPrizePicksProp' is missing the following properties from type 'PlayerProp': id, player, type, line, and 3 more.
src/components/BetBuilder.tsx(67,42): error TS2339: Property 'id' does not exist on type 'ProcessedPrizePicksProp'.
src/components/BetBuilder.tsx(109,44): error TS2345: Argument of type '{ id: string; userId: string; status: any; type: any; props: string[]; stake: number; potentialWinnings: number; createdAt: string; updatedAt: string; }' is not assignable to parameter of type 'Entry'.
  Property 'potentialPayout' is missing in type '{ id: string; userId: string; status: any; type: any; props: string[]; stake: number; potentialWinnings: number; createdAt: string; updatedAt: string; }' but required in type 'Entry'.
src/components/BetBuilder.tsx(127,16): error TS2345: Argument of type '{ id: string; userId: string; status: any; type: any; props: string[]; stake: number; potentialWinnings: number; createdAt: string; updatedAt: string; }' is not assignable to parameter of type 'Entry'.
  Property 'potentialPayout' is missing in type '{ id: string; userId: string; status: any; type: any; props: string[]; stake: number; potentialWinnings: number; createdAt: string; updatedAt: string; }' but required in type 'Entry'.
src/components/betting/BetForm.tsx(5,3): error TS2305: Module '"@chakra-ui/react"' has no exported member 'FormControl'.
src/components/betting/BetForm.tsx(6,3): error TS2305: Module '"@chakra-ui/react"' has no exported member 'FormLabel'.
src/components/betting/BetForm.tsx(11,3): error TS2724: '"@chakra-ui/react"' has no exported member named 'useToast'. Did you mean 'useTabs'?
src/components/betting/BetForm.tsx(13,3): error TS2724: '"@chakra-ui/react"' has no exported member named 'NumberInputField'. Did you mean 'NumberInput'?
src/components/betting/BetForm.tsx(14,3): error TS2305: Module '"@chakra-ui/react"' has no exported member 'NumberInputStepper'.
src/components/betting/BetForm.tsx(15,3): error TS2305: Module '"@chakra-ui/react"' has no exported member 'NumberIncrementStepper'.
src/components/betting/BetForm.tsx(16,3): error TS2305: Module '"@chakra-ui/react"' has no exported member 'NumberDecrementStepper'.
src/components/betting/BetForm.tsx(98,31): error TS2322: Type '{ children: Element[]; align: "stretch"; spacing: number; }' is not assignable to type 'IntrinsicAttributes & StackProps & RefAttributes<HTMLDivElement>'.
  Property 'spacing' does not exist on type 'IntrinsicAttributes & StackProps & RefAttributes<HTMLDivElement>'.
src/components/betting/BetForm.tsx(127,12): error TS2604: JSX element type 'NumberInput' does not have any construct or call signatures.
src/components/betting/BetForm.tsx(127,12): error TS2786: 'NumberInput' cannot be used as a JSX component.
  Its type 'typeof import("C:/Users/bcmad/Downloads/A1Betting-master (7)/A1Betting-master/frontend/node_modules/@chakra-ui/react/dist/types/components/number-input/namespace")' is not a valid JSX element type.
src/components/betting/BetForm.tsx(148,11): error TS2322: Type '{ children: string; colorScheme: "blue"; isDisabled: boolean; isLoading: boolean; type: "submit"; }' is not assignable to type 'IntrinsicAttributes & ButtonProps & RefAttributes<HTMLButtonElement>'.
  Property 'isDisabled' does not exist on type 'IntrinsicAttributes & ButtonProps & RefAttributes<HTMLButtonElement>'. Did you mean 'disabled'?
src/components/betting/BetHistory.tsx(5,3): error TS2305: Module '"@chakra-ui/react"' has no exported member 'Thead'.
src/components/betting/BetHistory.tsx(6,3): error TS2305: Module '"@chakra-ui/react"' has no exported member 'Tbody'.
src/components/betting/BetHistory.tsx(7,3): error TS2305: Module '"@chakra-ui/react"' has no exported member 'Tr'.
src/components/betting/BetHistory.tsx(8,3): error TS2305: Module '"@chakra-ui/react"' has no exported member 'Th'.
src/components/betting/BetHistory.tsx(9,3): error TS2305: Module '"@chakra-ui/react"' has no exported member 'Td'.
src/components/betting/BetHistory.tsx(12,3): error TS2305: Module '"@chakra-ui/react"' has no exported member 'useColorModeValue'.
src/components/betting/BetHistory.tsx(51,5): error TS2769: No overload matches this call.
  Overload 1 of 3, '(options: DefinedInitialDataOptions<{ bets: Bet[]; pagination: any; }, Error, { bets: Bet[]; pagination: any; }, readonly unknown[]>, queryClient?: QueryClient): DefinedUseQueryResult<...>', gave the following error.
    Type '() => Promise<unknown>' is not assignable to type 'QueryFunction<{ bets: Bet[]; pagination: any; }, readonly unknown[]>'.
      Type 'Promise<unknown>' is not assignable to type '{ bets: Bet[]; pagination: any; } | Promise<{ bets: Bet[]; pagination: any; }>'.
        Type 'Promise<unknown>' is not assignable to type 'Promise<{ bets: Bet[]; pagination: any; }>'.
          Type '{}' is missing the following properties from type '{ bets: Bet[]; pagination: any; }': bets, pagination
  Overload 2 of 3, '(options: UndefinedInitialDataOptions<{ bets: Bet[]; pagination: any; }, Error, { bets: Bet[]; pagination: any; }, readonly unknown[]>, queryClient?: QueryClient): UseQueryResult<...>', gave the following error.
    Type '() => Promise<unknown>' is not assignable to type 'unique symbol | QueryFunction<{ bets: Bet[]; pagination: any; }, readonly unknown[], never>'.
      Type '() => Promise<unknown>' is not assignable to type 'QueryFunction<{ bets: Bet[]; pagination: any; }, readonly unknown[], never>'.
        Type 'Promise<unknown>' is not assignable to type '{ bets: Bet[]; pagination: any; } | Promise<{ bets: Bet[]; pagination: any; }>'.
          Type 'Promise<unknown>' is not assignable to type 'Promise<{ bets: Bet[]; pagination: any; }>'.
            Type '{}' is missing the following properties from type '{ bets: Bet[]; pagination: any; }': bets, pagination
  Overload 3 of 3, '(options: UseQueryOptions<{ bets: Bet[]; pagination: any; }, Error, { bets: Bet[]; pagination: any; }, readonly unknown[]>, queryClient?: QueryClient): UseQueryResult<...>', gave the following error.
    Type '() => Promise<unknown>' is not assignable to type 'unique symbol | QueryFunction<{ bets: Bet[]; pagination: any; }, readonly unknown[], never>'.
      Type '() => Promise<unknown>' is not assignable to type 'QueryFunction<{ bets: Bet[]; pagination: any; }, readonly unknown[], never>'.
        Type 'Promise<unknown>' is not assignable to type '{ bets: Bet[]; pagination: any; } | Promise<{ bets: Bet[]; pagination: any; }>'.
          Type 'Promise<unknown>' is not assignable to type 'Promise<{ bets: Bet[]; pagination: any; }>'.
            Type '{}' is missing the following properties from type '{ bets: Bet[]; pagination: any; }': bets, pagination
src/components/betting/BetHistory.tsx(90,8): error TS2604: JSX element type 'Table' does not have any construct or call signatures.
src/components/betting/BetHistory.tsx(90,8): error TS2786: 'Table' cannot be used as a JSX component.
  Its type 'typeof import("C:/Users/bcmad/Downloads/A1Betting-master (7)/A1Betting-master/frontend/node_modules/@chakra-ui/react/dist/types/components/table/namespace")' is not a valid JSX element type.
src/components/betting/BetHistory.tsx(104,18): error TS2339: Property 'bets' does not exist on type 'NoInfer<TQueryFnData>'.
src/components/betting/BetSlip.tsx(36,9): error TS2561: Object literal may only specify known properties, but 'eventId' does not exist in type 'Omit<Bet, "id" | "timestamp" | "status">'. Did you mean to write 'event'?
src/components/betting/BetSlip.tsx(36,22): error TS2551: Property 'eventId' does not exist on type 'Bet'. Did you mean 'event'?
src/components/betting/BetSlip.tsx(37,21): error TS2339: Property 'market' does not exist on type 'Bet'.
src/components/betting/BetSlip.tsx(78,15): error TS2322: Type 'Selection' is not assignable to type 'ReactNode'.
src/components/betting/BetSlip.tsx(82,26): error TS2339: Property 'market' does not exist on type 'Bet'.
src/components/betting/BettingHistory.tsx(49,41): error TS2339: Property 'outcome' does not exist on type 'Bet'.
src/components/betting/BettingHistory.tsx(60,40): error TS2339: Property 'outcome' does not exist on type 'Bet'.
src/components/betting/BettingHistory.tsx(116,45): error TS2339: Property 'outcome' does not exist on type 'Bet'.
src/components/betting/BettingHistory.tsx(117,59): error TS2339: Property 'outcome' does not exist on type 'Bet'.
src/components/betting/BettingHistory.tsx(118,42): error TS2339: Property 'outcome' does not exist on type 'Bet'.
src/components/betting/BettingHistory.tsx(121,49): error TS2339: Property 'marketName' does not exist on type 'Bet'.
src/components/betting/BettingHistory.tsx(130,25): error TS2339: Property 'outcome' does not exist on type 'Bet'.
src/components/betting/BettingHistory.tsx(132,29): error TS2339: Property 'outcome' does not exist on type 'Bet'.
src/components/betting/BettingHistory.tsx(137,24): error TS2339: Property 'outcome' does not exist on type 'Bet'.
src/components/betting/BettingHistory.tsx(139,68): error TS2339: Property 'outcome' does not exist on type 'Bet'.
src/components/betting/BettingHistory.tsx(140,24): error TS2339: Property 'outcome' does not exist on type 'Bet'.
src/components/betting/BettingHistory.tsx(140,54): error TS2339: Property 'outcome' does not exist on type 'Bet'.
src/components/betting/BettingHistory.tsx(159,37): error TS2339: Property 'outcome' does not exist on type 'Bet'.
src/components/betting/BettingHistory.tsx(167,27): error TS2339: Property 'outcome' does not exist on type 'Bet'.
src/components/betting/BettingHistory.tsx(168,27): error TS2339: Property 'outcome' does not exist on type 'Bet'.
src/components/betting/BettingInterface.tsx(36,53): error TS2339: Property 'setSelectedSport' does not exist on type 'BettingState'.
src/components/betting/BettingInterface.tsx(36,71): error TS2339: Property 'setSelectedEvent' does not exist on type 'BettingState'.
src/components/betting/BettingInterface.tsx(85,14): error TS2769: No overload matches this call.
  Overload 1 of 2, '(props: { component: ElementType<any, keyof IntrinsicElements>; } & GridBaseProps & { sx?: SxProps<Theme>; } & SystemProps<Theme> & Omit<...>): Element', gave the following error.
    Property 'component' is missing in type '{ children: Element[]; item: true; md: number; xs: number; }' but required in type '{ component: ElementType<any, keyof IntrinsicElements>; }'.
  Overload 2 of 2, '(props: DefaultComponentProps<GridTypeMap<{}, "div">>): Element', gave the following error.
    Type '{ children: Element[]; item: true; md: number; xs: number; }' is not assignable to type 'IntrinsicAttributes & GridBaseProps & { sx?: SxProps<Theme>; } & SystemProps<Theme> & Omit<Omit<DetailedHTMLProps<HTMLAttributes<HTMLDivElement>, HTMLDivElement>, "ref"> & { ...; }, "sx" | ... 1 more ... | keyof GridBaseProps>'.
      Property 'item' does not exist on type 'IntrinsicAttributes & GridBaseProps & { sx?: SxProps<Theme>; } & SystemProps<Theme> & Omit<Omit<DetailedHTMLProps<HTMLAttributes<HTMLDivElement>, HTMLDivElement>, "ref"> & { ...; }, "sx" | ... 1 more ... | keyof GridBaseProps>'.
src/components/betting/BettingInterface.tsx(86,30): error TS2322: Type '{ selectedSport: Sport; onSportSelect: any; }' is not assignable to type 'IntrinsicAttributes & SportSelectorProps'.
  Property 'selectedSport' does not exist on type 'IntrinsicAttributes & SportSelectorProps'.
src/components/betting/BettingInterface.tsx(88,17): error TS2322: Type '{ selectedEvent: Event; sport: Sport; onEventSelect: any; }' is not assignable to type 'IntrinsicAttributes & EventListProps'.
  Property 'selectedEvent' does not exist on type 'IntrinsicAttributes & EventListProps'.
src/components/betting/BettingInterface.tsx(93,14): error TS2769: No overload matches this call.
  Overload 1 of 2, '(props: { component: ElementType<any, keyof IntrinsicElements>; } & GridBaseProps & { sx?: SxProps<Theme>; } & SystemProps<Theme> & Omit<...>): Element', gave the following error.
    Property 'component' is missing in type '{ children: Element; item: true; md: number; xs: number; }' but required in type '{ component: ElementType<any, keyof IntrinsicElements>; }'.
  Overload 2 of 2, '(props: DefaultComponentProps<GridTypeMap<{}, "div">>): Element', gave the following error.
    Type '{ children: Element; item: true; md: number; xs: number; }' is not assignable to type 'IntrinsicAttributes & GridBaseProps & { sx?: SxProps<Theme>; } & SystemProps<Theme> & Omit<Omit<DetailedHTMLProps<HTMLAttributes<HTMLDivElement>, HTMLDivElement>, "ref"> & { ...; }, "sx" | ... 1 more ... | keyof GridBaseProps>'.
      Property 'item' does not exist on type 'IntrinsicAttributes & GridBaseProps & { sx?: SxProps<Theme>; } & SystemProps<Theme> & Omit<Omit<DetailedHTMLProps<HTMLAttributes<HTMLDivElement>, HTMLDivElement>, "ref"> & { ...; }, "sx" | ... 1 more ... | keyof GridBaseProps>'.
src/components/betting/BettingInterface.tsx(96,14): error TS2769: No overload matches this call.
  Overload 1 of 2, '(props: { component: ElementType<any, keyof IntrinsicElements>; } & GridBaseProps & { sx?: SxProps<Theme>; } & SystemProps<Theme> & Omit<...>): Element', gave the following error.
    Property 'component' is missing in type '{ children: Element; item: true; md: number; xs: number; }' but required in type '{ component: ElementType<any, keyof IntrinsicElements>; }'.
  Overload 2 of 2, '(props: DefaultComponentProps<GridTypeMap<{}, "div">>): Element', gave the following error.
    Type '{ children: Element; item: true; md: number; xs: number; }' is not assignable to type 'IntrinsicAttributes & GridBaseProps & { sx?: SxProps<Theme>; } & SystemProps<Theme> & Omit<Omit<DetailedHTMLProps<HTMLAttributes<HTMLDivElement>, HTMLDivElement>, "ref"> & { ...; }, "sx" | ... 1 more ... | keyof GridBaseProps>'.
      Property 'item' does not exist on type 'IntrinsicAttributes & GridBaseProps & { sx?: SxProps<Theme>; } & SystemProps<Theme> & Omit<Omit<DetailedHTMLProps<HTMLAttributes<HTMLDivElement>, HTMLDivElement>, "ref"> & { ...; }, "sx" | ... 1 more ... | keyof GridBaseProps>'.
src/components/betting/BettingModal.tsx(49,11): error TS2339: Property 'validateBet' does not exist on type '{ activeProfile: RiskProfile; profiles: RiskProfile[]; isLoading: boolean; error: Error; updateProfile: (profile: RiskProfile) => Promise<boolean>; setActiveProfile: (profileId: string) => Promise<...>; }'.
src/components/betting/BettingModal.tsx(105,46): error TS2322: Type '{ children: Element[]; className: string; variant: string; }' is not assignable to type 'IntrinsicAttributes & CardProps'.
  Property 'variant' does not exist on type 'IntrinsicAttributes & CardProps'.
src/components/betting/BettingModal.tsx(224,51): error TS2339: Property 'riskLevel' does not exist on type 'RiskProfile'.
src/components/betting/BettingModal.tsx(225,38): error TS2339: Property 'riskLevel' does not exist on type 'RiskProfile'.
src/components/betting/BettingModal.tsx(227,73): error TS2339: Property 'recommendation' does not exist on type 'RiskProfile'.
src/components/betting/BettingModal.tsx(234,36): error TS2339: Property 'factors' does not exist on type 'RiskProfile'.
src/components/betting/BettingOpportunities.tsx(56,74): error TS2339: Property 'event_id' does not exist on type 'BetRecommendation'.
src/components/betting/BettingOpportunities.tsx(58,39): error TS2339: Property 'playerName' does not exist on type 'BetRecommendation | BettingOpportunity'.
  Property 'playerName' does not exist on type 'BetRecommendation'.
src/components/betting/BettingOpportunities.tsx(58,77): error TS2339: Property 'playerName' does not exist on type 'number'.
src/components/betting/BettingOpportunities.tsx(59,33): error TS2339: Property 'team' does not exist on type 'BetRecommendation | BettingOpportunity'.
  Property 'team' does not exist on type 'BetRecommendation'.
src/components/betting/BettingOpportunities.tsx(60,37): error TS2339: Property 'position' does not exist on type 'BetRecommendation | BettingOpportunity'.
  Property 'position' does not exist on type 'BetRecommendation'.
src/components/betting/BettingOpportunities.tsx(61,37): error TS2339: Property 'statType' does not exist on type 'BetRecommendation | BettingOpportunity'.
  Property 'statType' does not exist on type 'BetRecommendation'.
src/components/betting/BettingOpportunities.tsx(62,33): error TS2339: Property 'line' does not exist on type 'BetRecommendation | BettingOpportunity'.
  Property 'line' does not exist on type 'BetRecommendation'.
src/components/betting/BettingOpportunities.tsx(63,37): error TS2339: Property 'overOdds' does not exist on type 'BetRecommendation | BettingOpportunity'.
  Property 'overOdds' does not exist on type 'BetRecommendation'.
src/components/betting/BettingOpportunities.tsx(64,38): error TS2339: Property 'underOdds' does not exist on type 'BetRecommendation | BettingOpportunity'.
  Property 'underOdds' does not exist on type 'BetRecommendation'.
src/components/betting/BettingOpportunities.tsx(65,36): error TS2339: Property 'aiBoost' does not exist on type 'BetRecommendation | BettingOpportunity'.
  Property 'aiBoost' does not exist on type 'BetRecommendation'.
src/components/betting/BettingOpportunities.tsx(66,44): error TS2339: Property 'patternStrength' does not exist on type 'BetRecommendation | BettingOpportunity'.
  Property 'patternStrength' does not exist on type 'BetRecommendation'.
src/components/betting/BettingOpportunities.tsx(67,41): error TS2339: Property 'bonusPercent' does not exist on type 'BetRecommendation | BettingOpportunity'.
  Property 'bonusPercent' does not exist on type 'BetRecommendation'.
src/components/betting/BettingOpportunities.tsx(68,47): error TS2339: Property 'enhancementPercent' does not exist on type 'BetRecommendation | BettingOpportunity'.
  Property 'enhancementPercent' does not exist on type 'BetRecommendation'.
src/components/betting/BettingOpportunities.tsx(69,37): error TS2339: Property 'pickType' does not exist on type 'BetRecommendation | BettingOpportunity'.
  Property 'pickType' does not exist on type 'BetRecommendation'.
src/components/betting/BettingOpportunities.tsx(70,39): error TS2339: Property 'trendValue' does not exist on type 'BetRecommendation | BettingOpportunity'.
  Property 'trendValue' does not exist on type 'BetRecommendation'.
src/components/betting/BettingOpportunities.tsx(71,37): error TS2339: Property 'gameInfo' does not exist on type 'BetRecommendation | BettingOpportunity'.
  Property 'gameInfo' does not exist on type 'BetRecommendation'.
src/components/betting/BettingOpportunities.tsx(72,43): error TS2339: Property 'playerImageUrl' does not exist on type 'BetRecommendation | BettingOpportunity'.
  Property 'playerImageUrl' does not exist on type 'BetRecommendation'.
src/components/betting/BettingOpportunities.tsx(82,39): error TS2339: Property 'confidence_score' does not exist on type 'BetRecommendation'.
src/components/betting/BettingOpportunities.tsx(91,70): error TS2339: Property 'confidence_score' does not exist on type 'BetRecommendation'.
src/components/betting/BettingOpportunities.tsx(99,70): error TS2339: Property 'expected_roi' does not exist on type 'BetRecommendation'.
src/components/betting/BettingOpportunities.tsx(99,97): error TS2339: Property 'marketEdge' does not exist on type 'BettingOpportunity'.
src/components/betting/BettingOpportunities.tsx(108,84): error TS2339: Property 'recommended_stake' does not exist on type 'BetRecommendation'.
src/components/betting/BettingOpportunities.tsx(113,33): error TS2345: Argument of type 'Odds' is not assignable to parameter of type 'number'.
src/components/betting/BettingOpportunities.tsx(119,82): error TS2339: Property 'home_win_probability' does not exist on type 'number'.
src/components/betting/BettingStats.tsx(7,3): error TS2305: Module '"@chakra-ui/react"' has no exported member 'StatNumber'.
src/components/betting/BettingStats.tsx(9,3): error TS2305: Module '"@chakra-ui/react"' has no exported member 'StatArrow'.
src/components/betting/BettingStats.tsx(10,3): error TS2305: Module '"@chakra-ui/react"' has no exported member 'useColorModeValue'.
src/components/betting/BettingStats.tsx(28,5): error TS2769: No overload matches this call.
  Overload 1 of 3, '(options: DefinedInitialDataOptions<BettingStats[], Error, BettingStats[], readonly unknown[]>, queryClient?: QueryClient): DefinedUseQueryResult<...>', gave the following error.
    Type '() => Promise<unknown>' is not assignable to type 'QueryFunction<BettingStats[], readonly unknown[]>'.
      Type 'Promise<unknown>' is not assignable to type 'BettingStats[] | Promise<BettingStats[]>'.
        Type 'Promise<unknown>' is not assignable to type 'Promise<BettingStats[]>'.
          Type '{}' is missing the following properties from type 'BettingStats[]': length, pop, push, concat, and 29 more.
  Overload 2 of 3, '(options: UndefinedInitialDataOptions<BettingStats[], Error, BettingStats[], readonly unknown[]>, queryClient?: QueryClient): UseQueryResult<...>', gave the following error.
    Type '() => Promise<unknown>' is not assignable to type 'unique symbol | QueryFunction<BettingStats[], readonly unknown[], never>'.
      Type '() => Promise<unknown>' is not assignable to type 'QueryFunction<BettingStats[], readonly unknown[], never>'.
        Type 'Promise<unknown>' is not assignable to type 'BettingStats[] | Promise<BettingStats[]>'.
          Type 'Promise<unknown>' is not assignable to type 'Promise<BettingStats[]>'.
            Type '{}' is missing the following properties from type 'BettingStats[]': length, pop, push, concat, and 29 more.
  Overload 3 of 3, '(options: UseQueryOptions<BettingStats[], Error, BettingStats[], readonly unknown[]>, queryClient?: QueryClient): UseQueryResult<BettingStats[], Error>', gave the following error.
    Type '() => Promise<unknown>' is not assignable to type 'unique symbol | QueryFunction<BettingStats[], readonly unknown[], never>'.
      Type '() => Promise<unknown>' is not assignable to type 'QueryFunction<BettingStats[], readonly unknown[], never>'.
        Type 'Promise<unknown>' is not assignable to type 'BettingStats[] | Promise<BettingStats[]>'.
          Type 'Promise<unknown>' is not assignable to type 'Promise<BettingStats[]>'.
            Type '{}' is missing the following properties from type 'BettingStats[]': length, pop, push, concat, and 29 more.
src/components/betting/BettingStats.tsx(39,17): error TS2339: Property 'reduce' does not exist on type 'NoInfer<TQueryFnData>'.
src/components/betting/BettingStats.tsx(40,15): error TS2339: Property 'find' does not exist on type 'NoInfer<TQueryFnData>'.
src/components/betting/BettingStats.tsx(41,16): error TS2339: Property 'find' does not exist on type 'NoInfer<TQueryFnData>'.
src/components/betting/BettingStats.tsx(42,19): error TS2339: Property 'find' does not exist on type 'NoInfer<TQueryFnData>'.
src/components/betting/BettingStats.tsx(43,22): error TS2339: Property 'reduce' does not exist on type 'NoInfer<TQueryFnData>'.
src/components/betting/BettingStats.tsx(44,25): error TS2339: Property 'reduce' does not exist on type 'NoInfer<TQueryFnData>'.
src/components/betting/BettingStats.tsx(52,53): error TS2322: Type '{ children: Element[]; columns: { base: number; md: number; lg: number; }; spacing: number; }' is not assignable to type 'IntrinsicAttributes & SimpleGridProps & RefAttributes<HTMLDivElement>'.
  Property 'spacing' does not exist on type 'IntrinsicAttributes & SimpleGridProps & RefAttributes<HTMLDivElement>'.
src/components/betting/BettingStats.tsx(54,10): error TS2604: JSX element type 'Stat' does not have any construct or call signatures.
src/components/betting/BettingStats.tsx(54,10): error TS2786: 'Stat' cannot be used as a JSX component.
  Its type 'typeof import("C:/Users/bcmad/Downloads/A1Betting-master (7)/A1Betting-master/frontend/node_modules/@chakra-ui/react/dist/types/components/stat/namespace")' is not a valid JSX element type.
src/components/betting/BettingStats.tsx(62,10): error TS2604: JSX element type 'Stat' does not have any construct or call signatures.
src/components/betting/BettingStats.tsx(62,10): error TS2786: 'Stat' cannot be used as a JSX component.
  Its type 'typeof import("C:/Users/bcmad/Downloads/A1Betting-master (7)/A1Betting-master/frontend/node_modules/@chakra-ui/react/dist/types/components/stat/namespace")' is not a valid JSX element type.
src/components/betting/BettingStats.tsx(72,10): error TS2604: JSX element type 'Stat' does not have any construct or call signatures.
src/components/betting/BettingStats.tsx(72,10): error TS2786: 'Stat' cannot be used as a JSX component.
  Its type 'typeof import("C:/Users/bcmad/Downloads/A1Betting-master (7)/A1Betting-master/frontend/node_modules/@chakra-ui/react/dist/types/components/stat/namespace")' is not a valid JSX element type.
src/components/betting/BettingStats.tsx(82,10): error TS2604: JSX element type 'Stat' does not have any construct or call signatures.
src/components/betting/BettingStats.tsx(82,10): error TS2786: 'Stat' cannot be used as a JSX component.
  Its type 'typeof import("C:/Users/bcmad/Downloads/A1Betting-master (7)/A1Betting-master/frontend/node_modules/@chakra-ui/react/dist/types/components/stat/namespace")' is not a valid JSX element type.
src/components/betting/EventList.tsx(19,18): error TS2304: Cannot find name 'Sport'.
src/components/betting/EventList.tsx(74,28): error TS2339: Property 'homeTeam' does not exist on type 'Event'.
src/components/betting/EventList.tsx(74,48): error TS2339: Property 'awayTeam' does not exist on type 'Event'.
src/components/betting/EventList.tsx(80,27): error TS2367: This comparison appears to be unintentional because the types '"scheduled" | "finished"' and '"upcoming"' have no overlap.
src/components/betting/LiveOddsTicker.tsx(19,10): error TS2305: Module '"../../types/betting"' has no exported member 'BettingEvent'.
src/components/betting/ModelSelector.tsx(36,35): error TS2339: Property 'getAvailableModels' does not exist on type '{ placeBet: (betData: PlaceBetRequest) => Promise<{ success: boolean; bet: unknown; error?: undefined; } | { success: boolean; error: string; bet?: undefined; }>; cancelBet: (betId: string) => Promise<...>; getActiveBets: () => Promise<...>; getSports: () => Promise<...>; getEvents: (sportId: string) => Promise<...>...'.
src/components/betting/ModelSelector.tsx(59,11): error TS2322: Type '(event: React.ChangeEvent<{ value: unknown; }>) => void' is not assignable to type '(event: ChangeEvent<HTMLInputElement> | (Event & { target: { value: unknown; name: string; }; }), child: ReactNode) => void'.
  Types of parameters 'event' and 'event' are incompatible.
    Type 'ChangeEvent<HTMLInputElement> | (Event & { target: { value: unknown; name: string; }; })' is not assignable to type 'ChangeEvent<{ value: unknown; }>'.
      Type 'Event & { target: { value: unknown; name: string; }; }' is missing the following properties from type 'ChangeEvent<{ value: unknown; }>': nativeEvent, isDefaultPrevented, isPropagationStopped, persist
src/components/betting/OddsDisplay.tsx(12,11): error TS2339: Property 'markets' does not exist on type 'Event'.
src/components/betting/OddsDisplay.tsx(17,29): error TS2339: Property 'markets' does not exist on type 'Event'.
src/components/betting/OddsDisplay.tsx(27,7): error TS2322: Type 'string' is not assignable to type 'Selection'.
src/components/betting/OddsDisplay.tsx(39,16): error TS2339: Property 'homeTeam' does not exist on type 'Event'.
src/components/betting/OddsDisplay.tsx(39,36): error TS2339: Property 'awayTeam' does not exist on type 'Event'.
src/components/betting/OddsDisplay.tsx(48,22): error TS2339: Property 'markets' does not exist on type 'Event'.
src/components/betting/OddsDisplay.tsx(52,16): error TS2339: Property 'markets' does not exist on type 'Event'.
src/components/betting/OddsDisplay.tsx(59,14): error TS2769: No overload matches this call.
  Overload 1 of 2, '(props: { component: ElementType<any, keyof IntrinsicElements>; } & GridBaseProps & { sx?: SxProps<Theme>; } & SystemProps<Theme> & Omit<...>): Element', gave the following error.
    Property 'component' is missing in type '{ children: Element; key: string; item: true; md: number; sm: number; xs: number; }' but required in type '{ component: ElementType<any, keyof IntrinsicElements>; }'.
  Overload 2 of 2, '(props: DefaultComponentProps<GridTypeMap<{}, "div">>): Element', gave the following error.
    Type '{ children: Element; key: string; item: true; md: number; sm: number; xs: number; }' is not assignable to type 'IntrinsicAttributes & GridBaseProps & { sx?: SxProps<Theme>; } & SystemProps<Theme> & Omit<Omit<DetailedHTMLProps<HTMLAttributes<HTMLDivElement>, HTMLDivElement>, "ref"> & { ...; }, "sx" | ... 1 more ... | keyof GridBaseProps>'.
      Property 'item' does not exist on type 'IntrinsicAttributes & GridBaseProps & { sx?: SxProps<Theme>; } & SystemProps<Theme> & Omit<Omit<DetailedHTMLProps<HTMLAttributes<HTMLDivElement>, HTMLDivElement>, "ref"> & { ...; }, "sx" | ... 1 more ... | keyof GridBaseProps>'.
src/components/betting/PerformanceMetrics.tsx(44,37): error TS2551: Property 'total_profit' does not exist on type 'BettingMetrics'. Did you mean 'totalProfit'?
src/components/betting/PerformanceMetrics.tsx(45,22): error TS2551: Property 'total_profit' does not exist on type 'BettingMetrics'. Did you mean 'totalProfit'?
src/components/betting/PerformanceMetrics.tsx(54,39): error TS2551: Property 'win_rate' does not exist on type 'BettingMetrics'. Did you mean 'winRate'?
src/components/betting/PerformanceMetrics.tsx(55,22): error TS2551: Property 'win_rate' does not exist on type 'BettingMetrics'. Did you mean 'winRate'?
src/components/betting/PerformanceMetrics.tsx(59,22): error TS2551: Property 'total_bets' does not exist on type 'BettingMetrics'. Did you mean 'totalBets'?
src/components/betting/PerformanceMetrics.tsx(64,37): error TS2551: Property 'average_stake' does not exist on type 'BettingMetrics'. Did you mean 'averageStake'?
src/components/betting/PerformanceMetrics.tsx(69,39): error TS2551: Property 'risk_score' does not exist on type 'BettingMetrics'. Did you mean 'riskScore'?
src/components/betting/PerformanceMetrics.tsx(70,22): error TS2551: Property 'risk_score' does not exist on type 'BettingMetrics'. Did you mean 'riskScore'?
src/components/betting/PerformanceMetrics.tsx(92,34): error TS2551: Property 'win_rate' does not exist on type 'BettingMetrics'. Did you mean 'winRate'?
src/components/betting/PerformanceMetrics.tsx(94,34): error TS2551: Property 'win_rate' does not exist on type 'BettingMetrics'. Did you mean 'winRate'?
src/components/betting/PerformanceMetrics.tsx(115,28): error TS2551: Property 'winning_bets' does not exist on type 'BettingMetrics'. Did you mean 'winningBets'?
src/components/betting/PerformanceMetrics.tsx(123,28): error TS2551: Property 'losing_bets' does not exist on type 'BettingMetrics'. Did you mean 'losingBets'?
src/components/betting/PrizePicksInterface.tsx(1,8): error TS2613: Module '"C:/Users/bcmad/Downloads/A1Betting-master (7)/A1Betting-master/frontend/src/services/unified/WebSocketManager"' has no default export. Did you mean to use 'import { WebSocketManager } from "C:/Users/bcmad/Downloads/A1Betting-master (7)/A1Betting-master/frontend/src/services/unified/WebSocketManager"' instead?
src/components/betting/RiskProfileSelector.tsx(12,15): error TS2614: Module '"../../services/bettingService"' has no exported member 'BettingSettings'. Did you mean to use 'import BettingSettings from "../../services/bettingService"' instead?
src/components/betting/SportSelector.tsx(48,30): error TS2339: Property 'active' does not exist on type 'Sport'.
src/components/betting/StakeSizingControl.tsx(26,35): error TS2339: Property 'getBankrollMetrics' does not exist on type '{ placeBet: (betData: PlaceBetRequest) => Promise<{ success: boolean; bet: unknown; error?: undefined; } | { success: boolean; error: string; bet?: undefined; }>; cancelBet: (betId: string) => Promise<...>; getActiveBets: () => Promise<...>; getSports: () => Promise<...>; getEvents: (sportId: string) => Promise<...>...'.
src/components/betting/UnifiedBettingHistory.tsx(96,26): error TS2339: Property 'getBettingHistory' does not exist on type 'UnifiedAnalyticsService'.
src/components/betting/UnifiedBettingHistory.tsx(97,26): error TS2554: Expected 3 arguments, but got 1.
src/components/betting/UnifiedBettingHistory.tsx(157,19): error TS2322: Type 'string' is not assignable to type '"success" | "warning" | "danger" | "info"'.
src/components/betting/UnifiedBettingHistory.tsx(284,68): error TS2339: Property 'target' does not exist on type 'string'.
src/components/betting/UnifiedBettingHistory.tsx(301,65): error TS2339: Property 'target' does not exist on type 'string'.
src/components/betting/UnifiedBettingHistory.tsx(318,69): error TS2339: Property 'target' does not exist on type 'string'.
src/components/betting/UnifiedBettingHistory.tsx(330,70): error TS2339: Property 'target' does not exist on type 'string'.
src/components/betting/UnifiedBettingHistory.tsx(342,19): error TS2322: Type 'number' is not assignable to type 'string'.
src/components/betting/UnifiedBettingHistory.tsx(343,77): error TS2339: Property 'target' does not exist on type 'string'.
src/components/betting/UnifiedBettingHistory.tsx(355,19): error TS2322: Type 'number' is not assignable to type 'string'.
src/components/betting/UnifiedBettingHistory.tsx(356,77): error TS2339: Property 'target' does not exist on type 'string'.
src/components/betting/UnifiedBettingHistory.tsx(368,19): error TS2322: Type 'number' is not assignable to type 'string'.
src/components/betting/UnifiedBettingHistory.tsx(369,78): error TS2339: Property 'target' does not exist on type 'string'.
src/components/betting/UnifiedBettingHistory.tsx(381,19): error TS2322: Type 'number' is not assignable to type 'string'.
src/components/betting/UnifiedBettingHistory.tsx(382,78): error TS2339: Property 'target' does not exist on type 'string'.
src/components/BettingOpportunities.tsx(14,10): error TS2305: Module '"@/types"' has no exported member 'BetRecommendation'.
src/components/BettingStats.tsx(11,44): error TS2305: Module '"@/utils/formatters"' has no exported member 'formatTimeAgo'.
src/components/BettingStats.tsx(12,15): error TS2724: '"@/types/betting"' has no exported member named 'BettingStats'. Did you mean 'BettingState'?
src/components/BettingStats.tsx(105,31): error TS2339: Property 'model_name' does not exist on type 'ModelPerformance'.
src/components/BettingStats.tsx(107,54): error TS2339: Property 'model_name' does not exist on type 'ModelPerformance'.
src/components/BettingStats.tsx(109,34): error TS2339: Property 'roi' does not exist on type 'ModelPerformance'.
src/components/BettingStats.tsx(112,45): error TS2339: Property 'roi' does not exist on type 'ModelPerformance'.
src/components/BettingStats.tsx(116,32): error TS2339: Property 'roi' does not exist on type 'ModelPerformance'.
src/components/BettingStats.tsx(118,41): error TS2339: Property 'roi' does not exist on type 'ModelPerformance'.
src/components/BettingStats.tsx(123,28): error TS2339: Property 'wins' does not exist on type 'ModelPerformance'.
src/components/BettingStats.tsx(123,44): error TS2339: Property 'losses' does not exist on type 'ModelPerformance'.
src/components/BettingStats.tsx(126,59): error TS2339: Property 'last_updated' does not exist on type 'ModelPerformance'.
src/components/builder/BuilderIntegrationTest.tsx(87,13): error TS2607: JSX element class does not support attributes because it does not have a 'props' property.
src/components/builder/BuilderIntegrationTest.tsx(87,14): error TS2786: 'BuilderComponent' cannot be used as a JSX component.
  Its type 'typeof BuilderComponent' is not a valid JSX element type.
    Types of construct signatures are incompatible.
      Type 'new (props: BuilderComponentProps) => BuilderComponent' is not assignable to type 'new (props: any, deprecatedLegacyContext?: any) => Component<any, any, any>'.
        Type 'BuilderComponent' is missing the following properties from type 'Component<any, any, any>': context, setState, forceUpdate, props, and 2 more.
src/components/common/buttons/BettingButton.tsx(49,7): error TS2322: Type '"success" | "primary"' is not assignable to type 'ButtonVariant'.
  Type '"success"' is not assignable to type 'ButtonVariant'.
src/components/common/buttons/BettingButtonGroup.tsx(33,11): error TS2769: No overload matches this call.
  The last overload gave the following error.
    Object literal may only specify known properties, and 'className' does not exist in type 'Partial<unknown> & Attributes'.
src/components/common/ErrorBoundary/withErrorBoundary.tsx(2,8): error TS1192: Module '"C:/Users/bcmad/Downloads/A1Betting-master (7)/A1Betting-master/frontend/src/components/common/ErrorBoundary"' has no default export.
src/components/common/FilterBar.tsx(2,15): error TS2305: Module '"@/types"' has no exported member 'Sport'.
src/components/common/FilterBar.tsx(2,22): error TS2305: Module '"@/types"' has no exported member 'PropType'.
src/components/common/index.ts(1,10): error TS2305: Module '"./ConfidenceIndicator.js"' has no exported member 'default'.
src/components/common/index.ts(2,10): error TS2305: Module '"./ErrorBoundary.js"' has no exported member 'default'.
src/components/common/layout/MainLayout.tsx(11,8): error TS2739: Type '{}' is missing the following properties from type 'SidebarProps': isOpen, onClose, currentPath
src/components/common/layout/Sidebar.tsx(22,19): error TS2339: Property 'toggleTheme' does not exist on type 'ThemeContextType'.
src/components/common/layout/Sidebar.tsx(22,19): error TS2451: Cannot redeclare block-scoped variable 'toggleTheme'.
src/components/common/layout/Sidebar.tsx(28,9): error TS2451: Cannot redeclare block-scoped variable 'toggleTheme'.
src/components/common/notifications/Toaster.tsx(3,10): error TS2305: Module '"@/types"' has no exported member 'ToastNotification'.
src/components/common/notifications/Toaster.tsx(15,40): error TS2339: Property 'id' does not exist on type 'ToastProps'.
src/components/common/notifications/Toaster.tsx(15,44): error TS2339: Property 'message' does not exist on type 'ToastProps'.
src/components/common/notifications/Toaster.tsx(15,53): error TS2339: Property 'type' does not exist on type 'ToastProps'.
src/components/common/SafeButton.tsx(14,50): error TS2345: Argument of type 'MouseEventHandler<HTMLButtonElement>' is not assignable to parameter of type '() => void'.
  Target signature provides too few arguments. Expected 1 or more, but got 0.
src/components/common/SafeButton.tsx(24,54): error TS2345: Argument of type 'MouseEventHandler<HTMLButtonElement>' is not assignable to parameter of type '() => void'.
  Target signature provides too few arguments. Expected 1 or more, but got 0.
src/components/common/ThemeToggle.tsx(21,22): error TS2339: Property 'toggle' does not exist on type '"dark" | "light"'.
  Property 'toggle' does not exist on type '"dark"'.
src/components/ConnectionStatus.tsx(16,24): error TS2339: Property 'isReconnecting' does not exist on type 'WebSocketState'.
src/components/ConnectionStatus.tsx(16,40): error TS2339: Property 'lastError' does not exist on type 'WebSocketState'.
src/components/ConnectionStatus.tsx(16,51): error TS2339: Property 'resetError' does not exist on type 'WebSocketState'.
src/components/ConnectionStatus.tsx(32,17): error TS2339: Property 'connected' does not exist on type 'unknown'.
src/components/ConnectionStatus.tsx(32,43): error TS2339: Property 'quality' does not exist on type 'unknown'.
src/components/ConnectionStatus.tsx(39,19): error TS2339: Property 'connected' does not exist on type 'unknown'.
src/components/ConnectionStatus.tsx(40,26): error TS2339: Property 'quality' does not exist on type 'unknown'.
src/components/ConnectionStatus.tsx(41,39): error TS2339: Property 'quality' does not exist on type 'unknown'.
src/components/ConnectionStatus.tsx(45,19): error TS2339: Property 'timestamp' does not exist on type 'unknown'.
src/components/ConnectionStatus.tsx(45,74): error TS2339: Property 'timestamp' does not exist on type 'unknown'.
src/components/controls/SmartControlsBar.tsx(4,10): error TS2305: Module '"@/hooks/usePredictions"' has no exported member 'PREDICTIONS_QUERY_KEY'.
src/components/core/AppInitializer.tsx(3,10): error TS2724: '"../../core/UnifiedConfig"' has no exported member named 'unifiedConfig'. Did you mean 'UnifiedConfig'?
src/components/core/AppInitializer.tsx(4,10): error TS2724: '"../../core/UnifiedDataEngine"' has no exported member named 'UnifiedDataEngine'. Did you mean 'unifiedDataEngine'?
src/components/core/AppInitializer.tsx(8,10): error TS2305: Module '"../../core/UnifiedState"' has no exported member 'UnifiedStateManager'.
src/components/core/AppInitializer.tsx(40,93): error TS2345: Argument of type 'string' is not assignable to parameter of type 'ErrorContext'.
src/components/core/Navbar/Navbar.tsx(103,13): error TS2322: Type '{ alt: string; src: string; sx: { height: number; width: string; }; }' is not assignable to type 'DetailedHTMLProps<ImgHTMLAttributes<HTMLImageElement>, HTMLImageElement>'.
  Property 'sx' does not exist on type 'DetailedHTMLProps<ImgHTMLAttributes<HTMLImageElement>, HTMLImageElement>'.
src/components/core/Navbar/Navbar.tsx(146,24): error TS2339: Property 'name' does not exist on type 'User'.
src/components/core/Sidebar/Sidebar.tsx(22,3): error TS2305: Module '"@mui/icons-material"' has no exported member 'ChartBar'.
src/components/core/Sidebar/Sidebar.tsx(23,3): error TS2724: '"@mui/icons-material"' has no exported member named 'LightBulb'. Did you mean 'Lightbulb'?
src/components/core/Sidebar/Sidebar.tsx(24,3): error TS2305: Module '"@mui/icons-material"' has no exported member 'Cog'.
src/components/core/Sidebar/Sidebar.tsx(51,11): error TS2339: Property 'isDarkMode' does not exist on type 'ThemeState'.
src/components/core/Toast.tsx(3,10): error TS2305: Module '"@/types"' has no exported member 'Toast'.
src/components/core/Toast.tsx(3,17): error TS2305: Module '"@/types"' has no exported member 'ToastType'.
src/components/cyber/CyberUltimateMoneyMaker.tsx(202,9): error TS2322: Type '"pending"' is not assignable to type '"won" | "lost" | "active" | "cancelled"'.
src/components/cyber/CyberUltimateMoneyMaker.tsx(479,13): error TS2322: Type '{ opportunities: { id: string; description: string; odds: number; confidence: number; expectedValue: number; kellySize: number; models: string[]; }[]; onPlaceBet: (opportunity: any) => Promise<void>; }' is not assignable to type 'IntrinsicAttributes & UltimateMoneyMakerProps'.
  Property 'opportunities' does not exist on type 'IntrinsicAttributes & UltimateMoneyMakerProps'.
src/components/Dashboard.tsx(6,10): error TS2305: Module '"./index"' has no exported member 'UniversalMoneyMaker'.
src/components/Dashboard.tsx(203,5): error TS2353: Object literal may only specify known properties, and 'expectedValue' does not exist in type 'StrategyRecommendation | (() => StrategyRecommendation)'.
src/components/Dashboard.tsx(275,17): error TS2322: Type 'BetRecommendation[]' is not assignable to type 'import("C:/Users/bcmad/Downloads/A1Betting-master (7)/A1Betting-master/frontend/src/types/betting").BetRecommendation[]'.
  Type 'BetRecommendation' is missing the following properties from type 'BetRecommendation': event, selection, prediction, expectedValue, riskLevel
src/components/Dashboard.tsx(283,31): error TS2739: Type 'Record<string, BookOdds>' is missing the following properties from type 'OddsData': event_id, markets, timestamp
src/components/Dashboard.tsx(289,16): error TS2304: Cannot find name 'MoneyMaker'.
src/components/Dashboard.tsx(295,39): error TS2322: Type '{ opportunities: ArbitrageOpportunityItem[]; }' is not assignable to type 'IntrinsicAttributes'.
  Property 'opportunities' does not exist on type 'IntrinsicAttributes'.
src/components/dashboard/Dashboard.tsx(13,7): error TS2451: Cannot redeclare block-scoped variable 'Dashboard'.
src/components/dashboard/Dashboard.tsx(19,38): error TS2339: Property 'getRecentPredictions' does not exist on type 'PredictionService'.
src/components/dashboard/Dashboard.tsx(26,38): error TS2339: Property 'getEngineMetrics' does not exist on type 'PredictionService'.
src/components/dashboard/Dashboard.tsx(142,16): error TS2739: Type '{ key: any; playerName: any; statType: any; line: any; overOdds: any; underOdds: any; sentiment: any; aiBoost: any; patternStrength: any; bonusPercent: any; enhancementPercent: any; onSelect: () => void; onViewDetails: () => void; }' is missing the following properties from type 'EnhancedPropCardProps': team, position
src/components/dashboard/Dashboard.tsx(170,7): error TS2451: Cannot redeclare block-scoped variable 'Dashboard'.
src/components/dashboard/HeroSection.tsx(8,10): error TS2305: Module '"../../constants/sports"' has no exported member 'SPORTS_CONFIG'.
src/components/dashboard/LiveGamesDisplay.tsx(129,42): error TS2339: Property 'source' does not exist on type 'ProcessedGame'.
src/components/dashboard/MetricsOverview.tsx(304,23): error TS2367: This comparison appears to be unintentional because the types '"neutral"' and '"down"' have no overlap.
src/components/DebugApiStatus.tsx(46,9): error TS2345: Argument of type '({ status: string; response: any; name: string; url: string; error?: string; } | { status: string; error: any; name: string; url: string; response?: any; })[]' is not assignable to parameter of type 'SetStateAction<ApiEndpoint[]>'.
  Type '({ status: string; response: any; name: string; url: string; error?: string; } | { status: string; error: any; name: string; url: string; response?: any; })[]' is not assignable to type 'ApiEndpoint[]'.
    Type '{ status: string; response: any; name: string; url: string; error?: string; } | { status: string; error: any; name: string; url: string; response?: any; }' is not assignable to type 'ApiEndpoint'.
      Type '{ status: string; response: any; name: string; url: string; error?: string; }' is not assignable to type 'ApiEndpoint'.
        Types of property 'status' are incompatible.
          Type 'string' is not assignable to type '"error" | "success" | "pending"'.
src/components/Dialog.tsx(64,29): error TS2339: Property 'Overlay' does not exist on type '_internal_ComponentDialog & { Panel: _internal_ComponentDialogPanel; Title: _internal_ComponentDialogTitle; Description: _internal_ComponentDialogDescription; }'.
src/components/enhanced/EnhancedPrizePicks.tsx(9,3): error TS2440: Import declaration conflicts with local declaration of 'SPORT_OPTIONS'.
src/components/enhanced/EnhancedPrizePicks.tsx(10,3): error TS2440: Import declaration conflicts with local declaration of 'getSportDisplayName'.
src/components/enhanced/EnhancedPrizePicks.tsx(11,3): error TS2440: Import declaration conflicts with local declaration of 'getSportEmoji'.
src/components/enhanced/EnhancedPrizePicks.tsx(13,10): error TS2440: Import declaration conflicts with local declaration of 'useApp'.
src/components/enhanced/EnhancedPrizePicks.tsx(15,10): error TS2440: Import declaration conflicts with local declaration of 'useRealDataValidation'.
src/components/enhanced/EnhancedPrizePicks.tsx(16,10): error TS2440: Import declaration conflicts with local declaration of 'useToasts'.
src/components/enhanced/EnhancedPrizePicks.tsx(17,10): error TS2305: Module '"../../types"' has no exported member 'PlayerProp'.
src/components/enhanced/EnhancedPrizePicks.tsx(18,10): error TS2440: Import declaration conflicts with local declaration of 'DataGenerator'.
src/components/enhanced/EnhancedPrizePicks.tsx(19,10): error TS2440: Import declaration conflicts with local declaration of 'validateLineup'.
src/components/enhanced/EnhancedPrizePicks.tsx(20,10): error TS2440: Import declaration conflicts with local declaration of 'SportSelector'.
src/components/enhanced/EnhancedPrizePicks.tsx(22,10): error TS2614: Module '"../modern/PropCard"' has no exported member 'PropCard'. Did you mean to use 'import PropCard from "../modern/PropCard"' instead?
src/components/EntryCard.tsx(2,15): error TS2305: Module '"@/types"' has no exported member 'Entry'.
src/components/EntryCard.tsx(3,10): error TS2305: Module '"@/types"' has no exported member 'EntryStatus'.
src/components/EntryCard.tsx(91,14): error TS2304: Cannot find name 'formatCurrency'.
src/components/EntryCard.tsx(104,14): error TS2304: Cannot find name 'formatCurrency'.
src/components/events/UnifiedEventDetails.tsx(175,26): error TS2339: Property 'getEventDetails' does not exist on type 'UnifiedAnalyticsService'.
src/components/events/UnifiedEventDetails.tsx(176,27): error TS2551: Property 'getEventPredictions' does not exist on type 'UnifiedPredictionService'. Did you mean 'getPrediction'?
src/components/events/UnifiedEventDetails.tsx(215,19): error TS2322: Type 'string' is not assignable to type '"success" | "warning" | "danger" | "info"'.
src/components/events/UnifiedEventDetails.tsx(268,50): error TS2322: Type 'Dispatch<SetStateAction<"overview" | "predictions" | "markets" | "statistics">>' is not assignable to type '(value: string) => void'.
  Types of parameters 'value' and 'value' are incompatible.
    Type 'string' is not assignable to type 'SetStateAction<"overview" | "predictions" | "markets" | "statistics">'.
src/components/events/UnifiedEventDetails.tsx(477,21): error TS2322: Type '"success" | "warning" | "secondary"' is not assignable to type '"success" | "warning" | "danger" | "info"'.
  Type '"secondary"' is not assignable to type '"success" | "warning" | "danger" | "info"'.
src/components/events/UnifiedEventDetails.tsx(767,16): error TS2304: Cannot find name 'Input'.
src/components/features/analytics/MLFactorViz.tsx(35,26): error TS2339: Property 'expectedValue' does not exist on type 'StrategyRecommendation'.
src/components/features/analytics/ModelPerformance.tsx(18,28): error TS2339: Property 'roi' does not exist on type 'AnalyticsMetrics'.
src/components/features/analytics/ModelPerformance.tsx(19,24): error TS2339: Property 'roi' does not exist on type 'AnalyticsMetrics'.
src/components/features/analytics/PerformanceMonitor.tsx(14,34): error TS2339: Property 'initialize' does not exist on type 'PerformanceService'.
src/components/features/analytics/PerformanceMonitor.tsx(19,32): error TS2339: Property 'trackMetric' does not exist on type 'PerformanceService'.
src/components/features/analytics/PerformanceMonitor.tsx(35,30): error TS2339: Property 'trackComponentRender' does not exist on type 'PerformanceService'.
src/components/features/betting/Arbitrage.tsx(4,10): error TS2305: Module '"../../../types"' has no exported member 'ArbitrageOpportunity'.
src/components/features/betting/ArbitrageDetector.tsx(21,34): error TS2352: Conversion of type 'import("C:/Users/bcmad/Downloads/A1Betting-master (7)/A1Betting-master/frontend/src/types/betting").BookOdds' to type 'BookOdds' may be a mistake because neither type sufficiently overlaps with the other. If this was intentional, convert the expression to 'unknown' first.
  Index signature for type 'string' is missing in type 'BookOdds'.
src/components/features/betting/ArbitrageDetector.tsx(47,50): error TS2352: Conversion of type 'import("C:/Users/bcmad/Downloads/A1Betting-master (7)/A1Betting-master/frontend/src/types/betting").BookOdds' to type 'BookOdds' may be a mistake because neither type sufficiently overlaps with the other. If this was intentional, convert the expression to 'unknown' first.
  Index signature for type 'string' is missing in type 'BookOdds'.
src/components/features/betting/ArbitrageDetector.tsx(59,33): error TS2352: Conversion of type 'import("C:/Users/bcmad/Downloads/A1Betting-master (7)/A1Betting-master/frontend/src/types/betting").BookOdds' to type 'BookOdds' may be a mistake because neither type sufficiently overlaps with the other. If this was intentional, convert the expression to 'unknown' first.
  Index signature for type 'string' is missing in type 'BookOdds'.
src/components/features/betting/ArbitrageOpportunities.tsx(77,65): error TS2345: Argument of type '{ amount: number; book: string; }' is not assignable to parameter of type 'number'.
src/components/features/betting/BetBuilder.tsx(125,16): error TS2739: Type '{ key: any; playerName: any; statType: any; line: any; overOdds: any; underOdds: any; sentiment: any; aiBoost: any; patternStrength: any; bonusPercent: number; enhancementPercent: number; selected: any; onSelect: (pick: "over" | "under") => void; onViewDetails: () => void; className: string; }' is missing the following properties from type 'EnhancedPropCardProps': team, position
src/components/features/betting/BetBuilder.tsx(237,16): error TS2739: Type '{ key: string; playerName: any; statType: PropType; line: number; overOdds: any; underOdds: any; sentiment: any; aiBoost: any; patternStrength: any; bonusPercent: number; enhancementPercent: number; selected: true; onSelect: (pick: "over" | "under") => void; onViewDetails: () => void; className: string; }' is missing the following properties from type 'EnhancedPropCardProps': team, position
src/components/features/betting/BettingAnalytics.tsx(5,10): error TS2614: Module '"../../../services/bettingStrategy"' has no exported member 'BettingOpportunity'. Did you mean to use 'import BettingOpportunity from "../../../services/bettingStrategy"' instead?
src/components/features/betting/BettingAnalytics.tsx(31,11): error TS2339: Property 'opportunities' does not exist on type 'BettingStats'.
src/components/features/betting/BettingAnalytics.tsx(31,26): error TS2339: Property 'predictions' does not exist on type 'BettingStats'.
src/components/features/betting/BettingAnalytics.tsx(31,39): error TS2339: Property 'performance' does not exist on type 'BettingStats'.
src/components/features/betting/BettingAnalytics.tsx(31,52): error TS2339: Property 'isLoading' does not exist on type 'BettingStats'.
src/components/features/betting/BettingAnalytics.tsx(31,63): error TS2339: Property 'error' does not exist on type 'BettingStats'.
src/components/features/betting/BettingAnalytics.tsx(32,25): error TS2554: Expected 0 arguments, but got 1.
src/components/features/betting/BettingAnalytics.tsx(268,30): error TS2345: Argument of type 'string | number | symbol' is not assignable to parameter of type 'SetStateAction<string>'.
  Type 'number' is not assignable to type 'SetStateAction<string>'.
src/components/features/betting/BettingHistory.tsx(31,10): error TS2305: Module '"@/services/riskManagement"' has no exported member 'riskManagement'.
src/components/features/betting/BettingHistory.tsx(196,14): error TS2769: No overload matches this call.
  Overload 1 of 2, '(props: { component: ElementType<any, keyof IntrinsicElements>; } & GridBaseProps & { sx?: SxProps<Theme>; } & SystemProps<Theme> & Omit<...>): Element', gave the following error.
    Property 'component' is missing in type '{ children: Element; item: true; xs: number; sm: number; md: number; }' but required in type '{ component: ElementType<any, keyof IntrinsicElements>; }'.
  Overload 2 of 2, '(props: DefaultComponentProps<GridTypeMap<{}, "div">>): Element', gave the following error.
    Type '{ children: Element; item: true; xs: number; sm: number; md: number; }' is not assignable to type 'IntrinsicAttributes & GridBaseProps & { sx?: SxProps<Theme>; } & SystemProps<Theme> & Omit<Omit<DetailedHTMLProps<HTMLAttributes<HTMLDivElement>, HTMLDivElement>, "ref"> & { ...; }, "sx" | ... 1 more ... | keyof GridBaseProps>'.
      Property 'item' does not exist on type 'IntrinsicAttributes & GridBaseProps & { sx?: SxProps<Theme>; } & SystemProps<Theme> & Omit<Omit<DetailedHTMLProps<HTMLAttributes<HTMLDivElement>, HTMLDivElement>, "ref"> & { ...; }, "sx" | ... 1 more ... | keyof GridBaseProps>'.
src/components/features/betting/BettingHistory.tsx(212,14): error TS2769: No overload matches this call.
  Overload 1 of 2, '(props: { component: ElementType<any, keyof IntrinsicElements>; } & GridBaseProps & { sx?: SxProps<Theme>; } & SystemProps<Theme> & Omit<...>): Element', gave the following error.
    Property 'component' is missing in type '{ children: Element; item: true; xs: number; sm: number; md: number; }' but required in type '{ component: ElementType<any, keyof IntrinsicElements>; }'.
  Overload 2 of 2, '(props: DefaultComponentProps<GridTypeMap<{}, "div">>): Element', gave the following error.
    Type '{ children: Element; item: true; xs: number; sm: number; md: number; }' is not assignable to type 'IntrinsicAttributes & GridBaseProps & { sx?: SxProps<Theme>; } & SystemProps<Theme> & Omit<Omit<DetailedHTMLProps<HTMLAttributes<HTMLDivElement>, HTMLDivElement>, "ref"> & { ...; }, "sx" | ... 1 more ... | keyof GridBaseProps>'.
      Property 'item' does not exist on type 'IntrinsicAttributes & GridBaseProps & { sx?: SxProps<Theme>; } & SystemProps<Theme> & Omit<Omit<DetailedHTMLProps<HTMLAttributes<HTMLDivElement>, HTMLDivElement>, "ref"> & { ...; }, "sx" | ... 1 more ... | keyof GridBaseProps>'.
src/components/features/betting/BettingHistory.tsx(232,14): error TS2769: No overload matches this call.
  Overload 1 of 2, '(props: { component: ElementType<any, keyof IntrinsicElements>; } & GridBaseProps & { sx?: SxProps<Theme>; } & SystemProps<Theme> & Omit<...>): Element', gave the following error.
    Property 'component' is missing in type '{ children: Element; item: true; xs: number; sm: number; md: number; }' but required in type '{ component: ElementType<any, keyof IntrinsicElements>; }'.
  Overload 2 of 2, '(props: DefaultComponentProps<GridTypeMap<{}, "div">>): Element', gave the following error.
    Type '{ children: Element; item: true; xs: number; sm: number; md: number; }' is not assignable to type 'IntrinsicAttributes & GridBaseProps & { sx?: SxProps<Theme>; } & SystemProps<Theme> & Omit<Omit<DetailedHTMLProps<HTMLAttributes<HTMLDivElement>, HTMLDivElement>, "ref"> & { ...; }, "sx" | ... 1 more ... | keyof GridBaseProps>'.
      Property 'item' does not exist on type 'IntrinsicAttributes & GridBaseProps & { sx?: SxProps<Theme>; } & SystemProps<Theme> & Omit<Omit<DetailedHTMLProps<HTMLAttributes<HTMLDivElement>, HTMLDivElement>, "ref"> & { ...; }, "sx" | ... 1 more ... | keyof GridBaseProps>'.
src/components/features/betting/BettingHistory.tsx(242,14): error TS2769: No overload matches this call.
  Overload 1 of 2, '(props: { component: ElementType<any, keyof IntrinsicElements>; } & GridBaseProps & { sx?: SxProps<Theme>; } & SystemProps<Theme> & Omit<...>): Element', gave the following error.
    Property 'component' is missing in type '{ children: Element; item: true; xs: number; sm: number; md: number; }' but required in type '{ component: ElementType<any, keyof IntrinsicElements>; }'.
  Overload 2 of 2, '(props: DefaultComponentProps<GridTypeMap<{}, "div">>): Element', gave the following error.
    Type '{ children: Element; item: true; xs: number; sm: number; md: number; }' is not assignable to type 'IntrinsicAttributes & GridBaseProps & { sx?: SxProps<Theme>; } & SystemProps<Theme> & Omit<Omit<DetailedHTMLProps<HTMLAttributes<HTMLDivElement>, HTMLDivElement>, "ref"> & { ...; }, "sx" | ... 1 more ... | keyof GridBaseProps>'.
      Property 'item' does not exist on type 'IntrinsicAttributes & GridBaseProps & { sx?: SxProps<Theme>; } & SystemProps<Theme> & Omit<Omit<DetailedHTMLProps<HTMLAttributes<HTMLDivElement>, HTMLDivElement>, "ref"> & { ...; }, "sx" | ... 1 more ... | keyof GridBaseProps>'.
src/components/features/betting/BettingHistory.tsx(252,14): error TS2769: No overload matches this call.
  Overload 1 of 2, '(props: { component: ElementType<any, keyof IntrinsicElements>; } & GridBaseProps & { sx?: SxProps<Theme>; } & SystemProps<Theme> & Omit<...>): Element', gave the following error.
    Property 'component' is missing in type '{ children: Element; item: true; xs: number; sm: number; md: number; }' but required in type '{ component: ElementType<any, keyof IntrinsicElements>; }'.
  Overload 2 of 2, '(props: DefaultComponentProps<GridTypeMap<{}, "div">>): Element', gave the following error.
    Type '{ children: Element; item: true; xs: number; sm: number; md: number; }' is not assignable to type 'IntrinsicAttributes & GridBaseProps & { sx?: SxProps<Theme>; } & SystemProps<Theme> & Omit<Omit<DetailedHTMLProps<HTMLAttributes<HTMLDivElement>, HTMLDivElement>, "ref"> & { ...; }, "sx" | ... 1 more ... | keyof GridBaseProps>'.
      Property 'item' does not exist on type 'IntrinsicAttributes & GridBaseProps & { sx?: SxProps<Theme>; } & SystemProps<Theme> & Omit<Omit<DetailedHTMLProps<HTMLAttributes<HTMLDivElement>, HTMLDivElement>, "ref"> & { ...; }, "sx" | ... 1 more ... | keyof GridBaseProps>'.
src/components/features/betting/BettingHistory.tsx(262,14): error TS2769: No overload matches this call.
  Overload 1 of 2, '(props: { component: ElementType<any, keyof IntrinsicElements>; } & GridBaseProps & { sx?: SxProps<Theme>; } & SystemProps<Theme> & Omit<...>): Element', gave the following error.
    Property 'component' is missing in type '{ children: Element; item: true; xs: number; sm: number; md: number; }' but required in type '{ component: ElementType<any, keyof IntrinsicElements>; }'.
  Overload 2 of 2, '(props: DefaultComponentProps<GridTypeMap<{}, "div">>): Element', gave the following error.
    Type '{ children: Element; item: true; xs: number; sm: number; md: number; }' is not assignable to type 'IntrinsicAttributes & GridBaseProps & { sx?: SxProps<Theme>; } & SystemProps<Theme> & Omit<Omit<DetailedHTMLProps<HTMLAttributes<HTMLDivElement>, HTMLDivElement>, "ref"> & { ...; }, "sx" | ... 1 more ... | keyof GridBaseProps>'.
      Property 'item' does not exist on type 'IntrinsicAttributes & GridBaseProps & { sx?: SxProps<Theme>; } & SystemProps<Theme> & Omit<Omit<DetailedHTMLProps<HTMLAttributes<HTMLDivElement>, HTMLDivElement>, "ref"> & { ...; }, "sx" | ... 1 more ... | keyof GridBaseProps>'.
src/components/features/betting/BettingOpportunities.tsx(14,10): error TS2305: Module '"@/types"' has no exported member 'BetRecommendation'.
src/components/features/betting/BettingOpportunity.tsx(70,7): error TS2362: The left-hand side of an arithmetic operation must be of type 'any', 'number', 'bigint' or an enum type.
src/components/features/betting/BettingOpportunity.tsx(82,7): error TS2554: Expected 2-3 arguments, but got 4.
src/components/features/betting/BettingOpportunity.tsx(105,12): error TS2769: No overload matches this call.
  Overload 1 of 2, '(props: { component: ElementType<any, keyof IntrinsicElements>; } & GridBaseProps & { sx?: SxProps<Theme>; } & SystemProps<Theme> & Omit<...>): Element', gave the following error.
    Property 'component' is missing in type '{ children: Element[]; item: true; xs: number; }' but required in type '{ component: ElementType<any, keyof IntrinsicElements>; }'.
  Overload 2 of 2, '(props: DefaultComponentProps<GridTypeMap<{}, "div">>): Element', gave the following error.
    Type '{ children: Element[]; item: true; xs: number; }' is not assignable to type 'IntrinsicAttributes & GridBaseProps & { sx?: SxProps<Theme>; } & SystemProps<Theme> & Omit<Omit<DetailedHTMLProps<HTMLAttributes<HTMLDivElement>, HTMLDivElement>, "ref"> & { ...; }, "sx" | ... 1 more ... | keyof GridBaseProps>'.
      Property 'item' does not exist on type 'IntrinsicAttributes & GridBaseProps & { sx?: SxProps<Theme>; } & SystemProps<Theme> & Omit<Omit<DetailedHTMLProps<HTMLAttributes<HTMLDivElement>, HTMLDivElement>, "ref"> & { ...; }, "sx" | ... 1 more ... | keyof GridBaseProps>'.
src/components/features/betting/BettingOpportunity.tsx(120,12): error TS2769: No overload matches this call.
  Overload 1 of 2, '(props: { component: ElementType<any, keyof IntrinsicElements>; } & GridBaseProps & { sx?: SxProps<Theme>; } & SystemProps<Theme> & Omit<...>): Element', gave the following error.
    Property 'component' is missing in type '{ children: Element[]; item: true; xs: number; }' but required in type '{ component: ElementType<any, keyof IntrinsicElements>; }'.
  Overload 2 of 2, '(props: DefaultComponentProps<GridTypeMap<{}, "div">>): Element', gave the following error.
    Type '{ children: Element[]; item: true; xs: number; }' is not assignable to type 'IntrinsicAttributes & GridBaseProps & { sx?: SxProps<Theme>; } & SystemProps<Theme> & Omit<Omit<DetailedHTMLProps<HTMLAttributes<HTMLDivElement>, HTMLDivElement>, "ref"> & { ...; }, "sx" | ... 1 more ... | keyof GridBaseProps>'.
      Property 'item' does not exist on type 'IntrinsicAttributes & GridBaseProps & { sx?: SxProps<Theme>; } & SystemProps<Theme> & Omit<Omit<DetailedHTMLProps<HTMLAttributes<HTMLDivElement>, HTMLDivElement>, "ref"> & { ...; }, "sx" | ... 1 more ... | keyof GridBaseProps>'.
src/components/features/betting/BettingOpportunity.tsx(130,12): error TS2769: No overload matches this call.
  Overload 1 of 2, '(props: { component: ElementType<any, keyof IntrinsicElements>; } & GridBaseProps & { sx?: SxProps<Theme>; } & SystemProps<Theme> & Omit<...>): Element', gave the following error.
    Property 'component' is missing in type '{ children: Element[]; item: true; xs: number; }' but required in type '{ component: ElementType<any, keyof IntrinsicElements>; }'.
  Overload 2 of 2, '(props: DefaultComponentProps<GridTypeMap<{}, "div">>): Element', gave the following error.
    Type '{ children: Element[]; item: true; xs: number; }' is not assignable to type 'IntrinsicAttributes & GridBaseProps & { sx?: SxProps<Theme>; } & SystemProps<Theme> & Omit<Omit<DetailedHTMLProps<HTMLAttributes<HTMLDivElement>, HTMLDivElement>, "ref"> & { ...; }, "sx" | ... 1 more ... | keyof GridBaseProps>'.
      Property 'item' does not exist on type 'IntrinsicAttributes & GridBaseProps & { sx?: SxProps<Theme>; } & SystemProps<Theme> & Omit<Omit<DetailedHTMLProps<HTMLAttributes<HTMLDivElement>, HTMLDivElement>, "ref"> & { ...; }, "sx" | ... 1 more ... | keyof GridBaseProps>'.
src/components/features/betting/BettingOpportunity.tsx(138,12): error TS2769: No overload matches this call.
  Overload 1 of 2, '(props: { component: ElementType<any, keyof IntrinsicElements>; } & GridBaseProps & { sx?: SxProps<Theme>; } & SystemProps<Theme> & Omit<...>): Element', gave the following error.
    Property 'component' is missing in type '{ children: Element[]; item: true; xs: number; }' but required in type '{ component: ElementType<any, keyof IntrinsicElements>; }'.
  Overload 2 of 2, '(props: DefaultComponentProps<GridTypeMap<{}, "div">>): Element', gave the following error.
    Type '{ children: Element[]; item: true; xs: number; }' is not assignable to type 'IntrinsicAttributes & GridBaseProps & { sx?: SxProps<Theme>; } & SystemProps<Theme> & Omit<Omit<DetailedHTMLProps<HTMLAttributes<HTMLDivElement>, HTMLDivElement>, "ref"> & { ...; }, "sx" | ... 1 more ... | keyof GridBaseProps>'.
      Property 'item' does not exist on type 'IntrinsicAttributes & GridBaseProps & { sx?: SxProps<Theme>; } & SystemProps<Theme> & Omit<Omit<DetailedHTMLProps<HTMLAttributes<HTMLDivElement>, HTMLDivElement>, "ref"> & { ...; }, "sx" | ... 1 more ... | keyof GridBaseProps>'.
src/components/features/betting/BettingOpportunity.tsx(148,12): error TS2769: No overload matches this call.
  Overload 1 of 2, '(props: { component: ElementType<any, keyof IntrinsicElements>; } & GridBaseProps & { sx?: SxProps<Theme>; } & SystemProps<Theme> & Omit<...>): Element', gave the following error.
    Property 'component' is missing in type '{ children: Element[]; item: true; xs: number; }' but required in type '{ component: ElementType<any, keyof IntrinsicElements>; }'.
  Overload 2 of 2, '(props: DefaultComponentProps<GridTypeMap<{}, "div">>): Element', gave the following error.
    Type '{ children: Element[]; item: true; xs: number; }' is not assignable to type 'IntrinsicAttributes & GridBaseProps & { sx?: SxProps<Theme>; } & SystemProps<Theme> & Omit<Omit<DetailedHTMLProps<HTMLAttributes<HTMLDivElement>, HTMLDivElement>, "ref"> & { ...; }, "sx" | ... 1 more ... | keyof GridBaseProps>'.
      Property 'item' does not exist on type 'IntrinsicAttributes & GridBaseProps & { sx?: SxProps<Theme>; } & SystemProps<Theme> & Omit<Omit<DetailedHTMLProps<HTMLAttributes<HTMLDivElement>, HTMLDivElement>, "ref"> & { ...; }, "sx" | ... 1 more ... | keyof GridBaseProps>'.
src/components/features/betting/BettingOpportunity.tsx(177,14): error TS2769: No overload matches this call.
  Overload 1 of 2, '(props: { component: ElementType<any, keyof IntrinsicElements>; } & GridBaseProps & { sx?: SxProps<Theme>; } & SystemProps<Theme> & Omit<...>): Element', gave the following error.
    Property 'component' is missing in type '{ children: Element[]; item: true; xs: number; }' but required in type '{ component: ElementType<any, keyof IntrinsicElements>; }'.
  Overload 2 of 2, '(props: DefaultComponentProps<GridTypeMap<{}, "div">>): Element', gave the following error.
    Type '{ children: Element[]; item: true; xs: number; }' is not assignable to type 'IntrinsicAttributes & GridBaseProps & { sx?: SxProps<Theme>; } & SystemProps<Theme> & Omit<Omit<DetailedHTMLProps<HTMLAttributes<HTMLDivElement>, HTMLDivElement>, "ref"> & { ...; }, "sx" | ... 1 more ... | keyof GridBaseProps>'.
      Property 'item' does not exist on type 'IntrinsicAttributes & GridBaseProps & { sx?: SxProps<Theme>; } & SystemProps<Theme> & Omit<Omit<DetailedHTMLProps<HTMLAttributes<HTMLDivElement>, HTMLDivElement>, "ref"> & { ...; }, "sx" | ... 1 more ... | keyof GridBaseProps>'.
src/components/features/betting/BettingOpportunity.tsx(199,14): error TS2769: No overload matches this call.
  Overload 1 of 2, '(props: { component: ElementType<any, keyof IntrinsicElements>; } & GridBaseProps & { sx?: SxProps<Theme>; } & SystemProps<Theme> & Omit<...>): Element', gave the following error.
    Property 'component' is missing in type '{ children: Element[]; item: true; xs: number; }' but required in type '{ component: ElementType<any, keyof IntrinsicElements>; }'.
  Overload 2 of 2, '(props: DefaultComponentProps<GridTypeMap<{}, "div">>): Element', gave the following error.
    Type '{ children: Element[]; item: true; xs: number; }' is not assignable to type 'IntrinsicAttributes & GridBaseProps & { sx?: SxProps<Theme>; } & SystemProps<Theme> & Omit<Omit<DetailedHTMLProps<HTMLAttributes<HTMLDivElement>, HTMLDivElement>, "ref"> & { ...; }, "sx" | ... 1 more ... | keyof GridBaseProps>'.
      Property 'item' does not exist on type 'IntrinsicAttributes & GridBaseProps & { sx?: SxProps<Theme>; } & SystemProps<Theme> & Omit<Omit<DetailedHTMLProps<HTMLAttributes<HTMLDivElement>, HTMLDivElement>, "ref"> & { ...; }, "sx" | ... 1 more ... | keyof GridBaseProps>'.
src/components/features/betting/BettingOpportunity.tsx(204,18): error TS2769: No overload matches this call.
  Overload 1 of 2, '(props: { component: ElementType<any, keyof IntrinsicElements>; } & GridBaseProps & { sx?: SxProps<Theme>; } & SystemProps<Theme> & Omit<...>): Element', gave the following error.
    Property 'component' is missing in type '{ children: Element[]; item: true; xs: number; }' but required in type '{ component: ElementType<any, keyof IntrinsicElements>; }'.
  Overload 2 of 2, '(props: DefaultComponentProps<GridTypeMap<{}, "div">>): Element', gave the following error.
    Type '{ children: Element[]; item: true; xs: number; }' is not assignable to type 'IntrinsicAttributes & GridBaseProps & { sx?: SxProps<Theme>; } & SystemProps<Theme> & Omit<Omit<DetailedHTMLProps<HTMLAttributes<HTMLDivElement>, HTMLDivElement>, "ref"> & { ...; }, "sx" | ... 1 more ... | keyof GridBaseProps>'.
      Property 'item' does not exist on type 'IntrinsicAttributes & GridBaseProps & { sx?: SxProps<Theme>; } & SystemProps<Theme> & Omit<Omit<DetailedHTMLProps<HTMLAttributes<HTMLDivElement>, HTMLDivElement>, "ref"> & { ...; }, "sx" | ... 1 more ... | keyof GridBaseProps>'.
src/components/features/betting/BettingOpportunity.tsx(214,18): error TS2769: No overload matches this call.
  Overload 1 of 2, '(props: { component: ElementType<any, keyof IntrinsicElements>; } & GridBaseProps & { sx?: SxProps<Theme>; } & SystemProps<Theme> & Omit<...>): Element', gave the following error.
    Property 'component' is missing in type '{ children: Element[]; item: true; xs: number; }' but required in type '{ component: ElementType<any, keyof IntrinsicElements>; }'.
  Overload 2 of 2, '(props: DefaultComponentProps<GridTypeMap<{}, "div">>): Element', gave the following error.
    Type '{ children: Element[]; item: true; xs: number; }' is not assignable to type 'IntrinsicAttributes & GridBaseProps & { sx?: SxProps<Theme>; } & SystemProps<Theme> & Omit<Omit<DetailedHTMLProps<HTMLAttributes<HTMLDivElement>, HTMLDivElement>, "ref"> & { ...; }, "sx" | ... 1 more ... | keyof GridBaseProps>'.
      Property 'item' does not exist on type 'IntrinsicAttributes & GridBaseProps & { sx?: SxProps<Theme>; } & SystemProps<Theme> & Omit<Omit<DetailedHTMLProps<HTMLAttributes<HTMLDivElement>, HTMLDivElement>, "ref"> & { ...; }, "sx" | ... 1 more ... | keyof GridBaseProps>'.
src/components/features/betting/BettingOpportunity.tsx(230,14): error TS2769: No overload matches this call.
  Overload 1 of 2, '(props: { component: ElementType<any, keyof IntrinsicElements>; } & GridBaseProps & { sx?: SxProps<Theme>; } & SystemProps<Theme> & Omit<...>): Element', gave the following error.
    Property 'component' is missing in type '{ children: Element[]; item: true; xs: number; }' but required in type '{ component: ElementType<any, keyof IntrinsicElements>; }'.
  Overload 2 of 2, '(props: DefaultComponentProps<GridTypeMap<{}, "div">>): Element', gave the following error.
    Type '{ children: Element[]; item: true; xs: number; }' is not assignable to type 'IntrinsicAttributes & GridBaseProps & { sx?: SxProps<Theme>; } & SystemProps<Theme> & Omit<Omit<DetailedHTMLProps<HTMLAttributes<HTMLDivElement>, HTMLDivElement>, "ref"> & { ...; }, "sx" | ... 1 more ... | keyof GridBaseProps>'.
      Property 'item' does not exist on type 'IntrinsicAttributes & GridBaseProps & { sx?: SxProps<Theme>; } & SystemProps<Theme> & Omit<Omit<DetailedHTMLProps<HTMLAttributes<HTMLDivElement>, HTMLDivElement>, "ref"> & { ...; }, "sx" | ... 1 more ... | keyof GridBaseProps>'.
src/components/features/betting/BettingOpportunity.tsx(244,12): error TS2769: No overload matches this call.
  Overload 1 of 2, '(props: { component: ElementType<any, keyof IntrinsicElements>; } & GridBaseProps & { sx?: SxProps<Theme>; } & SystemProps<Theme> & Omit<...>): Element', gave the following error.
    Property 'component' is missing in type '{ children: Element; item: true; xs: number; }' but required in type '{ component: ElementType<any, keyof IntrinsicElements>; }'.
  Overload 2 of 2, '(props: DefaultComponentProps<GridTypeMap<{}, "div">>): Element', gave the following error.
    Type '{ children: Element; item: true; xs: number; }' is not assignable to type 'IntrinsicAttributes & GridBaseProps & { sx?: SxProps<Theme>; } & SystemProps<Theme> & Omit<Omit<DetailedHTMLProps<HTMLAttributes<HTMLDivElement>, HTMLDivElement>, "ref"> & { ...; }, "sx" | ... 1 more ... | keyof GridBaseProps>'.
      Property 'item' does not exist on type 'IntrinsicAttributes & GridBaseProps & { sx?: SxProps<Theme>; } & SystemProps<Theme> & Omit<Omit<DetailedHTMLProps<HTMLAttributes<HTMLDivElement>, HTMLDivElement>, "ref"> & { ...; }, "sx" | ... 1 more ... | keyof GridBaseProps>'.
src/components/features/betting/BettingRecommendations.tsx(33,10): error TS2305: Module '"@/services/riskManagement"' has no exported member 'riskManagement'.
src/components/features/betting/BettingRecommendations.tsx(76,26): error TS2345: Argument of type '(prev: Recommendation[]) => (Recommendation[] | Recommendation)[]' is not assignable to parameter of type 'SetStateAction<Recommendation[]>'.
  Type '(prev: Recommendation[]) => (Recommendation[] | Recommendation)[]' is not assignable to type '(prevState: Recommendation[]) => Recommendation[]'.
    Type '(Recommendation[] | Recommendation)[]' is not assignable to type 'Recommendation[]'.
      Type 'Recommendation[] | Recommendation' is not assignable to type 'Recommendation'.
        Type 'Recommendation[]' is missing the following properties from type 'Recommendation': id, sport, event, betType, and 7 more.
src/components/features/betting/BettingRecommendations.tsx(142,16): error TS2769: No overload matches this call.
  Overload 1 of 2, '(props: { component: ElementType<any, keyof IntrinsicElements>; } & GridBaseProps & { sx?: SxProps<Theme>; } & SystemProps<Theme> & Omit<...>): Element', gave the following error.
    Property 'component' is missing in type '{ children: Element; item: true; xs: number; key: string; }' but required in type '{ component: ElementType<any, keyof IntrinsicElements>; }'.
  Overload 2 of 2, '(props: DefaultComponentProps<GridTypeMap<{}, "div">>): Element', gave the following error.
    Type '{ children: Element; item: true; xs: number; key: string; }' is not assignable to type 'IntrinsicAttributes & GridBaseProps & { sx?: SxProps<Theme>; } & SystemProps<Theme> & Omit<Omit<DetailedHTMLProps<HTMLAttributes<HTMLDivElement>, HTMLDivElement>, "ref"> & { ...; }, "sx" | ... 1 more ... | keyof GridBaseProps>'.
      Property 'item' does not exist on type 'IntrinsicAttributes & GridBaseProps & { sx?: SxProps<Theme>; } & SystemProps<Theme> & Omit<Omit<DetailedHTMLProps<HTMLAttributes<HTMLDivElement>, HTMLDivElement>, "ref"> & { ...; }, "sx" | ... 1 more ... | keyof GridBaseProps>'.
src/components/features/betting/BettingStats.tsx(11,44): error TS2305: Module '"@/utils/formatters"' has no exported member 'formatTimeAgo'.
src/components/features/betting/BettingStats.tsx(12,15): error TS2724: '"@/types/betting"' has no exported member named 'BettingStats'. Did you mean 'BettingState'?
src/components/features/betting/BettingStats.tsx(105,31): error TS2339: Property 'model_name' does not exist on type 'ModelPerformance'.
src/components/features/betting/BettingStats.tsx(107,54): error TS2339: Property 'model_name' does not exist on type 'ModelPerformance'.
src/components/features/betting/BettingStats.tsx(109,34): error TS2339: Property 'roi' does not exist on type 'ModelPerformance'.
src/components/features/betting/BettingStats.tsx(112,45): error TS2339: Property 'roi' does not exist on type 'ModelPerformance'.
src/components/features/betting/BettingStats.tsx(116,32): error TS2339: Property 'roi' does not exist on type 'ModelPerformance'.
src/components/features/betting/BettingStats.tsx(118,41): error TS2339: Property 'roi' does not exist on type 'ModelPerformance'.
src/components/features/betting/BettingStats.tsx(123,28): error TS2339: Property 'wins' does not exist on type 'ModelPerformance'.
src/components/features/betting/BettingStats.tsx(123,44): error TS2339: Property 'losses' does not exist on type 'ModelPerformance'.
src/components/features/betting/BettingStats.tsx(126,59): error TS2339: Property 'last_updated' does not exist on type 'ModelPerformance'.
src/components/features/betting/PropCard.tsx(2,10): error TS2305: Module '"@/types"' has no exported member 'PrizePicksProps'.
src/components/features/betting/PropCard.tsx(2,27): error TS2305: Module '"@/types"' has no exported member 'SocialSentimentData'.
src/components/features/betting/PropCards.tsx(2,10): error TS2305: Module '"@/types"' has no exported member 'ParlayLeg'.
src/components/features/betting/PropCards.tsx(2,21): error TS2305: Module '"@/types"' has no exported member 'PrizePicksProps'.
src/components/features/betting/PropCards.tsx(2,38): error TS2305: Module '"@/types"' has no exported member 'SocialSentimentData'.
src/components/features/betting/PropCards.tsx(6,10): error TS2305: Module '"../../modern/Modals"' has no exported member 'Modal'.
src/components/features/betting/PropCards.tsx(125,14): error TS2739: Type '{ key: any; prop: PrizePicksProps; sentiment: any; onViewDetails: (propId: string) => void; className: string; }' is missing the following properties from type 'PropCardProps': team, position, statType, line
src/components/features/dashboard/Dashboard.tsx(6,23): error TS2307: Cannot find module '../analytics/UserStats' or its corresponding type declarations.
src/components/features/predictions/PatternRecognition.tsx(18,28): error TS2305: Module '"@/utils/formatters"' has no exported member 'formatTimeAgo'.
src/components/features/predictions/PredictionDisplay.tsx(2,32): error TS2307: Cannot find module '../services/predictionService' or its corresponding type declarations.
src/components/features/predictions/PredictionDisplay.tsx(3,27): error TS2307: Cannot find module '../config/constants' or its corresponding type declarations.
src/components/features/predictions/PredictionDisplay.tsx(4,31): error TS2307: Cannot find module '../hooks/usePrediction' or its corresponding type declarations.
src/components/features/predictions/PredictionEnhancement.tsx(27,38): error TS2307: Cannot find module '../types/prediction' or its corresponding type declarations.
src/components/features/predictions/RealtimePredictionDisplay.tsx(58,11): error TS2339: Property 'currentProfile' does not exist on type '{ activeProfile: RiskProfile; profiles: RiskProfile[]; isLoading: boolean; error: Error; updateProfile: (profile: RiskProfile) => Promise<boolean>; setActiveProfile: (profileId: string) => Promise<...>; }'.
src/components/features/predictions/RealtimePredictionDisplay.tsx(70,11): error TS2353: Object literal may only specify known properties, and 'riskProfile' does not exist in type 'RiskProfile'.
src/components/features/predictions/RealtimePredictionDisplay.tsx(71,30): error TS2339: Property 'sport' does not exist on type 'FilterState & { savePreset: (name: string) => void; loadPreset: (name: string) => void; removePreset: (name: string) => void; listPresets: () => FilterPreset[]; }'.
src/components/features/predictions/RealtimePredictionDisplay.tsx(72,32): error TS2339: Property 'minOdds' does not exist on type 'FilterState & { savePreset: (name: string) => void; loadPreset: (name: string) => void; removePreset: (name: string) => void; listPresets: () => FilterPreset[]; }'.
src/components/features/predictions/RealtimePredictionDisplay.tsx(73,32): error TS2339: Property 'maxOdds' does not exist on type 'FilterState & { savePreset: (name: string) => void; loadPreset: (name: string) => void; removePreset: (name: string) => void; listPresets: () => FilterPreset[]; }'.
src/components/features/predictions/RealtimePredictionDisplay.tsx(74,38): error TS2339: Property 'minConfidence' does not exist on type 'FilterState & { savePreset: (name: string) => void; loadPreset: (name: string) => void; removePreset: (name: string) => void; listPresets: () => FilterPreset[]; }'.
src/components/features/predictions/RealtimePredictionDisplay.tsx(75,38): error TS2339: Property 'maxConfidence' does not exist on type 'FilterState & { savePreset: (name: string) => void; loadPreset: (name: string) => void; removePreset: (name: string) => void; listPresets: () => FilterPreset[]; }'.
src/components/features/predictions/RealtimePredictionDisplay.tsx(76,40): error TS2339: Property 'projectedReturn' does not exist on type 'FilterState & { savePreset: (name: string) => void; loadPreset: (name: string) => void; removePreset: (name: string) => void; listPresets: () => FilterPreset[]; }'.
src/components/features/predictions/RealtimePredictionDisplay.tsx(84,28): error TS2339: Property 'recordOperation' does not exist on type 'PerformanceMonitor'.
src/components/features/predictions/RealtimePredictionDisplay.tsx(88,25): error TS2345: Argument of type '"prediction:fetched"' is not assignable to parameter of type 'keyof EventMap'.
src/components/features/predictions/RealtimePredictionDisplay.tsx(96,70): error TS2554: Expected 2 arguments, but got 4.
src/components/features/predictions/RealtimePredictionDisplay.tsx(97,21): error TS2693: 'ErrorCategory' only refers to a type, but is being used as a value here.
src/components/features/predictions/RealtimePredictionDisplay.tsx(98,21): error TS2693: 'ErrorSeverity' only refers to a type, but is being used as a value here.
src/components/features/predictions/RealtimePredictionDisplay.tsx(109,34): error TS2339: Property 'subscribe' does not exist on type 'EventBus'.
src/components/features/predictions/RealtimePredictionDisplay.tsx(166,52): error TS2339: Property 'getCurrentVersion' does not exist on type 'ModelVersioning'.
src/components/features/predictions/RealtimePredictionDisplay.tsx(178,50): error TS2339: Property 'explanation' does not exist on type 'Prediction'.
src/components/features/predictions/RealtimePredictionDisplay.tsx(187,31): error TS2339: Property 'stake' does not exist on type 'Prediction'.
src/components/features/predictions/RealtimePredictionDisplay.tsx(200,26): error TS2339: Property 'volatility' does not exist on type 'Prediction'.
src/components/features/predictions/RealtimePredictionDisplay.tsx(202,47): error TS2339: Property 'volatility' does not exist on type 'Prediction'.
src/components/features/predictions/RealtimePredictionDisplay.tsx(215,43): error TS2551: Property 'min_confidence_threshold' does not exist on type 'RiskProfile'. Did you mean 'minConfidenceThreshold'?
src/components/features/predictions/RealtimePredictionDisplay.tsx(218,59): error TS2551: Property 'min_confidence_threshold' does not exist on type 'RiskProfile'. Did you mean 'minConfidenceThreshold'?
src/components/features/predictions/RealtimePredictionDisplay.tsx(222,18): error TS2339: Property 'volatility' does not exist on type 'Prediction'.
src/components/features/predictions/RealtimePredictionDisplay.tsx(222,43): error TS2339: Property 'volatility_tolerance' does not exist on type 'RiskProfile'.
src/components/features/predictions/RealtimePredictionDisplay.tsx(225,61): error TS2339: Property 'volatility_tolerance' does not exist on type 'RiskProfile'.
src/components/features/predictions/RealtimePredictionDisplay.tsx(229,18): error TS2339: Property 'riskScore' does not exist on type 'Prediction'.
src/components/features/predictions/RealtimePredictionDisplay.tsx(229,42): error TS2551: Property 'max_risk_score' does not exist on type 'RiskProfile'. Did you mean 'maxRiskScore'?
src/components/features/predictions/RealtimePredictionDisplay.tsx(232,59): error TS2551: Property 'max_risk_score' does not exist on type 'RiskProfile'. Did you mean 'maxRiskScore'?
src/components/features/settings/Settings.tsx(3,42): error TS2307: Cannot find module '../../core/UnifiedConfig' or its corresponding type declarations.
src/components/features/settings/Settings.tsx(4,31): error TS2307: Cannot find module '../../services/configService' or its corresponding type declarations.
src/components/features/settings/Settings.tsx(6,26): error TS2307: Cannot find module '../../providers/ThemeProvider' or its corresponding type declarations.
src/components/features/tracking/EntryTracking.tsx(2,28): error TS2307: Cannot find module '../base/SkeletonLoader' or its corresponding type declarations.
src/components/features/tracking/EntryTracking.tsx(3,30): error TS2307: Cannot find module '../../services/webSocketService' or its corresponding type declarations.
src/components/features/tracking/EntryTracking.tsx(5,10): error TS2305: Module '"@/types"' has no exported member 'PrizePicksEntry'.
src/components/features/user/BankrollMetrics.tsx(22,10): error TS2305: Module '"@/services/riskManagement"' has no exported member 'riskManagement'.
src/components/features/user/BankrollMetrics.tsx(67,12): error TS2769: No overload matches this call.
  Overload 1 of 2, '(props: { component: ElementType<any, keyof IntrinsicElements>; } & GridBaseProps & { sx?: SxProps<Theme>; } & SystemProps<Theme> & Omit<...>): Element', gave the following error.
    Property 'component' is missing in type '{ children: Element; item: true; xs: number; }' but required in type '{ component: ElementType<any, keyof IntrinsicElements>; }'.
  Overload 2 of 2, '(props: DefaultComponentProps<GridTypeMap<{}, "div">>): Element', gave the following error.
    Type '{ children: Element; item: true; xs: number; }' is not assignable to type 'IntrinsicAttributes & GridBaseProps & { sx?: SxProps<Theme>; } & SystemProps<Theme> & Omit<Omit<DetailedHTMLProps<HTMLAttributes<HTMLDivElement>, HTMLDivElement>, "ref"> & { ...; }, "sx" | ... 1 more ... | keyof GridBaseProps>'.
      Property 'item' does not exist on type 'IntrinsicAttributes & GridBaseProps & { sx?: SxProps<Theme>; } & SystemProps<Theme> & Omit<Omit<DetailedHTMLProps<HTMLAttributes<HTMLDivElement>, HTMLDivElement>, "ref"> & { ...; }, "sx" | ... 1 more ... | keyof GridBaseProps>'.
src/components/features/user/BankrollMetrics.tsx(77,12): error TS2769: No overload matches this call.
  Overload 1 of 2, '(props: { component: ElementType<any, keyof IntrinsicElements>; } & GridBaseProps & { sx?: SxProps<Theme>; } & SystemProps<Theme> & Omit<...>): Element', gave the following error.
    Property 'component' is missing in type '{ children: Element; item: true; xs: number; md: number; }' but required in type '{ component: ElementType<any, keyof IntrinsicElements>; }'.
  Overload 2 of 2, '(props: DefaultComponentProps<GridTypeMap<{}, "div">>): Element', gave the following error.
    Type '{ children: Element; item: true; xs: number; md: number; }' is not assignable to type 'IntrinsicAttributes & GridBaseProps & { sx?: SxProps<Theme>; } & SystemProps<Theme> & Omit<Omit<DetailedHTMLProps<HTMLAttributes<HTMLDivElement>, HTMLDivElement>, "ref"> & { ...; }, "sx" | ... 1 more ... | keyof GridBaseProps>'.
      Property 'item' does not exist on type 'IntrinsicAttributes & GridBaseProps & { sx?: SxProps<Theme>; } & SystemProps<Theme> & Omit<Omit<DetailedHTMLProps<HTMLAttributes<HTMLDivElement>, HTMLDivElement>, "ref"> & { ...; }, "sx" | ... 1 more ... | keyof GridBaseProps>'.
src/components/features/user/BankrollMetrics.tsx(105,12): error TS2769: No overload matches this call.
  Overload 1 of 2, '(props: { component: ElementType<any, keyof IntrinsicElements>; } & GridBaseProps & { sx?: SxProps<Theme>; } & SystemProps<Theme> & Omit<...>): Element', gave the following error.
    Property 'component' is missing in type '{ children: Element; item: true; xs: number; md: number; }' but required in type '{ component: ElementType<any, keyof IntrinsicElements>; }'.
  Overload 2 of 2, '(props: DefaultComponentProps<GridTypeMap<{}, "div">>): Element', gave the following error.
    Type '{ children: Element; item: true; xs: number; md: number; }' is not assignable to type 'IntrinsicAttributes & GridBaseProps & { sx?: SxProps<Theme>; } & SystemProps<Theme> & Omit<Omit<DetailedHTMLProps<HTMLAttributes<HTMLDivElement>, HTMLDivElement>, "ref"> & { ...; }, "sx" | ... 1 more ... | keyof GridBaseProps>'.
      Property 'item' does not exist on type 'IntrinsicAttributes & GridBaseProps & { sx?: SxProps<Theme>; } & SystemProps<Theme> & Omit<Omit<DetailedHTMLProps<HTMLAttributes<HTMLDivElement>, HTMLDivElement>, "ref"> & { ...; }, "sx" | ... 1 more ... | keyof GridBaseProps>'.
src/components/features/user/BankrollMetrics.tsx(125,12): error TS2769: No overload matches this call.
  Overload 1 of 2, '(props: { component: ElementType<any, keyof IntrinsicElements>; } & GridBaseProps & { sx?: SxProps<Theme>; } & SystemProps<Theme> & Omit<...>): Element', gave the following error.
    Property 'component' is missing in type '{ children: Element; item: true; xs: number; md: number; }' but required in type '{ component: ElementType<any, keyof IntrinsicElements>; }'.
  Overload 2 of 2, '(props: DefaultComponentProps<GridTypeMap<{}, "div">>): Element', gave the following error.
    Type '{ children: Element; item: true; xs: number; md: number; }' is not assignable to type 'IntrinsicAttributes & GridBaseProps & { sx?: SxProps<Theme>; } & SystemProps<Theme> & Omit<Omit<DetailedHTMLProps<HTMLAttributes<HTMLDivElement>, HTMLDivElement>, "ref"> & { ...; }, "sx" | ... 1 more ... | keyof GridBaseProps>'.
      Property 'item' does not exist on type 'IntrinsicAttributes & GridBaseProps & { sx?: SxProps<Theme>; } & SystemProps<Theme> & Omit<Omit<DetailedHTMLProps<HTMLAttributes<HTMLDivElement>, HTMLDivElement>, "ref"> & { ...; }, "sx" | ... 1 more ... | keyof GridBaseProps>'.
src/components/features/user/BankrollMetrics.tsx(152,12): error TS2769: No overload matches this call.
  Overload 1 of 2, '(props: { component: ElementType<any, keyof IntrinsicElements>; } & GridBaseProps & { sx?: SxProps<Theme>; } & SystemProps<Theme> & Omit<...>): Element', gave the following error.
    Property 'component' is missing in type '{ children: Element; item: true; xs: number; md: number; }' but required in type '{ component: ElementType<any, keyof IntrinsicElements>; }'.
  Overload 2 of 2, '(props: DefaultComponentProps<GridTypeMap<{}, "div">>): Element', gave the following error.
    Type '{ children: Element; item: true; xs: number; md: number; }' is not assignable to type 'IntrinsicAttributes & GridBaseProps & { sx?: SxProps<Theme>; } & SystemProps<Theme> & Omit<Omit<DetailedHTMLProps<HTMLAttributes<HTMLDivElement>, HTMLDivElement>, "ref"> & { ...; }, "sx" | ... 1 more ... | keyof GridBaseProps>'.
      Property 'item' does not exist on type 'IntrinsicAttributes & GridBaseProps & { sx?: SxProps<Theme>; } & SystemProps<Theme> & Omit<Omit<DetailedHTMLProps<HTMLAttributes<HTMLDivElement>, HTMLDivElement>, "ref"> & { ...; }, "sx" | ... 1 more ... | keyof GridBaseProps>'.
src/components/features/user/BankrollMetrics.tsx(192,12): error TS2769: No overload matches this call.
  Overload 1 of 2, '(props: { component: ElementType<any, keyof IntrinsicElements>; } & GridBaseProps & { sx?: SxProps<Theme>; } & SystemProps<Theme> & Omit<...>): Element', gave the following error.
    Property 'component' is missing in type '{ children: Element; item: true; xs: number; }' but required in type '{ component: ElementType<any, keyof IntrinsicElements>; }'.
  Overload 2 of 2, '(props: DefaultComponentProps<GridTypeMap<{}, "div">>): Element', gave the following error.
    Type '{ children: Element; item: true; xs: number; }' is not assignable to type 'IntrinsicAttributes & GridBaseProps & { sx?: SxProps<Theme>; } & SystemProps<Theme> & Omit<Omit<DetailedHTMLProps<HTMLAttributes<HTMLDivElement>, HTMLDivElement>, "ref"> & { ...; }, "sx" | ... 1 more ... | keyof GridBaseProps>'.
      Property 'item' does not exist on type 'IntrinsicAttributes & GridBaseProps & { sx?: SxProps<Theme>; } & SystemProps<Theme> & Omit<Omit<DetailedHTMLProps<HTMLAttributes<HTMLDivElement>, HTMLDivElement>, "ref"> & { ...; }, "sx" | ... 1 more ... | keyof GridBaseProps>'.
src/components/features/user/BankrollMetrics.tsx(206,18): error TS2769: No overload matches this call.
  Overload 1 of 2, '(props: { component: ElementType<any, keyof IntrinsicElements>; } & GridBaseProps & { sx?: SxProps<Theme>; } & SystemProps<Theme> & Omit<...>): Element', gave the following error.
    Property 'component' is missing in type '{ children: Element[]; item: true; xs: number; sm: number; }' but required in type '{ component: ElementType<any, keyof IntrinsicElements>; }'.
  Overload 2 of 2, '(props: DefaultComponentProps<GridTypeMap<{}, "div">>): Element', gave the following error.
    Type '{ children: Element[]; item: true; xs: number; sm: number; }' is not assignable to type 'IntrinsicAttributes & GridBaseProps & { sx?: SxProps<Theme>; } & SystemProps<Theme> & Omit<Omit<DetailedHTMLProps<HTMLAttributes<HTMLDivElement>, HTMLDivElement>, "ref"> & { ...; }, "sx" | ... 1 more ... | keyof GridBaseProps>'.
      Property 'item' does not exist on type 'IntrinsicAttributes & GridBaseProps & { sx?: SxProps<Theme>; } & SystemProps<Theme> & Omit<Omit<DetailedHTMLProps<HTMLAttributes<HTMLDivElement>, HTMLDivElement>, "ref"> & { ...; }, "sx" | ... 1 more ... | keyof GridBaseProps>'.
src/components/features/user/BankrollMetrics.tsx(214,18): error TS2769: No overload matches this call.
  Overload 1 of 2, '(props: { component: ElementType<any, keyof IntrinsicElements>; } & GridBaseProps & { sx?: SxProps<Theme>; } & SystemProps<Theme> & Omit<...>): Element', gave the following error.
    Property 'component' is missing in type '{ children: Element[]; item: true; xs: number; sm: number; }' but required in type '{ component: ElementType<any, keyof IntrinsicElements>; }'.
  Overload 2 of 2, '(props: DefaultComponentProps<GridTypeMap<{}, "div">>): Element', gave the following error.
    Type '{ children: Element[]; item: true; xs: number; sm: number; }' is not assignable to type 'IntrinsicAttributes & GridBaseProps & { sx?: SxProps<Theme>; } & SystemProps<Theme> & Omit<Omit<DetailedHTMLProps<HTMLAttributes<HTMLDivElement>, HTMLDivElement>, "ref"> & { ...; }, "sx" | ... 1 more ... | keyof GridBaseProps>'.
      Property 'item' does not exist on type 'IntrinsicAttributes & GridBaseProps & { sx?: SxProps<Theme>; } & SystemProps<Theme> & Omit<Omit<DetailedHTMLProps<HTMLAttributes<HTMLDivElement>, HTMLDivElement>, "ref"> & { ...; }, "sx" | ... 1 more ... | keyof GridBaseProps>'.
src/components/features/user/BankrollMetrics.tsx(222,18): error TS2769: No overload matches this call.
  Overload 1 of 2, '(props: { component: ElementType<any, keyof IntrinsicElements>; } & GridBaseProps & { sx?: SxProps<Theme>; } & SystemProps<Theme> & Omit<...>): Element', gave the following error.
    Property 'component' is missing in type '{ children: Element[]; item: true; xs: number; sm: number; }' but required in type '{ component: ElementType<any, keyof IntrinsicElements>; }'.
  Overload 2 of 2, '(props: DefaultComponentProps<GridTypeMap<{}, "div">>): Element', gave the following error.
    Type '{ children: Element[]; item: true; xs: number; sm: number; }' is not assignable to type 'IntrinsicAttributes & GridBaseProps & { sx?: SxProps<Theme>; } & SystemProps<Theme> & Omit<Omit<DetailedHTMLProps<HTMLAttributes<HTMLDivElement>, HTMLDivElement>, "ref"> & { ...; }, "sx" | ... 1 more ... | keyof GridBaseProps>'.
      Property 'item' does not exist on type 'IntrinsicAttributes & GridBaseProps & { sx?: SxProps<Theme>; } & SystemProps<Theme> & Omit<Omit<DetailedHTMLProps<HTMLAttributes<HTMLDivElement>, HTMLDivElement>, "ref"> & { ...; }, "sx" | ... 1 more ... | keyof GridBaseProps>'.
src/components/features/user/BankrollMetrics.tsx(230,18): error TS2769: No overload matches this call.
  Overload 1 of 2, '(props: { component: ElementType<any, keyof IntrinsicElements>; } & GridBaseProps & { sx?: SxProps<Theme>; } & SystemProps<Theme> & Omit<...>): Element', gave the following error.
    Property 'component' is missing in type '{ children: Element[]; item: true; xs: number; sm: number; }' but required in type '{ component: ElementType<any, keyof IntrinsicElements>; }'.
  Overload 2 of 2, '(props: DefaultComponentProps<GridTypeMap<{}, "div">>): Element', gave the following error.
    Type '{ children: Element[]; item: true; xs: number; sm: number; }' is not assignable to type 'IntrinsicAttributes & GridBaseProps & { sx?: SxProps<Theme>; } & SystemProps<Theme> & Omit<Omit<DetailedHTMLProps<HTMLAttributes<HTMLDivElement>, HTMLDivElement>, "ref"> & { ...; }, "sx" | ... 1 more ... | keyof GridBaseProps>'.
      Property 'item' does not exist on type 'IntrinsicAttributes & GridBaseProps & { sx?: SxProps<Theme>; } & SystemProps<Theme> & Omit<Omit<DetailedHTMLProps<HTMLAttributes<HTMLDivElement>, HTMLDivElement>, "ref"> & { ...; }, "sx" | ... 1 more ... | keyof GridBaseProps>'.
src/components/features/user/BankrollStats.tsx(28,8): error TS2769: No overload matches this call.
  Overload 1 of 2, '(props: { component: ElementType<any, keyof IntrinsicElements>; } & GridBaseProps & { sx?: SxProps<Theme>; } & SystemProps<Theme> & Omit<...>): Element', gave the following error.
    Property 'component' is missing in type '{ children: Element; item: true; xs: number; md: number; }' but required in type '{ component: ElementType<any, keyof IntrinsicElements>; }'.
  Overload 2 of 2, '(props: DefaultComponentProps<GridTypeMap<{}, "div">>): Element', gave the following error.
    Type '{ children: Element; item: true; xs: number; md: number; }' is not assignable to type 'IntrinsicAttributes & GridBaseProps & { sx?: SxProps<Theme>; } & SystemProps<Theme> & Omit<Omit<DetailedHTMLProps<HTMLAttributes<HTMLDivElement>, HTMLDivElement>, "ref"> & { ...; }, "sx" | ... 1 more ... | keyof GridBaseProps>'.
      Property 'item' does not exist on type 'IntrinsicAttributes & GridBaseProps & { sx?: SxProps<Theme>; } & SystemProps<Theme> & Omit<Omit<DetailedHTMLProps<HTMLAttributes<HTMLDivElement>, HTMLDivElement>, "ref"> & { ...; }, "sx" | ... 1 more ... | keyof GridBaseProps>'.
src/components/features/user/BankrollStats.tsx(50,8): error TS2769: No overload matches this call.
  Overload 1 of 2, '(props: { component: ElementType<any, keyof IntrinsicElements>; } & GridBaseProps & { sx?: SxProps<Theme>; } & SystemProps<Theme> & Omit<...>): Element', gave the following error.
    Property 'component' is missing in type '{ children: Element; item: true; xs: number; md: number; }' but required in type '{ component: ElementType<any, keyof IntrinsicElements>; }'.
  Overload 2 of 2, '(props: DefaultComponentProps<GridTypeMap<{}, "div">>): Element', gave the following error.
    Type '{ children: Element; item: true; xs: number; md: number; }' is not assignable to type 'IntrinsicAttributes & GridBaseProps & { sx?: SxProps<Theme>; } & SystemProps<Theme> & Omit<Omit<DetailedHTMLProps<HTMLAttributes<HTMLDivElement>, HTMLDivElement>, "ref"> & { ...; }, "sx" | ... 1 more ... | keyof GridBaseProps>'.
      Property 'item' does not exist on type 'IntrinsicAttributes & GridBaseProps & { sx?: SxProps<Theme>; } & SystemProps<Theme> & Omit<Omit<DetailedHTMLProps<HTMLAttributes<HTMLDivElement>, HTMLDivElement>, "ref"> & { ...; }, "sx" | ... 1 more ... | keyof GridBaseProps>'.
src/components/features/user/BankrollStats.tsx(57,16): error TS2769: No overload matches this call.
  Overload 1 of 2, '(props: { component: ElementType<any, keyof IntrinsicElements>; } & GridBaseProps & { sx?: SxProps<Theme>; } & SystemProps<Theme> & Omit<...>): Element', gave the following error.
    Property 'component' is missing in type '{ children: Element[]; item: true; xs: number; }' but required in type '{ component: ElementType<any, keyof IntrinsicElements>; }'.
  Overload 2 of 2, '(props: DefaultComponentProps<GridTypeMap<{}, "div">>): Element', gave the following error.
    Type '{ children: Element[]; item: true; xs: number; }' is not assignable to type 'IntrinsicAttributes & GridBaseProps & { sx?: SxProps<Theme>; } & SystemProps<Theme> & Omit<Omit<DetailedHTMLProps<HTMLAttributes<HTMLDivElement>, HTMLDivElement>, "ref"> & { ...; }, "sx" | ... 1 more ... | keyof GridBaseProps>'.
      Property 'item' does not exist on type 'IntrinsicAttributes & GridBaseProps & { sx?: SxProps<Theme>; } & SystemProps<Theme> & Omit<Omit<DetailedHTMLProps<HTMLAttributes<HTMLDivElement>, HTMLDivElement>, "ref"> & { ...; }, "sx" | ... 1 more ... | keyof GridBaseProps>'.
src/components/features/user/BankrollStats.tsx(65,16): error TS2769: No overload matches this call.
  Overload 1 of 2, '(props: { component: ElementType<any, keyof IntrinsicElements>; } & GridBaseProps & { sx?: SxProps<Theme>; } & SystemProps<Theme> & Omit<...>): Element', gave the following error.
    Property 'component' is missing in type '{ children: Element[]; item: true; xs: number; }' but required in type '{ component: ElementType<any, keyof IntrinsicElements>; }'.
  Overload 2 of 2, '(props: DefaultComponentProps<GridTypeMap<{}, "div">>): Element', gave the following error.
    Type '{ children: Element[]; item: true; xs: number; }' is not assignable to type 'IntrinsicAttributes & GridBaseProps & { sx?: SxProps<Theme>; } & SystemProps<Theme> & Omit<Omit<DetailedHTMLProps<HTMLAttributes<HTMLDivElement>, HTMLDivElement>, "ref"> & { ...; }, "sx" | ... 1 more ... | keyof GridBaseProps>'.
      Property 'item' does not exist on type 'IntrinsicAttributes & GridBaseProps & { sx?: SxProps<Theme>; } & SystemProps<Theme> & Omit<Omit<DetailedHTMLProps<HTMLAttributes<HTMLDivElement>, HTMLDivElement>, "ref"> & { ...; }, "sx" | ... 1 more ... | keyof GridBaseProps>'.
src/components/features/user/BankrollStats.tsx(73,16): error TS2769: No overload matches this call.
  Overload 1 of 2, '(props: { component: ElementType<any, keyof IntrinsicElements>; } & GridBaseProps & { sx?: SxProps<Theme>; } & SystemProps<Theme> & Omit<...>): Element', gave the following error.
    Property 'component' is missing in type '{ children: Element[]; item: true; xs: number; }' but required in type '{ component: ElementType<any, keyof IntrinsicElements>; }'.
  Overload 2 of 2, '(props: DefaultComponentProps<GridTypeMap<{}, "div">>): Element', gave the following error.
    Type '{ children: Element[]; item: true; xs: number; }' is not assignable to type 'IntrinsicAttributes & GridBaseProps & { sx?: SxProps<Theme>; } & SystemProps<Theme> & Omit<Omit<DetailedHTMLProps<HTMLAttributes<HTMLDivElement>, HTMLDivElement>, "ref"> & { ...; }, "sx" | ... 1 more ... | keyof GridBaseProps>'.
      Property 'item' does not exist on type 'IntrinsicAttributes & GridBaseProps & { sx?: SxProps<Theme>; } & SystemProps<Theme> & Omit<Omit<DetailedHTMLProps<HTMLAttributes<HTMLDivElement>, HTMLDivElement>, "ref"> & { ...; }, "sx" | ... 1 more ... | keyof GridBaseProps>'.
src/components/features/user/BankrollStats.tsx(78,26): error TS2339: Property 'bestStreak' does not exist on type 'BankrollStats'.
src/components/features/user/BankrollStats.tsx(81,16): error TS2769: No overload matches this call.
  Overload 1 of 2, '(props: { component: ElementType<any, keyof IntrinsicElements>; } & GridBaseProps & { sx?: SxProps<Theme>; } & SystemProps<Theme> & Omit<...>): Element', gave the following error.
    Property 'component' is missing in type '{ children: Element[]; item: true; xs: number; }' but required in type '{ component: ElementType<any, keyof IntrinsicElements>; }'.
  Overload 2 of 2, '(props: DefaultComponentProps<GridTypeMap<{}, "div">>): Element', gave the following error.
    Type '{ children: Element[]; item: true; xs: number; }' is not assignable to type 'IntrinsicAttributes & GridBaseProps & { sx?: SxProps<Theme>; } & SystemProps<Theme> & Omit<Omit<DetailedHTMLProps<HTMLAttributes<HTMLDivElement>, HTMLDivElement>, "ref"> & { ...; }, "sx" | ... 1 more ... | keyof GridBaseProps>'.
      Property 'item' does not exist on type 'IntrinsicAttributes & GridBaseProps & { sx?: SxProps<Theme>; } & SystemProps<Theme> & Omit<Omit<DetailedHTMLProps<HTMLAttributes<HTMLDivElement>, HTMLDivElement>, "ref"> & { ...; }, "sx" | ... 1 more ... | keyof GridBaseProps>'.
src/components/features/user/BankrollStats.tsx(86,26): error TS2339: Property 'currentStreak' does not exist on type 'BankrollStats'.
src/components/features/user/BankrollStats.tsx(95,8): error TS2769: No overload matches this call.
  Overload 1 of 2, '(props: { component: ElementType<any, keyof IntrinsicElements>; } & GridBaseProps & { sx?: SxProps<Theme>; } & SystemProps<Theme> & Omit<...>): Element', gave the following error.
    Property 'component' is missing in type '{ children: Element; item: true; xs: number; }' but required in type '{ component: ElementType<any, keyof IntrinsicElements>; }'.
  Overload 2 of 2, '(props: DefaultComponentProps<GridTypeMap<{}, "div">>): Element', gave the following error.
    Type '{ children: Element; item: true; xs: number; }' is not assignable to type 'IntrinsicAttributes & GridBaseProps & { sx?: SxProps<Theme>; } & SystemProps<Theme> & Omit<Omit<DetailedHTMLProps<HTMLAttributes<HTMLDivElement>, HTMLDivElement>, "ref"> & { ...; }, "sx" | ... 1 more ... | keyof GridBaseProps>'.
      Property 'item' does not exist on type 'IntrinsicAttributes & GridBaseProps & { sx?: SxProps<Theme>; } & SystemProps<Theme> & Omit<Omit<DetailedHTMLProps<HTMLAttributes<HTMLDivElement>, HTMLDivElement>, "ref"> & { ...; }, "sx" | ... 1 more ... | keyof GridBaseProps>'.
src/components/features/user/BankrollStats.tsx(102,16): error TS2769: No overload matches this call.
  Overload 1 of 2, '(props: { component: ElementType<any, keyof IntrinsicElements>; } & GridBaseProps & { sx?: SxProps<Theme>; } & SystemProps<Theme> & Omit<...>): Element', gave the following error.
    Property 'component' is missing in type '{ children: Element[]; item: true; xs: number; md: number; }' but required in type '{ component: ElementType<any, keyof IntrinsicElements>; }'.
  Overload 2 of 2, '(props: DefaultComponentProps<GridTypeMap<{}, "div">>): Element', gave the following error.
    Type '{ children: Element[]; item: true; xs: number; md: number; }' is not assignable to type 'IntrinsicAttributes & GridBaseProps & { sx?: SxProps<Theme>; } & SystemProps<Theme> & Omit<Omit<DetailedHTMLProps<HTMLAttributes<HTMLDivElement>, HTMLDivElement>, "ref"> & { ...; }, "sx" | ... 1 more ... | keyof GridBaseProps>'.
      Property 'item' does not exist on type 'IntrinsicAttributes & GridBaseProps & { sx?: SxProps<Theme>; } & SystemProps<Theme> & Omit<Omit<DetailedHTMLProps<HTMLAttributes<HTMLDivElement>, HTMLDivElement>, "ref"> & { ...; }, "sx" | ... 1 more ... | keyof GridBaseProps>'.
src/components/features/user/BankrollStats.tsx(115,16): error TS2769: No overload matches this call.
  Overload 1 of 2, '(props: { component: ElementType<any, keyof IntrinsicElements>; } & GridBaseProps & { sx?: SxProps<Theme>; } & SystemProps<Theme> & Omit<...>): Element', gave the following error.
    Property 'component' is missing in type '{ children: Element[]; item: true; xs: number; md: number; }' but required in type '{ component: ElementType<any, keyof IntrinsicElements>; }'.
  Overload 2 of 2, '(props: DefaultComponentProps<GridTypeMap<{}, "div">>): Element', gave the following error.
    Type '{ children: Element[]; item: true; xs: number; md: number; }' is not assignable to type 'IntrinsicAttributes & GridBaseProps & { sx?: SxProps<Theme>; } & SystemProps<Theme> & Omit<Omit<DetailedHTMLProps<HTMLAttributes<HTMLDivElement>, HTMLDivElement>, "ref"> & { ...; }, "sx" | ... 1 more ... | keyof GridBaseProps>'.
      Property 'item' does not exist on type 'IntrinsicAttributes & GridBaseProps & { sx?: SxProps<Theme>; } & SystemProps<Theme> & Omit<Omit<DetailedHTMLProps<HTMLAttributes<HTMLDivElement>, HTMLDivElement>, "ref"> & { ...; }, "sx" | ... 1 more ... | keyof GridBaseProps>'.
src/components/features/user/BankrollStats.tsx(128,16): error TS2769: No overload matches this call.
  Overload 1 of 2, '(props: { component: ElementType<any, keyof IntrinsicElements>; } & GridBaseProps & { sx?: SxProps<Theme>; } & SystemProps<Theme> & Omit<...>): Element', gave the following error.
    Property 'component' is missing in type '{ children: Element[]; item: true; xs: number; md: number; }' but required in type '{ component: ElementType<any, keyof IntrinsicElements>; }'.
  Overload 2 of 2, '(props: DefaultComponentProps<GridTypeMap<{}, "div">>): Element', gave the following error.
    Type '{ children: Element[]; item: true; xs: number; md: number; }' is not assignable to type 'IntrinsicAttributes & GridBaseProps & { sx?: SxProps<Theme>; } & SystemProps<Theme> & Omit<Omit<DetailedHTMLProps<HTMLAttributes<HTMLDivElement>, HTMLDivElement>, "ref"> & { ...; }, "sx" | ... 1 more ... | keyof GridBaseProps>'.
      Property 'item' does not exist on type 'IntrinsicAttributes & GridBaseProps & { sx?: SxProps<Theme>; } & SystemProps<Theme> & Omit<Omit<DetailedHTMLProps<HTMLAttributes<HTMLDivElement>, HTMLDivElement>, "ref"> & { ...; }, "sx" | ... 1 more ... | keyof GridBaseProps>'.
src/components/features/user/BankrollStats.tsx(141,16): error TS2769: No overload matches this call.
  Overload 1 of 2, '(props: { component: ElementType<any, keyof IntrinsicElements>; } & GridBaseProps & { sx?: SxProps<Theme>; } & SystemProps<Theme> & Omit<...>): Element', gave the following error.
    Property 'component' is missing in type '{ children: Element[]; item: true; xs: number; md: number; }' but required in type '{ component: ElementType<any, keyof IntrinsicElements>; }'.
  Overload 2 of 2, '(props: DefaultComponentProps<GridTypeMap<{}, "div">>): Element', gave the following error.
    Type '{ children: Element[]; item: true; xs: number; md: number; }' is not assignable to type 'IntrinsicAttributes & GridBaseProps & { sx?: SxProps<Theme>; } & SystemProps<Theme> & Omit<Omit<DetailedHTMLProps<HTMLAttributes<HTMLDivElement>, HTMLDivElement>, "ref"> & { ...; }, "sx" | ... 1 more ... | keyof GridBaseProps>'.
      Property 'item' does not exist on type 'IntrinsicAttributes & GridBaseProps & { sx?: SxProps<Theme>; } & SystemProps<Theme> & Omit<Omit<DetailedHTMLProps<HTMLAttributes<HTMLDivElement>, HTMLDivElement>, "ref"> & { ...; }, "sx" | ... 1 more ... | keyof GridBaseProps>'.
src/components/features/user/BankrollStats.tsx(146,35): error TS2339: Property 'maxDailyBets' does not exist on type 'BankrollSettings'.
src/components/features/user/BankrollStats.tsx(147,63): error TS2345: Argument of type '"maxDailyBets"' is not assignable to parameter of type 'keyof BankrollSettings'.
src/components/features/user/BankrollStats.tsx(153,16): error TS2769: No overload matches this call.
  Overload 1 of 2, '(props: { component: ElementType<any, keyof IntrinsicElements>; } & GridBaseProps & { sx?: SxProps<Theme>; } & SystemProps<Theme> & Omit<...>): Element', gave the following error.
    Property 'component' is missing in type '{ children: Element; item: true; xs: number; }' but required in type '{ component: ElementType<any, keyof IntrinsicElements>; }'.
  Overload 2 of 2, '(props: DefaultComponentProps<GridTypeMap<{}, "div">>): Element', gave the following error.
    Type '{ children: Element; item: true; xs: number; }' is not assignable to type 'IntrinsicAttributes & GridBaseProps & { sx?: SxProps<Theme>; } & SystemProps<Theme> & Omit<Omit<DetailedHTMLProps<HTMLAttributes<HTMLDivElement>, HTMLDivElement>, "ref"> & { ...; }, "sx" | ... 1 more ... | keyof GridBaseProps>'.
      Property 'item' does not exist on type 'IntrinsicAttributes & GridBaseProps & { sx?: SxProps<Theme>; } & SystemProps<Theme> & Omit<Omit<DetailedHTMLProps<HTMLAttributes<HTMLDivElement>, HTMLDivElement>, "ref"> & { ...; }, "sx" | ... 1 more ... | keyof GridBaseProps>'.
src/components/features/user/BankrollStats.tsx(157,41): error TS2339: Property 'autoRebalance' does not exist on type 'BankrollSettings'.
src/components/features/user/BankrollStats.tsx(158,60): error TS2345: Argument of type '"autoRebalance"' is not assignable to parameter of type 'keyof BankrollSettings'.
src/components/features/user/BankrollStats.tsx(170,8): error TS2769: No overload matches this call.
  Overload 1 of 2, '(props: { component: ElementType<any, keyof IntrinsicElements>; } & GridBaseProps & { sx?: SxProps<Theme>; } & SystemProps<Theme> & Omit<...>): Element', gave the following error.
    Property 'component' is missing in type '{ children: Element; item: true; xs: number; }' but required in type '{ component: ElementType<any, keyof IntrinsicElements>; }'.
  Overload 2 of 2, '(props: DefaultComponentProps<GridTypeMap<{}, "div">>): Element', gave the following error.
    Type '{ children: Element; item: true; xs: number; }' is not assignable to type 'IntrinsicAttributes & GridBaseProps & { sx?: SxProps<Theme>; } & SystemProps<Theme> & Omit<Omit<DetailedHTMLProps<HTMLAttributes<HTMLDivElement>, HTMLDivElement>, "ref"> & { ...; }, "sx" | ... 1 more ... | keyof GridBaseProps>'.
      Property 'item' does not exist on type 'IntrinsicAttributes & GridBaseProps & { sx?: SxProps<Theme>; } & SystemProps<Theme> & Omit<Omit<DetailedHTMLProps<HTMLAttributes<HTMLDivElement>, HTMLDivElement>, "ref"> & { ...; }, "sx" | ... 1 more ... | keyof GridBaseProps>'.
src/components/features/user/RiskProfileManager.tsx(2,48): error TS2307: Cannot find module '../stores/riskProfileStore' or its corresponding type declarations.
src/components/features/user/UserConstraintsForm.tsx(14,10): error TS2305: Module '"@/types"' has no exported member 'UserConstraints'.
src/components/features/user/UserProfile.tsx(162,12): error TS2769: No overload matches this call.
  Overload 1 of 2, '(props: { component: ElementType<any, keyof IntrinsicElements>; } & GridBaseProps & { sx?: SxProps<Theme>; } & SystemProps<Theme> & Omit<...>): Element', gave the following error.
    Property 'component' is missing in type '{ children: Element[]; item: true; xs: number; md: number; sx: { textAlign: "center"; }; }' but required in type '{ component: ElementType<any, keyof IntrinsicElements>; }'.
  Overload 2 of 2, '(props: DefaultComponentProps<GridTypeMap<{}, "div">>): Element', gave the following error.
    Type '{ children: Element[]; item: true; xs: number; md: number; sx: { textAlign: "center"; }; }' is not assignable to type 'IntrinsicAttributes & GridBaseProps & { sx?: SxProps<Theme>; } & SystemProps<Theme> & Omit<Omit<DetailedHTMLProps<HTMLAttributes<HTMLDivElement>, HTMLDivElement>, "ref"> & { ...; }, "sx" | ... 1 more ... | keyof GridBaseProps>'.
      Property 'item' does not exist on type 'IntrinsicAttributes & GridBaseProps & { sx?: SxProps<Theme>; } & SystemProps<Theme> & Omit<Omit<DetailedHTMLProps<HTMLAttributes<HTMLDivElement>, HTMLDivElement>, "ref"> & { ...; }, "sx" | ... 1 more ... | keyof GridBaseProps>'.
src/components/features/user/UserProfile.tsx(217,12): error TS2769: No overload matches this call.
  Overload 1 of 2, '(props: { component: ElementType<any, keyof IntrinsicElements>; } & GridBaseProps & { sx?: SxProps<Theme>; } & SystemProps<Theme> & Omit<...>): Element', gave the following error.
    Property 'component' is missing in type '{ children: Element[]; item: true; xs: number; md: number; }' but required in type '{ component: ElementType<any, keyof IntrinsicElements>; }'.
  Overload 2 of 2, '(props: DefaultComponentProps<GridTypeMap<{}, "div">>): Element', gave the following error.
    Type '{ children: Element[]; item: true; xs: number; md: number; }' is not assignable to type 'IntrinsicAttributes & GridBaseProps & { sx?: SxProps<Theme>; } & SystemProps<Theme> & Omit<Omit<DetailedHTMLProps<HTMLAttributes<HTMLDivElement>, HTMLDivElement>, "ref"> & { ...; }, "sx" | ... 1 more ... | keyof GridBaseProps>'.
      Property 'item' does not exist on type 'IntrinsicAttributes & GridBaseProps & { sx?: SxProps<Theme>; } & SystemProps<Theme> & Omit<Omit<DetailedHTMLProps<HTMLAttributes<HTMLDivElement>, HTMLDivElement>, "ref"> & { ...; }, "sx" | ... 1 more ... | keyof GridBaseProps>'.
src/components/features/user/UserProfile.tsx(248,16): error TS2769: No overload matches this call.
  Overload 1 of 2, '(props: { component: ElementType<any, keyof IntrinsicElements>; } & GridBaseProps & { sx?: SxProps<Theme>; } & SystemProps<Theme> & Omit<...>): Element', gave the following error.
    Property 'component' is missing in type '{ children: Element[]; item: true; xs: number; }' but required in type '{ component: ElementType<any, keyof IntrinsicElements>; }'.
  Overload 2 of 2, '(props: DefaultComponentProps<GridTypeMap<{}, "div">>): Element', gave the following error.
    Type '{ children: Element[]; item: true; xs: number; }' is not assignable to type 'IntrinsicAttributes & GridBaseProps & { sx?: SxProps<Theme>; } & SystemProps<Theme> & Omit<Omit<DetailedHTMLProps<HTMLAttributes<HTMLDivElement>, HTMLDivElement>, "ref"> & { ...; }, "sx" | ... 1 more ... | keyof GridBaseProps>'.
      Property 'item' does not exist on type 'IntrinsicAttributes & GridBaseProps & { sx?: SxProps<Theme>; } & SystemProps<Theme> & Omit<Omit<DetailedHTMLProps<HTMLAttributes<HTMLDivElement>, HTMLDivElement>, "ref"> & { ...; }, "sx" | ... 1 more ... | keyof GridBaseProps>'.
src/components/features/user/UserProfile.tsx(265,16): error TS2769: No overload matches this call.
  Overload 1 of 2, '(props: { component: ElementType<any, keyof IntrinsicElements>; } & GridBaseProps & { sx?: SxProps<Theme>; } & SystemProps<Theme> & Omit<...>): Element', gave the following error.
    Property 'component' is missing in type '{ children: Element[]; item: true; xs: number; sm: number; }' but required in type '{ component: ElementType<any, keyof IntrinsicElements>; }'.
  Overload 2 of 2, '(props: DefaultComponentProps<GridTypeMap<{}, "div">>): Element', gave the following error.
    Type '{ children: Element[]; item: true; xs: number; sm: number; }' is not assignable to type 'IntrinsicAttributes & GridBaseProps & { sx?: SxProps<Theme>; } & SystemProps<Theme> & Omit<Omit<DetailedHTMLProps<HTMLAttributes<HTMLDivElement>, HTMLDivElement>, "ref"> & { ...; }, "sx" | ... 1 more ... | keyof GridBaseProps>'.
      Property 'item' does not exist on type 'IntrinsicAttributes & GridBaseProps & { sx?: SxProps<Theme>; } & SystemProps<Theme> & Omit<Omit<DetailedHTMLProps<HTMLAttributes<HTMLDivElement>, HTMLDivElement>, "ref"> & { ...; }, "sx" | ... 1 more ... | keyof GridBaseProps>'.
src/components/features/user/UserProfile.tsx(281,16): error TS2769: No overload matches this call.
  Overload 1 of 2, '(props: { component: ElementType<any, keyof IntrinsicElements>; } & GridBaseProps & { sx?: SxProps<Theme>; } & SystemProps<Theme> & Omit<...>): Element', gave the following error.
    Property 'component' is missing in type '{ children: Element[]; item: true; xs: number; sm: number; }' but required in type '{ component: ElementType<any, keyof IntrinsicElements>; }'.
  Overload 2 of 2, '(props: DefaultComponentProps<GridTypeMap<{}, "div">>): Element', gave the following error.
    Type '{ children: Element[]; item: true; xs: number; sm: number; }' is not assignable to type 'IntrinsicAttributes & GridBaseProps & { sx?: SxProps<Theme>; } & SystemProps<Theme> & Omit<Omit<DetailedHTMLProps<HTMLAttributes<HTMLDivElement>, HTMLDivElement>, "ref"> & { ...; }, "sx" | ... 1 more ... | keyof GridBaseProps>'.
      Property 'item' does not exist on type 'IntrinsicAttributes & GridBaseProps & { sx?: SxProps<Theme>; } & SystemProps<Theme> & Omit<Omit<DetailedHTMLProps<HTMLAttributes<HTMLDivElement>, HTMLDivElement>, "ref"> & { ...; }, "sx" | ... 1 more ... | keyof GridBaseProps>'.
src/components/features/user/UserProfile.tsx(296,16): error TS2769: No overload matches this call.
  Overload 1 of 2, '(props: { component: ElementType<any, keyof IntrinsicElements>; } & GridBaseProps & { sx?: SxProps<Theme>; } & SystemProps<Theme> & Omit<...>): Element', gave the following error.
    Property 'component' is missing in type '{ children: Element; item: true; xs: number; }' but required in type '{ component: ElementType<any, keyof IntrinsicElements>; }'.
  Overload 2 of 2, '(props: DefaultComponentProps<GridTypeMap<{}, "div">>): Element', gave the following error.
    Type '{ children: Element; item: true; xs: number; }' is not assignable to type 'IntrinsicAttributes & GridBaseProps & { sx?: SxProps<Theme>; } & SystemProps<Theme> & Omit<Omit<DetailedHTMLProps<HTMLAttributes<HTMLDivElement>, HTMLDivElement>, "ref"> & { ...; }, "sx" | ... 1 more ... | keyof GridBaseProps>'.
      Property 'item' does not exist on type 'IntrinsicAttributes & GridBaseProps & { sx?: SxProps<Theme>; } & SystemProps<Theme> & Omit<Omit<DetailedHTMLProps<HTMLAttributes<HTMLDivElement>, HTMLDivElement>, "ref"> & { ...; }, "sx" | ... 1 more ... | keyof GridBaseProps>'.
src/components/features/user/UserProfile.tsx(301,16): error TS2769: No overload matches this call.
  Overload 1 of 2, '(props: { component: ElementType<any, keyof IntrinsicElements>; } & GridBaseProps & { sx?: SxProps<Theme>; } & SystemProps<Theme> & Omit<...>): Element', gave the following error.
    Property 'component' is missing in type '{ children: Element[]; item: true; xs: number; }' but required in type '{ component: ElementType<any, keyof IntrinsicElements>; }'.
  Overload 2 of 2, '(props: DefaultComponentProps<GridTypeMap<{}, "div">>): Element', gave the following error.
    Type '{ children: Element[]; item: true; xs: number; }' is not assignable to type 'IntrinsicAttributes & GridBaseProps & { sx?: SxProps<Theme>; } & SystemProps<Theme> & Omit<Omit<DetailedHTMLProps<HTMLAttributes<HTMLDivElement>, HTMLDivElement>, "ref"> & { ...; }, "sx" | ... 1 more ... | keyof GridBaseProps>'.
      Property 'item' does not exist on type 'IntrinsicAttributes & GridBaseProps & { sx?: SxProps<Theme>; } & SystemProps<Theme> & Omit<Omit<DetailedHTMLProps<HTMLAttributes<HTMLDivElement>, HTMLDivElement>, "ref"> & { ...; }, "sx" | ... 1 more ... | keyof GridBaseProps>'.
src/components/features/user/UserProfile.tsx(306,20): error TS2769: No overload matches this call.
  Overload 1 of 2, '(props: { component: ElementType<any, keyof IntrinsicElements>; } & GridBaseProps & { sx?: SxProps<Theme>; } & SystemProps<Theme> & Omit<...>): Element', gave the following error.
    Property 'component' is missing in type '{ children: Element[]; item: true; xs: number; sm: number; }' but required in type '{ component: ElementType<any, keyof IntrinsicElements>; }'.
  Overload 2 of 2, '(props: DefaultComponentProps<GridTypeMap<{}, "div">>): Element', gave the following error.
    Type '{ children: Element[]; item: true; xs: number; sm: number; }' is not assignable to type 'IntrinsicAttributes & GridBaseProps & { sx?: SxProps<Theme>; } & SystemProps<Theme> & Omit<Omit<DetailedHTMLProps<HTMLAttributes<HTMLDivElement>, HTMLDivElement>, "ref"> & { ...; }, "sx" | ... 1 more ... | keyof GridBaseProps>'.
      Property 'item' does not exist on type 'IntrinsicAttributes & GridBaseProps & { sx?: SxProps<Theme>; } & SystemProps<Theme> & Omit<Omit<DetailedHTMLProps<HTMLAttributes<HTMLDivElement>, HTMLDivElement>, "ref"> & { ...; }, "sx" | ... 1 more ... | keyof GridBaseProps>'.
src/components/features/user/UserProfile.tsx(314,20): error TS2769: No overload matches this call.
  Overload 1 of 2, '(props: { component: ElementType<any, keyof IntrinsicElements>; } & GridBaseProps & { sx?: SxProps<Theme>; } & SystemProps<Theme> & Omit<...>): Element', gave the following error.
    Property 'component' is missing in type '{ children: Element[]; item: true; xs: number; sm: number; }' but required in type '{ component: ElementType<any, keyof IntrinsicElements>; }'.
  Overload 2 of 2, '(props: DefaultComponentProps<GridTypeMap<{}, "div">>): Element', gave the following error.
    Type '{ children: Element[]; item: true; xs: number; sm: number; }' is not assignable to type 'IntrinsicAttributes & GridBaseProps & { sx?: SxProps<Theme>; } & SystemProps<Theme> & Omit<Omit<DetailedHTMLProps<HTMLAttributes<HTMLDivElement>, HTMLDivElement>, "ref"> & { ...; }, "sx" | ... 1 more ... | keyof GridBaseProps>'.
      Property 'item' does not exist on type 'IntrinsicAttributes & GridBaseProps & { sx?: SxProps<Theme>; } & SystemProps<Theme> & Omit<Omit<DetailedHTMLProps<HTMLAttributes<HTMLDivElement>, HTMLDivElement>, "ref"> & { ...; }, "sx" | ... 1 more ... | keyof GridBaseProps>'.
src/components/features/user/UserProfile.tsx(322,20): error TS2769: No overload matches this call.
  Overload 1 of 2, '(props: { component: ElementType<any, keyof IntrinsicElements>; } & GridBaseProps & { sx?: SxProps<Theme>; } & SystemProps<Theme> & Omit<...>): Element', gave the following error.
    Property 'component' is missing in type '{ children: Element[]; item: true; xs: number; sm: number; }' but required in type '{ component: ElementType<any, keyof IntrinsicElements>; }'.
  Overload 2 of 2, '(props: DefaultComponentProps<GridTypeMap<{}, "div">>): Element', gave the following error.
    Type '{ children: Element[]; item: true; xs: number; sm: number; }' is not assignable to type 'IntrinsicAttributes & GridBaseProps & { sx?: SxProps<Theme>; } & SystemProps<Theme> & Omit<Omit<DetailedHTMLProps<HTMLAttributes<HTMLDivElement>, HTMLDivElement>, "ref"> & { ...; }, "sx" | ... 1 more ... | keyof GridBaseProps>'.
      Property 'item' does not exist on type 'IntrinsicAttributes & GridBaseProps & { sx?: SxProps<Theme>; } & SystemProps<Theme> & Omit<Omit<DetailedHTMLProps<HTMLAttributes<HTMLDivElement>, HTMLDivElement>, "ref"> & { ...; }, "sx" | ... 1 more ... | keyof GridBaseProps>'.
src/components/features/user/UserProfile.tsx(336,16): error TS2769: No overload matches this call.
  Overload 1 of 2, '(props: { component: ElementType<any, keyof IntrinsicElements>; } & GridBaseProps & { sx?: SxProps<Theme>; } & SystemProps<Theme> & Omit<...>): Element', gave the following error.
    Property 'component' is missing in type '{ children: Element; item: true; xs: number; }' but required in type '{ component: ElementType<any, keyof IntrinsicElements>; }'.
  Overload 2 of 2, '(props: DefaultComponentProps<GridTypeMap<{}, "div">>): Element', gave the following error.
    Type '{ children: Element; item: true; xs: number; }' is not assignable to type 'IntrinsicAttributes & GridBaseProps & { sx?: SxProps<Theme>; } & SystemProps<Theme> & Omit<Omit<DetailedHTMLProps<HTMLAttributes<HTMLDivElement>, HTMLDivElement>, "ref"> & { ...; }, "sx" | ... 1 more ... | keyof GridBaseProps>'.
      Property 'item' does not exist on type 'IntrinsicAttributes & GridBaseProps & { sx?: SxProps<Theme>; } & SystemProps<Theme> & Omit<Omit<DetailedHTMLProps<HTMLAttributes<HTMLDivElement>, HTMLDivElement>, "ref"> & { ...; }, "sx" | ... 1 more ... | keyof GridBaseProps>'.
src/components/features/user/UserProfile.tsx(341,16): error TS2769: No overload matches this call.
  Overload 1 of 2, '(props: { component: ElementType<any, keyof IntrinsicElements>; } & GridBaseProps & { sx?: SxProps<Theme>; } & SystemProps<Theme> & Omit<...>): Element', gave the following error.
    Property 'component' is missing in type '{ children: Element[]; item: true; xs: number; }' but required in type '{ component: ElementType<any, keyof IntrinsicElements>; }'.
  Overload 2 of 2, '(props: DefaultComponentProps<GridTypeMap<{}, "div">>): Element', gave the following error.
    Type '{ children: Element[]; item: true; xs: number; }' is not assignable to type 'IntrinsicAttributes & GridBaseProps & { sx?: SxProps<Theme>; } & SystemProps<Theme> & Omit<Omit<DetailedHTMLProps<HTMLAttributes<HTMLDivElement>, HTMLDivElement>, "ref"> & { ...; }, "sx" | ... 1 more ... | keyof GridBaseProps>'.
      Property 'item' does not exist on type 'IntrinsicAttributes & GridBaseProps & { sx?: SxProps<Theme>; } & SystemProps<Theme> & Omit<Omit<DetailedHTMLProps<HTMLAttributes<HTMLDivElement>, HTMLDivElement>, "ref"> & { ...; }, "sx" | ... 1 more ... | keyof GridBaseProps>'.
src/components/features/user/UserProfile.tsx(346,20): error TS2769: No overload matches this call.
  Overload 1 of 2, '(props: { component: ElementType<any, keyof IntrinsicElements>; } & GridBaseProps & { sx?: SxProps<Theme>; } & SystemProps<Theme> & Omit<...>): Element', gave the following error.
    Property 'component' is missing in type '{ children: Element[]; item: true; xs: number; }' but required in type '{ component: ElementType<any, keyof IntrinsicElements>; }'.
  Overload 2 of 2, '(props: DefaultComponentProps<GridTypeMap<{}, "div">>): Element', gave the following error.
    Type '{ children: Element[]; item: true; xs: number; }' is not assignable to type 'IntrinsicAttributes & GridBaseProps & { sx?: SxProps<Theme>; } & SystemProps<Theme> & Omit<Omit<DetailedHTMLProps<HTMLAttributes<HTMLDivElement>, HTMLDivElement>, "ref"> & { ...; }, "sx" | ... 1 more ... | keyof GridBaseProps>'.
      Property 'item' does not exist on type 'IntrinsicAttributes & GridBaseProps & { sx?: SxProps<Theme>; } & SystemProps<Theme> & Omit<Omit<DetailedHTMLProps<HTMLAttributes<HTMLDivElement>, HTMLDivElement>, "ref"> & { ...; }, "sx" | ... 1 more ... | keyof GridBaseProps>'.
src/components/features/user/UserProfile.tsx(360,20): error TS2769: No overload matches this call.
  Overload 1 of 2, '(props: { component: ElementType<any, keyof IntrinsicElements>; } & GridBaseProps & { sx?: SxProps<Theme>; } & SystemProps<Theme> & Omit<...>): Element', gave the following error.
    Property 'component' is missing in type '{ children: Element[]; item: true; xs: number; }' but required in type '{ component: ElementType<any, keyof IntrinsicElements>; }'.
  Overload 2 of 2, '(props: DefaultComponentProps<GridTypeMap<{}, "div">>): Element', gave the following error.
    Type '{ children: Element[]; item: true; xs: number; }' is not assignable to type 'IntrinsicAttributes & GridBaseProps & { sx?: SxProps<Theme>; } & SystemProps<Theme> & Omit<Omit<DetailedHTMLProps<HTMLAttributes<HTMLDivElement>, HTMLDivElement>, "ref"> & { ...; }, "sx" | ... 1 more ... | keyof GridBaseProps>'.
      Property 'item' does not exist on type 'IntrinsicAttributes & GridBaseProps & { sx?: SxProps<Theme>; } & SystemProps<Theme> & Omit<Omit<DetailedHTMLProps<HTMLAttributes<HTMLDivElement>, HTMLDivElement>, "ref"> & { ...; }, "sx" | ... 1 more ... | keyof GridBaseProps>'.
src/components/features/user/UserProfile.tsx(374,20): error TS2769: No overload matches this call.
  Overload 1 of 2, '(props: { component: ElementType<any, keyof IntrinsicElements>; } & GridBaseProps & { sx?: SxProps<Theme>; } & SystemProps<Theme> & Omit<...>): Element', gave the following error.
    Property 'component' is missing in type '{ children: Element[]; item: true; xs: number; }' but required in type '{ component: ElementType<any, keyof IntrinsicElements>; }'.
  Overload 2 of 2, '(props: DefaultComponentProps<GridTypeMap<{}, "div">>): Element', gave the following error.
    Type '{ children: Element[]; item: true; xs: number; }' is not assignable to type 'IntrinsicAttributes & GridBaseProps & { sx?: SxProps<Theme>; } & SystemProps<Theme> & Omit<Omit<DetailedHTMLProps<HTMLAttributes<HTMLDivElement>, HTMLDivElement>, "ref"> & { ...; }, "sx" | ... 1 more ... | keyof GridBaseProps>'.
      Property 'item' does not exist on type 'IntrinsicAttributes & GridBaseProps & { sx?: SxProps<Theme>; } & SystemProps<Theme> & Omit<Omit<DetailedHTMLProps<HTMLAttributes<HTMLDivElement>, HTMLDivElement>, "ref"> & { ...; }, "sx" | ... 1 more ... | keyof GridBaseProps>'.
src/components/features/user/UserStats.tsx(2,36): error TS2307: Cannot find module '../../utils/analyticsHelpers' or its corresponding type declarations.
src/components/FeatureStatusPanel.tsx(42,17): error TS2345: Argument of type '"config:update"' is not assignable to parameter of type 'keyof EventMap'.
src/components/FeatureStatusPanel.tsx(44,20): error TS2345: Argument of type '"config:update"' is not assignable to parameter of type 'keyof EventMap'.
src/components/FilterBar.tsx(12,10): error TS2305: Module '"@/types"' has no exported member 'Sport'.
src/components/FilterBar.tsx(12,17): error TS2305: Module '"@/types"' has no exported member 'PropType'.
src/components/Header.tsx(1,8): error TS2613: Module '"C:/Users/bcmad/Downloads/A1Betting-master (7)/A1Betting-master/frontend/src/components/ESPNHeadlinesTicker"' has no default export. Did you mean to use 'import { ESPNHeadlinesTicker } from "C:/Users/bcmad/Downloads/A1Betting-master (7)/A1Betting-master/frontend/src/components/ESPNHeadlinesTicker"' instead?
src/components/index.ts(9,60): error TS1261: Already included file name 'C:/Users/bcmad/Downloads/A1Betting-master (7)/A1Betting-master/frontend/src/components/moneymaker/ConsolidatedUniversalMoneyMaker.tsx' differs from file name 'C:/Users/bcmad/Downloads/A1Betting-master (7)/A1Betting-master/frontend/src/components/MoneyMaker/ConsolidatedUniversalMoneyMaker.tsx' only in casing.
  The file is in the program because:
    Imported via "./moneymaker/ConsolidatedUniversalMoneyMaker" from file 'C:/Users/bcmad/Downloads/A1Betting-master (7)/A1Betting-master/frontend/src/components/index.ts'
    Matched by include pattern 'src/**/*' in 'C:/Users/bcmad/Downloads/A1Betting-master (7)/A1Betting-master/frontend/tsconfig.json'
src/components/index.ts(35,15): error TS2307: Cannot find module './core' or its corresponding type declarations.
src/components/index.ts(38,15): error TS1261: Already included file name 'C:/Users/bcmad/Downloads/A1Betting-master (7)/A1Betting-master/frontend/src/components/layout.tsx' differs from file name 'C:/Users/bcmad/Downloads/A1Betting-master (7)/A1Betting-master/frontend/src/components/Layout.tsx' only in casing.
  The file is in the program because:
    Imported via "./layout" from file 'C:/Users/bcmad/Downloads/A1Betting-master (7)/A1Betting-master/frontend/src/components/index.ts'
    Matched by include pattern 'src/**/*' in 'C:/Users/bcmad/Downloads/A1Betting-master (7)/A1Betting-master/frontend/tsconfig.json'
src/components/IntegrationStatus.tsx(71,31): error TS2339: Property 'length' does not exist on type '{ opportunities: BettingOpportunity[]; summary: { total: number; avgValue: number; topSports: string[]; }; }'.
src/components/IntegrationStatus.tsx(72,35): error TS2339: Property 'length' does not exist on type '{ opportunities: BettingOpportunity[]; summary: { total: number; avgValue: number; topSports: string[]; }; }'.
src/components/IntegrationStatus.tsx(89,27): error TS2339: Property 'current_balance' does not exist on type '{ overview: { totalProfit: number; winRate: number; avgConfidence: number; totalBets: number; accuracy: any; }; recentPerformance: any; topSports: any; monthlyTrends: any; riskMetrics: { currentRisk: number; maxDrawdown: number; sharpeRatio: number; kelly: number; }; }'.
src/components/IntegrationStatus.tsx(90,41): error TS2339: Property 'current_balance' does not exist on type '{ overview: { totalProfit: number; winRate: number; avgConfidence: number; totalBets: number; accuracy: any; }; recentPerformance: any; topSports: any; monthlyTrends: any; riskMetrics: { currentRisk: number; maxDrawdown: number; sharpeRatio: number; kelly: number; }; }'.
src/components/IntegrationStatus.tsx(107,26): error TS2339: Property 'overall_accuracy' does not exist on type '{ overall: any; bySport: { NBA: number; NFL: number; MLB: number; NHL: number; Soccer: number; }; byBetType: { spread: number; totals: number; moneyline: number; props: number; }; trend: string; confidence: number; } | { ...; }'.
  Property 'overall_accuracy' does not exist on type '{ overall: any; bySport: { NBA: number; NFL: number; MLB: number; NHL: number; Soccer: number; }; byBetType: { spread: number; totals: number; moneyline: number; props: number; }; trend: string; confidence: number; }'.
src/components/IntegrationStatus.tsx(108,31): error TS2339: Property 'overall_accuracy' does not exist on type '{ overall: any; bySport: { NBA: number; NFL: number; MLB: number; NHL: number; Soccer: number; }; byBetType: { spread: number; totals: number; moneyline: number; props: number; }; trend: string; confidence: number; } | { ...; }'.
  Property 'overall_accuracy' does not exist on type '{ overall: any; bySport: { NBA: number; NFL: number; MLB: number; NHL: number; Soccer: number; }; byBetType: { spread: number; totals: number; moneyline: number; props: number; }; trend: string; confidence: number; }'.
src/components/IntegrationStatus.tsx(126,34): error TS2339: Property 'total_count' does not exist on type 'Transaction[]'.
src/components/intelligence/AdvancedIntelligenceHub.tsx(499,69): error TS2339: Property 'focus' does not exist on type 'Element'.
src/components/intelligence/BrainMonitoringHub.tsx(53,10): error TS2614: Module '"../user-friendly/PropOllama"' has no exported member 'PropOllama'. Did you mean to use 'import PropOllama from "../user-friendly/PropOllama"' instead?
src/components/intelligence/BrainMonitoringHub.tsx(146,13): error TS2339: Property 'getModelMetrics' does not exist on type 'typeof ApiService'.
src/components/intelligence/BrainMonitoringHub.tsx(153,29): error TS2339: Property 'overallHealth' does not exist on type 'HealthStatus'.
src/components/intelligence/BrainMonitoringHub.tsx(169,29): error TS2339: Property 'dataQuality' does not exist on type 'HealthStatus'.
src/components/intelligence/BrainMonitoringHub.tsx(385,13): error TS2339: Property 'warning' does not exist on type '{ (message: Message, opts?: Partial<Pick<Toast, "style" | "className" | "id" | "position" | "icon" | "duration" | "ariaProps" | "iconTheme" | "removeDelay">>): string; ... 6 more ...; promise<T>(promise: Promise<...> | (() => Promise<...>), msgs: { ...; }, opts?: DefaultToastOptions): Promise<...>; }'.
src/components/intelligence/EnhancedIntelligenceHub.tsx(25,10): error TS2614: Module '"../overview/UltraAccuracyOverview"' has no exported member 'UltraAccuracyDashboard'. Did you mean to use 'import UltraAccuracyDashboard from "../overview/UltraAccuracyOverview"' instead?
src/components/intelligence/EnhancedIntelligenceHub.tsx(88,41): error TS2322: Type '{ onNavigate: (page: string) => void; }' is not assignable to type 'IntrinsicAttributes'.
  Property 'onNavigate' does not exist on type 'IntrinsicAttributes'.
src/components/intelligence/EnhancedIntelligenceHub.tsx(138,34): error TS2339: Property 'overall_accuracy' does not exist on type '{ overall: any; bySport: { NBA: number; NFL: number; MLB: number; NHL: number; Soccer: number; }; byBetType: { spread: number; totals: number; moneyline: number; props: number; }; trend: string; confidence: number; } | { ...; }'.
  Property 'overall_accuracy' does not exist on type '{ overall: any; bySport: { NBA: number; NFL: number; MLB: number; NHL: number; Soccer: number; }; byBetType: { spread: number; totals: number; moneyline: number; props: number; }; trend: string; confidence: number; }'.
src/components/intelligence/EnhancedIntelligenceHub.tsx(160,31): error TS2362: The left-hand side of an arithmetic operation must be of type 'any', 'number', 'bigint' or an enum type.
src/components/intelligence/EnhancedIntelligenceViews.tsx(171,13): error TS2322: Type '"easeOutCubic"' is not assignable to type 'Easing | Easing[]'.
src/components/intelligence/EnhancedIntelligenceViews.tsx(218,21): error TS2322: Type '"easeOutCubic"' is not assignable to type 'Easing | Easing[]'.
src/components/intelligence/EnhancedIntelligenceViews.tsx(288,23): error TS2362: The left-hand side of an arithmetic operation must be of type 'any', 'number', 'bigint' or an enum type.
src/components/intelligence/EnhancedIntelligenceViews.tsx(293,44): error TS2362: The left-hand side of an arithmetic operation must be of type 'any', 'number', 'bigint' or an enum type.
src/components/intelligence/EnhancedIntelligenceViews.tsx(524,39): error TS2304: Cannot find name 'List'.
src/components/intelligence/EnhancedModuleSection.tsx(3,2): error TS2304: Cannot find name 'CardContent'.
src/components/intelligence/EnhancedModuleSection.tsx(6,6): error TS2304: Cannot find name 'Card'.
src/components/intelligence/EnhancedModuleSection.tsx(7,8): error TS2304: Cannot find name 'CardContent'.
src/components/intelligence/EnhancedModuleSection.tsx(15,16): error TS2304: Cannot find name 'getActiveModuleConfigs'.
src/components/intelligence/EnhancedModuleSection.tsx(16,43): error TS2304: Cannot find name 'getModuleProfitScore'.
src/components/intelligence/EnhancedModuleSection.tsx(23,12): error TS2304: Cannot find name 'DollarSign'.
src/components/intelligence/EnhancedModuleSection.tsx(27,9): error TS2304: Cannot find name 'CardContent'.
src/components/intelligence/EnhancedModuleSection.tsx(28,7): error TS2304: Cannot find name 'Card'.
src/components/intelligence/EnhancedModuleSection.tsx(30,6): error TS2304: Cannot find name 'Card'.
src/components/intelligence/EnhancedModuleSection.tsx(31,8): error TS2304: Cannot find name 'CardContent'.
src/components/intelligence/EnhancedModuleSection.tsx(39,17): error TS2304: Cannot find name 'getActiveModuleConfigs'.
src/components/intelligence/EnhancedModuleSection.tsx(40,37): error TS2304: Cannot find name 'getModuleAccuracyBoost'.
src/components/intelligence/EnhancedModuleSection.tsx(50,12): error TS2304: Cannot find name 'Target'.
src/components/intelligence/EnhancedModuleSection.tsx(54,9): error TS2304: Cannot find name 'CardContent'.
src/components/intelligence/EnhancedModuleSection.tsx(55,7): error TS2304: Cannot find name 'Card'.
src/components/intelligence/EnhancedModuleSection.tsx(57,6): error TS2304: Cannot find name 'Card'.
src/components/intelligence/EnhancedModuleSection.tsx(58,8): error TS2304: Cannot find name 'CardContent'.
src/components/intelligence/EnhancedModuleSection.tsx(65,16): error TS2304: Cannot find name 'activeModules'.
src/components/intelligence/EnhancedModuleSection.tsx(65,37): error TS2304: Cannot find name 'moduleConfigs'.
src/components/intelligence/EnhancedModuleSection.tsx(71,12): error TS2304: Cannot find name 'Brain'.
src/components/intelligence/EnhancedModuleSection.tsx(75,9): error TS2304: Cannot find name 'CardContent'.
src/components/intelligence/EnhancedModuleSection.tsx(76,7): error TS2304: Cannot find name 'Card'.
src/components/intelligence/EnhancedModuleSection.tsx(81,6): error TS2304: Cannot find name 'moduleConfigs'.
src/components/intelligence/EnhancedModuleSection.tsx(82,23): error TS2304: Cannot find name 'getModuleMoneyScore'.
src/components/intelligence/EnhancedModuleSection.tsx(82,51): error TS2304: Cannot find name 'getModuleMoneyScore'.
src/components/intelligence/EnhancedModuleSection.tsx(84,26): error TS2304: Cannot find name 'activeModules'.
src/components/intelligence/EnhancedModuleSection.tsx(85,28): error TS2304: Cannot find name 'getModuleMoneyScore'.
src/components/intelligence/EnhancedModuleSection.tsx(86,31): error TS2304: Cannot find name 'getModuleAccuracyBoost'.
src/components/intelligence/EnhancedModuleSection.tsx(87,29): error TS2304: Cannot find name 'getModuleProfitScore'.
src/components/intelligence/EnhancedModuleSection.tsx(90,12): error TS2304: Cannot find name 'motion'.
src/components/intelligence/EnhancedModuleSection.tsx(106,28): error TS2304: Cannot find name 'toggleModule'.
src/components/intelligence/EnhancedModuleSection.tsx(110,16): error TS2304: Cannot find name 'motion'.
src/components/intelligence/EnhancedModuleSection.tsx(117,17): error TS2304: Cannot find name 'motion'.
src/components/intelligence/EnhancedModuleSection.tsx(128,18): error TS2304: Cannot find name 'motion'.
src/components/intelligence/EnhancedModuleSection.tsx(138,19): error TS2304: Cannot find name 'motion'.
src/components/intelligence/EnhancedModuleSection.tsx(148,16): error TS2304: Cannot find name 'motion'.
src/components/intelligence/EnhancedModuleSection.tsx(151,22): error TS2304: Cannot find name 'motion'.
src/components/intelligence/EnhancedModuleSection.tsx(156,22): error TS2304: Cannot find name 'ToggleRight'.
src/components/intelligence/EnhancedModuleSection.tsx(159,20): error TS2304: Cannot find name 'ToggleLeft'.
src/components/intelligence/EnhancedModuleSection.tsx(161,17): error TS2304: Cannot find name 'motion'.
src/components/intelligence/EnhancedModuleSection.tsx(176,20): error TS2304: Cannot find name 'motion'.
src/components/intelligence/EnhancedModuleSection.tsx(189,21): error TS2304: Cannot find name 'motion'.
src/components/intelligence/EnhancedModuleSection.tsx(221,18): error TS2304: Cannot find name 'Badge'.
src/components/intelligence/EnhancedModuleSection.tsx(234,19): error TS2304: Cannot find name 'Badge'.
src/components/intelligence/EnhancedModuleSection.tsx(236,20): error TS2304: Cannot find name 'CheckCircle'.
src/components/intelligence/EnhancedModuleSection.tsx(259,16): error TS2304: Cannot find name 'motion'.
src/components/intelligence/EnhancedModuleSection.tsx(272,13): error TS2304: Cannot find name 'motion'.
src/components/intelligence/EnhancedModuleSection.tsx(279,6): error TS2304: Cannot find name 'Button'.
src/components/intelligence/EnhancedModuleSection.tsx(281,31): error TS2304: Cannot find name 'moduleConfigs'.
src/components/intelligence/EnhancedModuleSection.tsx(282,26): error TS2304: Cannot find name 'getModuleMoneyScore'.
src/components/intelligence/EnhancedModuleSection.tsx(284,9): error TS2304: Cannot find name 'setActiveModules'.
src/components/intelligence/EnhancedModuleSection.tsx(285,9): error TS2304: Cannot find name 'toast'.
src/components/intelligence/EnhancedModuleSection.tsx(289,8): error TS2304: Cannot find name 'DollarSign'.
src/components/intelligence/EnhancedModuleSection.tsx(294,7): error TS2304: Cannot find name 'Button'.
src/components/intelligence/EnhancedModuleSection.tsx(295,6): error TS2304: Cannot find name 'Button'.
src/components/intelligence/EnhancedModuleSection.tsx(297,33): error TS2304: Cannot find name 'moduleConfigs'.
src/components/intelligence/EnhancedModuleSection.tsx(300,9): error TS2304: Cannot find name 'setActiveModules'.
src/components/intelligence/EnhancedModuleSection.tsx(301,9): error TS2304: Cannot find name 'toast'.
src/components/intelligence/EnhancedModuleSection.tsx(305,8): error TS2304: Cannot find name 'Zap'.
src/components/intelligence/EnhancedModuleSection.tsx(310,7): error TS2304: Cannot find name 'Button'.
src/components/intelligence/EnhancedModuleSection.tsx(311,6): error TS2304: Cannot find name 'Button'.
src/components/intelligence/EnhancedModuleSection.tsx(313,28): error TS2304: Cannot find name 'moduleConfigs'.
src/components/intelligence/EnhancedModuleSection.tsx(314,9): error TS2304: Cannot find name 'setActiveModules'.
src/components/intelligence/EnhancedModuleSection.tsx(315,9): error TS2304: Cannot find name 'toast'.
src/components/intelligence/EnhancedModuleSection.tsx(319,8): error TS2304: Cannot find name 'Power'.
src/components/intelligence/EnhancedModuleSection.tsx(324,7): error TS2304: Cannot find name 'Button'.
src/components/intelligence/EnhancedModuleSection.tsx(325,6): error TS2304: Cannot find name 'Button'.
src/components/intelligence/EnhancedModuleSection.tsx(327,9): error TS2304: Cannot find name 'setActiveModules'.
src/components/intelligence/EnhancedModuleSection.tsx(328,9): error TS2304: Cannot find name 'toast'.
src/components/intelligence/EnhancedModuleSection.tsx(332,8): error TS2304: Cannot find name 'Minimize'.
src/components/intelligence/EnhancedModuleSection.tsx(337,7): error TS2304: Cannot find name 'Button'.
src/components/intelligence/EnhancedModuleSection.tsx(339,3): error TS2304: Cannot find name 'CardContent'.
src/components/layout/AdvancedSidebar.tsx(28,7): error TS2322: Type '{ currentPage: string; onPageChange: (section: string) => void; isOpen: boolean; onClose: () => void; className: string; }' is not assignable to type 'IntrinsicAttributes'.
  Property 'currentPage' does not exist on type 'IntrinsicAttributes'.
src/components/lineup/PayoutPreview.tsx(26,11): error TS2339: Property 'getPlayerPrediction' does not exist on type '{ loadPredictions: () => Promise<void>; getPredictionById: (id: string) => { id: string; event: string; market: string; selection: string; modelOutput: PredictionModelOutput; timestamp: number; }; getRecentPredictions: (limit?: number) => { ...; }[]; predictions: { ...; }[]; loading: boolean; error: string; }'.
src/components/LineupComparisonTable.tsx(3,10): error TS2305: Module '"@/types"' has no exported member 'Lineup'.
src/components/LineupComparisonTable.tsx(3,18): error TS2305: Module '"@/types"' has no exported member 'LineupType'.
src/components/LiveOddsTicker.tsx(14,25): error TS2352: Conversion of type 'OddsData' to type 'Record<string, BookOdds>' may be a mistake because neither type sufficiently overlaps with the other. If this was intentional, convert the expression to 'unknown' first.
  Index signature for type 'string' is missing in type 'OddsData'.
src/components/LoginForm.tsx(3,25): error TS2307: Cannot find module '../../providers/AuthProvider' or its corresponding type declarations.
src/components/MarketAnalysisDashboard.tsx(84,3): error TS2305: Module '"../types/betting"' has no exported member 'OddsMovement'.
src/components/MarketAnalysisDashboard.tsx(85,3): error TS2305: Module '"../types/betting"' has no exported member 'VolumeAnalysis'.
src/components/MarketAnalysisDashboard.tsx(88,3): error TS2305: Module '"../types/betting"' has no exported member 'MarketDepth'.
src/components/MarketAnalysisDashboard.tsx(89,3): error TS2305: Module '"../types/betting"' has no exported member 'LiquidityMetrics'.
src/components/MarketAnalysisDashboard.tsx(90,3): error TS2305: Module '"../types/betting"' has no exported member 'MarketVolatility'.
src/components/MarketAnalysisDashboard.tsx(224,36): error TS2339: Property 'totalVolume' does not exist on type 'MarketMetrics'.
src/components/MarketAnalysisDashboard.tsx(225,32): error TS2339: Property 'avgOdds' does not exist on type 'MarketMetrics'.
src/components/MarketAnalysisDashboard.tsx(227,38): error TS2339: Property 'overallEfficiency' does not exist on type 'MarketEfficiencyMetrics'.
src/components/MarketAnalysisDashboard.tsx(277,30): error TS2339: Property 'positive' does not exist on type 'SentimentData'.
src/components/MarketAnalysisDashboard.tsx(280,47): error TS2339: Property 'neutral' does not exist on type 'SentimentData'.
src/components/MarketAnalysisDashboard.tsx(281,48): error TS2339: Property 'negative' does not exist on type 'SentimentData'.
src/components/MarketAnalysisDashboard.tsx(330,39): error TS2339: Property 'overallEfficiency' does not exist on type 'MarketEfficiencyMetrics'.
src/components/MarketAnalysisDashboard.tsx(332,40): error TS2339: Property 'overall' does not exist on type 'SentimentData'.
src/components/MarketAnalysisDashboard.tsx(364,20): error TS2339: Property 'overallEfficiency' does not exist on type 'MarketEfficiencyMetrics'.
src/components/MarketAnalysisDashboard.tsx(488,14): error TS2769: No overload matches this call.
  Overload 1 of 2, '(props: { component: ElementType<any, keyof IntrinsicElements>; } & GridBaseProps & { sx?: SxProps<Theme>; } & SystemProps<Theme> & Omit<...>): Element', gave the following error.
    Property 'component' is missing in type '{ children: Element; item: true; xs: number; sm: number; md: number; }' but required in type '{ component: ElementType<any, keyof IntrinsicElements>; }'.
  Overload 2 of 2, '(props: DefaultComponentProps<GridTypeMap<{}, "div">>): Element', gave the following error.
    Type '{ children: Element; item: true; xs: number; sm: number; md: number; }' is not assignable to type 'IntrinsicAttributes & GridBaseProps & { sx?: SxProps<Theme>; } & SystemProps<Theme> & Omit<Omit<DetailedHTMLProps<HTMLAttributes<HTMLDivElement>, HTMLDivElement>, "ref"> & { ...; }, "sx" | ... 1 more ... | keyof GridBaseProps>'.
      Property 'item' does not exist on type 'IntrinsicAttributes & GridBaseProps & { sx?: SxProps<Theme>; } & SystemProps<Theme> & Omit<Omit<DetailedHTMLProps<HTMLAttributes<HTMLDivElement>, HTMLDivElement>, "ref"> & { ...; }, "sx" | ... 1 more ... | keyof GridBaseProps>'.
src/components/MarketAnalysisDashboard.tsx(491,44): error TS2339: Property 'totalVolume' does not exist on type 'MarketMetrics'.
src/components/MarketAnalysisDashboard.tsx(514,14): error TS2769: No overload matches this call.
  Overload 1 of 2, '(props: { component: ElementType<any, keyof IntrinsicElements>; } & GridBaseProps & { sx?: SxProps<Theme>; } & SystemProps<Theme> & Omit<...>): Element', gave the following error.
    Property 'component' is missing in type '{ children: Element; item: true; xs: number; sm: number; md: number; }' but required in type '{ component: ElementType<any, keyof IntrinsicElements>; }'.
  Overload 2 of 2, '(props: DefaultComponentProps<GridTypeMap<{}, "div">>): Element', gave the following error.
    Type '{ children: Element; item: true; xs: number; sm: number; md: number; }' is not assignable to type 'IntrinsicAttributes & GridBaseProps & { sx?: SxProps<Theme>; } & SystemProps<Theme> & Omit<Omit<DetailedHTMLProps<HTMLAttributes<HTMLDivElement>, HTMLDivElement>, "ref"> & { ...; }, "sx" | ... 1 more ... | keyof GridBaseProps>'.
      Property 'item' does not exist on type 'IntrinsicAttributes & GridBaseProps & { sx?: SxProps<Theme>; } & SystemProps<Theme> & Omit<Omit<DetailedHTMLProps<HTMLAttributes<HTMLDivElement>, HTMLDivElement>, "ref"> & { ...; }, "sx" | ... 1 more ... | keyof GridBaseProps>'.
src/components/MarketAnalysisDashboard.tsx(517,50): error TS2339: Property 'overallEfficiency' does not exist on type 'MarketEfficiencyMetrics'.
src/components/MarketAnalysisDashboard.tsx(525,36): error TS2339: Property 'overallEfficiency' does not exist on type 'MarketEfficiencyMetrics'.
src/components/MarketAnalysisDashboard.tsx(527,40): error TS2339: Property 'overallEfficiency' does not exist on type 'MarketEfficiencyMetrics'.
src/components/MarketAnalysisDashboard.tsx(532,36): error TS2339: Property 'overallEfficiency' does not exist on type 'MarketEfficiencyMetrics'.
src/components/MarketAnalysisDashboard.tsx(534,40): error TS2339: Property 'overallEfficiency' does not exist on type 'MarketEfficiencyMetrics'.
src/components/MarketAnalysisDashboard.tsx(544,14): error TS2769: No overload matches this call.
  Overload 1 of 2, '(props: { component: ElementType<any, keyof IntrinsicElements>; } & GridBaseProps & { sx?: SxProps<Theme>; } & SystemProps<Theme> & Omit<...>): Element', gave the following error.
    Property 'component' is missing in type '{ children: Element; item: true; xs: number; sm: number; md: number; }' but required in type '{ component: ElementType<any, keyof IntrinsicElements>; }'.
  Overload 2 of 2, '(props: DefaultComponentProps<GridTypeMap<{}, "div">>): Element', gave the following error.
    Type '{ children: Element; item: true; xs: number; sm: number; md: number; }' is not assignable to type 'IntrinsicAttributes & GridBaseProps & { sx?: SxProps<Theme>; } & SystemProps<Theme> & Omit<Omit<DetailedHTMLProps<HTMLAttributes<HTMLDivElement>, HTMLDivElement>, "ref"> & { ...; }, "sx" | ... 1 more ... | keyof GridBaseProps>'.
      Property 'item' does not exist on type 'IntrinsicAttributes & GridBaseProps & { sx?: SxProps<Theme>; } & SystemProps<Theme> & Omit<Omit<DetailedHTMLProps<HTMLAttributes<HTMLDivElement>, HTMLDivElement>, "ref"> & { ...; }, "sx" | ... 1 more ... | keyof GridBaseProps>'.
src/components/MarketAnalysisDashboard.tsx(574,14): error TS2769: No overload matches this call.
  Overload 1 of 2, '(props: { component: ElementType<any, keyof IntrinsicElements>; } & GridBaseProps & { sx?: SxProps<Theme>; } & SystemProps<Theme> & Omit<...>): Element', gave the following error.
    Property 'component' is missing in type '{ children: Element; item: true; xs: number; sm: number; md: number; }' but required in type '{ component: ElementType<any, keyof IntrinsicElements>; }'.
  Overload 2 of 2, '(props: DefaultComponentProps<GridTypeMap<{}, "div">>): Element', gave the following error.
    Type '{ children: Element; item: true; xs: number; sm: number; md: number; }' is not assignable to type 'IntrinsicAttributes & GridBaseProps & { sx?: SxProps<Theme>; } & SystemProps<Theme> & Omit<Omit<DetailedHTMLProps<HTMLAttributes<HTMLDivElement>, HTMLDivElement>, "ref"> & { ...; }, "sx" | ... 1 more ... | keyof GridBaseProps>'.
      Property 'item' does not exist on type 'IntrinsicAttributes & GridBaseProps & { sx?: SxProps<Theme>; } & SystemProps<Theme> & Omit<Omit<DetailedHTMLProps<HTMLAttributes<HTMLDivElement>, HTMLDivElement>, "ref"> & { ...; }, "sx" | ... 1 more ... | keyof GridBaseProps>'.
src/components/MarketAnalysisDashboard.tsx(658,16): error TS2769: No overload matches this call.
  Overload 1 of 2, '(props: { component: ElementType<any, keyof IntrinsicElements>; } & GridBaseProps & { sx?: SxProps<Theme>; } & SystemProps<Theme> & Omit<...>): Element', gave the following error.
    Property 'component' is missing in type '{ children: Element; item: true; xs: number; md: number; }' but required in type '{ component: ElementType<any, keyof IntrinsicElements>; }'.
  Overload 2 of 2, '(props: DefaultComponentProps<GridTypeMap<{}, "div">>): Element', gave the following error.
    Type '{ children: Element; item: true; xs: number; md: number; }' is not assignable to type 'IntrinsicAttributes & GridBaseProps & { sx?: SxProps<Theme>; } & SystemProps<Theme> & Omit<Omit<DetailedHTMLProps<HTMLAttributes<HTMLDivElement>, HTMLDivElement>, "ref"> & { ...; }, "sx" | ... 1 more ... | keyof GridBaseProps>'.
      Property 'item' does not exist on type 'IntrinsicAttributes & GridBaseProps & { sx?: SxProps<Theme>; } & SystemProps<Theme> & Omit<Omit<DetailedHTMLProps<HTMLAttributes<HTMLDivElement>, HTMLDivElement>, "ref"> & { ...; }, "sx" | ... 1 more ... | keyof GridBaseProps>'.
src/components/MarketAnalysisDashboard.tsx(692,16): error TS2769: No overload matches this call.
  Overload 1 of 2, '(props: { component: ElementType<any, keyof IntrinsicElements>; } & GridBaseProps & { sx?: SxProps<Theme>; } & SystemProps<Theme> & Omit<...>): Element', gave the following error.
    Property 'component' is missing in type '{ children: Element; item: true; xs: number; md: number; }' but required in type '{ component: ElementType<any, keyof IntrinsicElements>; }'.
  Overload 2 of 2, '(props: DefaultComponentProps<GridTypeMap<{}, "div">>): Element', gave the following error.
    Type '{ children: Element; item: true; xs: number; md: number; }' is not assignable to type 'IntrinsicAttributes & GridBaseProps & { sx?: SxProps<Theme>; } & SystemProps<Theme> & Omit<Omit<DetailedHTMLProps<HTMLAttributes<HTMLDivElement>, HTMLDivElement>, "ref"> & { ...; }, "sx" | ... 1 more ... | keyof GridBaseProps>'.
      Property 'item' does not exist on type 'IntrinsicAttributes & GridBaseProps & { sx?: SxProps<Theme>; } & SystemProps<Theme> & Omit<Omit<DetailedHTMLProps<HTMLAttributes<HTMLDivElement>, HTMLDivElement>, "ref"> & { ...; }, "sx" | ... 1 more ... | keyof GridBaseProps>'.
src/components/MarketAnalysisDashboard.tsx(751,16): error TS2769: No overload matches this call.
  Overload 1 of 2, '(props: { component: ElementType<any, keyof IntrinsicElements>; } & GridBaseProps & { sx?: SxProps<Theme>; } & SystemProps<Theme> & Omit<...>): Element', gave the following error.
    Property 'component' is missing in type '{ children: Element; item: true; xs: number; md: number; }' but required in type '{ component: ElementType<any, keyof IntrinsicElements>; }'.
  Overload 2 of 2, '(props: DefaultComponentProps<GridTypeMap<{}, "div">>): Element', gave the following error.
    Type '{ children: Element; item: true; xs: number; md: number; }' is not assignable to type 'IntrinsicAttributes & GridBaseProps & { sx?: SxProps<Theme>; } & SystemProps<Theme> & Omit<Omit<DetailedHTMLProps<HTMLAttributes<HTMLDivElement>, HTMLDivElement>, "ref"> & { ...; }, "sx" | ... 1 more ... | keyof GridBaseProps>'.
      Property 'item' does not exist on type 'IntrinsicAttributes & GridBaseProps & { sx?: SxProps<Theme>; } & SystemProps<Theme> & Omit<Omit<DetailedHTMLProps<HTMLAttributes<HTMLDivElement>, HTMLDivElement>, "ref"> & { ...; }, "sx" | ... 1 more ... | keyof GridBaseProps>'.
src/components/MarketAnalysisDashboard.tsx(768,16): error TS2769: No overload matches this call.
  Overload 1 of 2, '(props: { component: ElementType<any, keyof IntrinsicElements>; } & GridBaseProps & { sx?: SxProps<Theme>; } & SystemProps<Theme> & Omit<...>): Element', gave the following error.
    Property 'component' is missing in type '{ children: Element; item: true; xs: number; md: number; }' but required in type '{ component: ElementType<any, keyof IntrinsicElements>; }'.
  Overload 2 of 2, '(props: DefaultComponentProps<GridTypeMap<{}, "div">>): Element', gave the following error.
    Type '{ children: Element; item: true; xs: number; md: number; }' is not assignable to type 'IntrinsicAttributes & GridBaseProps & { sx?: SxProps<Theme>; } & SystemProps<Theme> & Omit<Omit<DetailedHTMLProps<HTMLAttributes<HTMLDivElement>, HTMLDivElement>, "ref"> & { ...; }, "sx" | ... 1 more ... | keyof GridBaseProps>'.
      Property 'item' does not exist on type 'IntrinsicAttributes & GridBaseProps & { sx?: SxProps<Theme>; } & SystemProps<Theme> & Omit<Omit<DetailedHTMLProps<HTMLAttributes<HTMLDivElement>, HTMLDivElement>, "ref"> & { ...; }, "sx" | ... 1 more ... | keyof GridBaseProps>'.
src/components/MarketAnalysisDashboard.tsx(822,16): error TS2769: No overload matches this call.
  Overload 1 of 2, '(props: { component: ElementType<any, keyof IntrinsicElements>; } & GridBaseProps & { sx?: SxProps<Theme>; } & SystemProps<Theme> & Omit<...>): Element', gave the following error.
    Property 'component' is missing in type '{ children: Element; item: true; xs: number; md: number; }' but required in type '{ component: ElementType<any, keyof IntrinsicElements>; }'.
  Overload 2 of 2, '(props: DefaultComponentProps<GridTypeMap<{}, "div">>): Element', gave the following error.
    Type '{ children: Element; item: true; xs: number; md: number; }' is not assignable to type 'IntrinsicAttributes & GridBaseProps & { sx?: SxProps<Theme>; } & SystemProps<Theme> & Omit<Omit<DetailedHTMLProps<HTMLAttributes<HTMLDivElement>, HTMLDivElement>, "ref"> & { ...; }, "sx" | ... 1 more ... | keyof GridBaseProps>'.
      Property 'item' does not exist on type 'IntrinsicAttributes & GridBaseProps & { sx?: SxProps<Theme>; } & SystemProps<Theme> & Omit<Omit<DetailedHTMLProps<HTMLAttributes<HTMLDivElement>, HTMLDivElement>, "ref"> & { ...; }, "sx" | ... 1 more ... | keyof GridBaseProps>'.
src/components/MarketAnalysisDashboard.tsx(829,24): error TS2304: Cannot find name 'Pie'.
src/components/MarketAnalysisDashboard.tsx(843,25): error TS2304: Cannot find name 'Pie'.
src/components/MarketAnalysisDashboard.tsx(850,16): error TS2769: No overload matches this call.
  Overload 1 of 2, '(props: { component: ElementType<any, keyof IntrinsicElements>; } & GridBaseProps & { sx?: SxProps<Theme>; } & SystemProps<Theme> & Omit<...>): Element', gave the following error.
    Property 'component' is missing in type '{ children: Element; item: true; xs: number; md: number; }' but required in type '{ component: ElementType<any, keyof IntrinsicElements>; }'.
  Overload 2 of 2, '(props: DefaultComponentProps<GridTypeMap<{}, "div">>): Element', gave the following error.
    Type '{ children: Element; item: true; xs: number; md: number; }' is not assignable to type 'IntrinsicAttributes & GridBaseProps & { sx?: SxProps<Theme>; } & SystemProps<Theme> & Omit<Omit<DetailedHTMLProps<HTMLAttributes<HTMLDivElement>, HTMLDivElement>, "ref"> & { ...; }, "sx" | ... 1 more ... | keyof GridBaseProps>'.
      Property 'item' does not exist on type 'IntrinsicAttributes & GridBaseProps & { sx?: SxProps<Theme>; } & SystemProps<Theme> & Omit<Omit<DetailedHTMLProps<HTMLAttributes<HTMLDivElement>, HTMLDivElement>, "ref"> & { ...; }, "sx" | ... 1 more ... | keyof GridBaseProps>'.
src/components/MarketAnalysisDashboard.tsx(864,43): error TS2339: Property 'overall' does not exist on type 'SentimentData'.
src/components/MarketAnalysisDashboard.tsx(866,47): error TS2339: Property 'overall' does not exist on type 'SentimentData'.
src/components/MarketAnalysisDashboard.tsx(871,43): error TS2339: Property 'overall' does not exist on type 'SentimentData'.
src/components/MarketAnalysisDashboard.tsx(885,63): error TS2339: Property 'positive' does not exist on type 'SentimentData'.
src/components/MarketAnalysisDashboard.tsx(891,63): error TS2339: Property 'neutral' does not exist on type 'SentimentData'.
src/components/MarketAnalysisDashboard.tsx(897,63): error TS2339: Property 'negative' does not exist on type 'SentimentData'.
src/components/MarketAnalysisDashboard.tsx(913,46): error TS2339: Property 'volumeWeighted' does not exist on type 'SentimentData'.
src/components/MarketAnalysisDashboard.tsx(921,46): error TS2339: Property 'socialMedia' does not exist on type 'SentimentData'.
src/components/MarketAnalysisDashboard.tsx(929,46): error TS2339: Property 'newsImpact' does not exist on type 'SentimentData'.
src/components/MarketAnalysisDashboard.tsx(944,16): error TS2769: No overload matches this call.
  Overload 1 of 2, '(props: { component: ElementType<any, keyof IntrinsicElements>; } & GridBaseProps & { sx?: SxProps<Theme>; } & SystemProps<Theme> & Omit<...>): Element', gave the following error.
    Property 'component' is missing in type '{ children: Element; item: true; xs: number; md: number; }' but required in type '{ component: ElementType<any, keyof IntrinsicElements>; }'.
  Overload 2 of 2, '(props: DefaultComponentProps<GridTypeMap<{}, "div">>): Element', gave the following error.
    Type '{ children: Element; item: true; xs: number; md: number; }' is not assignable to type 'IntrinsicAttributes & GridBaseProps & { sx?: SxProps<Theme>; } & SystemProps<Theme> & Omit<Omit<DetailedHTMLProps<HTMLAttributes<HTMLDivElement>, HTMLDivElement>, "ref"> & { ...; }, "sx" | ... 1 more ... | keyof GridBaseProps>'.
      Property 'item' does not exist on type 'IntrinsicAttributes & GridBaseProps & { sx?: SxProps<Theme>; } & SystemProps<Theme> & Omit<Omit<DetailedHTMLProps<HTMLAttributes<HTMLDivElement>, HTMLDivElement>, "ref"> & { ...; }, "sx" | ... 1 more ... | keyof GridBaseProps>'.
src/components/MarketAnalysisDashboard.tsx(980,16): error TS2769: No overload matches this call.
  Overload 1 of 2, '(props: { component: ElementType<any, keyof IntrinsicElements>; } & GridBaseProps & { sx?: SxProps<Theme>; } & SystemProps<Theme> & Omit<...>): Element', gave the following error.
    Property 'component' is missing in type '{ children: Element; item: true; xs: number; md: number; }' but required in type '{ component: ElementType<any, keyof IntrinsicElements>; }'.
  Overload 2 of 2, '(props: DefaultComponentProps<GridTypeMap<{}, "div">>): Element', gave the following error.
    Type '{ children: Element; item: true; xs: number; md: number; }' is not assignable to type 'IntrinsicAttributes & GridBaseProps & { sx?: SxProps<Theme>; } & SystemProps<Theme> & Omit<Omit<DetailedHTMLProps<HTMLAttributes<HTMLDivElement>, HTMLDivElement>, "ref"> & { ...; }, "sx" | ... 1 more ... | keyof GridBaseProps>'.
      Property 'item' does not exist on type 'IntrinsicAttributes & GridBaseProps & { sx?: SxProps<Theme>; } & SystemProps<Theme> & Omit<Omit<DetailedHTMLProps<HTMLAttributes<HTMLDivElement>, HTMLDivElement>, "ref"> & { ...; }, "sx" | ... 1 more ... | keyof GridBaseProps>'.
src/components/MarketAnalysisDashboard.tsx(1077,53): error TS2345: Argument of type 'number' is not assignable to parameter of type 'string | Date'.
src/components/MarketAnalysisDashboard.tsx(1086,28): error TS2769: No overload matches this call.
  Overload 1 of 2, '(props: { component: ElementType<any, keyof IntrinsicElements>; } & GridBaseProps & { sx?: SxProps<Theme>; } & SystemProps<Theme> & Omit<...>): Element', gave the following error.
    Property 'component' is missing in type '{ children: Element[]; item: true; xs: number; md: number; }' but required in type '{ component: ElementType<any, keyof IntrinsicElements>; }'.
  Overload 2 of 2, '(props: DefaultComponentProps<GridTypeMap<{}, "div">>): Element', gave the following error.
    Type '{ children: Element[]; item: true; xs: number; md: number; }' is not assignable to type 'IntrinsicAttributes & GridBaseProps & { sx?: SxProps<Theme>; } & SystemProps<Theme> & Omit<Omit<DetailedHTMLProps<HTMLAttributes<HTMLDivElement>, HTMLDivElement>, "ref"> & { ...; }, "sx" | ... 1 more ... | keyof GridBaseProps>'.
      Property 'item' does not exist on type 'IntrinsicAttributes & GridBaseProps & { sx?: SxProps<Theme>; } & SystemProps<Theme> & Omit<Omit<DetailedHTMLProps<HTMLAttributes<HTMLDivElement>, HTMLDivElement>, "ref"> & { ...; }, "sx" | ... 1 more ... | keyof GridBaseProps>'.
src/components/MarketAnalysisDashboard.tsx(1092,65): error TS2339: Property 'impact' does not exist on type 'MarketAnomaly'.
src/components/MarketAnalysisDashboard.tsx(1096,40): error TS2339: Property 'recommendation' does not exist on type 'MarketAnomaly'.
src/components/MarketAnalysisDashboard.tsx(1099,28): error TS2769: No overload matches this call.
  Overload 1 of 2, '(props: { component: ElementType<any, keyof IntrinsicElements>; } & GridBaseProps & { sx?: SxProps<Theme>; } & SystemProps<Theme> & Omit<...>): Element', gave the following error.
    Property 'component' is missing in type '{ children: Element; item: true; xs: number; md: number; }' but required in type '{ component: ElementType<any, keyof IntrinsicElements>; }'.
  Overload 2 of 2, '(props: DefaultComponentProps<GridTypeMap<{}, "div">>): Element', gave the following error.
    Type '{ children: Element; item: true; xs: number; md: number; }' is not assignable to type 'IntrinsicAttributes & GridBaseProps & { sx?: SxProps<Theme>; } & SystemProps<Theme> & Omit<Omit<DetailedHTMLProps<HTMLAttributes<HTMLDivElement>, HTMLDivElement>, "ref"> & { ...; }, "sx" | ... 1 more ... | keyof GridBaseProps>'.
      Property 'item' does not exist on type 'IntrinsicAttributes & GridBaseProps & { sx?: SxProps<Theme>; } & SystemProps<Theme> & Omit<Omit<DetailedHTMLProps<HTMLAttributes<HTMLDivElement>, HTMLDivElement>, "ref"> & { ...; }, "sx" | ... 1 more ... | keyof GridBaseProps>'.
src/components/MarketAnalysisDashboard.tsx(1106,48): error TS2339: Property 'confidence' does not exist on type 'MarketAnomaly'.
src/components/MarketAnalysisDashboard.tsx(1110,59): error TS2339: Property 'confidence' does not exist on type 'MarketAnomaly'.
src/components/MarketAnalysisDashboard.tsx(1160,61): error TS2339: Property 'profitMargin' does not exist on type 'ArbitrageOpportunity'.
src/components/mega/MegaAdminPanel.tsx(532,9): error TS2322: Type '"panel"' is not assignable to type '"default" | "bordered" | "glass" | "glowing"'.
src/components/mega/MegaAdminPanel.tsx(591,13): error TS2322: Type '{ children: Element[]; variant: "glass"; padding: "lg"; style: { textAlign: string; }; }' is not assignable to type 'IntrinsicAttributes & { children: ReactNode; title?: string; subtitle?: string; headerActions?: ReactNode; footer?: ReactNode; variant?: "default" | ... 2 more ... | "glowing"; padding?: "none" | ... 2 more ... | "md"; className?: string; onClick?: () => void; }'.
  Property 'style' does not exist on type 'IntrinsicAttributes & { children: ReactNode; title?: string; subtitle?: string; headerActions?: ReactNode; footer?: ReactNode; variant?: "default" | ... 2 more ... | "glowing"; padding?: "none" | ... 2 more ... | "md"; className?: string; onClick?: () => void; }'.
src/components/mega/MegaApp.tsx(9,3): error TS2305: Module '"../index"' has no exported member 'UniversalDashboard'.
src/components/mega/MegaApp.tsx(10,3): error TS2305: Module '"../index"' has no exported member 'UniversalMoneyMaker'.
src/components/mega/MegaApp.tsx(11,3): error TS2305: Module '"../index"' has no exported member 'UniversalAnalytics'.
src/components/mega/MegaApp.tsx(80,18): error TS2304: Cannot find name 'MegaDashboard'.
src/components/mega/MegaApp.tsx(87,18): error TS2304: Cannot find name 'MegaBetting'.
src/components/mega/MegaApp.tsx(101,18): error TS2304: Cannot find name 'MegaAnalytics'.
src/components/mega/MegaApp.tsx(196,17): error TS2322: Type '{ children: Element[]; variant: "glass"; padding: "lg"; style: { textAlign: string; }; }' is not assignable to type 'IntrinsicAttributes & { children: ReactNode; title?: string; subtitle?: string; headerActions?: ReactNode; footer?: ReactNode; variant?: "default" | ... 2 more ... | "glowing"; padding?: "none" | ... 2 more ... | "md"; className?: string; onClick?: () => void; }'.
  Property 'style' does not exist on type 'IntrinsicAttributes & { children: ReactNode; title?: string; subtitle?: string; headerActions?: ReactNode; footer?: ReactNode; variant?: "default" | ... 2 more ... | "glowing"; padding?: "none" | ... 2 more ... | "md"; className?: string; onClick?: () => void; }'.
src/components/mega/MegaApp.tsx(217,12): error TS2304: Cannot find name 'MegaDashboard'.
src/components/mega/MegaApp.tsx(255,11): error TS2322: Type '{ title: string; subtitle: string; notifications: number; onNotificationsClick: () => void; user: { name: string; email: string; balance: number; tier: string; accuracy: number; winRate: number; totalProfit: number; }; darkMode: boolean; onDarkModeToggle: () => void; }' is not assignable to type 'IntrinsicAttributes & { title?: string; subtitle?: string; leftActions?: ReactNode; rightActions?: ReactNode; showSearch?: boolean; onSearch?: (query: string) => void; ... 4 more ...; className?: string; }'.
  Property 'darkMode' does not exist on type 'IntrinsicAttributes & { title?: string; subtitle?: string; leftActions?: ReactNode; rightActions?: ReactNode; showSearch?: boolean; onSearch?: (query: string) => void; ... 4 more ...; className?: string; }'.
src/components/mega/MegaDashboard.tsx(198,23): error TS2353: Object literal may only specify known properties, and 'space' does not exist in type 'Properties<string | number, string & {}>'.
src/components/mega/MegaFeatures.tsx(203,15): error TS2322: Type '{ children: string[]; variant: "primary" | "danger"; size: "sm"; onClick: () => void; style: { marginTop: string; width: string; }; }' is not assignable to type 'IntrinsicAttributes & { children: ReactNode; onClick?: () => void; variant?: "success" | "secondary" | "ghost" | "primary" | "danger"; size?: "sm" | "lg" | "md"; ... 5 more ...; className?: string; }'.
  Property 'style' does not exist on type 'IntrinsicAttributes & { children: ReactNode; onClick?: () => void; variant?: "success" | "secondary" | "ghost" | "primary" | "danger"; size?: "sm" | "lg" | "md"; ... 5 more ...; className?: string; }'.
src/components/mega/MegaFeatures.tsx(334,19): error TS2322: Type '{ children: string; variant: "primary"; size: "sm"; onClick: () => void; style: { marginBottom: string; }; }' is not assignable to type 'IntrinsicAttributes & { children: ReactNode; onClick?: () => void; variant?: "success" | "secondary" | "ghost" | "primary" | "danger"; size?: "sm" | "lg" | "md"; ... 5 more ...; className?: string; }'.
  Property 'style' does not exist on type 'IntrinsicAttributes & { children: ReactNode; onClick?: () => void; variant?: "success" | "secondary" | "ghost" | "primary" | "danger"; size?: "sm" | "lg" | "md"; ... 5 more ...; className?: string; }'.
src/components/mega/MegaLayout.tsx(680,23): error TS2322: Type 'ComponentType<any>' is not assignable to type 'ReactNode'.
  Type 'ComponentClass<any, any>' is not assignable to type 'ReactNode'.
src/components/mega/MegaLayout.tsx(747,35): error TS2322: Type 'ComponentType<any>' is not assignable to type 'ReactNode'.
  Type 'ComponentClass<any, any>' is not assignable to type 'ReactNode'.
src/components/mega/MegaLayout.tsx(751,29): error TS2322: Type '{ children: string; key: string; variant: "secondary"; onClick: () => void; icon: Element; style: { marginBottom: string; fontSize: string; padding: string; }; }' is not assignable to type 'IntrinsicAttributes & { children: ReactNode; onClick?: () => void; variant?: "success" | "secondary" | "ghost" | "primary" | "danger"; size?: "sm" | "lg" | "md"; ... 5 more ...; className?: string; }'.
  Property 'style' does not exist on type 'IntrinsicAttributes & { children: ReactNode; onClick?: () => void; variant?: "success" | "secondary" | "ghost" | "primary" | "danger"; size?: "sm" | "lg" | "md"; ... 5 more ...; className?: string; }'.
src/components/mega/MegaPrizePicks.tsx(455,9): error TS2322: Type '"panel"' is not assignable to type '"default" | "bordered" | "glass" | "glowing"'.
src/components/mega/MegaPrizePicks.tsx(523,11): error TS2322: Type '{ children: Element[]; variant: "glass"; padding: "lg"; style: { height: string; position: string; top: string; }; }' is not assignable to type 'IntrinsicAttributes & { children: ReactNode; title?: string; subtitle?: string; headerActions?: ReactNode; footer?: ReactNode; variant?: "default" | ... 2 more ... | "glowing"; padding?: "none" | ... 2 more ... | "md"; className?: string; onClick?: () => void; }'.
  Property 'style' does not exist on type 'IntrinsicAttributes & { children: ReactNode; title?: string; subtitle?: string; headerActions?: ReactNode; footer?: ReactNode; variant?: "default" | ... 2 more ... | "glowing"; padding?: "none" | ... 2 more ... | "md"; className?: string; onClick?: () => void; }'.
src/components/mega/MegaUI.tsx(157,59): error TS2339: Property 'boxShadow' does not exist on type '{ background: string; border: string; color: string; fontWeight: string; boxShadow: string; backdropFilter: string; } | { background: string; border: string; color: string; fontWeight: string; boxShadow: string; backdropFilter: string; } | { ...; } | { ...; } | { ...; }'.
  Property 'boxShadow' does not exist on type '{ background: string; border: string; color: string; fontWeight: string; backdropFilter: string; }'.
src/components/mega/MegaUI.tsx(426,16): error TS2741: Property 'children' is missing in type '{ variant: "ghost"; size: "sm"; onClick: () => void; icon: Element; }' but required in type '{ children: ReactNode; onClick?: () => void; variant?: "success" | "secondary" | "ghost" | "primary" | "danger"; size?: "sm" | "lg" | "md"; disabled?: boolean; loading?: boolean; icon?: ReactNode; iconPosition?: "left" | "right"; fullWidth?: boolean; className?: string; }'.
src/components/ml/UltraAdvancedMLDashboard.tsx(147,5): error TS2769: No overload matches this call.
  Overload 1 of 3, '(options: DefinedInitialDataOptions<unknown, Error, unknown, string[]>, queryClient?: QueryClient): DefinedUseQueryResult<unknown, Error>', gave the following error.
    Object literal may only specify known properties, and 'onError' does not exist in type 'DefinedInitialDataOptions<unknown, Error, unknown, string[]>'.
  Overload 2 of 3, '(options: UndefinedInitialDataOptions<AccuracyMetrics, Error, AccuracyMetrics, string[]>, queryClient?: QueryClient): UseQueryResult<...>', gave the following error.
    Object literal may only specify known properties, and 'onError' does not exist in type 'UndefinedInitialDataOptions<AccuracyMetrics, Error, AccuracyMetrics, string[]>'.
  Overload 3 of 3, '(options: UseQueryOptions<AccuracyMetrics, Error, AccuracyMetrics, string[]>, queryClient?: QueryClient): UseQueryResult<...>', gave the following error.
    Object literal may only specify known properties, and 'onError' does not exist in type 'UseQueryOptions<AccuracyMetrics, Error, AccuracyMetrics, string[]>'.
src/components/ml/UltraAdvancedMLDashboard.tsx(160,5): error TS2769: No overload matches this call.
  Overload 1 of 3, '(options: DefinedInitialDataOptions<unknown, Error, unknown, string[]>, queryClient?: QueryClient): DefinedUseQueryResult<unknown, Error>', gave the following error.
    Object literal may only specify known properties, and 'onError' does not exist in type 'DefinedInitialDataOptions<unknown, Error, unknown, string[]>'.
  Overload 2 of 3, '(options: UndefinedInitialDataOptions<HealthStatus, Error, HealthStatus, string[]>, queryClient?: QueryClient): UseQueryResult<...>', gave the following error.
    Object literal may only specify known properties, and 'onError' does not exist in type 'UndefinedInitialDataOptions<HealthStatus, Error, HealthStatus, string[]>'.
  Overload 3 of 3, '(options: UseQueryOptions<HealthStatus, Error, HealthStatus, string[]>, queryClient?: QueryClient): UseQueryResult<...>', gave the following error.
    Object literal may only specify known properties, and 'onError' does not exist in type 'UseQueryOptions<HealthStatus, Error, HealthStatus, string[]>'.
src/components/ml/UltraAdvancedMLDashboard.tsx(173,5): error TS2769: No overload matches this call.
  Overload 1 of 3, '(options: DefinedInitialDataOptions<unknown, Error, unknown, string[]>, queryClient?: QueryClient): DefinedUseQueryResult<unknown, Error>', gave the following error.
    Object literal may only specify known properties, and 'onError' does not exist in type 'DefinedInitialDataOptions<unknown, Error, unknown, string[]>'.
  Overload 2 of 3, '(options: UndefinedInitialDataOptions<any, Error, any, string[]>, queryClient?: QueryClient): UseQueryResult<any, Error>', gave the following error.
    Object literal may only specify known properties, and 'onError' does not exist in type 'UndefinedInitialDataOptions<any, Error, any, string[]>'.
  Overload 3 of 3, '(options: UseQueryOptions<any, Error, any, string[]>, queryClient?: QueryClient): UseQueryResult<any, Error>', gave the following error.
    Object literal may only specify known properties, and 'onError' does not exist in type 'UseQueryOptions<any, Error, any, string[]>'.
src/components/ml/UltraAdvancedMLDashboard.tsx(182,5): error TS2769: No overload matches this call.
  Overload 1 of 3, '(options: DefinedInitialDataOptions<unknown, Error, unknown, string[]>, queryClient?: QueryClient): DefinedUseQueryResult<unknown, Error>', gave the following error.
    Object literal may only specify known properties, and 'onError' does not exist in type 'DefinedInitialDataOptions<unknown, Error, unknown, string[]>'.
  Overload 2 of 3, '(options: UndefinedInitialDataOptions<any, Error, any, string[]>, queryClient?: QueryClient): UseQueryResult<any, Error>', gave the following error.
    Object literal may only specify known properties, and 'onError' does not exist in type 'UndefinedInitialDataOptions<any, Error, any, string[]>'.
  Overload 3 of 3, '(options: UseQueryOptions<any, Error, any, string[]>, queryClient?: QueryClient): UseQueryResult<any, Error>', gave the following error.
    Object literal may only specify known properties, and 'onError' does not exist in type 'UseQueryOptions<any, Error, any, string[]>'.
src/components/ml/UltraAdvancedMLDashboard.tsx(191,5): error TS2769: No overload matches this call.
  Overload 1 of 3, '(options: DefinedInitialDataOptions<unknown, Error, unknown, string[]>, queryClient?: QueryClient): DefinedUseQueryResult<unknown, Error>', gave the following error.
    Object literal may only specify known properties, and 'onError' does not exist in type 'DefinedInitialDataOptions<unknown, Error, unknown, string[]>'.
  Overload 2 of 3, '(options: UndefinedInitialDataOptions<any, Error, any, string[]>, queryClient?: QueryClient): UseQueryResult<any, Error>', gave the following error.
    Object literal may only specify known properties, and 'onError' does not exist in type 'UndefinedInitialDataOptions<any, Error, any, string[]>'.
  Overload 3 of 3, '(options: UseQueryOptions<any, Error, any, string[]>, queryClient?: QueryClient): UseQueryResult<any, Error>', gave the following error.
    Object literal may only specify known properties, and 'onError' does not exist in type 'UseQueryOptions<any, Error, any, string[]>'.
src/components/ml/UltraAdvancedMLDashboard.tsx(200,5): error TS2769: No overload matches this call.
  Overload 1 of 3, '(options: DefinedInitialDataOptions<unknown, Error, unknown, string[]>, queryClient?: QueryClient): DefinedUseQueryResult<unknown, Error>', gave the following error.
    Object literal may only specify known properties, and 'onError' does not exist in type 'DefinedInitialDataOptions<unknown, Error, unknown, string[]>'.
  Overload 2 of 3, '(options: UndefinedInitialDataOptions<any, Error, any, string[]>, queryClient?: QueryClient): UseQueryResult<any, Error>', gave the following error.
    Object literal may only specify known properties, and 'onError' does not exist in type 'UndefinedInitialDataOptions<any, Error, any, string[]>'.
  Overload 3 of 3, '(options: UseQueryOptions<any, Error, any, string[]>, queryClient?: QueryClient): UseQueryResult<any, Error>', gave the following error.
    Object literal may only specify known properties, and 'onError' does not exist in type 'UseQueryOptions<any, Error, any, string[]>'.
src/components/ml/UltraAdvancedMLDashboard.tsx(213,5): error TS2769: No overload matches this call.
  Overload 1 of 3, '(options: DefinedInitialDataOptions<unknown, Error, unknown, string[]>, queryClient?: QueryClient): DefinedUseQueryResult<unknown, Error>', gave the following error.
    Object literal may only specify known properties, and 'onError' does not exist in type 'DefinedInitialDataOptions<unknown, Error, unknown, string[]>'.
  Overload 2 of 3, '(options: UndefinedInitialDataOptions<any, Error, any, string[]>, queryClient?: QueryClient): UseQueryResult<any, Error>', gave the following error.
    Object literal may only specify known properties, and 'onError' does not exist in type 'UndefinedInitialDataOptions<any, Error, any, string[]>'.
  Overload 3 of 3, '(options: UseQueryOptions<any, Error, any, string[]>, queryClient?: QueryClient): UseQueryResult<any, Error>', gave the following error.
    Object literal may only specify known properties, and 'onError' does not exist in type 'UseQueryOptions<any, Error, any, string[]>'.
src/components/ml/UltraAdvancedMLDashboard.tsx(222,5): error TS2769: No overload matches this call.
  Overload 1 of 3, '(options: DefinedInitialDataOptions<unknown, Error, unknown, string[]>, queryClient?: QueryClient): DefinedUseQueryResult<unknown, Error>', gave the following error.
    Object literal may only specify known properties, and 'onError' does not exist in type 'DefinedInitialDataOptions<unknown, Error, unknown, string[]>'.
  Overload 2 of 3, '(options: UndefinedInitialDataOptions<any, Error, any, string[]>, queryClient?: QueryClient): UseQueryResult<any, Error>', gave the following error.
    Object literal may only specify known properties, and 'onError' does not exist in type 'UndefinedInitialDataOptions<any, Error, any, string[]>'.
  Overload 3 of 3, '(options: UseQueryOptions<any, Error, any, string[]>, queryClient?: QueryClient): UseQueryResult<any, Error>', gave the following error.
    Object literal may only specify known properties, and 'onError' does not exist in type 'UseQueryOptions<any, Error, any, string[]>'.
src/components/ml/UltraAdvancedMLDashboard.tsx(231,5): error TS2769: No overload matches this call.
  Overload 1 of 3, '(options: DefinedInitialDataOptions<unknown, Error, unknown, string[]>, queryClient?: QueryClient): DefinedUseQueryResult<unknown, Error>', gave the following error.
    Object literal may only specify known properties, and 'onError' does not exist in type 'DefinedInitialDataOptions<unknown, Error, unknown, string[]>'.
  Overload 2 of 3, '(options: UndefinedInitialDataOptions<any, Error, any, string[]>, queryClient?: QueryClient): UseQueryResult<any, Error>', gave the following error.
    Object literal may only specify known properties, and 'onError' does not exist in type 'UndefinedInitialDataOptions<any, Error, any, string[]>'.
  Overload 3 of 3, '(options: UseQueryOptions<any, Error, any, string[]>, queryClient?: QueryClient): UseQueryResult<any, Error>', gave the following error.
    Object literal may only specify known properties, and 'onError' does not exist in type 'UseQueryOptions<any, Error, any, string[]>'.
src/components/ml/UltraAdvancedMLDashboard.tsx(246,35): error TS2339: Property 'status' does not exist on type 'unknown'.
src/components/ml/UltraAdvancedMLDashboard.tsx(247,41): error TS2339: Property 'overall_accuracy' does not exist on type 'unknown'.
src/components/ml/UltraAdvancedMLDashboard.tsx(248,41): error TS2339: Property 'cpu_usage' does not exist on type 'unknown'.
src/components/ml/UltraAdvancedMLDashboard.tsx(256,20): error TS2339: Property 'status' does not exist on type 'unknown'.
src/components/ml/UltraAdvancedMLDashboard.tsx(259,36): error TS2339: Property 'cpu_usage' does not exist on type 'unknown'.
src/components/ml/UltraAdvancedMLDashboard.tsx(260,36): error TS2339: Property 'memory_usage' does not exist on type 'unknown'.
src/components/ml/UltraAdvancedMLDashboard.tsx(261,36): error TS2339: Property 'disk_usage' does not exist on type 'unknown'.
src/components/ml/UltraAdvancedMLDashboard.tsx(262,30): error TS2339: Property 'overall_accuracy' does not exist on type 'unknown'.
src/components/ml/UltraAdvancedMLDashboard.tsx(267,33): error TS2339: Property 'cpu_usage' does not exist on type 'unknown'.
src/components/ml/UltraAdvancedMLDashboard.tsx(268,36): error TS2339: Property 'memory_usage' does not exist on type 'unknown'.
src/components/ml/UltraAdvancedMLDashboard.tsx(269,34): error TS2339: Property 'disk_usage' does not exist on type 'unknown'.
src/components/ml/UltraAdvancedMLDashboard.tsx(270,39): error TS2339: Property 'network_latency' does not exist on type 'unknown'.
src/components/ml/UltraAdvancedMLDashboard.tsx(271,42): error TS2339: Property 'active_connections' does not exist on type 'unknown'.
src/components/ml/UltraAdvancedMLDashboard.tsx(272,31): error TS2339: Property 'error_rate' does not exist on type 'unknown'.
src/components/ml/UltraAdvancedMLDashboard.tsx(273,28): error TS2339: Property 'uptime' does not exist on type 'unknown'.
src/components/ml/UltraAdvancedMLDashboard.tsx(274,34): error TS2339: Property 'response_time_ms' does not exist on type 'unknown'.
src/components/ml/UltraAdvancedMLDashboard.tsx(275,35): error TS2339: Property 'requests_per_second' does not exist on type 'unknown'.
src/components/ml/UltraAdvancedMLDashboard.tsx(277,30): error TS2339: Property 'services' does not exist on type 'unknown'.
src/components/ml/UltraAdvancedMLDashboard.tsx(278,31): error TS2339: Property 'alerts' does not exist on type 'unknown'.
src/components/ml/UltraAdvancedMLDashboard.tsx(289,33): error TS2339: Property 'overall_accuracy' does not exist on type 'unknown'.
src/components/ml/UltraAdvancedMLDashboard.tsx(298,33): error TS2339: Property 'calibration_error' does not exist on type 'unknown'.
src/components/ml/UltraAdvancedMLDashboard.tsx(308,36): error TS2339: Property 'diversity_score' does not exist on type 'unknown'.
src/components/ml/UltraAdvancedMLDashboard.tsx(316,34): error TS2339: Property 'prediction_stability' does not exist on type 'unknown'.
src/components/ml/UltraAdvancedMLDashboard.tsx(327,28): error TS2339: Property 'feature_importance_stability' does not exist on type 'unknown'.
src/components/ml/UltraAdvancedMLDashboard.tsx(336,36): error TS2339: Property 'model_quality_score' does not exist on type 'unknown'.
src/components/ml/UltraAdvancedMLDashboard.tsx(409,18): error TS2339: Property 'createUnifiedPrediction' does not exist on type 'typeof ApiService'.
src/components/ml/UltraAdvancedMLDashboard.tsx(439,30): error TS2339: Property 'candidate_models' does not exist on type 'unknown'.
src/components/ml/UltraAdvancedMLDashboard.tsx(441,43): error TS2339: Property 'candidate_models' does not exist on type 'unknown'.
src/components/ml/UltraAdvancedMLDashboard.tsx(473,36): error TS2339: Property 'cpu_usage' does not exist on type 'unknown'.
src/components/ml/UltraAdvancedMLDashboard.tsx(474,36): error TS2339: Property 'memory_usage' does not exist on type 'unknown'.
src/components/ml/UltraAdvancedMLDashboard.tsx(475,36): error TS2339: Property 'disk_usage' does not exist on type 'unknown'.
src/components/ml/UltraAdvancedMLDashboard.tsx(476,30): error TS2339: Property 'overall_accuracy' does not exist on type 'unknown'.
src/components/ml/UltraAdvancedMLDashboard.tsx(477,30): error TS2339: Property 'performance_stability' does not exist on type 'unknown'.
src/components/ml/UltraAdvancedMLDashboard.tsx(478,35): error TS2339: Property 'calibration_error' does not exist on type 'unknown'.
src/components/ml/UltraAdvancedMLDashboard.tsx(570,31): error TS2339: Property 'overall_accuracy' does not exist on type 'unknown'.
src/components/ml/UltraAdvancedMLDashboard.tsx(578,30): error TS2339: Property 'candidate_models' does not exist on type 'unknown'.
src/components/ml/UltraAdvancedMLDashboard.tsx(711,17): error TS2322: Type 'UseMutateFunction<any, Error, void, unknown>' is not assignable to type 'MouseEventHandler<HTMLButtonElement>'.
  Types of parameters 'variables' and 'event' are incompatible.
    Type 'MouseEvent<HTMLButtonElement, MouseEvent>' is not assignable to type 'void'.
src/components/ml/UltraAdvancedMLDashboard.tsx(977,50): error TS2339: Property 'cpu_usage' does not exist on type 'unknown'.
src/components/ml/UltraAdvancedMLDashboard.tsx(982,49): error TS2339: Property 'cpu_usage' does not exist on type 'unknown'.
src/components/ml/UltraAdvancedMLDashboard.tsx(991,50): error TS2339: Property 'memory_usage' does not exist on type 'unknown'.
src/components/ml/UltraAdvancedMLDashboard.tsx(996,49): error TS2339: Property 'memory_usage' does not exist on type 'unknown'.
src/components/ml/UltraAdvancedMLDashboard.tsx(1005,50): error TS2339: Property 'disk_usage' does not exist on type 'unknown'.
src/components/ml/UltraAdvancedMLDashboard.tsx(1010,49): error TS2339: Property 'disk_usage' does not exist on type 'unknown'.
src/components/ml/UltraAdvancedMLDashboard.tsx(1049,39): error TS2339: Property 'candidate_models' does not exist on type 'unknown'.
src/components/ml/UltraAdvancedMLDashboard.tsx(1125,33): error TS2322: Type '{ children: string; size: string; className: string; }' is not assignable to type 'IntrinsicAttributes & BadgeProps & RefAttributes<HTMLSpanElement>'.
  Property 'size' does not exist on type 'IntrinsicAttributes & BadgeProps & RefAttributes<HTMLSpanElement>'.
src/components/ml/UltraAdvancedMLDashboard.tsx(1133,33): error TS2322: Type '{ children: string; size: string; className: string; }' is not assignable to type 'IntrinsicAttributes & BadgeProps & RefAttributes<HTMLSpanElement>'.
  Property 'size' does not exist on type 'IntrinsicAttributes & BadgeProps & RefAttributes<HTMLSpanElement>'.
src/components/ml/UltraAdvancedMLDashboard.tsx(1156,19): error TS2322: Type 'UseMutateFunction<any, Error, void, unknown>' is not assignable to type 'MouseEventHandler<HTMLButtonElement>'.
  Types of parameters 'variables' and 'event' are incompatible.
    Type 'MouseEvent<HTMLButtonElement, MouseEvent>' is not assignable to type 'void'.
src/components/MLFactorViz.tsx(35,26): error TS2339: Property 'expectedValue' does not exist on type 'StrategyRecommendation'.
src/components/MLPredictions.tsx(156,38): error TS2339: Property 'direction' does not exist on type '{ name: string; impact: number; weight: number; }'.
src/components/MLPredictions.tsx(163,40): error TS2339: Property 'direction' does not exist on type '{ name: string; impact: number; weight: number; }'.
src/components/MLPredictions.tsx(174,38): error TS2339: Property 'direction' does not exist on type '{ name: string; impact: number; weight: number; }'.
src/components/MLPredictions.tsx(179,37): error TS2339: Property 'direction' does not exist on type '{ name: string; impact: number; weight: number; }'.
src/components/mobile/MobileOptimizedInterface.tsx(593,18): error TS2769: No overload matches this call.
  Overload 1 of 2, '(props: { component: ElementType<any, keyof IntrinsicElements>; } & GridBaseProps & { sx?: SxProps<Theme>; } & SystemProps<Theme> & Omit<...>): Element', gave the following error.
    Property 'component' is missing in type '{ children: Element; item: true; xs: number; }' but required in type '{ component: ElementType<any, keyof IntrinsicElements>; }'.
  Overload 2 of 2, '(props: DefaultComponentProps<GridTypeMap<{}, "div">>): Element', gave the following error.
    Type '{ children: Element; item: true; xs: number; }' is not assignable to type 'IntrinsicAttributes & GridBaseProps & { sx?: SxProps<Theme>; } & SystemProps<Theme> & Omit<Omit<DetailedHTMLProps<HTMLAttributes<HTMLDivElement>, HTMLDivElement>, "ref"> & { ...; }, "sx" | ... 1 more ... | keyof GridBaseProps>'.
      Property 'item' does not exist on type 'IntrinsicAttributes & GridBaseProps & { sx?: SxProps<Theme>; } & SystemProps<Theme> & Omit<Omit<DetailedHTMLProps<HTMLAttributes<HTMLDivElement>, HTMLDivElement>, "ref"> & { ...; }, "sx" | ... 1 more ... | keyof GridBaseProps>'.
src/components/mobile/MobileOptimizedInterface.tsx(607,18): error TS2769: No overload matches this call.
  Overload 1 of 2, '(props: { component: ElementType<any, keyof IntrinsicElements>; } & GridBaseProps & { sx?: SxProps<Theme>; } & SystemProps<Theme> & Omit<...>): Element', gave the following error.
    Property 'component' is missing in type '{ children: Element; item: true; xs: number; }' but required in type '{ component: ElementType<any, keyof IntrinsicElements>; }'.
  Overload 2 of 2, '(props: DefaultComponentProps<GridTypeMap<{}, "div">>): Element', gave the following error.
    Type '{ children: Element; item: true; xs: number; }' is not assignable to type 'IntrinsicAttributes & GridBaseProps & { sx?: SxProps<Theme>; } & SystemProps<Theme> & Omit<Omit<DetailedHTMLProps<HTMLAttributes<HTMLDivElement>, HTMLDivElement>, "ref"> & { ...; }, "sx" | ... 1 more ... | keyof GridBaseProps>'.
      Property 'item' does not exist on type 'IntrinsicAttributes & GridBaseProps & { sx?: SxProps<Theme>; } & SystemProps<Theme> & Omit<Omit<DetailedHTMLProps<HTMLAttributes<HTMLDivElement>, HTMLDivElement>, "ref"> & { ...; }, "sx" | ... 1 more ... | keyof GridBaseProps>'.
src/components/mobile/MobileOptimizedInterface.tsx(641,20): error TS2769: No overload matches this call.
  Overload 1 of 2, '(props: { component: ElementType<any, keyof IntrinsicElements>; } & GridBaseProps & { sx?: SxProps<Theme>; } & SystemProps<Theme> & Omit<...>): Element', gave the following error.
    Property 'component' is missing in type '{ children: Element; item: true; xs: number; key: string; }' but required in type '{ component: ElementType<any, keyof IntrinsicElements>; }'.
  Overload 2 of 2, '(props: DefaultComponentProps<GridTypeMap<{}, "div">>): Element', gave the following error.
    Type '{ children: Element; item: true; xs: number; key: string; }' is not assignable to type 'IntrinsicAttributes & GridBaseProps & { sx?: SxProps<Theme>; } & SystemProps<Theme> & Omit<Omit<DetailedHTMLProps<HTMLAttributes<HTMLDivElement>, HTMLDivElement>, "ref"> & { ...; }, "sx" | ... 1 more ... | keyof GridBaseProps>'.
      Property 'item' does not exist on type 'IntrinsicAttributes & GridBaseProps & { sx?: SxProps<Theme>; } & SystemProps<Theme> & Omit<Omit<DetailedHTMLProps<HTMLAttributes<HTMLDivElement>, HTMLDivElement>, "ref"> & { ...; }, "sx" | ... 1 more ... | keyof GridBaseProps>'.
src/components/Modal.tsx(54,21): error TS2339: Property 'Overlay' does not exist on type '_internal_ComponentDialog & { Panel: _internal_ComponentDialogPanel; Title: _internal_ComponentDialogTitle; Description: _internal_ComponentDialogDescription; }'.
src/components/modern/BettingAnalytics.tsx(24,5): error TS2339: Property 'analysis' does not exist on type 'BettingStats'.
src/components/modern/BettingAnalytics.tsx(25,5): error TS2339: Property 'isLoading' does not exist on type 'BettingStats'.
src/components/modern/BettingAnalytics.tsx(26,5): error TS2339: Property 'error' does not exist on type 'BettingStats'.
src/components/modern/BettingAnalytics.tsx(27,5): error TS2339: Property 'strategies' does not exist on type 'BettingStats'.
src/components/modern/BettingAnalytics.tsx(28,5): error TS2339: Property 'addStrategy' does not exist on type 'BettingStats'.
src/components/modern/BettingAnalytics.tsx(29,5): error TS2339: Property 'removeStrategy' does not exist on type 'BettingStats'.
src/components/modern/BettingAnalytics.tsx(30,5): error TS2339: Property 'calculatePotentialProfit' does not exist on type 'BettingStats'.
src/components/modern/BettingAnalytics.tsx(31,5): error TS2339: Property 'getRecommendedStake' does not exist on type 'BettingStats'.
src/components/modern/BettingAnalytics.tsx(32,5): error TS2339: Property 'getRiskAssessment' does not exist on type 'BettingStats'.
src/components/modern/BettingAnalytics.tsx(33,27): error TS2554: Expected 0 arguments, but got 1.
src/components/modern/Dashboard.tsx(5,10): error TS2305: Module '"../index"' has no exported member 'UniversalMoneyMaker'.
src/components/modern/Dashboard.tsx(5,31): error TS2305: Module '"../index"' has no exported member 'UniversalAnalytics'.
src/components/modern/Dashboard.tsx(78,10): error TS2304: Cannot find name 'MoneyMaker'.
src/components/modern/Dashboard.tsx(88,14): error TS2304: Cannot find name 'UserStats'.
src/components/modern/Dashboard.tsx(97,12): error TS2741: Property 'props' is missing in type '{}' but required in type 'PropCardsProps'.
src/components/modern/Dashboard.tsx(103,12): error TS2304: Cannot find name 'PerformanceChart'.
src/components/modern/Dashboard.tsx(109,10): error TS2304: Cannot find name 'ESPNHeadlinesTicker'.
src/components/modern/ESPNHeadlinesTicker.tsx(55,16): error TS2345: Argument of type '{ url: string; onMessage: (msg: any) => void; }' is not assignable to parameter of type 'string'.
src/components/modern/MoneyMaker.tsx(59,11): error TS2339: Property 'riskProfile' does not exist on type '{ activeProfile: RiskProfile; profiles: RiskProfile[]; isLoading: boolean; error: Error; updateProfile: (profile: RiskProfile) => Promise<boolean>; setActiveProfile: (profileId: string) => Promise<...>; }'.
src/components/modern/MoneyMaker.tsx(59,24): error TS2339: Property 'validateBet' does not exist on type '{ activeProfile: RiskProfile; profiles: RiskProfile[]; isLoading: boolean; error: Error; updateProfile: (profile: RiskProfile) => Promise<boolean>; setActiveProfile: (profileId: string) => Promise<...>; }'.
src/components/modern/MoneyMaker.tsx(82,78): error TS2345: Argument of type '{ bankroll: number; maxRiskPerBet: number; minOdds: number; maxOdds: number; odds: number; metrics: { totalBets: number; winRate: number; roi: number; profitLoss: number; clvAverage: number; edgeRetention: number; ... 5 more ...; betterThanExpected: number; }; recentBets: any[]; timestamp: number; }' is not assignable to parameter of type 'BettingContext'.
  Types of property 'metrics' are incompatible.
    Type '{ totalBets: number; winRate: number; roi: number; profitLoss: number; clvAverage: number; edgeRetention: number; kellyMultiplier: number; marketEfficiencyScore: number; averageOdds: number; maxDrawdown: number; sharpeRatio: number; betterThanExpected: number; }' is missing the following properties from type 'PerformanceMetrics': timestamp, cpu, memory, network, and 8 more.
src/components/modern/MoneyMaker.tsx(152,40): error TS2339: Property 'analysis' does not exist on type 'BettingDecision'.
src/components/modern/MoneyMaker.tsx(154,71): error TS2339: Property 'analysis' does not exist on type 'BettingDecision'.
src/components/modern/MoneyMaker.tsx(155,69): error TS2339: Property 'analysis' does not exist on type 'BettingDecision'.
src/components/modern/MoneyMaker.tsx(203,39): error TS2339: Property 'eventId' does not exist on type 'Projection'.
src/components/modern/MoneyMaker.tsx(234,12): error TS2345: Argument of type '{ id: string; userId: string; propId: string; type: string; line: number; odds: number; stake: number; result: BetResult; payout: number; timestamp: number; metadata: { confidence: number; expectedValue: number; predictionFactors: string[]; }; }' is not assignable to parameter of type 'BetRecord'.
  Type '{ id: string; userId: string; propId: string; type: string; line: number; odds: number; stake: number; result: BetResult; payout: number; timestamp: number; metadata: { confidence: number; expectedValue: number; predictionFactors: string[]; }; }' is missing the following properties from type 'BetRecord': betType, amount, placedAt
src/components/modern/PropCard.tsx(2,10): error TS2305: Module '"@/types"' has no exported member 'PrizePicksProps'.
src/components/modern/PropCard.tsx(2,27): error TS2305: Module '"@/types"' has no exported member 'SocialSentimentData'.
src/components/modern/Settings.tsx(126,53): error TS2339: Property 'toFixed' does not exist on type 'number[]'.
src/components/modern/Settings.tsx(126,85): error TS2339: Property 'reliability' does not exist on type 'DataSourceMetrics'.
src/components/modern/Settings.tsx(126,141): error TS2339: Property 'lastSync' does not exist on type 'DataSourceMetrics'.
src/components/modern/StateProvider.tsx(2,10): error TS2724: '"../../services/prizePicksService"' has no exported member named 'PrizePicksService'. Did you mean 'prizePicksService'?
src/components/modern/ThemeProvider.tsx(2,10): error TS2614: Module '"@/store/useStore"' has no exported member 'useStore'. Did you mean to use 'import useStore from "@/store/useStore"' instead?
src/components/MoneyMaker/AdvancedMLDashboardPanels.tsx(121,33): error TS2339: Property 'url' does not exist on type 'SportsNewsArticle'.
src/components/moneymaker/ConsolidatedUniversalMoneyMaker.tsx(3,33): error TS1261: Already included file name 'C:/Users/bcmad/Downloads/A1Betting-master (7)/A1Betting-master/frontend/src/components/moneymaker/UniversalMoneyMaker.tsx' differs from file name 'C:/Users/bcmad/Downloads/A1Betting-master (7)/A1Betting-master/frontend/src/components/MoneyMaker/UniversalMoneyMaker.tsx' only in casing.
  The file is in the program because:
    Imported via "./UniversalMoneyMaker" from file 'C:/Users/bcmad/Downloads/A1Betting-master (7)/A1Betting-master/frontend/src/components/moneymaker/ConsolidatedUniversalMoneyMaker.tsx'
    Matched by include pattern 'src/**/*' in 'C:/Users/bcmad/Downloads/A1Betting-master (7)/A1Betting-master/frontend/tsconfig.json'
src/components/MoneyMaker/MoneyMakerAdvanced.tsx(78,35): error TS2322: Type '{ opportunities: BettingOpportunity[]; onPlaceBet: (opportunity: BettingOpportunity) => Promise<void>; }' is not assignable to type 'IntrinsicAttributes & UltimateMoneyMakerProps'.
  Property 'opportunities' does not exist on type 'IntrinsicAttributes & UltimateMoneyMakerProps'.
src/components/MoneyMaker/MoneyMakerConfig.tsx(15,10): error TS2305: Module '"@/types"' has no exported member 'MoneyMakerConfig'.
src/components/MoneyMaker/MoneyMakerConfig.tsx(72,10): error TS2769: No overload matches this call.
  Overload 1 of 2, '(props: { component: ElementType<any, keyof IntrinsicElements>; } & GridBaseProps & { sx?: SxProps<Theme>; } & SystemProps<Theme> & Omit<...>): Element', gave the following error.
    Property 'component' is missing in type '{ children: Element; item: true; md: number; xs: number; }' but required in type '{ component: ElementType<any, keyof IntrinsicElements>; }'.
  Overload 2 of 2, '(props: DefaultComponentProps<GridTypeMap<{}, "div">>): Element', gave the following error.
    Type '{ children: Element; item: true; md: number; xs: number; }' is not assignable to type 'IntrinsicAttributes & GridBaseProps & { sx?: SxProps<Theme>; } & SystemProps<Theme> & Omit<Omit<DetailedHTMLProps<HTMLAttributes<HTMLDivElement>, HTMLDivElement>, "ref"> & { ...; }, "sx" | ... 1 more ... | keyof GridBaseProps>'.
      Property 'item' does not exist on type 'IntrinsicAttributes & GridBaseProps & { sx?: SxProps<Theme>; } & SystemProps<Theme> & Omit<Omit<DetailedHTMLProps<HTMLAttributes<HTMLDivElement>, HTMLDivElement>, "ref"> & { ...; }, "sx" | ... 1 more ... | keyof GridBaseProps>'.
src/components/MoneyMaker/MoneyMakerConfig.tsx(85,10): error TS2769: No overload matches this call.
  Overload 1 of 2, '(props: { component: ElementType<any, keyof IntrinsicElements>; } & GridBaseProps & { sx?: SxProps<Theme>; } & SystemProps<Theme> & Omit<...>): Element', gave the following error.
    Property 'component' is missing in type '{ children: Element; item: true; md: number; xs: number; }' but required in type '{ component: ElementType<any, keyof IntrinsicElements>; }'.
  Overload 2 of 2, '(props: DefaultComponentProps<GridTypeMap<{}, "div">>): Element', gave the following error.
    Type '{ children: Element; item: true; md: number; xs: number; }' is not assignable to type 'IntrinsicAttributes & GridBaseProps & { sx?: SxProps<Theme>; } & SystemProps<Theme> & Omit<Omit<DetailedHTMLProps<HTMLAttributes<HTMLDivElement>, HTMLDivElement>, "ref"> & { ...; }, "sx" | ... 1 more ... | keyof GridBaseProps>'.
      Property 'item' does not exist on type 'IntrinsicAttributes & GridBaseProps & { sx?: SxProps<Theme>; } & SystemProps<Theme> & Omit<Omit<DetailedHTMLProps<HTMLAttributes<HTMLDivElement>, HTMLDivElement>, "ref"> & { ...; }, "sx" | ... 1 more ... | keyof GridBaseProps>'.
src/components/MoneyMaker/MoneyMakerConfig.tsx(102,10): error TS2769: No overload matches this call.
  Overload 1 of 2, '(props: { component: ElementType<any, keyof IntrinsicElements>; } & GridBaseProps & { sx?: SxProps<Theme>; } & SystemProps<Theme> & Omit<...>): Element', gave the following error.
    Property 'component' is missing in type '{ children: Element[]; item: true; md: number; xs: number; }' but required in type '{ component: ElementType<any, keyof IntrinsicElements>; }'.
  Overload 2 of 2, '(props: DefaultComponentProps<GridTypeMap<{}, "div">>): Element', gave the following error.
    Type '{ children: Element[]; item: true; md: number; xs: number; }' is not assignable to type 'IntrinsicAttributes & GridBaseProps & { sx?: SxProps<Theme>; } & SystemProps<Theme> & Omit<Omit<DetailedHTMLProps<HTMLAttributes<HTMLDivElement>, HTMLDivElement>, "ref"> & { ...; }, "sx" | ... 1 more ... | keyof GridBaseProps>'.
      Property 'item' does not exist on type 'IntrinsicAttributes & GridBaseProps & { sx?: SxProps<Theme>; } & SystemProps<Theme> & Omit<Omit<DetailedHTMLProps<HTMLAttributes<HTMLDivElement>, HTMLDivElement>, "ref"> & { ...; }, "sx" | ... 1 more ... | keyof GridBaseProps>'.
src/components/MoneyMaker/MoneyMakerConfig.tsx(114,10): error TS2769: No overload matches this call.
  Overload 1 of 2, '(props: { component: ElementType<any, keyof IntrinsicElements>; } & GridBaseProps & { sx?: SxProps<Theme>; } & SystemProps<Theme> & Omit<...>): Element', gave the following error.
    Property 'component' is missing in type '{ children: Element[]; item: true; md: number; xs: number; }' but required in type '{ component: ElementType<any, keyof IntrinsicElements>; }'.
  Overload 2 of 2, '(props: DefaultComponentProps<GridTypeMap<{}, "div">>): Element', gave the following error.
    Type '{ children: Element[]; item: true; md: number; xs: number; }' is not assignable to type 'IntrinsicAttributes & GridBaseProps & { sx?: SxProps<Theme>; } & SystemProps<Theme> & Omit<Omit<DetailedHTMLProps<HTMLAttributes<HTMLDivElement>, HTMLDivElement>, "ref"> & { ...; }, "sx" | ... 1 more ... | keyof GridBaseProps>'.
      Property 'item' does not exist on type 'IntrinsicAttributes & GridBaseProps & { sx?: SxProps<Theme>; } & SystemProps<Theme> & Omit<Omit<DetailedHTMLProps<HTMLAttributes<HTMLDivElement>, HTMLDivElement>, "ref"> & { ...; }, "sx" | ... 1 more ... | keyof GridBaseProps>'.
src/components/MoneyMaker/MoneyMakerConfig.tsx(126,10): error TS2769: No overload matches this call.
  Overload 1 of 2, '(props: { component: ElementType<any, keyof IntrinsicElements>; } & GridBaseProps & { sx?: SxProps<Theme>; } & SystemProps<Theme> & Omit<...>): Element', gave the following error.
    Property 'component' is missing in type '{ children: Element[]; item: true; md: number; xs: number; }' but required in type '{ component: ElementType<any, keyof IntrinsicElements>; }'.
  Overload 2 of 2, '(props: DefaultComponentProps<GridTypeMap<{}, "div">>): Element', gave the following error.
    Type '{ children: Element[]; item: true; md: number; xs: number; }' is not assignable to type 'IntrinsicAttributes & GridBaseProps & { sx?: SxProps<Theme>; } & SystemProps<Theme> & Omit<Omit<DetailedHTMLProps<HTMLAttributes<HTMLDivElement>, HTMLDivElement>, "ref"> & { ...; }, "sx" | ... 1 more ... | keyof GridBaseProps>'.
      Property 'item' does not exist on type 'IntrinsicAttributes & GridBaseProps & { sx?: SxProps<Theme>; } & SystemProps<Theme> & Omit<Omit<DetailedHTMLProps<HTMLAttributes<HTMLDivElement>, HTMLDivElement>, "ref"> & { ...; }, "sx" | ... 1 more ... | keyof GridBaseProps>'.
src/components/MoneyMaker/MoneyMakerConfig.tsx(138,10): error TS2769: No overload matches this call.
  Overload 1 of 2, '(props: { component: ElementType<any, keyof IntrinsicElements>; } & GridBaseProps & { sx?: SxProps<Theme>; } & SystemProps<Theme> & Omit<...>): Element', gave the following error.
    Property 'component' is missing in type '{ children: Element[]; item: true; md: number; xs: number; }' but required in type '{ component: ElementType<any, keyof IntrinsicElements>; }'.
  Overload 2 of 2, '(props: DefaultComponentProps<GridTypeMap<{}, "div">>): Element', gave the following error.
    Type '{ children: Element[]; item: true; md: number; xs: number; }' is not assignable to type 'IntrinsicAttributes & GridBaseProps & { sx?: SxProps<Theme>; } & SystemProps<Theme> & Omit<Omit<DetailedHTMLProps<HTMLAttributes<HTMLDivElement>, HTMLDivElement>, "ref"> & { ...; }, "sx" | ... 1 more ... | keyof GridBaseProps>'.
      Property 'item' does not exist on type 'IntrinsicAttributes & GridBaseProps & { sx?: SxProps<Theme>; } & SystemProps<Theme> & Omit<Omit<DetailedHTMLProps<HTMLAttributes<HTMLDivElement>, HTMLDivElement>, "ref"> & { ...; }, "sx" | ... 1 more ... | keyof GridBaseProps>'.
src/components/MoneyMaker/MoneyMakerConfig.tsx(150,10): error TS2769: No overload matches this call.
  Overload 1 of 2, '(props: { component: ElementType<any, keyof IntrinsicElements>; } & GridBaseProps & { sx?: SxProps<Theme>; } & SystemProps<Theme> & Omit<...>): Element', gave the following error.
    Property 'component' is missing in type '{ children: Element; item: true; xs: number; }' but required in type '{ component: ElementType<any, keyof IntrinsicElements>; }'.
  Overload 2 of 2, '(props: DefaultComponentProps<GridTypeMap<{}, "div">>): Element', gave the following error.
    Type '{ children: Element; item: true; xs: number; }' is not assignable to type 'IntrinsicAttributes & GridBaseProps & { sx?: SxProps<Theme>; } & SystemProps<Theme> & Omit<Omit<DetailedHTMLProps<HTMLAttributes<HTMLDivElement>, HTMLDivElement>, "ref"> & { ...; }, "sx" | ... 1 more ... | keyof GridBaseProps>'.
      Property 'item' does not exist on type 'IntrinsicAttributes & GridBaseProps & { sx?: SxProps<Theme>; } & SystemProps<Theme> & Omit<Omit<DetailedHTMLProps<HTMLAttributes<HTMLDivElement>, HTMLDivElement>, "ref"> & { ...; }, "sx" | ... 1 more ... | keyof GridBaseProps>'.
src/components/MoneyMaker/MoneyMakerResults.tsx(13,10): error TS2305: Module '"@/types"' has no exported member 'OptimalLineup'.
src/components/MoneyMaker/MoneyMakerStatus.tsx(3,10): error TS2305: Module '"@/types"' has no exported member 'EngineStatus'.
src/components/MoneyMaker/MoneyMakerStatus.tsx(32,10): error TS2769: No overload matches this call.
  Overload 1 of 2, '(props: { component: ElementType<any, keyof IntrinsicElements>; } & GridBaseProps & { sx?: SxProps<Theme>; } & SystemProps<Theme> & Omit<...>): Element', gave the following error.
    Property 'component' is missing in type '{ children: Element; item: true; md: number; sm: number; xs: number; }' but required in type '{ component: ElementType<any, keyof IntrinsicElements>; }'.
  Overload 2 of 2, '(props: DefaultComponentProps<GridTypeMap<{}, "div">>): Element', gave the following error.
    Type '{ children: Element; item: true; md: number; sm: number; xs: number; }' is not assignable to type 'IntrinsicAttributes & GridBaseProps & { sx?: SxProps<Theme>; } & SystemProps<Theme> & Omit<Omit<DetailedHTMLProps<HTMLAttributes<HTMLDivElement>, HTMLDivElement>, "ref"> & { ...; }, "sx" | ... 1 more ... | keyof GridBaseProps>'.
      Property 'item' does not exist on type 'IntrinsicAttributes & GridBaseProps & { sx?: SxProps<Theme>; } & SystemProps<Theme> & Omit<Omit<DetailedHTMLProps<HTMLAttributes<HTMLDivElement>, HTMLDivElement>, "ref"> & { ...; }, "sx" | ... 1 more ... | keyof GridBaseProps>'.
src/components/MoneyMaker/MoneyMakerStatus.tsx(43,10): error TS2769: No overload matches this call.
  Overload 1 of 2, '(props: { component: ElementType<any, keyof IntrinsicElements>; } & GridBaseProps & { sx?: SxProps<Theme>; } & SystemProps<Theme> & Omit<...>): Element', gave the following error.
    Property 'component' is missing in type '{ children: Element; item: true; md: number; sm: number; xs: number; }' but required in type '{ component: ElementType<any, keyof IntrinsicElements>; }'.
  Overload 2 of 2, '(props: DefaultComponentProps<GridTypeMap<{}, "div">>): Element', gave the following error.
    Type '{ children: Element; item: true; md: number; sm: number; xs: number; }' is not assignable to type 'IntrinsicAttributes & GridBaseProps & { sx?: SxProps<Theme>; } & SystemProps<Theme> & Omit<Omit<DetailedHTMLProps<HTMLAttributes<HTMLDivElement>, HTMLDivElement>, "ref"> & { ...; }, "sx" | ... 1 more ... | keyof GridBaseProps>'.
      Property 'item' does not exist on type 'IntrinsicAttributes & GridBaseProps & { sx?: SxProps<Theme>; } & SystemProps<Theme> & Omit<Omit<DetailedHTMLProps<HTMLAttributes<HTMLDivElement>, HTMLDivElement>, "ref"> & { ...; }, "sx" | ... 1 more ... | keyof GridBaseProps>'.
src/components/MoneyMaker/MoneyMakerStatus.tsx(54,10): error TS2769: No overload matches this call.
  Overload 1 of 2, '(props: { component: ElementType<any, keyof IntrinsicElements>; } & GridBaseProps & { sx?: SxProps<Theme>; } & SystemProps<Theme> & Omit<...>): Element', gave the following error.
    Property 'component' is missing in type '{ children: Element; item: true; md: number; sm: number; xs: number; }' but required in type '{ component: ElementType<any, keyof IntrinsicElements>; }'.
  Overload 2 of 2, '(props: DefaultComponentProps<GridTypeMap<{}, "div">>): Element', gave the following error.
    Type '{ children: Element; item: true; md: number; sm: number; xs: number; }' is not assignable to type 'IntrinsicAttributes & GridBaseProps & { sx?: SxProps<Theme>; } & SystemProps<Theme> & Omit<Omit<DetailedHTMLProps<HTMLAttributes<HTMLDivElement>, HTMLDivElement>, "ref"> & { ...; }, "sx" | ... 1 more ... | keyof GridBaseProps>'.
      Property 'item' does not exist on type 'IntrinsicAttributes & GridBaseProps & { sx?: SxProps<Theme>; } & SystemProps<Theme> & Omit<Omit<DetailedHTMLProps<HTMLAttributes<HTMLDivElement>, HTMLDivElement>, "ref"> & { ...; }, "sx" | ... 1 more ... | keyof GridBaseProps>'.
src/components/MoneyMaker/MoneyMakerStatus.tsx(65,10): error TS2769: No overload matches this call.
  Overload 1 of 2, '(props: { component: ElementType<any, keyof IntrinsicElements>; } & GridBaseProps & { sx?: SxProps<Theme>; } & SystemProps<Theme> & Omit<...>): Element', gave the following error.
    Property 'component' is missing in type '{ children: Element; item: true; md: number; sm: number; xs: number; }' but required in type '{ component: ElementType<any, keyof IntrinsicElements>; }'.
  Overload 2 of 2, '(props: DefaultComponentProps<GridTypeMap<{}, "div">>): Element', gave the following error.
    Type '{ children: Element; item: true; md: number; sm: number; xs: number; }' is not assignable to type 'IntrinsicAttributes & GridBaseProps & { sx?: SxProps<Theme>; } & SystemProps<Theme> & Omit<Omit<DetailedHTMLProps<HTMLAttributes<HTMLDivElement>, HTMLDivElement>, "ref"> & { ...; }, "sx" | ... 1 more ... | keyof GridBaseProps>'.
      Property 'item' does not exist on type 'IntrinsicAttributes & GridBaseProps & { sx?: SxProps<Theme>; } & SystemProps<Theme> & Omit<Omit<DetailedHTMLProps<HTMLAttributes<HTMLDivElement>, HTMLDivElement>, "ref"> & { ...; }, "sx" | ... 1 more ... | keyof GridBaseProps>'.
src/components/MoneyMaker/MoneyMakerStatus.tsx(76,10): error TS2769: No overload matches this call.
  Overload 1 of 2, '(props: { component: ElementType<any, keyof IntrinsicElements>; } & GridBaseProps & { sx?: SxProps<Theme>; } & SystemProps<Theme> & Omit<...>): Element', gave the following error.
    Property 'component' is missing in type '{ children: Element; item: true; md: number; sm: number; xs: number; }' but required in type '{ component: ElementType<any, keyof IntrinsicElements>; }'.
  Overload 2 of 2, '(props: DefaultComponentProps<GridTypeMap<{}, "div">>): Element', gave the following error.
    Type '{ children: Element; item: true; md: number; sm: number; xs: number; }' is not assignable to type 'IntrinsicAttributes & GridBaseProps & { sx?: SxProps<Theme>; } & SystemProps<Theme> & Omit<Omit<DetailedHTMLProps<HTMLAttributes<HTMLDivElement>, HTMLDivElement>, "ref"> & { ...; }, "sx" | ... 1 more ... | keyof GridBaseProps>'.
      Property 'item' does not exist on type 'IntrinsicAttributes & GridBaseProps & { sx?: SxProps<Theme>; } & SystemProps<Theme> & Omit<Omit<DetailedHTMLProps<HTMLAttributes<HTMLDivElement>, HTMLDivElement>, "ref"> & { ...; }, "sx" | ... 1 more ... | keyof GridBaseProps>'.
src/components/MoneyMaker/MoneyMakerStatus.tsx(87,10): error TS2769: No overload matches this call.
  Overload 1 of 2, '(props: { component: ElementType<any, keyof IntrinsicElements>; } & GridBaseProps & { sx?: SxProps<Theme>; } & SystemProps<Theme> & Omit<...>): Element', gave the following error.
    Property 'component' is missing in type '{ children: Element; item: true; md: number; sm: number; xs: number; }' but required in type '{ component: ElementType<any, keyof IntrinsicElements>; }'.
  Overload 2 of 2, '(props: DefaultComponentProps<GridTypeMap<{}, "div">>): Element', gave the following error.
    Type '{ children: Element; item: true; md: number; sm: number; xs: number; }' is not assignable to type 'IntrinsicAttributes & GridBaseProps & { sx?: SxProps<Theme>; } & SystemProps<Theme> & Omit<Omit<DetailedHTMLProps<HTMLAttributes<HTMLDivElement>, HTMLDivElement>, "ref"> & { ...; }, "sx" | ... 1 more ... | keyof GridBaseProps>'.
      Property 'item' does not exist on type 'IntrinsicAttributes & GridBaseProps & { sx?: SxProps<Theme>; } & SystemProps<Theme> & Omit<Omit<DetailedHTMLProps<HTMLAttributes<HTMLDivElement>, HTMLDivElement>, "ref"> & { ...; }, "sx" | ... 1 more ... | keyof GridBaseProps>'.
src/components/moneymaker/UniversalMoneyMaker.tsx(41,3): error TS2614: Module '"../../utils/UniversalUtils"' has no exported member 'betting'. Did you mean to use 'import betting from "../../utils/UniversalUtils"' instead?
src/components/moneymaker/UniversalMoneyMaker.tsx(235,11): error TS2339: Property 'toast' does not exist on type '{ toasts: { id: string; message: string; type: "error" | "success" | "warning" | "info"; duration?: number; }[]; addToast: (message: string, type?: "error" | "success" | "warning" | "info", duration?: number) => string; ... 5 more ...; info: (message: string, duration?: number) => string; }'.
src/components/moneymaker/UniversalMoneyMaker.tsx(236,24): error TS2339: Property 'loading' does not exist on type '{ predictions: { id: string; game: string; prediction: number; confidence: number; timestamp: string; potentialWin: number; odds: number; status: any; }[]; isLoading: boolean; error: any; refetch: (options?: RefetchOptions) => Promise<...>; }'.
src/components/moneymaker/UniversalMoneyMaker.tsx(238,11): error TS2339: Property 'userProfile' does not exist on type '{ profile: UserProfile; isLoading: boolean; error: Error; updateProfile: UseMutateFunction<APIResponse<UserProfile>, Error, any, unknown>; isUpdating: boolean; refetch: (options?: RefetchOptions) => Promise<...>; }'.
src/components/moneymaker/UniversalMoneyMaker.tsx(573,17): error TS2362: The left-hand side of an arithmetic operation must be of type 'any', 'number', 'bigint' or an enum type.
src/components/moneymaker/UniversalMoneyMaker.tsx(573,29): error TS2363: The right-hand side of an arithmetic operation must be of type 'any', 'number', 'bigint' or an enum type.
src/components/navigation/UnifiedNavigation.tsx(83,55): error TS2554: Expected 0 arguments, but got 1.
src/components/navigation/UnifiedNavigation.tsx(91,25): error TS2339: Property 'subscribe' does not exist on type 'UnifiedNotificationService'.
src/components/navigation/UnifiedNavigation.tsx(107,26): error TS2339: Property 'clearState' does not exist on type 'UnifiedStateService'.
src/components/navigation/UnifiedNavigation.tsx(163,45): error TS2322: Type '"primary"' is not assignable to type '"success" | "warning" | "danger" | "info"'.
src/components/OpportunitiesList.tsx(20,36): error TS2307: Cannot find module './BettingOpportunity' or its corresponding type declarations.
src/components/OpportunitiesList.tsx(139,12): error TS2769: No overload matches this call.
  Overload 1 of 2, '(props: { component: ElementType<any, keyof IntrinsicElements>; } & GridBaseProps & { sx?: SxProps<Theme>; } & SystemProps<Theme> & Omit<...>): Element', gave the following error.
    Property 'component' is missing in type '{ children: Element; item: true; md: number; xs: number; }' but required in type '{ component: ElementType<any, keyof IntrinsicElements>; }'.
  Overload 2 of 2, '(props: DefaultComponentProps<GridTypeMap<{}, "div">>): Element', gave the following error.
    Type '{ children: Element; item: true; md: number; xs: number; }' is not assignable to type 'IntrinsicAttributes & GridBaseProps & { sx?: SxProps<Theme>; } & SystemProps<Theme> & Omit<Omit<DetailedHTMLProps<HTMLAttributes<HTMLDivElement>, HTMLDivElement>, "ref"> & { ...; }, "sx" | ... 1 more ... | keyof GridBaseProps>'.
      Property 'item' does not exist on type 'IntrinsicAttributes & GridBaseProps & { sx?: SxProps<Theme>; } & SystemProps<Theme> & Omit<Omit<DetailedHTMLProps<HTMLAttributes<HTMLDivElement>, HTMLDivElement>, "ref"> & { ...; }, "sx" | ... 1 more ... | keyof GridBaseProps>'.
src/components/OpportunitiesList.tsx(148,12): error TS2769: No overload matches this call.
  Overload 1 of 2, '(props: { component: ElementType<any, keyof IntrinsicElements>; } & GridBaseProps & { sx?: SxProps<Theme>; } & SystemProps<Theme> & Omit<...>): Element', gave the following error.
    Property 'component' is missing in type '{ children: Element; item: true; md: number; xs: number; }' but required in type '{ component: ElementType<any, keyof IntrinsicElements>; }'.
  Overload 2 of 2, '(props: DefaultComponentProps<GridTypeMap<{}, "div">>): Element', gave the following error.
    Type '{ children: Element; item: true; md: number; xs: number; }' is not assignable to type 'IntrinsicAttributes & GridBaseProps & { sx?: SxProps<Theme>; } & SystemProps<Theme> & Omit<Omit<DetailedHTMLProps<HTMLAttributes<HTMLDivElement>, HTMLDivElement>, "ref"> & { ...; }, "sx" | ... 1 more ... | keyof GridBaseProps>'.
      Property 'item' does not exist on type 'IntrinsicAttributes & GridBaseProps & { sx?: SxProps<Theme>; } & SystemProps<Theme> & Omit<Omit<DetailedHTMLProps<HTMLAttributes<HTMLDivElement>, HTMLDivElement>, "ref"> & { ...; }, "sx" | ... 1 more ... | keyof GridBaseProps>'.
src/components/OpportunitiesList.tsx(164,12): error TS2769: No overload matches this call.
  Overload 1 of 2, '(props: { component: ElementType<any, keyof IntrinsicElements>; } & GridBaseProps & { sx?: SxProps<Theme>; } & SystemProps<Theme> & Omit<...>): Element', gave the following error.
    Property 'component' is missing in type '{ children: Element; item: true; md: number; xs: number; }' but required in type '{ component: ElementType<any, keyof IntrinsicElements>; }'.
  Overload 2 of 2, '(props: DefaultComponentProps<GridTypeMap<{}, "div">>): Element', gave the following error.
    Type '{ children: Element; item: true; md: number; xs: number; }' is not assignable to type 'IntrinsicAttributes & GridBaseProps & { sx?: SxProps<Theme>; } & SystemProps<Theme> & Omit<Omit<DetailedHTMLProps<HTMLAttributes<HTMLDivElement>, HTMLDivElement>, "ref"> & { ...; }, "sx" | ... 1 more ... | keyof GridBaseProps>'.
      Property 'item' does not exist on type 'IntrinsicAttributes & GridBaseProps & { sx?: SxProps<Theme>; } & SystemProps<Theme> & Omit<Omit<DetailedHTMLProps<HTMLAttributes<HTMLDivElement>, HTMLDivElement>, "ref"> & { ...; }, "sx" | ... 1 more ... | keyof GridBaseProps>'.
src/components/OpportunitiesList.tsx(188,12): error TS2769: No overload matches this call.
  Overload 1 of 2, '(props: { component: ElementType<any, keyof IntrinsicElements>; } & GridBaseProps & { sx?: SxProps<Theme>; } & SystemProps<Theme> & Omit<...>): Element', gave the following error.
    Property 'component' is missing in type '{ children: Element; item: true; xs: number; }' but required in type '{ component: ElementType<any, keyof IntrinsicElements>; }'.
  Overload 2 of 2, '(props: DefaultComponentProps<GridTypeMap<{}, "div">>): Element', gave the following error.
    Type '{ children: Element; item: true; xs: number; }' is not assignable to type 'IntrinsicAttributes & GridBaseProps & { sx?: SxProps<Theme>; } & SystemProps<Theme> & Omit<Omit<DetailedHTMLProps<HTMLAttributes<HTMLDivElement>, HTMLDivElement>, "ref"> & { ...; }, "sx" | ... 1 more ... | keyof GridBaseProps>'.
      Property 'item' does not exist on type 'IntrinsicAttributes & GridBaseProps & { sx?: SxProps<Theme>; } & SystemProps<Theme> & Omit<Omit<DetailedHTMLProps<HTMLAttributes<HTMLDivElement>, HTMLDivElement>, "ref"> & { ...; }, "sx" | ... 1 more ... | keyof GridBaseProps>'.
src/components/OpportunitiesList.tsx(193,12): error TS2769: No overload matches this call.
  Overload 1 of 2, '(props: { component: ElementType<any, keyof IntrinsicElements>; } & GridBaseProps & { sx?: SxProps<Theme>; } & SystemProps<Theme> & Omit<...>): Element', gave the following error.
    Property 'component' is missing in type '{ children: Element; item: true; xs: number; }' but required in type '{ component: ElementType<any, keyof IntrinsicElements>; }'.
  Overload 2 of 2, '(props: DefaultComponentProps<GridTypeMap<{}, "div">>): Element', gave the following error.
    Type '{ children: Element; item: true; xs: number; }' is not assignable to type 'IntrinsicAttributes & GridBaseProps & { sx?: SxProps<Theme>; } & SystemProps<Theme> & Omit<Omit<DetailedHTMLProps<HTMLAttributes<HTMLDivElement>, HTMLDivElement>, "ref"> & { ...; }, "sx" | ... 1 more ... | keyof GridBaseProps>'.
      Property 'item' does not exist on type 'IntrinsicAttributes & GridBaseProps & { sx?: SxProps<Theme>; } & SystemProps<Theme> & Omit<Omit<DetailedHTMLProps<HTMLAttributes<HTMLDivElement>, HTMLDivElement>, "ref"> & { ...; }, "sx" | ... 1 more ... | keyof GridBaseProps>'.
src/components/OpportunitiesList.tsx(198,12): error TS2769: No overload matches this call.
  Overload 1 of 2, '(props: { component: ElementType<any, keyof IntrinsicElements>; } & GridBaseProps & { sx?: SxProps<Theme>; } & SystemProps<Theme> & Omit<...>): Element', gave the following error.
    Property 'component' is missing in type '{ children: Element; item: true; xs: number; }' but required in type '{ component: ElementType<any, keyof IntrinsicElements>; }'.
  Overload 2 of 2, '(props: DefaultComponentProps<GridTypeMap<{}, "div">>): Element', gave the following error.
    Type '{ children: Element; item: true; xs: number; }' is not assignable to type 'IntrinsicAttributes & GridBaseProps & { sx?: SxProps<Theme>; } & SystemProps<Theme> & Omit<Omit<DetailedHTMLProps<HTMLAttributes<HTMLDivElement>, HTMLDivElement>, "ref"> & { ...; }, "sx" | ... 1 more ... | keyof GridBaseProps>'.
      Property 'item' does not exist on type 'IntrinsicAttributes & GridBaseProps & { sx?: SxProps<Theme>; } & SystemProps<Theme> & Omit<Omit<DetailedHTMLProps<HTMLAttributes<HTMLDivElement>, HTMLDivElement>, "ref"> & { ...; }, "sx" | ... 1 more ... | keyof GridBaseProps>'.
src/components/OpportunitiesList.tsx(206,12): error TS2769: No overload matches this call.
  Overload 1 of 2, '(props: { component: ElementType<any, keyof IntrinsicElements>; } & GridBaseProps & { sx?: SxProps<Theme>; } & SystemProps<Theme> & Omit<...>): Element', gave the following error.
    Property 'component' is missing in type '{ children: Element; item: true; xs: number; }' but required in type '{ component: ElementType<any, keyof IntrinsicElements>; }'.
  Overload 2 of 2, '(props: DefaultComponentProps<GridTypeMap<{}, "div">>): Element', gave the following error.
    Type '{ children: Element; item: true; xs: number; }' is not assignable to type 'IntrinsicAttributes & GridBaseProps & { sx?: SxProps<Theme>; } & SystemProps<Theme> & Omit<Omit<DetailedHTMLProps<HTMLAttributes<HTMLDivElement>, HTMLDivElement>, "ref"> & { ...; }, "sx" | ... 1 more ... | keyof GridBaseProps>'.
      Property 'item' does not exist on type 'IntrinsicAttributes & GridBaseProps & { sx?: SxProps<Theme>; } & SystemProps<Theme> & Omit<Omit<DetailedHTMLProps<HTMLAttributes<HTMLDivElement>, HTMLDivElement>, "ref"> & { ...; }, "sx" | ... 1 more ... | keyof GridBaseProps>'.
src/components/OpportunitiesList.tsx(214,12): error TS2769: No overload matches this call.
  Overload 1 of 2, '(props: { component: ElementType<any, keyof IntrinsicElements>; } & GridBaseProps & { sx?: SxProps<Theme>; } & SystemProps<Theme> & Omit<...>): Element', gave the following error.
    Property 'component' is missing in type '{ children: Element; item: true; xs: number; }' but required in type '{ component: ElementType<any, keyof IntrinsicElements>; }'.
  Overload 2 of 2, '(props: DefaultComponentProps<GridTypeMap<{}, "div">>): Element', gave the following error.
    Type '{ children: Element; item: true; xs: number; }' is not assignable to type 'IntrinsicAttributes & GridBaseProps & { sx?: SxProps<Theme>; } & SystemProps<Theme> & Omit<Omit<DetailedHTMLProps<HTMLAttributes<HTMLDivElement>, HTMLDivElement>, "ref"> & { ...; }, "sx" | ... 1 more ... | keyof GridBaseProps>'.
      Property 'item' does not exist on type 'IntrinsicAttributes & GridBaseProps & { sx?: SxProps<Theme>; } & SystemProps<Theme> & Omit<Omit<DetailedHTMLProps<HTMLAttributes<HTMLDivElement>, HTMLDivElement>, "ref"> & { ...; }, "sx" | ... 1 more ... | keyof GridBaseProps>'.
src/components/OpportunitiesList.tsx(222,12): error TS2769: No overload matches this call.
  Overload 1 of 2, '(props: { component: ElementType<any, keyof IntrinsicElements>; } & GridBaseProps & { sx?: SxProps<Theme>; } & SystemProps<Theme> & Omit<...>): Element', gave the following error.
    Property 'component' is missing in type '{ children: Element; item: true; xs: number; }' but required in type '{ component: ElementType<any, keyof IntrinsicElements>; }'.
  Overload 2 of 2, '(props: DefaultComponentProps<GridTypeMap<{}, "div">>): Element', gave the following error.
    Type '{ children: Element; item: true; xs: number; }' is not assignable to type 'IntrinsicAttributes & GridBaseProps & { sx?: SxProps<Theme>; } & SystemProps<Theme> & Omit<Omit<DetailedHTMLProps<HTMLAttributes<HTMLDivElement>, HTMLDivElement>, "ref"> & { ...; }, "sx" | ... 1 more ... | keyof GridBaseProps>'.
      Property 'item' does not exist on type 'IntrinsicAttributes & GridBaseProps & { sx?: SxProps<Theme>; } & SystemProps<Theme> & Omit<Omit<DetailedHTMLProps<HTMLAttributes<HTMLDivElement>, HTMLDivElement>, "ref"> & { ...; }, "sx" | ... 1 more ... | keyof GridBaseProps>'.
src/components/OpportunitiesList.tsx(230,12): error TS2769: No overload matches this call.
  Overload 1 of 2, '(props: { component: ElementType<any, keyof IntrinsicElements>; } & GridBaseProps & { sx?: SxProps<Theme>; } & SystemProps<Theme> & Omit<...>): Element', gave the following error.
    Property 'component' is missing in type '{ children: Element; item: true; xs: number; }' but required in type '{ component: ElementType<any, keyof IntrinsicElements>; }'.
  Overload 2 of 2, '(props: DefaultComponentProps<GridTypeMap<{}, "div">>): Element', gave the following error.
    Type '{ children: Element; item: true; xs: number; }' is not assignable to type 'IntrinsicAttributes & GridBaseProps & { sx?: SxProps<Theme>; } & SystemProps<Theme> & Omit<Omit<DetailedHTMLProps<HTMLAttributes<HTMLDivElement>, HTMLDivElement>, "ref"> & { ...; }, "sx" | ... 1 more ... | keyof GridBaseProps>'.
      Property 'item' does not exist on type 'IntrinsicAttributes & GridBaseProps & { sx?: SxProps<Theme>; } & SystemProps<Theme> & Omit<Omit<DetailedHTMLProps<HTMLAttributes<HTMLDivElement>, HTMLDivElement>, "ref"> & { ...; }, "sx" | ... 1 more ... | keyof GridBaseProps>'.
src/components/OpportunitiesList.tsx(238,12): error TS2769: No overload matches this call.
  Overload 1 of 2, '(props: { component: ElementType<any, keyof IntrinsicElements>; } & GridBaseProps & { sx?: SxProps<Theme>; } & SystemProps<Theme> & Omit<...>): Element', gave the following error.
    Property 'component' is missing in type '{ children: Element; item: true; xs: number; }' but required in type '{ component: ElementType<any, keyof IntrinsicElements>; }'.
  Overload 2 of 2, '(props: DefaultComponentProps<GridTypeMap<{}, "div">>): Element', gave the following error.
    Type '{ children: Element; item: true; xs: number; }' is not assignable to type 'IntrinsicAttributes & GridBaseProps & { sx?: SxProps<Theme>; } & SystemProps<Theme> & Omit<Omit<DetailedHTMLProps<HTMLAttributes<HTMLDivElement>, HTMLDivElement>, "ref"> & { ...; }, "sx" | ... 1 more ... | keyof GridBaseProps>'.
      Property 'item' does not exist on type 'IntrinsicAttributes & GridBaseProps & { sx?: SxProps<Theme>; } & SystemProps<Theme> & Omit<Omit<DetailedHTMLProps<HTMLAttributes<HTMLDivElement>, HTMLDivElement>, "ref"> & { ...; }, "sx" | ... 1 more ... | keyof GridBaseProps>'.
src/components/OpportunitiesList.tsx(246,14): error TS2769: No overload matches this call.
  Overload 1 of 2, '(props: { component: ElementType<any, keyof IntrinsicElements>; } & GridBaseProps & { sx?: SxProps<Theme>; } & SystemProps<Theme> & Omit<...>): Element', gave the following error.
    Property 'component' is missing in type '{ children: Element; key: string; item: true; xs: number; }' but required in type '{ component: ElementType<any, keyof IntrinsicElements>; }'.
  Overload 2 of 2, '(props: DefaultComponentProps<GridTypeMap<{}, "div">>): Element', gave the following error.
    Type '{ children: Element; key: string; item: true; xs: number; }' is not assignable to type 'IntrinsicAttributes & GridBaseProps & { sx?: SxProps<Theme>; } & SystemProps<Theme> & Omit<Omit<DetailedHTMLProps<HTMLAttributes<HTMLDivElement>, HTMLDivElement>, "ref"> & { ...; }, "sx" | ... 1 more ... | keyof GridBaseProps>'.
      Property 'item' does not exist on type 'IntrinsicAttributes & GridBaseProps & { sx?: SxProps<Theme>; } & SystemProps<Theme> & Omit<Omit<DetailedHTMLProps<HTMLAttributes<HTMLDivElement>, HTMLDivElement>, "ref"> & { ...; }, "sx" | ... 1 more ... | keyof GridBaseProps>'.
src/components/OpportunitiesList.tsx(251,14): error TS2769: No overload matches this call.
  Overload 1 of 2, '(props: { component: ElementType<any, keyof IntrinsicElements>; } & GridBaseProps & { sx?: SxProps<Theme>; } & SystemProps<Theme> & Omit<...>): Element', gave the following error.
    Property 'component' is missing in type '{ children: Element; item: true; xs: number; }' but required in type '{ component: ElementType<any, keyof IntrinsicElements>; }'.
  Overload 2 of 2, '(props: DefaultComponentProps<GridTypeMap<{}, "div">>): Element', gave the following error.
    Type '{ children: Element; item: true; xs: number; }' is not assignable to type 'IntrinsicAttributes & GridBaseProps & { sx?: SxProps<Theme>; } & SystemProps<Theme> & Omit<Omit<DetailedHTMLProps<HTMLAttributes<HTMLDivElement>, HTMLDivElement>, "ref"> & { ...; }, "sx" | ... 1 more ... | keyof GridBaseProps>'.
      Property 'item' does not exist on type 'IntrinsicAttributes & GridBaseProps & { sx?: SxProps<Theme>; } & SystemProps<Theme> & Omit<Omit<DetailedHTMLProps<HTMLAttributes<HTMLDivElement>, HTMLDivElement>, "ref"> & { ...; }, "sx" | ... 1 more ... | keyof GridBaseProps>'.
src/components/PatternRecognition.tsx(18,28): error TS2305: Module '"@/utils/formatters"' has no exported member 'formatTimeAgo'.
src/components/PayoutPreview.tsx(8,34): error TS1149: File name 'C:/Users/bcmad/Downloads/A1Betting-master (7)/A1Betting-master/frontend/src/types/websocket.ts' differs from already included file name 'C:/Users/bcmad/Downloads/A1Betting-master (7)/A1Betting-master/frontend/src/types/webSocket.ts' only in casing.
  The file is in the program because:
    Imported via "../../types/webSocket.js" from file 'C:/Users/bcmad/Downloads/A1Betting-master (7)/A1Betting-master/frontend/src/services/unified/UnifiedWebSocketService.ts'
    Imported via '../../types/webSocket.js' from file 'C:/Users/bcmad/Downloads/A1Betting-master (7)/A1Betting-master/frontend/src/services/unified/UnifiedServiceRegistry.ts'
    Imported via '../types/websocket' from file 'C:/Users/bcmad/Downloads/A1Betting-master (7)/A1Betting-master/frontend/src/components/PayoutPreview.tsx'
    Imported via "../types/websocket" from file 'C:/Users/bcmad/Downloads/A1Betting-master (7)/A1Betting-master/frontend/src/components/WebSocketAnalytics.tsx'
    Imported via "../types/websocket" from file 'C:/Users/bcmad/Downloads/A1Betting-master (7)/A1Betting-master/frontend/src/components/WebSocketAnalytics.tsx'
    Imported via '../../types/webSocket.js' from file 'C:/Users/bcmad/Downloads/A1Betting-master (7)/A1Betting-master/frontend/src/components/prediction/PredictionDisplay.tsx'
    Matched by include pattern 'src/**/*' in 'C:/Users/bcmad/Downloads/A1Betting-master (7)/A1Betting-master/frontend/tsconfig.json'
src/components/PayoutPreview.tsx(11,18): error TS2339: Property 'spacing' does not exist on type 'Theme'.
src/components/PayoutPreview.tsx(12,26): error TS2339: Property 'palette' does not exist on type 'Theme'.
src/components/PayoutPreview.tsx(13,23): error TS2339: Property 'shape' does not exist on type 'Theme'.
src/components/PayoutPreview.tsx(14,20): error TS2339: Property 'shadows' does not exist on type 'Theme'.
src/components/PayoutPreview.tsx(24,18): error TS2339: Property 'spacing' does not exist on type 'Theme'.
src/components/PayoutPreview.tsx(25,36): error TS2339: Property 'palette' does not exist on type 'Theme'.
src/components/PayoutPreview.tsx(29,36): error TS2339: Property 'palette' does not exist on type 'Theme'.
src/components/PayoutPreview.tsx(53,20): error TS2339: Property 'spacing' does not exist on type 'Theme'.
src/components/PayoutPreview.tsx(81,52): error TS2339: Property 'eventId' does not exist on type 'WebSocketData'.
  Property 'eventId' does not exist on type 'SystemMessage'.
src/components/PayoutPreview.tsx(84,54): error TS2339: Property 'eventId' does not exist on type 'WebSocketData'.
  Property 'eventId' does not exist on type 'SystemMessage'.
src/components/PayoutPreview.tsx(85,64): error TS2345: Argument of type 'WebSocketData' is not assignable to parameter of type 'PayoutData'.
  Type 'BetData' is missing the following properties from type 'PayoutData': potential_payout, kelly_stake, risk_adjusted_stake, expected_value
src/components/PerformanceAnalytics.tsx(15,20): error TS2339: Property 'performance' does not exist on type '{ data: ModelPerformance[]; loading: boolean; error: string; refetch: (options?: RefetchOptions) => Promise<QueryObserverResult<NoInfer<TQueryFnData>, AnalyticsError>>; }'.
src/components/PerformanceAnalytics.tsx(20,31): error TS2339: Property 'performance' does not exist on type '{ data: ModelPerformance[]; loading: boolean; error: string; refetch: (options?: RefetchOptions) => Promise<QueryObserverResult<NoInfer<TQueryFnData>, AnalyticsError>>; }'.
src/components/PerformanceAnalytics.tsx(27,30): error TS2322: Type '{ metrics: any; }' is not assignable to type 'IntrinsicAttributes & PerformanceMetricsProps'.
  Property 'metrics' does not exist on type 'IntrinsicAttributes & PerformanceMetricsProps'.
src/components/PerformanceMetrics.tsx(19,57): error TS2339: Property 'result' does not exist on type 'BetRecommendation'.
src/components/prediction/AdvancedConfidenceVisualizer.tsx(515,20): error TS2304: Cannot find name 'Bar'.
src/components/prediction/AdvancedConfidenceVisualizer.tsx(573,20): error TS2304: Cannot find name 'Scatter'.
src/components/prediction/AdvancedConfidenceVisualizer.tsx(735,24): error TS2304: Cannot find name 'Radar'.
src/components/prediction/BetRecommendationCard.tsx(13,10): error TS2305: Module '"../../core/types/prediction"' has no exported member 'BetRecommendation'.
src/components/prediction/BetRecommendationList.tsx(4,10): error TS2305: Module '"../../core/types/prediction"' has no exported member 'BetRecommendation'.
src/components/prediction/BetRecommendationList.tsx(80,10): error TS2769: No overload matches this call.
  Overload 1 of 2, '(props: { component: ElementType<any, keyof IntrinsicElements>; } & GridBaseProps & { sx?: SxProps<Theme>; } & SystemProps<Theme> & Omit<...>): Element', gave the following error.
    Property 'component' is missing in type '{ children: Element; item: true; sm: number; xs: number; }' but required in type '{ component: ElementType<any, keyof IntrinsicElements>; }'.
  Overload 2 of 2, '(props: DefaultComponentProps<GridTypeMap<{}, "div">>): Element', gave the following error.
    Type '{ children: Element; item: true; sm: number; xs: number; }' is not assignable to type 'IntrinsicAttributes & GridBaseProps & { sx?: SxProps<Theme>; } & SystemProps<Theme> & Omit<Omit<DetailedHTMLProps<HTMLAttributes<HTMLDivElement>, HTMLDivElement>, "ref"> & { ...; }, "sx" | ... 1 more ... | keyof GridBaseProps>'.
      Property 'item' does not exist on type 'IntrinsicAttributes & GridBaseProps & { sx?: SxProps<Theme>; } & SystemProps<Theme> & Omit<Omit<DetailedHTMLProps<HTMLAttributes<HTMLDivElement>, HTMLDivElement>, "ref"> & { ...; }, "sx" | ... 1 more ... | keyof GridBaseProps>'.
src/components/prediction/BetRecommendationList.tsx(94,10): error TS2769: No overload matches this call.
  Overload 1 of 2, '(props: { component: ElementType<any, keyof IntrinsicElements>; } & GridBaseProps & { sx?: SxProps<Theme>; } & SystemProps<Theme> & Omit<...>): Element', gave the following error.
    Property 'component' is missing in type '{ children: Element; item: true; sm: number; xs: number; }' but required in type '{ component: ElementType<any, keyof IntrinsicElements>; }'.
  Overload 2 of 2, '(props: DefaultComponentProps<GridTypeMap<{}, "div">>): Element', gave the following error.
    Type '{ children: Element; item: true; sm: number; xs: number; }' is not assignable to type 'IntrinsicAttributes & GridBaseProps & { sx?: SxProps<Theme>; } & SystemProps<Theme> & Omit<Omit<DetailedHTMLProps<HTMLAttributes<HTMLDivElement>, HTMLDivElement>, "ref"> & { ...; }, "sx" | ... 1 more ... | keyof GridBaseProps>'.
      Property 'item' does not exist on type 'IntrinsicAttributes & GridBaseProps & { sx?: SxProps<Theme>; } & SystemProps<Theme> & Omit<Omit<DetailedHTMLProps<HTMLAttributes<HTMLDivElement>, HTMLDivElement>, "ref"> & { ...; }, "sx" | ... 1 more ... | keyof GridBaseProps>'.
src/components/prediction/BetRecommendationList.tsx(131,19): error TS2353: Object literal may only specify known properties, and 'featureNames' does not exist in type 'ShapExplanation'.
src/components/prediction/index.ts(1,10): error TS2305: Module '"./PredictionDisplay.js"' has no exported member 'default'.
src/components/prediction/index.ts(2,10): error TS2305: Module '"./ShapExplanation.js"' has no exported member 'default'.
src/components/prediction/PredictionDisplay.tsx(2,37): error TS2307: Cannot find module '../hooks/useUnifiedAnalytics.js' or its corresponding type declarations.
src/components/prediction/PredictionDisplay.tsx(36,35): error TS2307: Cannot find module './NoResultsFallback.js' or its corresponding type declarations.
src/components/prediction/PredictionDisplay.tsx(47,32): error TS2307: Cannot find module '../stores/filterStore.js' or its corresponding type declarations.
src/components/prediction/PredictionDisplay.tsx(118,11): error TS2339: Property 'riskProfile' does not exist on type '{ activeProfile: RiskProfile; profiles: RiskProfile[]; isLoading: boolean; error: Error; updateProfile: (profile: RiskProfile) => Promise<boolean>; setActiveProfile: (profileId: string) => Promise<...>; }'.
src/components/prediction/PredictionDisplay.tsx(158,10): error TS2339: Property 'calculateOptimalStake' does not exist on type '{ getPredictions: (riskProfile: RiskProfile) => Promise<Prediction[]>; subscribeToUpdates: (onUpdate: (prediction: Prediction) => void, onError: (error: Error) => void) => () => void; }'.
src/components/prediction/PredictionDisplay.tsx(176,18): error TS2551: Property 'eventId' does not exist on type 'Prediction'. Did you mean 'event'?
src/components/prediction/PredictionDisplay.tsx(231,11): error TS2353: Object literal may only specify known properties, and 'riskProfile' does not exist in type 'RiskProfile'.
src/components/prediction/PredictionDisplay.tsx(254,41): error TS2345: Argument of type '{ code: string; category: string; severity: string; component: string; retryable: boolean; recoveryStrategy: { type: string; maxRetries: number; timeout: number; }; }' is not assignable to parameter of type 'string'.
src/components/prediction/PredictionDisplay.tsx(296,39): error TS2345: Argument of type '{ code: string; category: string; severity: string; component: string; retryable: boolean; }' is not assignable to parameter of type 'string'.
src/components/prediction/PredictionDisplay.tsx(399,10): error TS2769: No overload matches this call.
  Overload 1 of 2, '(props: { component: ElementType<any, keyof IntrinsicElements>; } & GridBaseProps & { sx?: SxProps<Theme>; } & SystemProps<Theme> & Omit<...>): Element', gave the following error.
    Property 'component' is missing in type '{ children: Element; item: true; md: number; xs: number; }' but required in type '{ component: ElementType<any, keyof IntrinsicElements>; }'.
  Overload 2 of 2, '(props: DefaultComponentProps<GridTypeMap<{}, "div">>): Element', gave the following error.
    Type '{ children: Element; item: true; md: number; xs: number; }' is not assignable to type 'IntrinsicAttributes & GridBaseProps & { sx?: SxProps<Theme>; } & SystemProps<Theme> & Omit<Omit<DetailedHTMLProps<HTMLAttributes<HTMLDivElement>, HTMLDivElement>, "ref"> & { ...; }, "sx" | ... 1 more ... | keyof GridBaseProps>'.
      Property 'item' does not exist on type 'IntrinsicAttributes & GridBaseProps & { sx?: SxProps<Theme>; } & SystemProps<Theme> & Omit<Omit<DetailedHTMLProps<HTMLAttributes<HTMLDivElement>, HTMLDivElement>, "ref"> & { ...; }, "sx" | ... 1 more ... | keyof GridBaseProps>'.
src/components/prediction/PredictionDisplay.tsx(434,10): error TS2769: No overload matches this call.
  Overload 1 of 2, '(props: { component: ElementType<any, keyof IntrinsicElements>; } & GridBaseProps & { sx?: SxProps<Theme>; } & SystemProps<Theme> & Omit<...>): Element', gave the following error.
    Property 'component' is missing in type '{ children: Element; item: true; md: number; xs: number; }' but required in type '{ component: ElementType<any, keyof IntrinsicElements>; }'.
  Overload 2 of 2, '(props: DefaultComponentProps<GridTypeMap<{}, "div">>): Element', gave the following error.
    Type '{ children: Element; item: true; md: number; xs: number; }' is not assignable to type 'IntrinsicAttributes & GridBaseProps & { sx?: SxProps<Theme>; } & SystemProps<Theme> & Omit<Omit<DetailedHTMLProps<HTMLAttributes<HTMLDivElement>, HTMLDivElement>, "ref"> & { ...; }, "sx" | ... 1 more ... | keyof GridBaseProps>'.
      Property 'item' does not exist on type 'IntrinsicAttributes & GridBaseProps & { sx?: SxProps<Theme>; } & SystemProps<Theme> & Omit<Omit<DetailedHTMLProps<HTMLAttributes<HTMLDivElement>, HTMLDivElement>, "ref"> & { ...; }, "sx" | ... 1 more ... | keyof GridBaseProps>'.
src/components/prediction/PredictionDisplay.tsx(461,14): error TS2769: No overload matches this call.
  Overload 1 of 2, '(props: { component: ElementType<any, keyof IntrinsicElements>; } & GridBaseProps & { sx?: SxProps<Theme>; } & SystemProps<Theme> & Omit<...>): Element', gave the following error.
    Property 'component' is missing in type '{ children: Element; item: true; md: number; xs: number; }' but required in type '{ component: ElementType<any, keyof IntrinsicElements>; }'.
  Overload 2 of 2, '(props: DefaultComponentProps<GridTypeMap<{}, "div">>): Element', gave the following error.
    Type '{ children: Element; item: true; md: number; xs: number; }' is not assignable to type 'IntrinsicAttributes & GridBaseProps & { sx?: SxProps<Theme>; } & SystemProps<Theme> & Omit<Omit<DetailedHTMLProps<HTMLAttributes<HTMLDivElement>, HTMLDivElement>, "ref"> & { ...; }, "sx" | ... 1 more ... | keyof GridBaseProps>'.
      Property 'item' does not exist on type 'IntrinsicAttributes & GridBaseProps & { sx?: SxProps<Theme>; } & SystemProps<Theme> & Omit<Omit<DetailedHTMLProps<HTMLAttributes<HTMLDivElement>, HTMLDivElement>, "ref"> & { ...; }, "sx" | ... 1 more ... | keyof GridBaseProps>'.
src/components/prediction/PredictionDisplay.tsx(478,14): error TS2769: No overload matches this call.
  Overload 1 of 2, '(props: { component: ElementType<any, keyof IntrinsicElements>; } & GridBaseProps & { sx?: SxProps<Theme>; } & SystemProps<Theme> & Omit<...>): Element', gave the following error.
    Property 'component' is missing in type '{ children: Element; item: true; md: number; xs: number; }' but required in type '{ component: ElementType<any, keyof IntrinsicElements>; }'.
  Overload 2 of 2, '(props: DefaultComponentProps<GridTypeMap<{}, "div">>): Element', gave the following error.
    Type '{ children: Element; item: true; md: number; xs: number; }' is not assignable to type 'IntrinsicAttributes & GridBaseProps & { sx?: SxProps<Theme>; } & SystemProps<Theme> & Omit<Omit<DetailedHTMLProps<HTMLAttributes<HTMLDivElement>, HTMLDivElement>, "ref"> & { ...; }, "sx" | ... 1 more ... | keyof GridBaseProps>'.
      Property 'item' does not exist on type 'IntrinsicAttributes & GridBaseProps & { sx?: SxProps<Theme>; } & SystemProps<Theme> & Omit<Omit<DetailedHTMLProps<HTMLAttributes<HTMLDivElement>, HTMLDivElement>, "ref"> & { ...; }, "sx" | ... 1 more ... | keyof GridBaseProps>'.
src/components/prediction/PredictionDisplay.tsx(487,30): error TS2362: The left-hand side of an arithmetic operation must be of type 'any', 'number', 'bigint' or an enum type.
src/components/prediction/PredictionDisplay.tsx(585,12): error TS2769: No overload matches this call.
  Overload 1 of 2, '(props: { component: ElementType<any, keyof IntrinsicElements>; } & GridBaseProps & { sx?: SxProps<Theme>; } & SystemProps<Theme> & Omit<...>): Element', gave the following error.
    Property 'component' is missing in type '{ children: Element; key: string; item: true; md: number; sm: number; xs: number; }' but required in type '{ component: ElementType<any, keyof IntrinsicElements>; }'.
  Overload 2 of 2, '(props: DefaultComponentProps<GridTypeMap<{}, "div">>): Element', gave the following error.
    Type '{ children: Element; key: string; item: true; md: number; sm: number; xs: number; }' is not assignable to type 'IntrinsicAttributes & GridBaseProps & { sx?: SxProps<Theme>; } & SystemProps<Theme> & Omit<Omit<DetailedHTMLProps<HTMLAttributes<HTMLDivElement>, HTMLDivElement>, "ref"> & { ...; }, "sx" | ... 1 more ... | keyof GridBaseProps>'.
      Property 'item' does not exist on type 'IntrinsicAttributes & GridBaseProps & { sx?: SxProps<Theme>; } & SystemProps<Theme> & Omit<Omit<DetailedHTMLProps<HTMLAttributes<HTMLDivElement>, HTMLDivElement>, "ref"> & { ...; }, "sx" | ... 1 more ... | keyof GridBaseProps>'.
src/components/prediction/PredictionDisplay.tsx(601,48): error TS2339: Property 'recommendedBet' does not exist on type 'Prediction'.
src/components/prediction/PredictionDisplay.tsx(604,47): error TS2339: Property 'expectedValue' does not exist on type 'Prediction'.
src/components/prediction/QuantumPredictionsInterface.tsx(556,18): error TS2304: Cannot find name 'Radar'.
src/components/prediction/QuantumPredictionsInterface.tsx(764,22): error TS2304: Cannot find name 'Scatter'.
src/components/prediction/ShapExplanation.tsx(85,23): error TS2339: Property 'confidence' does not exist on type 'ShapValue'.
src/components/prediction/ShapExplanation.tsx(92,23): error TS2339: Property 'confidence' does not exist on type 'ShapValue'.
src/components/prediction/ShapExplanation.tsx(105,29): error TS2339: Property 'confidence' does not exist on type 'ShapValue'.
src/components/prediction/UnifiedPredictionInterface.tsx(73,27): error TS2551: Property 'getPredictions' does not exist on type 'UnifiedPredictionService'. Did you mean 'getPrediction'?
src/components/prediction/UnifiedPredictionInterface.tsx(74,27): error TS2339: Property 'getOpportunities' does not exist on type 'UnifiedPredictionService'.
src/components/prediction/UnifiedPredictionInterface.tsx(88,22): error TS2345: Argument of type '(prev: Prediction[]) => (WebSocketData | Prediction)[]' is not assignable to parameter of type 'SetStateAction<Prediction[]>'.
  Type '(prev: Prediction[]) => (WebSocketData | Prediction)[]' is not assignable to type '(prevState: Prediction[]) => Prediction[]'.
    Type '(WebSocketData | Prediction)[]' is not assignable to type 'Prediction[]'.
      Type 'WebSocketData | Prediction' is not assignable to type 'Prediction'.
        Type 'BetData' is missing the following properties from type 'Prediction': id, marketType, prediction, confidence, and 3 more.
src/components/prediction/UnifiedPredictionInterface.tsx(96,24): error TS2345: Argument of type '(prev: PredictionOpportunity[]) => (WebSocketData | PredictionOpportunity)[]' is not assignable to parameter of type 'SetStateAction<PredictionOpportunity[]>'.
  Type '(prev: PredictionOpportunity[]) => (WebSocketData | PredictionOpportunity)[]' is not assignable to type '(prevState: PredictionOpportunity[]) => PredictionOpportunity[]'.
    Type '(WebSocketData | PredictionOpportunity)[]' is not assignable to type 'PredictionOpportunity[]'.
      Type 'WebSocketData | PredictionOpportunity' is not assignable to type 'PredictionOpportunity'.
        Type 'BetData' is missing the following properties from type 'PredictionOpportunity': id, marketType, prediction, confidence, and 3 more.
src/components/prediction/UnifiedPredictionInterface.tsx(122,31): error TS2339: Property 'analyzeOpportunity' does not exist on type 'UnifiedPredictionService'.
src/components/prediction/UnifiedPredictionInterface.tsx(178,17): error TS2322: Type '{ children: Element[]; key: string; className: string; onClick: () => void; }' is not assignable to type 'IntrinsicAttributes & CardProps'.
  Property 'onClick' does not exist on type 'IntrinsicAttributes & CardProps'.
src/components/prediction/UnifiedPredictionInterface.tsx(186,21): error TS2322: Type '"success" | "secondary" | "primary"' is not assignable to type '"success" | "warning" | "danger" | "info"'.
  Type '"secondary"' is not assignable to type '"success" | "warning" | "danger" | "info"'.
src/components/prediction/UnifiedPredictionInterface.tsx(216,17): error TS2322: Type '{ children: Element[]; key: string; className: string; onClick: () => Promise<void>; }' is not assignable to type 'IntrinsicAttributes & CardProps'.
  Property 'onClick' does not exist on type 'IntrinsicAttributes & CardProps'.
src/components/prediction/UnifiedPredictionInterface.tsx(224,21): error TS2322: Type '"success" | "primary" | "danger"' is not assignable to type '"success" | "warning" | "danger" | "info"'.
  Type '"primary"' is not assignable to type '"success" | "warning" | "danger" | "info"'.
src/components/PredictionDisplay.tsx(81,20): error TS2339: Property 'mlResult' does not exist on type '{ data: MLAnalyticsResult; loading: boolean; error: string; refetch: (options?: RefetchOptions) => Promise<QueryObserverResult<NoInfer<TQueryFnData>, AnalyticsError>>; }'.
src/components/PredictionDisplay.tsx(84,26): error TS2339: Property 'mlResult' does not exist on type '{ data: MLAnalyticsResult; loading: boolean; error: string; refetch: (options?: RefetchOptions) => Promise<QueryObserverResult<NoInfer<TQueryFnData>, AnalyticsError>>; }'.
src/components/PredictionDisplay.tsx(85,17): error TS2339: Property 'mlResult' does not exist on type '{ data: MLAnalyticsResult; loading: boolean; error: string; refetch: (options?: RefetchOptions) => Promise<QueryObserverResult<NoInfer<TQueryFnData>, AnalyticsError>>; }'.
src/components/PredictionDisplay.tsx(101,11): error TS2551: Property 'isLoading' does not exist on type '{ data: MLAnalyticsResult; loading: boolean; error: string; refetch: (options?: RefetchOptions) => Promise<QueryObserverResult<NoInfer<TQueryFnData>, AnalyticsError>>; }'. Did you mean 'loading'?
src/components/predictions/BettingOpportunities.tsx(4,15): error TS2724: '"../../services/predictionService"' has no exported member named 'Prediction'. Did you mean 'getPrediction'?
src/components/predictions/DailyFantasyIntegration.tsx(88,17): error TS2339: Property 'track' does not exist on type 'MetricsData'.
src/components/predictions/DailyFantasyIntegration.tsx(94,63): error TS2554: Expected 1 arguments, but got 2.
src/components/predictions/DailyFantasyIntegration.tsx(103,58): error TS2554: Expected 1 arguments, but got 2.
src/components/predictions/DailyFantasyIntegration.tsx(104,17): error TS2339: Property 'increment' does not exist on type 'MetricsData'.
src/components/predictions/DailyFantasyIntegration.tsx(129,12): error TS2769: No overload matches this call.
  Overload 1 of 2, '(props: { component: ElementType<any, keyof IntrinsicElements>; } & GridBaseProps & { sx?: SxProps<Theme>; } & SystemProps<Theme> & Omit<...>): Element', gave the following error.
    Property 'component' is missing in type '{ children: Element; item: true; md: number; xs: number; }' but required in type '{ component: ElementType<any, keyof IntrinsicElements>; }'.
  Overload 2 of 2, '(props: DefaultComponentProps<GridTypeMap<{}, "div">>): Element', gave the following error.
    Type '{ children: Element; item: true; md: number; xs: number; }' is not assignable to type 'IntrinsicAttributes & GridBaseProps & { sx?: SxProps<Theme>; } & SystemProps<Theme> & Omit<Omit<DetailedHTMLProps<HTMLAttributes<HTMLDivElement>, HTMLDivElement>, "ref"> & { ...; }, "sx" | ... 1 more ... | keyof GridBaseProps>'.
      Property 'item' does not exist on type 'IntrinsicAttributes & GridBaseProps & { sx?: SxProps<Theme>; } & SystemProps<Theme> & Omit<Omit<DetailedHTMLProps<HTMLAttributes<HTMLDivElement>, HTMLDivElement>, "ref"> & { ...; }, "sx" | ... 1 more ... | keyof GridBaseProps>'.
src/components/predictions/DailyFantasyIntegration.tsx(139,12): error TS2769: No overload matches this call.
  Overload 1 of 2, '(props: { component: ElementType<any, keyof IntrinsicElements>; } & GridBaseProps & { sx?: SxProps<Theme>; } & SystemProps<Theme> & Omit<...>): Element', gave the following error.
    Property 'component' is missing in type '{ children: Element; item: true; md: number; xs: number; }' but required in type '{ component: ElementType<any, keyof IntrinsicElements>; }'.
  Overload 2 of 2, '(props: DefaultComponentProps<GridTypeMap<{}, "div">>): Element', gave the following error.
    Type '{ children: Element; item: true; md: number; xs: number; }' is not assignable to type 'IntrinsicAttributes & GridBaseProps & { sx?: SxProps<Theme>; } & SystemProps<Theme> & Omit<Omit<DetailedHTMLProps<HTMLAttributes<HTMLDivElement>, HTMLDivElement>, "ref"> & { ...; }, "sx" | ... 1 more ... | keyof GridBaseProps>'.
      Property 'item' does not exist on type 'IntrinsicAttributes & GridBaseProps & { sx?: SxProps<Theme>; } & SystemProps<Theme> & Omit<Omit<DetailedHTMLProps<HTMLAttributes<HTMLDivElement>, HTMLDivElement>, "ref"> & { ...; }, "sx" | ... 1 more ... | keyof GridBaseProps>'.
src/components/predictions/FantasyPredictionEnhancer.tsx(122,17): error TS2339: Property 'track' does not exist on type 'MetricsData'.
src/components/predictions/FantasyPredictionEnhancer.tsx(127,76): error TS2554: Expected 1 arguments, but got 2.
src/components/predictions/FantasyPredictionEnhancer.tsx(134,53): error TS2554: Expected 1 arguments, but got 2.
src/components/predictions/FantasyPredictionEnhancer.tsx(135,17): error TS2339: Property 'increment' does not exist on type 'MetricsData'.
src/components/predictions/LivePredictions.tsx(3,40): error TS2305: Module '"../../utils/formatters"' has no exported member 'formatTimeAgo'.
src/components/predictions/LivePredictions.tsx(4,15): error TS2724: '"../../services/predictionService"' has no exported member named 'Prediction'. Did you mean 'getPrediction'?
src/components/predictions/PredictionGenerator.tsx(108,15): error TS2339: Property 'track' does not exist on type 'MetricsData'.
src/components/predictions/PredictionGenerator.tsx(113,57): error TS2554: Expected 1 arguments, but got 2.
src/components/predictions/PredictionGenerator.tsx(120,52): error TS2554: Expected 1 arguments, but got 2.
src/components/predictions/PredictionGenerator.tsx(121,15): error TS2339: Property 'increment' does not exist on type 'MetricsData'.
src/components/predictions/PredictionGenerator.tsx(135,12): error TS2769: No overload matches this call.
  Overload 1 of 2, '(props: { component: ElementType<any, keyof IntrinsicElements>; } & GridBaseProps & { sx?: SxProps<Theme>; } & SystemProps<Theme> & Omit<...>): Element', gave the following error.
    Property 'component' is missing in type '{ children: Element; item: true; md: number; xs: number; }' but required in type '{ component: ElementType<any, keyof IntrinsicElements>; }'.
  Overload 2 of 2, '(props: DefaultComponentProps<GridTypeMap<{}, "div">>): Element', gave the following error.
    Type '{ children: Element; item: true; md: number; xs: number; }' is not assignable to type 'IntrinsicAttributes & GridBaseProps & { sx?: SxProps<Theme>; } & SystemProps<Theme> & Omit<Omit<DetailedHTMLProps<HTMLAttributes<HTMLDivElement>, HTMLDivElement>, "ref"> & { ...; }, "sx" | ... 1 more ... | keyof GridBaseProps>'.
      Property 'item' does not exist on type 'IntrinsicAttributes & GridBaseProps & { sx?: SxProps<Theme>; } & SystemProps<Theme> & Omit<Omit<DetailedHTMLProps<HTMLAttributes<HTMLDivElement>, HTMLDivElement>, "ref"> & { ...; }, "sx" | ... 1 more ... | keyof GridBaseProps>'.
src/components/predictions/PredictionGenerator.tsx(147,12): error TS2769: No overload matches this call.
  Overload 1 of 2, '(props: { component: ElementType<any, keyof IntrinsicElements>; } & GridBaseProps & { sx?: SxProps<Theme>; } & SystemProps<Theme> & Omit<...>): Element', gave the following error.
    Property 'component' is missing in type '{ children: Element; item: true; md: number; xs: number; }' but required in type '{ component: ElementType<any, keyof IntrinsicElements>; }'.
  Overload 2 of 2, '(props: DefaultComponentProps<GridTypeMap<{}, "div">>): Element', gave the following error.
    Type '{ children: Element; item: true; md: number; xs: number; }' is not assignable to type 'IntrinsicAttributes & GridBaseProps & { sx?: SxProps<Theme>; } & SystemProps<Theme> & Omit<Omit<DetailedHTMLProps<HTMLAttributes<HTMLDivElement>, HTMLDivElement>, "ref"> & { ...; }, "sx" | ... 1 more ... | keyof GridBaseProps>'.
      Property 'item' does not exist on type 'IntrinsicAttributes & GridBaseProps & { sx?: SxProps<Theme>; } & SystemProps<Theme> & Omit<Omit<DetailedHTMLProps<HTMLAttributes<HTMLDivElement>, HTMLDivElement>, "ref"> & { ...; }, "sx" | ... 1 more ... | keyof GridBaseProps>'.
src/components/predictions/PredictionGenerator.tsx(157,12): error TS2769: No overload matches this call.
  Overload 1 of 2, '(props: { component: ElementType<any, keyof IntrinsicElements>; } & GridBaseProps & { sx?: SxProps<Theme>; } & SystemProps<Theme> & Omit<...>): Element', gave the following error.
    Property 'component' is missing in type '{ children: Element; item: true; md: number; xs: number; }' but required in type '{ component: ElementType<any, keyof IntrinsicElements>; }'.
  Overload 2 of 2, '(props: DefaultComponentProps<GridTypeMap<{}, "div">>): Element', gave the following error.
    Type '{ children: Element; item: true; md: number; xs: number; }' is not assignable to type 'IntrinsicAttributes & GridBaseProps & { sx?: SxProps<Theme>; } & SystemProps<Theme> & Omit<Omit<DetailedHTMLProps<HTMLAttributes<HTMLDivElement>, HTMLDivElement>, "ref"> & { ...; }, "sx" | ... 1 more ... | keyof GridBaseProps>'.
      Property 'item' does not exist on type 'IntrinsicAttributes & GridBaseProps & { sx?: SxProps<Theme>; } & SystemProps<Theme> & Omit<Omit<DetailedHTMLProps<HTMLAttributes<HTMLDivElement>, HTMLDivElement>, "ref"> & { ...; }, "sx" | ... 1 more ... | keyof GridBaseProps>'.
src/components/predictions/RealtimePredictionDisplay.tsx(21,24): error TS2339: Property 'connectionStatus' does not exist on type '{ isConnected: boolean; isConnecting: boolean; error: string; connectionAttempts: number; lastMessage: WebSocketMessage; connect: () => void; disconnect: () => void; sendMessage: (message: any) => boolean; readyState: number; }'.
src/components/predictions/RealtimePredictionDisplay.tsx(28,33): error TS2345: Argument of type 'WebSocketMessage' is not assignable to parameter of type 'string'.
src/components/predictions/RealtimePredictionDisplay.tsx(90,29): error TS2322: Type 'import("C:/Users/bcmad/Downloads/A1Betting-master (7)/A1Betting-master/frontend/src/types/prediction").ShapValue[]' is not assignable to type 'import("C:/Users/bcmad/Downloads/A1Betting-master (7)/A1Betting-master/frontend/src/types/explainability").ShapValue[]'.
  Type 'import("C:/Users/bcmad/Downloads/A1Betting-master (7)/A1Betting-master/frontend/src/types/prediction").ShapValue' is not assignable to type 'import("C:/Users/bcmad/Downloads/A1Betting-master (7)/A1Betting-master/frontend/src/types/explainability").ShapValue'.
    Types of property 'impact' are incompatible.
      Type 'string' is not assignable to type 'number'.
        Type 'string' is not assignable to type 'number'.
src/components/predictions/UniversalPredictions.tsx(351,25): error TS2339: Property 'odds' does not exist on type '{ currency: (amount: number, currency?: string) => string; percentage: (value: number, decimals?: number) => string; number: (value: number, decimals?: number) => string; date: (date: string | Date, format?: string) => string; time: (date: string | Date) => string; compact: (value: number) => string; }'.
src/components/predictions/UniversalPredictions.tsx(523,47): error TS2339: Property 'target' does not exist on type 'string'.
src/components/ProgressBar.tsx(2,10): error TS2305: Module '"@/types"' has no exported member 'EntryStatus'.
src/components/PropCard.tsx(2,10): error TS2724: '"../api/PrizePicksAPI"' has no exported member named 'PrizePicksProjection'. Did you mean 'RawPrizePicksProjection'?
src/components/PropCards.tsx(22,11): error TS2339: Property 'addToBetSlip' does not exist on type 'AppState'.
src/components/PropCards.tsx(28,12): error TS2769: No overload matches this call.
  Overload 1 of 2, '(props: { component: ElementType<any, keyof IntrinsicElements>; } & GridBaseProps & { sx?: SxProps<Theme>; } & SystemProps<Theme> & Omit<...>): Element', gave the following error.
    Property 'component' is missing in type '{ children: Element; key: number; item: true; md: number; sm: number; xs: number; }' but required in type '{ component: ElementType<any, keyof IntrinsicElements>; }'.
  Overload 2 of 2, '(props: DefaultComponentProps<GridTypeMap<{}, "div">>): Element', gave the following error.
    Type '{ children: Element; key: number; item: true; md: number; sm: number; xs: number; }' is not assignable to type 'IntrinsicAttributes & GridBaseProps & { sx?: SxProps<Theme>; } & SystemProps<Theme> & Omit<Omit<DetailedHTMLProps<HTMLAttributes<HTMLDivElement>, HTMLDivElement>, "ref"> & { ...; }, "sx" | ... 1 more ... | keyof GridBaseProps>'.
      Property 'item' does not exist on type 'IntrinsicAttributes & GridBaseProps & { sx?: SxProps<Theme>; } & SystemProps<Theme> & Omit<Omit<DetailedHTMLProps<HTMLAttributes<HTMLDivElement>, HTMLDivElement>, "ref"> & { ...; }, "sx" | ... 1 more ... | keyof GridBaseProps>'.
src/components/PropCards.tsx(48,10): error TS2769: No overload matches this call.
  Overload 1 of 2, '(props: { component: ElementType<any, keyof IntrinsicElements>; } & GridBaseProps & { sx?: SxProps<Theme>; } & SystemProps<Theme> & Omit<...>): Element', gave the following error.
    Property 'component' is missing in type '{ children: Element; key: string; item: true; md: number; sm: number; xs: number; }' but required in type '{ component: ElementType<any, keyof IntrinsicElements>; }'.
  Overload 2 of 2, '(props: DefaultComponentProps<GridTypeMap<{}, "div">>): Element', gave the following error.
    Type '{ children: Element; key: string; item: true; md: number; sm: number; xs: number; }' is not assignable to type 'IntrinsicAttributes & GridBaseProps & { sx?: SxProps<Theme>; } & SystemProps<Theme> & Omit<Omit<DetailedHTMLProps<HTMLAttributes<HTMLDivElement>, HTMLDivElement>, "ref"> & { ...; }, "sx" | ... 1 more ... | keyof GridBaseProps>'.
      Property 'item' does not exist on type 'IntrinsicAttributes & GridBaseProps & { sx?: SxProps<Theme>; } & SystemProps<Theme> & Omit<Omit<DetailedHTMLProps<HTMLAttributes<HTMLDivElement>, HTMLDivElement>, "ref"> & { ...; }, "sx" | ... 1 more ... | keyof GridBaseProps>'.
src/components/PropList.tsx(3,10): error TS2724: '"../services/prizePicksService"' has no exported member named 'PrizePicksService'. Did you mean 'prizePicksService'?
src/components/realtime/RealTimeDataStream.tsx(2,10): error TS2724: '"../../hooks/useRealtimeData"' has no exported member named 'useRealtimeData'. Did you mean 'useRealTimeData'?
src/components/realtime/RealTimeDataStream.tsx(4,10): error TS2614: Module '"../../services/RealTimeMoneyMakingService"' has no exported member 'RealTimeMoneyMakingService'. Did you mean to use 'import RealTimeMoneyMakingService from "../../services/RealTimeMoneyMakingService"' instead?
src/components/realtime/RealTimeDataStream.tsx(105,13): error TS2322: Type 'string' is not assignable to type '"arbitrage" | "odds" | "lineup" | "prediction" | "injury" | "market" | "weather"'.
src/components/realtime/RealTimeDataStream.tsx(108,13): error TS2322: Type 'string' is not assignable to type '"low" | "medium" | "high"'.
src/components/RealtimePredictionDisplay.tsx(24,11): error TS2339: Property 'getPrediction' does not exist on type '{ loadPredictions: () => Promise<void>; getPredictionById: (id: string) => { id: string; event: string; market: string; selection: string; modelOutput: PredictionModelOutput; timestamp: number; }; getRecentPredictions: (limit?: number) => { ...; }[]; predictions: { ...; }[]; loading: boolean; error: string; }'.
src/components/RealtimePredictionDisplay.tsx(24,26): error TS2339: Property 'getConfidenceColor' does not exist on type '{ loadPredictions: () => Promise<void>; getPredictionById: (id: string) => { id: string; event: string; market: string; selection: string; modelOutput: PredictionModelOutput; timestamp: number; }; getRecentPredictions: (limit?: number) => { ...; }[]; predictions: { ...; }[]; loading: boolean; error: string; }'.
src/components/RealtimePredictionDisplay.tsx(59,32): error TS2322: Type '{ value: any; }' is not assignable to type 'IntrinsicAttributes & ConfidenceIndicatorProps'.
  Property 'value' does not exist on type 'IntrinsicAttributes & ConfidenceIndicatorProps'.
src/components/RealtimePredictionDisplay.tsx(79,17): error TS2322: Type '{ key: any; name: any; value: any; weight: any; }' is not assignable to type 'IntrinsicAttributes & ShapValueDisplayProps'.
  Property 'name' does not exist on type 'IntrinsicAttributes & ShapValueDisplayProps'.
src/components/RealTimeUpdates.tsx(29,24): error TS2307: Cannot find module '@mui/styles' or its corresponding type declarations.
src/components/RealTimeUpdates.tsx(94,32): error TS2339: Property 'payload' does not exist on type 'WebSocketMessage'.
src/components/RealTimeUpdates.tsx(99,25): error TS2339: Property 'payload' does not exist on type 'WebSocketMessage'.
src/components/RealTimeUpdates.tsx(102,46): error TS2339: Property 'payload' does not exist on type 'WebSocketMessage'.
src/components/RegisterForm.tsx(3,25): error TS2307: Cannot find module '../../providers/AuthProvider' or its corresponding type declarations.
src/components/revolutionary/EnhancedRevolutionaryInterface.tsx(96,14): error TS2304: Cannot find name 'EnhancedPredictionResponse'.
src/components/revolutionary/EnhancedRevolutionaryInterface.tsx(98,14): error TS2304: Cannot find name 'MathematicalAnalysisResponse'.
src/components/revolutionary/EnhancedRevolutionaryInterface.tsx(123,7): error TS2353: Object literal may only specify known properties, and 'neuromorphic_timesteps' does not exist in type 'EnhancedPredictionRequest | (() => EnhancedPredictionRequest)'.
src/components/revolutionary/EnhancedRevolutionaryInterface.tsx(210,63): error TS2554: Expected 1 arguments, but got 2.
src/components/revolutionary/EnhancedRevolutionaryInterface.tsx(278,49): error TS2554: Expected 1 arguments, but got 2.
src/components/revolutionary/EnhancedRevolutionaryInterface.tsx(316,65): error TS2554: Expected 1 arguments, but got 2.
src/components/revolutionary/EnhancedRevolutionaryInterface.tsx(418,9): error TS2554: Expected 1 arguments, but got 2.
src/components/revolutionary/EnhancedRevolutionaryInterface.tsx(433,64): error TS2554: Expected 1 arguments, but got 2.
src/components/revolutionary/EnhancedRevolutionaryInterface.tsx(732,52): error TS2339: Property 'neuromorphic_timesteps' does not exist on type 'EnhancedPredictionRequest'.
src/components/revolutionary/EnhancedRevolutionaryInterface.tsx(776,52): error TS2339: Property 'mamba_sequence_length' does not exist on type 'EnhancedPredictionRequest'.
src/components/revolutionary/EnhancedRevolutionaryInterface.tsx(821,52): error TS2339: Property 'causal_significance_level' does not exist on type 'EnhancedPredictionRequest'.
src/components/revolutionary/EnhancedRevolutionaryInterface.tsx(865,52): error TS2339: Property 'topological_max_dimension' does not exist on type 'EnhancedPredictionRequest'.
src/components/revolutionary/EnhancedRevolutionaryInterface.tsx(909,52): error TS2339: Property 'riemannian_manifold_dim' does not exist on type 'EnhancedPredictionRequest'.
src/components/revolutionary/EnhancedRevolutionaryInterface.tsx(936,52): error TS2339: Property 'use_gpu' does not exist on type 'EnhancedPredictionRequest'.
src/components/revolutionary/EnhancedRevolutionaryInterface.tsx(955,50): error TS2339: Property 'numerical_precision' does not exist on type 'EnhancedPredictionRequest'.
src/components/revolutionary/EnhancedRevolutionaryInterface.tsx(978,48): error TS2339: Property 'convergence_tolerance' does not exist on type 'EnhancedPredictionRequest'.
src/components/revolutionary/EnhancedRevolutionaryInterface.tsx(1177,24): error TS2304: Cannot find name 'Line'.
src/components/revolutionary/EnhancedRevolutionaryInterface.tsx(1215,24): error TS2304: Cannot find name 'Bar'.
src/components/revolutionary/EnhancedRevolutionaryInterface.tsx(1250,24): error TS2304: Cannot find name 'Scatter'.
src/components/revolutionary/EnhancedRevolutionaryInterface.tsx(1551,40): error TS2339: Property 'toFixed' does not exist on type 'unknown'.
src/components/revolutionary/EnhancedRevolutionaryInterface.tsx(1584,32): error TS2362: The left-hand side of an arithmetic operation must be of type 'any', 'number', 'bigint' or an enum type.
src/components/revolutionary/EnhancedRevolutionaryInterface.tsx(1590,36): error TS2339: Property 'toFixed' does not exist on type 'unknown'.
src/components/revolutionary/RevolutionaryAccuracyInterface.tsx(9,26): error TS2307: Cannot find module '@/components/ui/textarea' or its corresponding type declarations.
src/components/revolutionary/RevolutionaryAccuracyInterface.tsx(799,26): error TS2304: Cannot find name 'Bar'.
src/components/revolutionary/RevolutionaryAccuracyInterface.tsx(835,26): error TS2304: Cannot find name 'RadarChart'.
src/components/revolutionary/RevolutionaryAccuracyInterface.tsx(947,22): error TS2304: Cannot find name 'Bar'.
src/components/risk/RiskProfileManager.tsx(90,10): error TS2769: No overload matches this call.
  Overload 1 of 2, '(props: { component: ElementType<any, keyof IntrinsicElements>; } & GridBaseProps & { sx?: SxProps<Theme>; } & SystemProps<Theme> & Omit<...>): Element', gave the following error.
    Property 'component' is missing in type '{ children: Element; item: true; md: number; xs: number; }' but required in type '{ component: ElementType<any, keyof IntrinsicElements>; }'.
  Overload 2 of 2, '(props: DefaultComponentProps<GridTypeMap<{}, "div">>): Element', gave the following error.
    Type '{ children: Element; item: true; md: number; xs: number; }' is not assignable to type 'IntrinsicAttributes & GridBaseProps & { sx?: SxProps<Theme>; } & SystemProps<Theme> & Omit<Omit<DetailedHTMLProps<HTMLAttributes<HTMLDivElement>, HTMLDivElement>, "ref"> & { ...; }, "sx" | ... 1 more ... | keyof GridBaseProps>'.
      Property 'item' does not exist on type 'IntrinsicAttributes & GridBaseProps & { sx?: SxProps<Theme>; } & SystemProps<Theme> & Omit<Omit<DetailedHTMLProps<HTMLAttributes<HTMLDivElement>, HTMLDivElement>, "ref"> & { ...; }, "sx" | ... 1 more ... | keyof GridBaseProps>'.
src/components/risk/RiskProfileManager.tsx(133,47): error TS2339: Property 'minStake' does not exist on type 'RiskProfile'.
src/components/risk/RiskProfileManager.tsx(135,69): error TS2345: Argument of type '"minStake"' is not assignable to parameter of type 'keyof RiskProfile'.
src/components/risk/RiskProfileManager.tsx(144,47): error TS2551: Property 'confidenceThreshold' does not exist on type 'RiskProfile'. Did you mean 'minConfidenceThreshold'?
src/components/risk/RiskProfileManager.tsx(147,47): error TS2345: Argument of type '"confidenceThreshold"' is not assignable to parameter of type 'keyof RiskProfile'.
src/components/risk/RiskProfileManager.tsx(166,56): error TS2339: Property 'minStake' does not exist on type 'RiskProfile'.
src/components/risk/RiskProfileManager.tsx(169,63): error TS2551: Property 'confidenceThreshold' does not exist on type 'RiskProfile'. Did you mean 'minConfidenceThreshold'?
src/components/risk/RiskProfileManager.tsx(189,10): error TS2769: No overload matches this call.
  Overload 1 of 2, '(props: { component: ElementType<any, keyof IntrinsicElements>; } & GridBaseProps & { sx?: SxProps<Theme>; } & SystemProps<Theme> & Omit<...>): Element', gave the following error.
    Property 'component' is missing in type '{ children: Element; item: true; md: number; xs: number; }' but required in type '{ component: ElementType<any, keyof IntrinsicElements>; }'.
  Overload 2 of 2, '(props: DefaultComponentProps<GridTypeMap<{}, "div">>): Element', gave the following error.
    Type '{ children: Element; item: true; md: number; xs: number; }' is not assignable to type 'IntrinsicAttributes & GridBaseProps & { sx?: SxProps<Theme>; } & SystemProps<Theme> & Omit<Omit<DetailedHTMLProps<HTMLAttributes<HTMLDivElement>, HTMLDivElement>, "ref"> & { ...; }, "sx" | ... 1 more ... | keyof GridBaseProps>'.
      Property 'item' does not exist on type 'IntrinsicAttributes & GridBaseProps & { sx?: SxProps<Theme>; } & SystemProps<Theme> & Omit<Omit<DetailedHTMLProps<HTMLAttributes<HTMLDivElement>, HTMLDivElement>, "ref"> & { ...; }, "sx" | ... 1 more ... | keyof GridBaseProps>'.
src/components/risk/RiskProfileManager.tsx(197,20): error TS2769: No overload matches this call.
  Overload 1 of 2, '(props: { component: ElementType<any, keyof IntrinsicElements>; } & GridBaseProps & { sx?: SxProps<Theme>; } & SystemProps<Theme> & Omit<...>): Element', gave the following error.
    Property 'component' is missing in type '{ children: Element[]; item: true; xs: number; }' but required in type '{ component: ElementType<any, keyof IntrinsicElements>; }'.
  Overload 2 of 2, '(props: DefaultComponentProps<GridTypeMap<{}, "div">>): Element', gave the following error.
    Type '{ children: Element[]; item: true; xs: number; }' is not assignable to type 'IntrinsicAttributes & GridBaseProps & { sx?: SxProps<Theme>; } & SystemProps<Theme> & Omit<Omit<DetailedHTMLProps<HTMLAttributes<HTMLDivElement>, HTMLDivElement>, "ref"> & { ...; }, "sx" | ... 1 more ... | keyof GridBaseProps>'.
      Property 'item' does not exist on type 'IntrinsicAttributes & GridBaseProps & { sx?: SxProps<Theme>; } & SystemProps<Theme> & Omit<Omit<DetailedHTMLProps<HTMLAttributes<HTMLDivElement>, HTMLDivElement>, "ref"> & { ...; }, "sx" | ... 1 more ... | keyof GridBaseProps>'.
src/components/risk/RiskProfileManager.tsx(203,20): error TS2769: No overload matches this call.
  Overload 1 of 2, '(props: { component: ElementType<any, keyof IntrinsicElements>; } & GridBaseProps & { sx?: SxProps<Theme>; } & SystemProps<Theme> & Omit<...>): Element', gave the following error.
    Property 'component' is missing in type '{ children: Element[]; item: true; xs: number; }' but required in type '{ component: ElementType<any, keyof IntrinsicElements>; }'.
  Overload 2 of 2, '(props: DefaultComponentProps<GridTypeMap<{}, "div">>): Element', gave the following error.
    Type '{ children: Element[]; item: true; xs: number; }' is not assignable to type 'IntrinsicAttributes & GridBaseProps & { sx?: SxProps<Theme>; } & SystemProps<Theme> & Omit<Omit<DetailedHTMLProps<HTMLAttributes<HTMLDivElement>, HTMLDivElement>, "ref"> & { ...; }, "sx" | ... 1 more ... | keyof GridBaseProps>'.
      Property 'item' does not exist on type 'IntrinsicAttributes & GridBaseProps & { sx?: SxProps<Theme>; } & SystemProps<Theme> & Omit<Omit<DetailedHTMLProps<HTMLAttributes<HTMLDivElement>, HTMLDivElement>, "ref"> & { ...; }, "sx" | ... 1 more ... | keyof GridBaseProps>'.
src/components/risk/RiskProfileManager.tsx(208,39): error TS2339: Property 'volatilityThreshold' does not exist on type 'RiskProfile'.
src/components/risk/RiskProfileManager.tsx(211,20): error TS2769: No overload matches this call.
  Overload 1 of 2, '(props: { component: ElementType<any, keyof IntrinsicElements>; } & GridBaseProps & { sx?: SxProps<Theme>; } & SystemProps<Theme> & Omit<...>): Element', gave the following error.
    Property 'component' is missing in type '{ children: Element[]; item: true; xs: number; }' but required in type '{ component: ElementType<any, keyof IntrinsicElements>; }'.
  Overload 2 of 2, '(props: DefaultComponentProps<GridTypeMap<{}, "div">>): Element', gave the following error.
    Type '{ children: Element[]; item: true; xs: number; }' is not assignable to type 'IntrinsicAttributes & GridBaseProps & { sx?: SxProps<Theme>; } & SystemProps<Theme> & Omit<Omit<DetailedHTMLProps<HTMLAttributes<HTMLDivElement>, HTMLDivElement>, "ref"> & { ...; }, "sx" | ... 1 more ... | keyof GridBaseProps>'.
      Property 'item' does not exist on type 'IntrinsicAttributes & GridBaseProps & { sx?: SxProps<Theme>; } & SystemProps<Theme> & Omit<Omit<DetailedHTMLProps<HTMLAttributes<HTMLDivElement>, HTMLDivElement>, "ref"> & { ...; }, "sx" | ... 1 more ... | keyof GridBaseProps>'.
src/components/risk/RiskProfileManager.tsx(216,39): error TS2339: Property 'stopLossPercentage' does not exist on type 'RiskProfile'.
src/components/risk/RiskProfileManager.tsx(219,20): error TS2769: No overload matches this call.
  Overload 1 of 2, '(props: { component: ElementType<any, keyof IntrinsicElements>; } & GridBaseProps & { sx?: SxProps<Theme>; } & SystemProps<Theme> & Omit<...>): Element', gave the following error.
    Property 'component' is missing in type '{ children: Element[]; item: true; xs: number; }' but required in type '{ component: ElementType<any, keyof IntrinsicElements>; }'.
  Overload 2 of 2, '(props: DefaultComponentProps<GridTypeMap<{}, "div">>): Element', gave the following error.
    Type '{ children: Element[]; item: true; xs: number; }' is not assignable to type 'IntrinsicAttributes & GridBaseProps & { sx?: SxProps<Theme>; } & SystemProps<Theme> & Omit<Omit<DetailedHTMLProps<HTMLAttributes<HTMLDivElement>, HTMLDivElement>, "ref"> & { ...; }, "sx" | ... 1 more ... | keyof GridBaseProps>'.
      Property 'item' does not exist on type 'IntrinsicAttributes & GridBaseProps & { sx?: SxProps<Theme>; } & SystemProps<Theme> & Omit<Omit<DetailedHTMLProps<HTMLAttributes<HTMLDivElement>, HTMLDivElement>, "ref"> & { ...; }, "sx" | ... 1 more ... | keyof GridBaseProps>'.
src/components/risk/RiskProfileManager.tsx(224,39): error TS2339: Property 'takeProfitPercentage' does not exist on type 'RiskProfile'.
src/components/RiskManagerPage.tsx(51,19): error TS2339: Property 'isAxiosError' does not exist on type 'AxiosStatic'.
src/components/RiskManagerPage.tsx(274,17): error TS2339: Property 'isAxiosError' does not exist on type 'AxiosStatic'.
src/components/RiskManagerPage.tsx(274,39): error TS2339: Property 'isAxiosError' does not exist on type 'AxiosStatic'.
src/components/RiskManagerPage.tsx(275,22): error TS2339: Property 'response' does not exist on type 'unknown'.
src/components/RiskManagerPage.tsx(275,53): error TS2339: Property 'message' does not exist on type 'unknown'.
src/components/RiskProfileManager.tsx(14,24): error TS2307: Cannot find module '@/components/ui/switch' or its corresponding type declarations.
src/components/RiskProfileManager.tsx(17,11): error TS2339: Property 'riskProfile' does not exist on type '{ activeProfile: RiskProfile; profiles: RiskProfile[]; isLoading: boolean; error: Error; updateProfile: (profile: RiskProfile) => Promise<boolean>; setActiveProfile: (profileId: string) => Promise<...>; }'.
src/components/RiskProfileManager.tsx(17,24): error TS2339: Property 'updateRiskProfile' does not exist on type '{ activeProfile: RiskProfile; profiles: RiskProfile[]; isLoading: boolean; error: Error; updateProfile: (profile: RiskProfile) => Promise<boolean>; setActiveProfile: (profileId: string) => Promise<...>; }'.
src/components/RiskProfileManager.tsx(17,43): error TS2339: Property 'setRiskLevel' does not exist on type '{ activeProfile: RiskProfile; profiles: RiskProfile[]; isLoading: boolean; error: Error; updateProfile: (profile: RiskProfile) => Promise<boolean>; setActiveProfile: (profileId: string) => Promise<...>; }'.
src/components/shared/feedback/FeedbackWidget.tsx(14,28): error TS2307: Cannot find module '../hooks/useStorage' or its corresponding type declarations.
src/components/shared/ui/ProgressBar.tsx(2,10): error TS2305: Module '"@/types"' has no exported member 'EntryStatus'.
src/components/shared/ui/ProgressBar.tsx(3,45): error TS2307: Cannot find module '../utils/odds' or its corresponding type declarations.
src/components/shared/ui/Skeleton.tsx(44,11): error TS2353: Object literal may only specify known properties, and 'translateX' does not exist in type 'string[] | TargetAndTransition | LegacyAnimationControls'.
src/components/shared/ui/SkeletonLoader.tsx(9,10): error TS2769: No overload matches this call.
  Overload 1 of 2, '(props: { component: ElementType<any, keyof IntrinsicElements>; } & GridBaseProps & { sx?: SxProps<Theme>; } & SystemProps<Theme> & Omit<...>): Element', gave the following error.
    Property 'component' is missing in type '{ children: Element; item: true; xs: number; }' but required in type '{ component: ElementType<any, keyof IntrinsicElements>; }'.
  Overload 2 of 2, '(props: DefaultComponentProps<GridTypeMap<{}, "div">>): Element', gave the following error.
    Type '{ children: Element; item: true; xs: number; }' is not assignable to type 'IntrinsicAttributes & GridBaseProps & { sx?: SxProps<Theme>; } & SystemProps<Theme> & Omit<Omit<DetailedHTMLProps<HTMLAttributes<HTMLDivElement>, HTMLDivElement>, "ref"> & { ...; }, "sx" | ... 1 more ... | keyof GridBaseProps>'.
      Property 'item' does not exist on type 'IntrinsicAttributes & GridBaseProps & { sx?: SxProps<Theme>; } & SystemProps<Theme> & Omit<Omit<DetailedHTMLProps<HTMLAttributes<HTMLDivElement>, HTMLDivElement>, "ref"> & { ...; }, "sx" | ... 1 more ... | keyof GridBaseProps>'.
src/components/shared/ui/SkeletonLoader.tsx(19,10): error TS2769: No overload matches this call.
  Overload 1 of 2, '(props: { component: ElementType<any, keyof IntrinsicElements>; } & GridBaseProps & { sx?: SxProps<Theme>; } & SystemProps<Theme> & Omit<...>): Element', gave the following error.
    Property 'component' is missing in type '{ children: Element; item: true; xs: number; }' but required in type '{ component: ElementType<any, keyof IntrinsicElements>; }'.
  Overload 2 of 2, '(props: DefaultComponentProps<GridTypeMap<{}, "div">>): Element', gave the following error.
    Type '{ children: Element; item: true; xs: number; }' is not assignable to type 'IntrinsicAttributes & GridBaseProps & { sx?: SxProps<Theme>; } & SystemProps<Theme> & Omit<Omit<DetailedHTMLProps<HTMLAttributes<HTMLDivElement>, HTMLDivElement>, "ref"> & { ...; }, "sx" | ... 1 more ... | keyof GridBaseProps>'.
      Property 'item' does not exist on type 'IntrinsicAttributes & GridBaseProps & { sx?: SxProps<Theme>; } & SystemProps<Theme> & Omit<Omit<DetailedHTMLProps<HTMLAttributes<HTMLDivElement>, HTMLDivElement>, "ref"> & { ...; }, "sx" | ... 1 more ... | keyof GridBaseProps>'.
src/components/shared/ui/SkeletonLoader.tsx(28,10): error TS2769: No overload matches this call.
  Overload 1 of 2, '(props: { component: ElementType<any, keyof IntrinsicElements>; } & GridBaseProps & { sx?: SxProps<Theme>; } & SystemProps<Theme> & Omit<...>): Element', gave the following error.
    Property 'component' is missing in type '{ children: Element; item: true; md: number; xs: number; }' but required in type '{ component: ElementType<any, keyof IntrinsicElements>; }'.
  Overload 2 of 2, '(props: DefaultComponentProps<GridTypeMap<{}, "div">>): Element', gave the following error.
    Type '{ children: Element; item: true; md: number; xs: number; }' is not assignable to type 'IntrinsicAttributes & GridBaseProps & { sx?: SxProps<Theme>; } & SystemProps<Theme> & Omit<Omit<DetailedHTMLProps<HTMLAttributes<HTMLDivElement>, HTMLDivElement>, "ref"> & { ...; }, "sx" | ... 1 more ... | keyof GridBaseProps>'.
      Property 'item' does not exist on type 'IntrinsicAttributes & GridBaseProps & { sx?: SxProps<Theme>; } & SystemProps<Theme> & Omit<Omit<DetailedHTMLProps<HTMLAttributes<HTMLDivElement>, HTMLDivElement>, "ref"> & { ...; }, "sx" | ... 1 more ... | keyof GridBaseProps>'.
src/components/shared/ui/SkeletonLoader.tsx(34,20): error TS2769: No overload matches this call.
  Overload 1 of 2, '(props: { component: ElementType<any, keyof IntrinsicElements>; } & GridBaseProps & { sx?: SxProps<Theme>; } & SystemProps<Theme> & Omit<...>): Element', gave the following error.
    Property 'component' is missing in type '{ children: Element; key: number; item: true; sm: number; xs: number; }' but required in type '{ component: ElementType<any, keyof IntrinsicElements>; }'.
  Overload 2 of 2, '(props: DefaultComponentProps<GridTypeMap<{}, "div">>): Element', gave the following error.
    Type '{ children: Element; key: number; item: true; sm: number; xs: number; }' is not assignable to type 'IntrinsicAttributes & GridBaseProps & { sx?: SxProps<Theme>; } & SystemProps<Theme> & Omit<Omit<DetailedHTMLProps<HTMLAttributes<HTMLDivElement>, HTMLDivElement>, "ref"> & { ...; }, "sx" | ... 1 more ... | keyof GridBaseProps>'.
      Property 'item' does not exist on type 'IntrinsicAttributes & GridBaseProps & { sx?: SxProps<Theme>; } & SystemProps<Theme> & Omit<Omit<DetailedHTMLProps<HTMLAttributes<HTMLDivElement>, HTMLDivElement>, "ref"> & { ...; }, "sx" | ... 1 more ... | keyof GridBaseProps>'.
src/components/shared/ui/SkeletonLoader.tsx(53,10): error TS2769: No overload matches this call.
  Overload 1 of 2, '(props: { component: ElementType<any, keyof IntrinsicElements>; } & GridBaseProps & { sx?: SxProps<Theme>; } & SystemProps<Theme> & Omit<...>): Element', gave the following error.
    Property 'component' is missing in type '{ children: Element; item: true; md: number; xs: number; }' but required in type '{ component: ElementType<any, keyof IntrinsicElements>; }'.
  Overload 2 of 2, '(props: DefaultComponentProps<GridTypeMap<{}, "div">>): Element', gave the following error.
    Type '{ children: Element; item: true; md: number; xs: number; }' is not assignable to type 'IntrinsicAttributes & GridBaseProps & { sx?: SxProps<Theme>; } & SystemProps<Theme> & Omit<Omit<DetailedHTMLProps<HTMLAttributes<HTMLDivElement>, HTMLDivElement>, "ref"> & { ...; }, "sx" | ... 1 more ... | keyof GridBaseProps>'.
      Property 'item' does not exist on type 'IntrinsicAttributes & GridBaseProps & { sx?: SxProps<Theme>; } & SystemProps<Theme> & Omit<Omit<DetailedHTMLProps<HTMLAttributes<HTMLDivElement>, HTMLDivElement>, "ref"> & { ...; }, "sx" | ... 1 more ... | keyof GridBaseProps>'.
src/components/shared/ui/SkeletonLoader.tsx(55,14): error TS2769: No overload matches this call.
  Overload 1 of 2, '(props: { component: ElementType<any, keyof IntrinsicElements>; } & GridBaseProps & { sx?: SxProps<Theme>; } & SystemProps<Theme> & Omit<...>): Element', gave the following error.
    Property 'component' is missing in type '{ children: Element; item: true; xs: number; }' but required in type '{ component: ElementType<any, keyof IntrinsicElements>; }'.
  Overload 2 of 2, '(props: DefaultComponentProps<GridTypeMap<{}, "div">>): Element', gave the following error.
    Type '{ children: Element; item: true; xs: number; }' is not assignable to type 'IntrinsicAttributes & GridBaseProps & { sx?: SxProps<Theme>; } & SystemProps<Theme> & Omit<Omit<DetailedHTMLProps<HTMLAttributes<HTMLDivElement>, HTMLDivElement>, "ref"> & { ...; }, "sx" | ... 1 more ... | keyof GridBaseProps>'.
      Property 'item' does not exist on type 'IntrinsicAttributes & GridBaseProps & { sx?: SxProps<Theme>; } & SystemProps<Theme> & Omit<Omit<DetailedHTMLProps<HTMLAttributes<HTMLDivElement>, HTMLDivElement>, "ref"> & { ...; }, "sx" | ... 1 more ... | keyof GridBaseProps>'.
src/components/shared/ui/SkeletonLoader.tsx(61,24): error TS2769: No overload matches this call.
  Overload 1 of 2, '(props: { component: ElementType<any, keyof IntrinsicElements>; } & GridBaseProps & { sx?: SxProps<Theme>; } & SystemProps<Theme> & Omit<...>): Element', gave the following error.
    Property 'component' is missing in type '{ children: Element; key: number; item: true; xs: number; }' but required in type '{ component: ElementType<any, keyof IntrinsicElements>; }'.
  Overload 2 of 2, '(props: DefaultComponentProps<GridTypeMap<{}, "div">>): Element', gave the following error.
    Type '{ children: Element; key: number; item: true; xs: number; }' is not assignable to type 'IntrinsicAttributes & GridBaseProps & { sx?: SxProps<Theme>; } & SystemProps<Theme> & Omit<Omit<DetailedHTMLProps<HTMLAttributes<HTMLDivElement>, HTMLDivElement>, "ref"> & { ...; }, "sx" | ... 1 more ... | keyof GridBaseProps>'.
      Property 'item' does not exist on type 'IntrinsicAttributes & GridBaseProps & { sx?: SxProps<Theme>; } & SystemProps<Theme> & Omit<Omit<DetailedHTMLProps<HTMLAttributes<HTMLDivElement>, HTMLDivElement>, "ref"> & { ...; }, "sx" | ... 1 more ... | keyof GridBaseProps>'.
src/components/shared/ui/SkeletonLoader.tsx(69,14): error TS2769: No overload matches this call.
  Overload 1 of 2, '(props: { component: ElementType<any, keyof IntrinsicElements>; } & GridBaseProps & { sx?: SxProps<Theme>; } & SystemProps<Theme> & Omit<...>): Element', gave the following error.
    Property 'component' is missing in type '{ children: Element; item: true; xs: number; }' but required in type '{ component: ElementType<any, keyof IntrinsicElements>; }'.
  Overload 2 of 2, '(props: DefaultComponentProps<GridTypeMap<{}, "div">>): Element', gave the following error.
    Type '{ children: Element; item: true; xs: number; }' is not assignable to type 'IntrinsicAttributes & GridBaseProps & { sx?: SxProps<Theme>; } & SystemProps<Theme> & Omit<Omit<DetailedHTMLProps<HTMLAttributes<HTMLDivElement>, HTMLDivElement>, "ref"> & { ...; }, "sx" | ... 1 more ... | keyof GridBaseProps>'.
      Property 'item' does not exist on type 'IntrinsicAttributes & GridBaseProps & { sx?: SxProps<Theme>; } & SystemProps<Theme> & Omit<Omit<DetailedHTMLProps<HTMLAttributes<HTMLDivElement>, HTMLDivElement>, "ref"> & { ...; }, "sx" | ... 1 more ... | keyof GridBaseProps>'.
src/components/shared/ui/ThemeToggle.tsx(6,18): error TS2339: Property 'toggleTheme' does not exist on type '{ mode: ThemeMode; theme: "dark" | "light"; setThemeMode: (newMode: ThemeMode) => void; }'.
src/components/SimpleAdvancedIntegrationStatus.tsx(23,10): error TS2614: Module '"../services/enhancedIntegrationBridge"' has no exported member 'enhancedBridge'. Did you mean to use 'import enhancedBridge from "../services/enhancedIntegrationBridge"' instead?
src/components/SimpleAdvancedIntegrationStatus.tsx(230,23): error TS2322: Type 'unknown' is not assignable to type 'ReactNode'.
src/components/strategy/UnifiedMoneyMakerIntegration.tsx(103,46): error TS2339: Property 'getAvailableModels' does not exist on type 'UnifiedPredictionService'.
src/components/strategy/UnifiedMoneyMakerIntegration.tsx(127,47): error TS2339: Property 'generateMoneyMakerPortfolios' does not exist on type 'UnifiedPredictionService'.
src/components/strategy/UnifiedMoneyMakerIntegration.tsx(180,50): error TS2322: Type 'Dispatch<SetStateAction<"arbitrage" | "analysis" | "advanced" | "basic">>' is not assignable to type '(value: string) => void'.
  Types of parameters 'value' and 'value' are incompatible.
    Type 'string' is not assignable to type 'SetStateAction<"arbitrage" | "analysis" | "advanced" | "basic">'.
src/components/strategy/UnifiedMoneyMakerIntegration.tsx(201,21): error TS2322: Type 'number' is not assignable to type 'string'.
src/components/strategy/UnifiedMoneyMakerIntegration.tsx(203,75): error TS2339: Property 'target' does not exist on type 'string'.
src/components/strategy/UnifiedMoneyMakerIntegration.tsx(219,72): error TS2339: Property 'target' does not exist on type 'string'.
src/components/strategy/UnifiedMoneyMakerIntegration.tsx(231,21): error TS2322: Type 'number' is not assignable to type 'string'.
src/components/strategy/UnifiedMoneyMakerIntegration.tsx(232,81): error TS2339: Property 'target' does not exist on type 'string'.
src/components/strategy/UnifiedStrategyConfig.tsx(8,10): error TS2305: Module '"../../hooks/useUnifiedAnalytics"' has no exported member 'useEventAnalytics'.
src/components/strategy/UnifiedStrategyConfig.tsx(156,55): error TS2339: Property 'getAvailableModels' does not exist on type 'UnifiedPredictionService'.
src/components/strategy/UnifiedStrategyConfig.tsx(212,55): error TS2339: Property 'generatePortfolioRecommendations' does not exist on type 'UnifiedPredictionService'.
src/components/strategy/UnifiedStrategyConfig.tsx(298,28): error TS2304: Cannot find name 'Icon'.
src/components/strategy/UnifiedStrategyConfig.tsx(313,28): error TS2304: Cannot find name 'Icon'.
src/components/strategy/UnifiedStrategyConfig.tsx(328,28): error TS2304: Cannot find name 'Icon'.
src/components/strategy/UnifiedStrategyConfig.tsx(340,26): error TS2304: Cannot find name 'Icon'.
src/components/strategy/UnifiedStrategyConfig.tsx(394,50): error TS2322: Type 'Dispatch<SetStateAction<"risk" | "models" | "advanced" | "basic">>' is not assignable to type '(value: string) => void'.
  Types of parameters 'value' and 'value' are incompatible.
    Type 'string' is not assignable to type 'SetStateAction<"risk" | "models" | "advanced" | "basic">'.
src/components/strategy/UnifiedStrategyConfig.tsx(415,21): error TS2322: Type 'number' is not assignable to type 'string'.
src/components/strategy/UnifiedStrategyConfig.tsx(417,75): error TS2339: Property 'target' does not exist on type 'string'.
src/components/strategy/UnifiedStrategyConfig.tsx(437,73): error TS2339: Property 'target' does not exist on type 'string'.
src/components/strategy/UnifiedStrategyConfig.tsx(447,25): error TS2322: Type 'number' is not assignable to type 'string'.
src/components/strategy/UnifiedStrategyConfig.tsx(448,25): error TS2322: Type 'number' is not assignable to type 'string'.
src/components/strategy/UnifiedStrategyConfig.tsx(449,25): error TS2322: Type 'number' is not assignable to type 'string'.
src/components/strategy/UnifiedStrategyConfig.tsx(450,25): error TS2322: Type 'number' is not assignable to type 'string'.
src/components/strategy/UnifiedStrategyConfig.tsx(451,25): error TS2322: Type 'number' is not assignable to type 'string'.
src/components/strategy/UnifiedStrategyConfig.tsx(453,21): error TS2322: Type 'number' is not assignable to type 'string'.
src/components/strategy/UnifiedStrategyConfig.tsx(454,83): error TS2339: Property 'target' does not exist on type 'string'.
src/components/strategy/UnifiedStrategyConfig.tsx(496,25): error TS2322: Type 'string[]' is not assignable to type 'string'.
src/components/strategy/UnifiedStrategyConfig.tsx(500,52): error TS2339: Property 'target' does not exist on type 'string'.
src/components/strategy/UnifiedStrategyConfig.tsx(500,93): error TS2339: Property 'value' does not exist on type 'unknown'.
src/components/strategy/UnifiedStrategyConfig.tsx(517,23): error TS2322: Type 'number' is not assignable to type 'string'.
src/components/strategy/UnifiedStrategyConfig.tsx(521,45): error TS2339: Property 'target' does not exist on type 'string'.
src/components/strategy/UnifiedStrategyConfig.tsx(535,35): error TS2339: Property 'target' does not exist on type 'string'.
src/components/strategy/UnifiedStrategyConfig.tsx(589,27): error TS2322: Type '{ disabled: boolean; max: number; min: number; value: number; onChange: (value: number) => void; }' is not assignable to type 'IntrinsicAttributes & SliderProps'.
  Property 'disabled' does not exist on type 'IntrinsicAttributes & SliderProps'.
src/components/StrategyAutomationToggle.tsx(18,23): error TS2339: Property 'startAutomation' does not exist on type 'StrategyService'.
src/components/StrategyAutomationToggle.tsx(20,23): error TS2339: Property 'stopAutomation' does not exist on type 'StrategyService'.
src/components/Table.tsx(134,21): error TS2322: Type 'unknown' is not assignable to type 'ReactNode'.
src/components/ToastContext.tsx(3,22): error TS2554: Expected 1 arguments, but got 0.
src/components/TrendingProps.tsx(85,12): error TS2769: No overload matches this call.
  Overload 1 of 2, '(props: { component: ElementType<any, keyof IntrinsicElements>; } & GridBaseProps & { sx?: SxProps<Theme>; } & SystemProps<Theme> & Omit<...>): Element', gave the following error.
    Property 'component' is missing in type '{ children: Element; key: string; item: true; xs: number; }' but required in type '{ component: ElementType<any, keyof IntrinsicElements>; }'.
  Overload 2 of 2, '(props: DefaultComponentProps<GridTypeMap<{}, "div">>): Element', gave the following error.
    Type '{ children: Element; key: string; item: true; xs: number; }' is not assignable to type 'IntrinsicAttributes & GridBaseProps & { sx?: SxProps<Theme>; } & SystemProps<Theme> & Omit<Omit<DetailedHTMLProps<HTMLAttributes<HTMLDivElement>, HTMLDivElement>, "ref"> & { ...; }, "sx" | ... 1 more ... | keyof GridBaseProps>'.
      Property 'item' does not exist on type 'IntrinsicAttributes & GridBaseProps & { sx?: SxProps<Theme>; } & SystemProps<Theme> & Omit<Omit<DetailedHTMLProps<HTMLAttributes<HTMLDivElement>, HTMLDivElement>, "ref"> & { ...; }, "sx" | ... 1 more ... | keyof GridBaseProps>'.
src/components/TrendingProps.tsx(90,20): error TS2769: No overload matches this call.
  Overload 1 of 2, '(props: { component: ElementType<any, keyof IntrinsicElements>; } & GridBaseProps & { sx?: SxProps<Theme>; } & SystemProps<Theme> & Omit<...>): Element', gave the following error.
    Property 'component' is missing in type '{ children: Element[]; item: true; xs: number; }' but required in type '{ component: ElementType<any, keyof IntrinsicElements>; }'.
  Overload 2 of 2, '(props: DefaultComponentProps<GridTypeMap<{}, "div">>): Element', gave the following error.
    Type '{ children: Element[]; item: true; xs: number; }' is not assignable to type 'IntrinsicAttributes & GridBaseProps & { sx?: SxProps<Theme>; } & SystemProps<Theme> & Omit<Omit<DetailedHTMLProps<HTMLAttributes<HTMLDivElement>, HTMLDivElement>, "ref"> & { ...; }, "sx" | ... 1 more ... | keyof GridBaseProps>'.
      Property 'item' does not exist on type 'IntrinsicAttributes & GridBaseProps & { sx?: SxProps<Theme>; } & SystemProps<Theme> & Omit<Omit<DetailedHTMLProps<HTMLAttributes<HTMLDivElement>, HTMLDivElement>, "ref"> & { ...; }, "sx" | ... 1 more ... | keyof GridBaseProps>'.
src/components/TrendingProps.tsx(106,20): error TS2769: No overload matches this call.
  Overload 1 of 2, '(props: { component: ElementType<any, keyof IntrinsicElements>; } & GridBaseProps & { sx?: SxProps<Theme>; } & SystemProps<Theme> & Omit<...>): Element', gave the following error.
    Property 'component' is missing in type '{ children: Element; item: true; xs: number; }' but required in type '{ component: ElementType<any, keyof IntrinsicElements>; }'.
  Overload 2 of 2, '(props: DefaultComponentProps<GridTypeMap<{}, "div">>): Element', gave the following error.
    Type '{ children: Element; item: true; xs: number; }' is not assignable to type 'IntrinsicAttributes & GridBaseProps & { sx?: SxProps<Theme>; } & SystemProps<Theme> & Omit<Omit<DetailedHTMLProps<HTMLAttributes<HTMLDivElement>, HTMLDivElement>, "ref"> & { ...; }, "sx" | ... 1 more ... | keyof GridBaseProps>'.
      Property 'item' does not exist on type 'IntrinsicAttributes & GridBaseProps & { sx?: SxProps<Theme>; } & SystemProps<Theme> & Omit<Omit<DetailedHTMLProps<HTMLAttributes<HTMLDivElement>, HTMLDivElement>, "ref"> & { ...; }, "sx" | ... 1 more ... | keyof GridBaseProps>'.
src/components/TrendingProps.tsx(117,26): error TS2769: No overload matches this call.
  Overload 1 of 2, '(props: { component: ElementType<any, keyof IntrinsicElements>; } & GridBaseProps & { sx?: SxProps<Theme>; } & SystemProps<Theme> & Omit<...>): Element', gave the following error.
    Property 'component' is missing in type '{ children: Element[]; item: true; xs: number; }' but required in type '{ component: ElementType<any, keyof IntrinsicElements>; }'.
  Overload 2 of 2, '(props: DefaultComponentProps<GridTypeMap<{}, "div">>): Element', gave the following error.
    Type '{ children: Element[]; item: true; xs: number; }' is not assignable to type 'IntrinsicAttributes & GridBaseProps & { sx?: SxProps<Theme>; } & SystemProps<Theme> & Omit<Omit<DetailedHTMLProps<HTMLAttributes<HTMLDivElement>, HTMLDivElement>, "ref"> & { ...; }, "sx" | ... 1 more ... | keyof GridBaseProps>'.
      Property 'item' does not exist on type 'IntrinsicAttributes & GridBaseProps & { sx?: SxProps<Theme>; } & SystemProps<Theme> & Omit<Omit<DetailedHTMLProps<HTMLAttributes<HTMLDivElement>, HTMLDivElement>, "ref"> & { ...; }, "sx" | ... 1 more ... | keyof GridBaseProps>'.
src/components/TrendingProps.tsx(123,26): error TS2769: No overload matches this call.
  Overload 1 of 2, '(props: { component: ElementType<any, keyof IntrinsicElements>; } & GridBaseProps & { sx?: SxProps<Theme>; } & SystemProps<Theme> & Omit<...>): Element', gave the following error.
    Property 'component' is missing in type '{ children: Element[]; item: true; xs: number; }' but required in type '{ component: ElementType<any, keyof IntrinsicElements>; }'.
  Overload 2 of 2, '(props: DefaultComponentProps<GridTypeMap<{}, "div">>): Element', gave the following error.
    Type '{ children: Element[]; item: true; xs: number; }' is not assignable to type 'IntrinsicAttributes & GridBaseProps & { sx?: SxProps<Theme>; } & SystemProps<Theme> & Omit<Omit<DetailedHTMLProps<HTMLAttributes<HTMLDivElement>, HTMLDivElement>, "ref"> & { ...; }, "sx" | ... 1 more ... | keyof GridBaseProps>'.
      Property 'item' does not exist on type 'IntrinsicAttributes & GridBaseProps & { sx?: SxProps<Theme>; } & SystemProps<Theme> & Omit<Omit<DetailedHTMLProps<HTMLAttributes<HTMLDivElement>, HTMLDivElement>, "ref"> & { ...; }, "sx" | ... 1 more ... | keyof GridBaseProps>'.
src/components/TrendingProps.tsx(153,20): error TS2769: No overload matches this call.
  Overload 1 of 2, '(props: { component: ElementType<any, keyof IntrinsicElements>; } & GridBaseProps & { sx?: SxProps<Theme>; } & SystemProps<Theme> & Omit<...>): Element', gave the following error.
    Property 'component' is missing in type '{ children: Element[]; item: true; xs: number; }' but required in type '{ component: ElementType<any, keyof IntrinsicElements>; }'.
  Overload 2 of 2, '(props: DefaultComponentProps<GridTypeMap<{}, "div">>): Element', gave the following error.
    Type '{ children: Element[]; item: true; xs: number; }' is not assignable to type 'IntrinsicAttributes & GridBaseProps & { sx?: SxProps<Theme>; } & SystemProps<Theme> & Omit<Omit<DetailedHTMLProps<HTMLAttributes<HTMLDivElement>, HTMLDivElement>, "ref"> & { ...; }, "sx" | ... 1 more ... | keyof GridBaseProps>'.
      Property 'item' does not exist on type 'IntrinsicAttributes & GridBaseProps & { sx?: SxProps<Theme>; } & SystemProps<Theme> & Omit<Omit<DetailedHTMLProps<HTMLAttributes<HTMLDivElement>, HTMLDivElement>, "ref"> & { ...; }, "sx" | ... 1 more ... | keyof GridBaseProps>'.
src/components/TrendingProps.tsx(175,20): error TS2769: No overload matches this call.
  Overload 1 of 2, '(props: { component: ElementType<any, keyof IntrinsicElements>; } & GridBaseProps & { sx?: SxProps<Theme>; } & SystemProps<Theme> & Omit<...>): Element', gave the following error.
    Property 'component' is missing in type '{ children: Element; item: true; xs: number; }' but required in type '{ component: ElementType<any, keyof IntrinsicElements>; }'.
  Overload 2 of 2, '(props: DefaultComponentProps<GridTypeMap<{}, "div">>): Element', gave the following error.
    Type '{ children: Element; item: true; xs: number; }' is not assignable to type 'IntrinsicAttributes & GridBaseProps & { sx?: SxProps<Theme>; } & SystemProps<Theme> & Omit<Omit<DetailedHTMLProps<HTMLAttributes<HTMLDivElement>, HTMLDivElement>, "ref"> & { ...; }, "sx" | ... 1 more ... | keyof GridBaseProps>'.
      Property 'item' does not exist on type 'IntrinsicAttributes & GridBaseProps & { sx?: SxProps<Theme>; } & SystemProps<Theme> & Omit<Omit<DetailedHTMLProps<HTMLAttributes<HTMLDivElement>, HTMLDivElement>, "ref"> & { ...; }, "sx" | ... 1 more ... | keyof GridBaseProps>'.
src/components/TrendingProps.tsx(200,22): error TS2769: No overload matches this call.
  Overload 1 of 2, '(props: { component: ElementType<any, keyof IntrinsicElements>; } & GridBaseProps & { sx?: SxProps<Theme>; } & SystemProps<Theme> & Omit<...>): Element', gave the following error.
    Property 'component' is missing in type '{ children: Element; item: true; xs: number; }' but required in type '{ component: ElementType<any, keyof IntrinsicElements>; }'.
  Overload 2 of 2, '(props: DefaultComponentProps<GridTypeMap<{}, "div">>): Element', gave the following error.
    Type '{ children: Element; item: true; xs: number; }' is not assignable to type 'IntrinsicAttributes & GridBaseProps & { sx?: SxProps<Theme>; } & SystemProps<Theme> & Omit<Omit<DetailedHTMLProps<HTMLAttributes<HTMLDivElement>, HTMLDivElement>, "ref"> & { ...; }, "sx" | ... 1 more ... | keyof GridBaseProps>'.
      Property 'item' does not exist on type 'IntrinsicAttributes & GridBaseProps & { sx?: SxProps<Theme>; } & SystemProps<Theme> & Omit<Omit<DetailedHTMLProps<HTMLAttributes<HTMLDivElement>, HTMLDivElement>, "ref"> & { ...; }, "sx" | ... 1 more ... | keyof GridBaseProps>'.
src/components/ui/BetSimulationTool.tsx(174,13): error TS2365: Operator '<=' cannot be applied to types 'number' and 'WinProbability'.
src/components/ui/BetSimulationTool.tsx(193,34): error TS2363: The right-hand side of an arithmetic operation must be of type 'any', 'number', 'bigint' or an enum type.
src/components/ui/BetSimulationTool.tsx(193,43): error TS2363: The right-hand side of an arithmetic operation must be of type 'any', 'number', 'bigint' or an enum type.
src/components/ui/BetSimulationTool.tsx(222,9): error TS2322: Type 'WinProbability' is not assignable to type 'number'.
src/components/ui/BetSimulationTool.tsx(253,22): error TS2345: Argument of type 'SimulationResult' is not assignable to parameter of type 'BetSimulationResult'.
  Type 'SimulationResult' is missing the following properties from type 'BetSimulationResult': expectedReturn, variance, lossProbability, payout, breakEvenStake
src/components/ui/BetSimulationTool.tsx(409,16): error TS2769: No overload matches this call.
  Overload 1 of 2, '(props: { component: ElementType<any, keyof IntrinsicElements>; } & GridBaseProps & { sx?: SxProps<Theme>; } & SystemProps<Theme> & Omit<...>): Element', gave the following error.
    Property 'component' is missing in type '{ children: Element; item: true; xs: number; md: number; }' but required in type '{ component: ElementType<any, keyof IntrinsicElements>; }'.
  Overload 2 of 2, '(props: DefaultComponentProps<GridTypeMap<{}, "div">>): Element', gave the following error.
    Type '{ children: Element; item: true; xs: number; md: number; }' is not assignable to type 'IntrinsicAttributes & GridBaseProps & { sx?: SxProps<Theme>; } & SystemProps<Theme> & Omit<Omit<DetailedHTMLProps<HTMLAttributes<HTMLDivElement>, HTMLDivElement>, "ref"> & { ...; }, "sx" | ... 1 more ... | keyof GridBaseProps>'.
      Property 'item' does not exist on type 'IntrinsicAttributes & GridBaseProps & { sx?: SxProps<Theme>; } & SystemProps<Theme> & Omit<Omit<DetailedHTMLProps<HTMLAttributes<HTMLDivElement>, HTMLDivElement>, "ref"> & { ...; }, "sx" | ... 1 more ... | keyof GridBaseProps>'.
src/components/ui/BetSimulationTool.tsx(416,22): error TS2769: No overload matches this call.
  Overload 1 of 2, '(props: { component: ElementType<any, keyof IntrinsicElements>; } & GridBaseProps & { sx?: SxProps<Theme>; } & SystemProps<Theme> & Omit<...>): Element', gave the following error.
    Property 'component' is missing in type '{ children: Element; item: true; xs: number; }' but required in type '{ component: ElementType<any, keyof IntrinsicElements>; }'.
  Overload 2 of 2, '(props: DefaultComponentProps<GridTypeMap<{}, "div">>): Element', gave the following error.
    Type '{ children: Element; item: true; xs: number; }' is not assignable to type 'IntrinsicAttributes & GridBaseProps & { sx?: SxProps<Theme>; } & SystemProps<Theme> & Omit<Omit<DetailedHTMLProps<HTMLAttributes<HTMLDivElement>, HTMLDivElement>, "ref"> & { ...; }, "sx" | ... 1 more ... | keyof GridBaseProps>'.
      Property 'item' does not exist on type 'IntrinsicAttributes & GridBaseProps & { sx?: SxProps<Theme>; } & SystemProps<Theme> & Omit<Omit<DetailedHTMLProps<HTMLAttributes<HTMLDivElement>, HTMLDivElement>, "ref"> & { ...; }, "sx" | ... 1 more ... | keyof GridBaseProps>'.
src/components/ui/BetSimulationTool.tsx(431,22): error TS2769: No overload matches this call.
  Overload 1 of 2, '(props: { component: ElementType<any, keyof IntrinsicElements>; } & GridBaseProps & { sx?: SxProps<Theme>; } & SystemProps<Theme> & Omit<...>): Element', gave the following error.
    Property 'component' is missing in type '{ children: Element; item: true; xs: number; }' but required in type '{ component: ElementType<any, keyof IntrinsicElements>; }'.
  Overload 2 of 2, '(props: DefaultComponentProps<GridTypeMap<{}, "div">>): Element', gave the following error.
    Type '{ children: Element; item: true; xs: number; }' is not assignable to type 'IntrinsicAttributes & GridBaseProps & { sx?: SxProps<Theme>; } & SystemProps<Theme> & Omit<Omit<DetailedHTMLProps<HTMLAttributes<HTMLDivElement>, HTMLDivElement>, "ref"> & { ...; }, "sx" | ... 1 more ... | keyof GridBaseProps>'.
      Property 'item' does not exist on type 'IntrinsicAttributes & GridBaseProps & { sx?: SxProps<Theme>; } & SystemProps<Theme> & Omit<Omit<DetailedHTMLProps<HTMLAttributes<HTMLDivElement>, HTMLDivElement>, "ref"> & { ...; }, "sx" | ... 1 more ... | keyof GridBaseProps>'.
src/components/ui/BetSimulationTool.tsx(446,22): error TS2769: No overload matches this call.
  Overload 1 of 2, '(props: { component: ElementType<any, keyof IntrinsicElements>; } & GridBaseProps & { sx?: SxProps<Theme>; } & SystemProps<Theme> & Omit<...>): Element', gave the following error.
    Property 'component' is missing in type '{ children: Element; item: true; xs: number; }' but required in type '{ component: ElementType<any, keyof IntrinsicElements>; }'.
  Overload 2 of 2, '(props: DefaultComponentProps<GridTypeMap<{}, "div">>): Element', gave the following error.
    Type '{ children: Element; item: true; xs: number; }' is not assignable to type 'IntrinsicAttributes & GridBaseProps & { sx?: SxProps<Theme>; } & SystemProps<Theme> & Omit<Omit<DetailedHTMLProps<HTMLAttributes<HTMLDivElement>, HTMLDivElement>, "ref"> & { ...; }, "sx" | ... 1 more ... | keyof GridBaseProps>'.
      Property 'item' does not exist on type 'IntrinsicAttributes & GridBaseProps & { sx?: SxProps<Theme>; } & SystemProps<Theme> & Omit<Omit<DetailedHTMLProps<HTMLAttributes<HTMLDivElement>, HTMLDivElement>, "ref"> & { ...; }, "sx" | ... 1 more ... | keyof GridBaseProps>'.
src/components/ui/BetSimulationTool.tsx(459,22): error TS2769: No overload matches this call.
  Overload 1 of 2, '(props: { component: ElementType<any, keyof IntrinsicElements>; } & GridBaseProps & { sx?: SxProps<Theme>; } & SystemProps<Theme> & Omit<...>): Element', gave the following error.
    Property 'component' is missing in type '{ children: Element; item: true; xs: number; }' but required in type '{ component: ElementType<any, keyof IntrinsicElements>; }'.
  Overload 2 of 2, '(props: DefaultComponentProps<GridTypeMap<{}, "div">>): Element', gave the following error.
    Type '{ children: Element; item: true; xs: number; }' is not assignable to type 'IntrinsicAttributes & GridBaseProps & { sx?: SxProps<Theme>; } & SystemProps<Theme> & Omit<Omit<DetailedHTMLProps<HTMLAttributes<HTMLDivElement>, HTMLDivElement>, "ref"> & { ...; }, "sx" | ... 1 more ... | keyof GridBaseProps>'.
      Property 'item' does not exist on type 'IntrinsicAttributes & GridBaseProps & { sx?: SxProps<Theme>; } & SystemProps<Theme> & Omit<Omit<DetailedHTMLProps<HTMLAttributes<HTMLDivElement>, HTMLDivElement>, "ref"> & { ...; }, "sx" | ... 1 more ... | keyof GridBaseProps>'.
src/components/ui/BetSimulationTool.tsx(472,22): error TS2769: No overload matches this call.
  Overload 1 of 2, '(props: { component: ElementType<any, keyof IntrinsicElements>; } & GridBaseProps & { sx?: SxProps<Theme>; } & SystemProps<Theme> & Omit<...>): Element', gave the following error.
    Property 'component' is missing in type '{ children: Element; item: true; xs: number; }' but required in type '{ component: ElementType<any, keyof IntrinsicElements>; }'.
  Overload 2 of 2, '(props: DefaultComponentProps<GridTypeMap<{}, "div">>): Element', gave the following error.
    Type '{ children: Element; item: true; xs: number; }' is not assignable to type 'IntrinsicAttributes & GridBaseProps & { sx?: SxProps<Theme>; } & SystemProps<Theme> & Omit<Omit<DetailedHTMLProps<HTMLAttributes<HTMLDivElement>, HTMLDivElement>, "ref"> & { ...; }, "sx" | ... 1 more ... | keyof GridBaseProps>'.
      Property 'item' does not exist on type 'IntrinsicAttributes & GridBaseProps & { sx?: SxProps<Theme>; } & SystemProps<Theme> & Omit<Omit<DetailedHTMLProps<HTMLAttributes<HTMLDivElement>, HTMLDivElement>, "ref"> & { ...; }, "sx" | ... 1 more ... | keyof GridBaseProps>'.
src/components/ui/BetSimulationTool.tsx(496,24): error TS2769: No overload matches this call.
  Overload 1 of 2, '(props: { component: ElementType<any, keyof IntrinsicElements>; } & GridBaseProps & { sx?: SxProps<Theme>; } & SystemProps<Theme> & Omit<...>): Element', gave the following error.
    Property 'component' is missing in type '{ children: Element; item: true; xs: number; }' but required in type '{ component: ElementType<any, keyof IntrinsicElements>; }'.
  Overload 2 of 2, '(props: DefaultComponentProps<GridTypeMap<{}, "div">>): Element', gave the following error.
    Type '{ children: Element; item: true; xs: number; }' is not assignable to type 'IntrinsicAttributes & GridBaseProps & { sx?: SxProps<Theme>; } & SystemProps<Theme> & Omit<Omit<DetailedHTMLProps<HTMLAttributes<HTMLDivElement>, HTMLDivElement>, "ref"> & { ...; }, "sx" | ... 1 more ... | keyof GridBaseProps>'.
      Property 'item' does not exist on type 'IntrinsicAttributes & GridBaseProps & { sx?: SxProps<Theme>; } & SystemProps<Theme> & Omit<Omit<DetailedHTMLProps<HTMLAttributes<HTMLDivElement>, HTMLDivElement>, "ref"> & { ...; }, "sx" | ... 1 more ... | keyof GridBaseProps>'.
src/components/ui/BetSimulationTool.tsx(535,16): error TS2769: No overload matches this call.
  Overload 1 of 2, '(props: { component: ElementType<any, keyof IntrinsicElements>; } & GridBaseProps & { sx?: SxProps<Theme>; } & SystemProps<Theme> & Omit<...>): Element', gave the following error.
    Property 'component' is missing in type '{ children: Element; item: true; xs: number; md: number; }' but required in type '{ component: ElementType<any, keyof IntrinsicElements>; }'.
  Overload 2 of 2, '(props: DefaultComponentProps<GridTypeMap<{}, "div">>): Element', gave the following error.
    Type '{ children: Element; item: true; xs: number; md: number; }' is not assignable to type 'IntrinsicAttributes & GridBaseProps & { sx?: SxProps<Theme>; } & SystemProps<Theme> & Omit<Omit<DetailedHTMLProps<HTMLAttributes<HTMLDivElement>, HTMLDivElement>, "ref"> & { ...; }, "sx" | ... 1 more ... | keyof GridBaseProps>'.
      Property 'item' does not exist on type 'IntrinsicAttributes & GridBaseProps & { sx?: SxProps<Theme>; } & SystemProps<Theme> & Omit<Omit<DetailedHTMLProps<HTMLAttributes<HTMLDivElement>, HTMLDivElement>, "ref"> & { ...; }, "sx" | ... 1 more ... | keyof GridBaseProps>'.
src/components/ui/BetSimulationTool.tsx(565,28): error TS2769: No overload matches this call.
  Overload 1 of 2, '(props: { component: ElementType<any, keyof IntrinsicElements>; } & GridBaseProps & { sx?: SxProps<Theme>; } & SystemProps<Theme> & Omit<...>): Element', gave the following error.
    Property 'component' is missing in type '{ children: Element; item: true; xs: number; }' but required in type '{ component: ElementType<any, keyof IntrinsicElements>; }'.
  Overload 2 of 2, '(props: DefaultComponentProps<GridTypeMap<{}, "div">>): Element', gave the following error.
    Type '{ children: Element; item: true; xs: number; }' is not assignable to type 'IntrinsicAttributes & GridBaseProps & { sx?: SxProps<Theme>; } & SystemProps<Theme> & Omit<Omit<DetailedHTMLProps<HTMLAttributes<HTMLDivElement>, HTMLDivElement>, "ref"> & { ...; }, "sx" | ... 1 more ... | keyof GridBaseProps>'.
      Property 'item' does not exist on type 'IntrinsicAttributes & GridBaseProps & { sx?: SxProps<Theme>; } & SystemProps<Theme> & Omit<Omit<DetailedHTMLProps<HTMLAttributes<HTMLDivElement>, HTMLDivElement>, "ref"> & { ...; }, "sx" | ... 1 more ... | keyof GridBaseProps>'.
src/components/ui/BetSimulationTool.tsx(578,28): error TS2769: No overload matches this call.
  Overload 1 of 2, '(props: { component: ElementType<any, keyof IntrinsicElements>; } & GridBaseProps & { sx?: SxProps<Theme>; } & SystemProps<Theme> & Omit<...>): Element', gave the following error.
    Property 'component' is missing in type '{ children: Element; item: true; xs: number; }' but required in type '{ component: ElementType<any, keyof IntrinsicElements>; }'.
  Overload 2 of 2, '(props: DefaultComponentProps<GridTypeMap<{}, "div">>): Element', gave the following error.
    Type '{ children: Element; item: true; xs: number; }' is not assignable to type 'IntrinsicAttributes & GridBaseProps & { sx?: SxProps<Theme>; } & SystemProps<Theme> & Omit<Omit<DetailedHTMLProps<HTMLAttributes<HTMLDivElement>, HTMLDivElement>, "ref"> & { ...; }, "sx" | ... 1 more ... | keyof GridBaseProps>'.
      Property 'item' does not exist on type 'IntrinsicAttributes & GridBaseProps & { sx?: SxProps<Theme>; } & SystemProps<Theme> & Omit<Omit<DetailedHTMLProps<HTMLAttributes<HTMLDivElement>, HTMLDivElement>, "ref"> & { ...; }, "sx" | ... 1 more ... | keyof GridBaseProps>'.
src/components/ui/BetSimulationTool.tsx(655,34): error TS2769: No overload matches this call.
  Overload 1 of 2, '(props: { component: ElementType<any, keyof IntrinsicElements>; } & GridBaseProps & { sx?: SxProps<Theme>; } & SystemProps<Theme> & Omit<...>): Element', gave the following error.
    Property 'component' is missing in type '{ children: Element[]; item: true; xs: number; }' but required in type '{ component: ElementType<any, keyof IntrinsicElements>; }'.
  Overload 2 of 2, '(props: DefaultComponentProps<GridTypeMap<{}, "div">>): Element', gave the following error.
    Type '{ children: Element[]; item: true; xs: number; }' is not assignable to type 'IntrinsicAttributes & GridBaseProps & { sx?: SxProps<Theme>; } & SystemProps<Theme> & Omit<Omit<DetailedHTMLProps<HTMLAttributes<HTMLDivElement>, HTMLDivElement>, "ref"> & { ...; }, "sx" | ... 1 more ... | keyof GridBaseProps>'.
      Property 'item' does not exist on type 'IntrinsicAttributes & GridBaseProps & { sx?: SxProps<Theme>; } & SystemProps<Theme> & Omit<Omit<DetailedHTMLProps<HTMLAttributes<HTMLDivElement>, HTMLDivElement>, "ref"> & { ...; }, "sx" | ... 1 more ... | keyof GridBaseProps>'.
src/components/ui/BetSimulationTool.tsx(665,34): error TS2769: No overload matches this call.
  Overload 1 of 2, '(props: { component: ElementType<any, keyof IntrinsicElements>; } & GridBaseProps & { sx?: SxProps<Theme>; } & SystemProps<Theme> & Omit<...>): Element', gave the following error.
    Property 'component' is missing in type '{ children: Element[]; item: true; xs: number; }' but required in type '{ component: ElementType<any, keyof IntrinsicElements>; }'.
  Overload 2 of 2, '(props: DefaultComponentProps<GridTypeMap<{}, "div">>): Element', gave the following error.
    Type '{ children: Element[]; item: true; xs: number; }' is not assignable to type 'IntrinsicAttributes & GridBaseProps & { sx?: SxProps<Theme>; } & SystemProps<Theme> & Omit<Omit<DetailedHTMLProps<HTMLAttributes<HTMLDivElement>, HTMLDivElement>, "ref"> & { ...; }, "sx" | ... 1 more ... | keyof GridBaseProps>'.
      Property 'item' does not exist on type 'IntrinsicAttributes & GridBaseProps & { sx?: SxProps<Theme>; } & SystemProps<Theme> & Omit<Omit<DetailedHTMLProps<HTMLAttributes<HTMLDivElement>, HTMLDivElement>, "ref"> & { ...; }, "sx" | ... 1 more ... | keyof GridBaseProps>'.
src/components/ui/BetSimulationTool.tsx(675,34): error TS2769: No overload matches this call.
  Overload 1 of 2, '(props: { component: ElementType<any, keyof IntrinsicElements>; } & GridBaseProps & { sx?: SxProps<Theme>; } & SystemProps<Theme> & Omit<...>): Element', gave the following error.
    Property 'component' is missing in type '{ children: Element[]; item: true; xs: number; }' but required in type '{ component: ElementType<any, keyof IntrinsicElements>; }'.
  Overload 2 of 2, '(props: DefaultComponentProps<GridTypeMap<{}, "div">>): Element', gave the following error.
    Type '{ children: Element[]; item: true; xs: number; }' is not assignable to type 'IntrinsicAttributes & GridBaseProps & { sx?: SxProps<Theme>; } & SystemProps<Theme> & Omit<Omit<DetailedHTMLProps<HTMLAttributes<HTMLDivElement>, HTMLDivElement>, "ref"> & { ...; }, "sx" | ... 1 more ... | keyof GridBaseProps>'.
      Property 'item' does not exist on type 'IntrinsicAttributes & GridBaseProps & { sx?: SxProps<Theme>; } & SystemProps<Theme> & Omit<Omit<DetailedHTMLProps<HTMLAttributes<HTMLDivElement>, HTMLDivElement>, "ref"> & { ...; }, "sx" | ... 1 more ... | keyof GridBaseProps>'.
src/components/ui/BetSimulationTool.tsx(689,34): error TS2769: No overload matches this call.
  Overload 1 of 2, '(props: { component: ElementType<any, keyof IntrinsicElements>; } & GridBaseProps & { sx?: SxProps<Theme>; } & SystemProps<Theme> & Omit<...>): Element', gave the following error.
    Property 'component' is missing in type '{ children: Element[]; item: true; xs: number; }' but required in type '{ component: ElementType<any, keyof IntrinsicElements>; }'.
  Overload 2 of 2, '(props: DefaultComponentProps<GridTypeMap<{}, "div">>): Element', gave the following error.
    Type '{ children: Element[]; item: true; xs: number; }' is not assignable to type 'IntrinsicAttributes & GridBaseProps & { sx?: SxProps<Theme>; } & SystemProps<Theme> & Omit<Omit<DetailedHTMLProps<HTMLAttributes<HTMLDivElement>, HTMLDivElement>, "ref"> & { ...; }, "sx" | ... 1 more ... | keyof GridBaseProps>'.
      Property 'item' does not exist on type 'IntrinsicAttributes & GridBaseProps & { sx?: SxProps<Theme>; } & SystemProps<Theme> & Omit<Omit<DetailedHTMLProps<HTMLAttributes<HTMLDivElement>, HTMLDivElement>, "ref"> & { ...; }, "sx" | ... 1 more ... | keyof GridBaseProps>'.
src/components/ui/BetSimulationTool.tsx(748,20): error TS2769: No overload matches this call.
  Overload 1 of 2, '(props: { component: ElementType<any, keyof IntrinsicElements>; } & GridBaseProps & { sx?: SxProps<Theme>; } & SystemProps<Theme> & Omit<...>): Element', gave the following error.
    Property 'component' is missing in type '{ children: Element; item: true; xs: number; md: number; key: string; }' but required in type '{ component: ElementType<any, keyof IntrinsicElements>; }'.
  Overload 2 of 2, '(props: DefaultComponentProps<GridTypeMap<{}, "div">>): Element', gave the following error.
    Type '{ children: Element; item: true; xs: number; md: number; key: string; }' is not assignable to type 'IntrinsicAttributes & GridBaseProps & { sx?: SxProps<Theme>; } & SystemProps<Theme> & Omit<Omit<DetailedHTMLProps<HTMLAttributes<HTMLDivElement>, HTMLDivElement>, "ref"> & { ...; }, "sx" | ... 1 more ... | keyof GridBaseProps>'.
      Property 'item' does not exist on type 'IntrinsicAttributes & GridBaseProps & { sx?: SxProps<Theme>; } & SystemProps<Theme> & Omit<Omit<DetailedHTMLProps<HTMLAttributes<HTMLDivElement>, HTMLDivElement>, "ref"> & { ...; }, "sx" | ... 1 more ... | keyof GridBaseProps>'.
src/components/ui/BetSimulationTool.tsx(808,22): error TS2769: No overload matches this call.
  Overload 1 of 2, '(props: { component: ElementType<any, keyof IntrinsicElements>; } & GridBaseProps & { sx?: SxProps<Theme>; } & SystemProps<Theme> & Omit<...>): Element', gave the following error.
    Property 'component' is missing in type '{ children: Element; item: true; xs: number; md: number; key: string; }' but required in type '{ component: ElementType<any, keyof IntrinsicElements>; }'.
  Overload 2 of 2, '(props: DefaultComponentProps<GridTypeMap<{}, "div">>): Element', gave the following error.
    Type '{ children: Element; item: true; xs: number; md: number; key: string; }' is not assignable to type 'IntrinsicAttributes & GridBaseProps & { sx?: SxProps<Theme>; } & SystemProps<Theme> & Omit<Omit<DetailedHTMLProps<HTMLAttributes<HTMLDivElement>, HTMLDivElement>, "ref"> & { ...; }, "sx" | ... 1 more ... | keyof GridBaseProps>'.
      Property 'item' does not exist on type 'IntrinsicAttributes & GridBaseProps & { sx?: SxProps<Theme>; } & SystemProps<Theme> & Omit<Omit<DetailedHTMLProps<HTMLAttributes<HTMLDivElement>, HTMLDivElement>, "ref"> & { ...; }, "sx" | ... 1 more ... | keyof GridBaseProps>'.
src/components/ui/betting/BettingFilters.tsx(88,16): error TS2741: Property 'kellyCriterion' is missing in type '{ confidence: number; }' but required in type 'ConfidenceIndicatorProps'.
src/components/ui/betting/BettingOpportunityCard.tsx(2,10): error TS2724: '"@/types/betting"' has no exported member named 'BettingOpportunityCardProps'. Did you mean 'BettingOpportunitiesProps'?
src/components/ui/betting/BettingOpportunityCard.tsx(58,17): error TS2322: Type '{ data: { model: string; value: unknown; }[]; height: number; }' is not assignable to type 'IntrinsicAttributes & { predictions: { confidence: number; label: string; }[]; }'.
  Property 'data' does not exist on type 'IntrinsicAttributes & { predictions: { confidence: number; label: string; }[]; }'.
src/components/ui/ChartWrapper.tsx(6,17): error TS2305: Module '"react"' has no exported member 'ErrorBoundary'.
src/components/ui/design-system.tsx(409,3): error TS2484: Export declaration conflicts with exported declaration of 'ButtonProps'.
src/components/ui/design-system.tsx(410,3): error TS2484: Export declaration conflicts with exported declaration of 'CardProps'.
src/components/ui/design-system.tsx(411,3): error TS2484: Export declaration conflicts with exported declaration of 'BadgeProps'.
src/components/ui/design-system.tsx(412,3): error TS2484: Export declaration conflicts with exported declaration of 'InputProps'.
src/components/ui/design-system.tsx(413,3): error TS2484: Export declaration conflicts with exported declaration of 'ProgressProps'.
src/components/ui/design-system.tsx(414,3): error TS2484: Export declaration conflicts with exported declaration of 'SpinnerProps'.
src/components/ui/design-system.tsx(415,3): error TS2484: Export declaration conflicts with exported declaration of 'SkeletonProps'.
src/components/ui/grid.tsx(2,43): error TS2307: Cannot find module 'react-grid-layout' or its corresponding type declarations.
src/components/ui/NotificationCenter.tsx(96,11): error TS2322: Type '{ children: Element; className: string; variant: string; }' is not assignable to type 'IntrinsicAttributes & CardProps'.
  Property 'variant' does not exist on type 'IntrinsicAttributes & CardProps'.
src/components/ui/real-time-metrics.tsx(2,8): error TS2613: Module '"C:/Users/bcmad/Downloads/A1Betting-master (7)/A1Betting-master/frontend/src/services/unified/WebSocketManager"' has no default export. Did you mean to use 'import { WebSocketManager } from "C:/Users/bcmad/Downloads/A1Betting-master (7)/A1Betting-master/frontend/src/services/unified/WebSocketManager"' instead?
src/components/ui/SmartSidebar.tsx(103,13): error TS2322: Type '{ open: { x: number; transition: { type: string; stiffness: number; damping: number; }; }; closed: { x: number; transition: { type: string; stiffness: number; damping: number; }; }; }' is not assignable to type 'Variants'.
  Property 'open' is incompatible with index signature.
    Type '{ x: number; transition: { type: string; stiffness: number; damping: number; }; }' is not assignable to type 'Variant'.
      Type '{ x: number; transition: { type: string; stiffness: number; damping: number; }; }' is not assignable to type 'TargetAndTransition'.
        Type '{ x: number; transition: { type: string; stiffness: number; damping: number; }; }' is not assignable to type '{ transition?: Transition<any>; transitionEnd?: ResolvedValues; }'.
          Types of property 'transition' are incompatible.
            Type '{ type: string; stiffness: number; damping: number; }' is not assignable to type 'Transition<any>'.
              Type '{ type: string; stiffness: number; damping: number; }' is not assignable to type 'ValueAnimationTransition<any>'.
                Types of property 'type' are incompatible.
                  Type 'string' is not assignable to type 'AnimationGeneratorType'.
src/components/ui/SmartSidebar.tsx(144,22): error TS2769: No overload matches this call.
  Overload 1 of 2, '(props: { component: ElementType<any, keyof IntrinsicElements>; } & ListItemOwnProps & CommonProps & Omit<any, "style" | ... 15 more ... | "secondaryAction">): Element', gave the following error.
    Property 'component' is missing in type '{ children: Element[]; key: string; button: true; sx: { my: number; mx: number; borderRadius: number; bgcolor: "transparent" | "action.selected"; '&:hover': { bgcolor: "action.hover"; }; }; onClick: () => void; }' but required in type '{ component: ElementType<any, keyof IntrinsicElements>; }'.
  Overload 2 of 2, '(props: DefaultComponentProps<ListItemTypeMap<{}, "li">>): Element', gave the following error.
    Type '{ children: Element[]; key: string; button: true; sx: { my: number; mx: number; borderRadius: number; bgcolor: "transparent" | "action.selected"; '&:hover': { bgcolor: "action.hover"; }; }; onClick: () => void; }' is not assignable to type 'IntrinsicAttributes & ListItemOwnProps & CommonProps & Omit<Omit<DetailedHTMLProps<LiHTMLAttributes<HTMLLIElement>, HTMLLIElement>, "ref"> & { ...; }, "style" | ... 15 more ... | "secondaryAction">'.
      Property 'button' does not exist on type 'IntrinsicAttributes & ListItemOwnProps & CommonProps & Omit<Omit<DetailedHTMLProps<LiHTMLAttributes<HTMLLIElement>, HTMLLIElement>, "ref"> & { ...; }, "style" | ... 15 more ... | "secondaryAction">'.
src/components/ui/UnifiedUI.tsx(65,6): error TS2322: Type '{ children: (Element | ReactNode)[]; form?: string; formAction?: string | ((formData: FormData) => void | Promise<void>); formEncType?: string; ... 283 more ...; onClick: () => void; }' is not assignable to type 'Omit<HTMLMotionProps<"button">, "ref">'.
  Types of property 'onAnimationStart' are incompatible.
    Type 'AnimationEventHandler<HTMLButtonElement>' is not assignable to type '(definition: AnimationDefinition) => void'.
      Types of parameters 'event' and 'definition' are incompatible.
        Type 'AnimationDefinition' is not assignable to type 'AnimationEvent<HTMLButtonElement>'.
          Type 'string' is not assignable to type 'AnimationEvent<HTMLButtonElement>'.
src/components/ui/UnifiedUI.tsx(125,43): error TS2554: Expected 1 arguments, but got 0.
src/components/ui/UnifiedUI.tsx(215,43): error TS2554: Expected 1 arguments, but got 0.
src/components/ui/UniversalButton.tsx(300,11): error TS2322: Type 'string | number | bigint | boolean | ReactElement<any, string | JSXElementConstructor<any>> | Iterable<ReactNode> | Promise<...> | MotionValue<...> | MotionValue<...>' is not assignable to type 'ReactNode'.
  Type 'MotionValue<number>' is not assignable to type 'ReactNode'.
src/components/ui/UniversalButton.tsx(351,15): error TS2484: Export declaration conflicts with exported declaration of 'ButtonVariant'.
src/components/ui/UniversalButton.tsx(351,30): error TS2484: Export declaration conflicts with exported declaration of 'ButtonSize'.
src/components/ui/UniversalButton.tsx(351,42): error TS2484: Export declaration conflicts with exported declaration of 'ButtonTheme'.
src/components/ui/UniversalButton.tsx(351,55): error TS2484: Export declaration conflicts with exported declaration of 'UniversalButtonProps'.
src/components/UnifiedBettingInterface.tsx(105,5): error TS2322: Type '(data: Record<string, unknown>) => void' is not assignable to type '(message: WebSocketMessage) => void'.
  Types of parameters 'data' and 'message' are incompatible.
    Type 'WebSocketMessage' is not assignable to type 'Record<string, unknown>'.
      Index signature for type 'string' is missing in type 'WebSocketMessage'.
src/components/UnifiedInput.tsx(159,7): error TS2345: Argument of type '{ 'border-gray-300 dark:border-gray-600 bg-white dark:bg-gray-800': boolean; 'border-primary-200 dark:border-primary-800 bg-primary-50/50 dark:bg-primary-900/20': boolean; 'border-red-500 focus:border-red-500 focus:ring-red-500': string; 'pl-10': React.ReactNode; 'pr-10': React.ReactNode; }' is not assignable to parameter of type 'string | false'.
src/components/user-friendly/PrizePicksPro.tsx(313,11): error TS2322: Type 'unknown' is not assignable to type 'number'.
src/components/user-friendly/PrizePicksProClean.tsx(287,11): error TS2322: Type 'unknown' is not assignable to type 'number'.
src/components/user-friendly/PrizePicksProNew2.tsx(216,51): error TS2339: Property 'getPlayerProps' does not exist on type 'ProductionApiService'.
src/components/user-friendly/PrizePicksProNew2.tsx(230,16): error TS2345: Argument of type 'string' is not assignable to parameter of type 'Error'.
src/components/user-friendly/PrizePicksProNew2.tsx(238,51): error TS2339: Property 'getHealthStatus' does not exist on type 'ProductionApiService'.
src/components/user-friendly/PrizePicksProNew2.tsx(249,51): error TS2339: Property 'getPrizePicksStats' does not exist on type 'ProductionApiService'.
src/components/user-friendly/PrizePicksProNew2.tsx(384,51): error TS2339: Property 'submitLineup' does not exist on type 'ProductionApiService'.
src/components/user-friendly/PrizePicksProNew2.tsx(401,16): error TS2345: Argument of type 'string' is not assignable to parameter of type 'Error'.
src/components/user-friendly/PrizePicksProNew2.tsx(583,8): error TS2741: Property 'show' is missing in type '{}' but required in type 'OfflineIndicatorProps'.
src/components/user-friendly/Settings.tsx(136,26): error TS2345: Argument of type '{ overview: { totalProfit: number; winRate: number; avgConfidence: number; totalBets: number; accuracy: any; }; recentPerformance: any; topSports: any; monthlyTrends: any; riskMetrics: { currentRisk: number; maxDrawdown: number; sharpeRatio: number; kelly: number; }; }' is not assignable to parameter of type 'SetStateAction<{ current_balance: number; total_profit: number; win_rate: number; roi: number; daily: {}; monthly_profit: number; total_wagered: number; max_drawdown: number; }>'.
src/components/user-friendly/UserFriendlyApp-Clean.tsx(40,25): error TS2307: Cannot find module '../modals/SearchModal' or its corresponding type declarations.
src/components/user-friendly/UserFriendlyApp-Clean.tsx(41,32): error TS2307: Cannot find module '../modals/NotificationsModal' or its corresponding type declarations.
src/components/user-friendly/UserFriendlyApp-Clean.tsx(80,54): error TS2339: Property 'success' does not exist on type 'void'.
src/components/user-friendly/UserFriendlyApp-Clean.tsx(81,28): error TS2339: Property 'success' does not exist on type 'void'.
src/components/user-friendly/UserFriendlyApp-Complete.tsx(2,8): error TS2300: Duplicate identifier 'React'.
src/components/user-friendly/UserFriendlyApp-Complete.tsx(3,10): error TS2300: Duplicate identifier 'AnimatePresence'.
src/components/user-friendly/UserFriendlyApp-Complete.tsx(3,27): error TS2300: Duplicate identifier 'motion'.
src/components/user-friendly/UserFriendlyApp-Complete.tsx(5,3): error TS2300: Duplicate identifier 'BarChart3'.
src/components/user-friendly/UserFriendlyApp-Complete.tsx(7,3): error TS2300: Duplicate identifier 'Brain'.
src/components/user-friendly/UserFriendlyApp-Complete.tsx(15,3): error TS2300: Duplicate identifier 'TrendingUp'.
src/components/user-friendly/UserFriendlyApp-Complete.tsx(19,3): error TS2300: Duplicate identifier 'AlertCircle'.
src/components/user-friendly/UserFriendlyApp-Complete.tsx(20,3): error TS2300: Duplicate identifier 'CheckCircle'.
src/components/user-friendly/UserFriendlyApp-Complete.tsx(21,3): error TS2300: Duplicate identifier 'Target'.
src/components/user-friendly/UserFriendlyApp-Complete.tsx(23,10): error TS2300: Duplicate identifier 'useQuery'.
src/components/user-friendly/UserFriendlyApp-Complete.tsx(24,10): error TS2300: Duplicate identifier 'api'.
src/components/user-friendly/UserFriendlyApp-Complete.tsx(50,25): error TS2307: Cannot find module '../modals/SearchModal' or its corresponding type declarations.
src/components/user-friendly/UserFriendlyApp-Complete.tsx(51,32): error TS2307: Cannot find module '../modals/NotificationsModal' or its corresponding type declarations.
src/components/user-friendly/UserFriendlyApp-Complete.tsx(54,8): error TS2300: Duplicate identifier 'React'.
src/components/user-friendly/UserFriendlyApp-Complete.tsx(55,10): error TS2300: Duplicate identifier 'motion'.
src/components/user-friendly/UserFriendlyApp-Complete.tsx(55,18): error TS2300: Duplicate identifier 'AnimatePresence'.
src/components/user-friendly/UserFriendlyApp-Complete.tsx(57,3): error TS2300: Duplicate identifier 'BarChart3'.
src/components/user-friendly/UserFriendlyApp-Complete.tsx(58,3): error TS2300: Duplicate identifier 'Brain'.
src/components/user-friendly/UserFriendlyApp-Complete.tsx(59,3): error TS2300: Duplicate identifier 'Target'.
src/components/user-friendly/UserFriendlyApp-Complete.tsx(63,3): error TS2300: Duplicate identifier 'TrendingUp'.
src/components/user-friendly/UserFriendlyApp-Complete.tsx(68,3): error TS2300: Duplicate identifier 'AlertCircle'.
src/components/user-friendly/UserFriendlyApp-Complete.tsx(69,3): error TS2300: Duplicate identifier 'CheckCircle'.
src/components/user-friendly/UserFriendlyApp-Complete.tsx(73,10): error TS2300: Duplicate identifier 'useQuery'.
src/components/user-friendly/UserFriendlyApp-Complete.tsx(74,10): error TS2300: Duplicate identifier 'api'.
src/components/user-friendly/UserFriendlyApp-Complete.tsx(78,10): error TS2614: Module '"../overview/UltraAccuracyOverview"' has no exported member 'UltraAccuracyDashboard'. Did you mean to use 'import UltraAccuracyDashboard from "../overview/UltraAccuracyOverview"' instead?
src/components/user-friendly/UserFriendlyApp-Complete.tsx(136,41): error TS2322: Type '{ onNavigate: (page: string) => void; }' is not assignable to type 'IntrinsicAttributes'.
  Property 'onNavigate' does not exist on type 'IntrinsicAttributes'.
src/components/user-friendly/UserFriendlyApp-Complete.tsx(186,34): error TS2339: Property 'overall_accuracy' does not exist on type '{ overall: any; bySport: { NBA: number; NFL: number; MLB: number; NHL: number; Soccer: number; }; byBetType: { spread: number; totals: number; moneyline: number; props: number; }; trend: string; confidence: number; } | { ...; }'.
  Property 'overall_accuracy' does not exist on type '{ overall: any; bySport: { NBA: number; NFL: number; MLB: number; NHL: number; Soccer: number; }; byBetType: { spread: number; totals: number; moneyline: number; props: number; }; trend: string; confidence: number; }'.
src/components/user-friendly/UserFriendlyApp-Complete.tsx(208,31): error TS2362: The left-hand side of an arithmetic operation must be of type 'any', 'number', 'bigint' or an enum type.
src/components/user-friendly/UserFriendlyApp-Complete.tsx(405,52): error TS2339: Property 'success' does not exist on type 'void'.
src/components/user-friendly/UserFriendlyApp-Complete.tsx(407,26): error TS2339: Property 'success' does not exist on type 'void'.
src/components/user-friendly/UserFriendlyApp-fixed.tsx(51,10): error TS2614: Module '"../overview/UltraAccuracyOverview"' has no exported member 'UltraAccuracyDashboard'. Did you mean to use 'import UltraAccuracyDashboard from "../overview/UltraAccuracyOverview"' instead?
src/components/user-friendly/UserFriendlyApp-fixed.tsx(55,25): error TS2307: Cannot find module '../modals/SearchModal' or its corresponding type declarations.
src/components/user-friendly/UserFriendlyApp-fixed.tsx(56,32): error TS2307: Cannot find module '../modals/NotificationsModal' or its corresponding type declarations.
src/components/user-friendly/UserFriendlyApp-fixed.tsx(93,52): error TS2339: Property 'success' does not exist on type 'void'.
src/components/user-friendly/UserFriendlyApp-fixed.tsx(95,26): error TS2339: Property 'success' does not exist on type 'void'.
src/components/user-friendly/UserFriendlyApp_backup.tsx(1,1): error TS2304: Cannot find name 'BACKUP_CREATED'.
src/components/user-friendly/UserFriendlyApp_fixed.tsx(192,29): error TS2339: Property 'current_balance' does not exist on type '{ overview: { totalProfit: number; winRate: number; avgConfidence: number; totalBets: number; accuracy: any; }; recentPerformance: any; topSports: any; monthlyTrends: any; riskMetrics: { currentRisk: number; maxDrawdown: number; sharpeRatio: number; kelly: number; }; }'.
src/components/user-friendly/UserFriendlyApp_fixed.tsx(194,31): error TS2339: Property 'overall_accuracy' does not exist on type '{ overall: any; bySport: { NBA: number; NFL: number; MLB: number; NHL: number; Soccer: number; }; byBetType: { spread: number; totals: number; moneyline: number; props: number; }; trend: string; confidence: number; } | { ...; }'.
  Property 'overall_accuracy' does not exist on type '{ overall: any; bySport: { NBA: number; NFL: number; MLB: number; NHL: number; Soccer: number; }; byBetType: { spread: number; totals: number; moneyline: number; props: number; }; trend: string; confidence: number; }'.
src/components/user-friendly/UserFriendlyApp_fixed.tsx(195,33): error TS2339: Property 'total_profit' does not exist on type '{ overview: { totalProfit: number; winRate: number; avgConfidence: number; totalBets: number; accuracy: any; }; recentPerformance: any; topSports: any; monthlyTrends: any; riskMetrics: { currentRisk: number; maxDrawdown: number; sharpeRatio: number; kelly: number; }; }'.
src/components/user-friendly/UserFriendlyApp_fixed.tsx(202,32): error TS2339: Property 'metrics' does not exist on type '{ status: string; uptime: string; responseTime: string; services: { api: string; database: string; ml: string; predictions: string; }; lastUpdated: string; details: any; error?: undefined; } | { status: string; ... 5 more ...; details?: undefined; }'.
  Property 'metrics' does not exist on type '{ status: string; uptime: string; responseTime: string; services: { api: string; database: string; ml: string; predictions: string; }; lastUpdated: string; details: any; error?: undefined; }'.
src/components/user-friendly/UserFriendlyApp_fixed.tsx(203,36): error TS2339: Property 'overall_accuracy' does not exist on type '{ overall: any; bySport: { NBA: number; NFL: number; MLB: number; NHL: number; Soccer: number; }; byBetType: { spread: number; totals: number; moneyline: number; props: number; }; trend: string; confidence: number; } | { ...; }'.
  Property 'overall_accuracy' does not exist on type '{ overall: any; bySport: { NBA: number; NFL: number; MLB: number; NHL: number; Soccer: number; }; byBetType: { spread: number; totals: number; moneyline: number; props: number; }; trend: string; confidence: number; }'.
src/components/user-friendly/UserFriendlyApp_fixed.tsx(204,33): error TS2339: Property 'daily' does not exist on type '{ overview: { totalProfit: number; winRate: number; avgConfidence: number; totalBets: number; accuracy: any; }; recentPerformance: any; topSports: any; monthlyTrends: any; riskMetrics: { currentRisk: number; maxDrawdown: number; sharpeRatio: number; kelly: number; }; }'.
src/components/user-friendly/UserFriendlyApp_fixed.tsx(205,34): error TS2339: Property 'metrics' does not exist on type '{ status: string; uptime: string; responseTime: string; services: { api: string; database: string; ml: string; predictions: string; }; lastUpdated: string; details: any; error?: undefined; } | { status: string; ... 5 more ...; details?: undefined; }'.
  Property 'metrics' does not exist on type '{ status: string; uptime: string; responseTime: string; services: { api: string; database: string; ml: string; predictions: string; }; lastUpdated: string; details: any; error?: undefined; }'.
src/components/user-friendly/UserFriendlyApp_Production.tsx(533,16): error TS2741: Property 'show' is missing in type '{}' but required in type 'OfflineIndicatorProps'.
src/components/user-friendly/UserFriendlyDashboard.tsx(111,35): error TS2339: Property 'yearly' does not exist on type '{ overview: { totalProfit: number; winRate: number; avgConfidence: number; totalBets: number; accuracy: any; }; recentPerformance: any; topSports: any; monthlyTrends: any; riskMetrics: { currentRisk: number; maxDrawdown: number; sharpeRatio: number; kelly: number; }; }'.
src/components/user-friendly/UserFriendlyDashboard.tsx(112,33): error TS2339: Property 'overall_accuracy' does not exist on type '{ overall: any; bySport: { NBA: number; NFL: number; MLB: number; NHL: number; Soccer: number; }; byBetType: { spread: number; totals: number; moneyline: number; props: number; }; trend: string; confidence: number; } | { ...; }'.
  Property 'overall_accuracy' does not exist on type '{ overall: any; bySport: { NBA: number; NFL: number; MLB: number; NHL: number; Soccer: number; }; byBetType: { spread: number; totals: number; moneyline: number; props: number; }; trend: string; confidence: number; }'.
src/components/user-friendly/UserFriendlyDashboard.tsx(113,27): error TS2339: Property 'overall_accuracy' does not exist on type '{ overall: any; bySport: { NBA: number; NFL: number; MLB: number; NHL: number; Soccer: number; }; byBetType: { spread: number; totals: number; moneyline: number; props: number; }; trend: string; confidence: number; } | { ...; }'.
  Property 'overall_accuracy' does not exist on type '{ overall: any; bySport: { NBA: number; NFL: number; MLB: number; NHL: number; Soccer: number; }; byBetType: { spread: number; totals: number; moneyline: number; props: number; }; trend: string; confidence: number; }'.
src/components/user-friendly/UserFriendlyDashboard.tsx(115,34): error TS2339: Property 'metrics' does not exist on type '{ status: string; uptime: string; responseTime: string; services: { api: string; database: string; ml: string; predictions: string; }; lastUpdated: string; details: any; error?: undefined; } | { status: string; ... 5 more ...; details?: undefined; }'.
  Property 'metrics' does not exist on type '{ status: string; uptime: string; responseTime: string; services: { api: string; database: string; ml: string; predictions: string; }; lastUpdated: string; details: any; error?: undefined; }'.
src/components/user-friendly/UserFriendlyDashboard.tsx(116,36): error TS2339: Property 'overall_accuracy' does not exist on type '{ overall: any; bySport: { NBA: number; NFL: number; MLB: number; NHL: number; Soccer: number; }; byBetType: { spread: number; totals: number; moneyline: number; props: number; }; trend: string; confidence: number; } | { ...; }'.
  Property 'overall_accuracy' does not exist on type '{ overall: any; bySport: { NBA: number; NFL: number; MLB: number; NHL: number; Soccer: number; }; byBetType: { spread: number; totals: number; moneyline: number; props: number; }; trend: string; confidence: number; }'.
src/components/user-friendly/UserFriendlyDashboard.tsx(117,27): error TS2339: Property 'overall_accuracy' does not exist on type '{ overall: any; bySport: { NBA: number; NFL: number; MLB: number; NHL: number; Soccer: number; }; byBetType: { spread: number; totals: number; moneyline: number; props: number; }; trend: string; confidence: number; } | { ...; }'.
  Property 'overall_accuracy' does not exist on type '{ overall: any; bySport: { NBA: number; NFL: number; MLB: number; NHL: number; Soccer: number; }; byBetType: { spread: number; totals: number; moneyline: number; props: number; }; trend: string; confidence: number; }'.
src/components/user-friendly/UserFriendlyDashboard.tsx(141,26): error TS2339: Property 'commence_time' does not exist on type 'ValueBet'.
src/components/user-friendly/UserFriendlyDashboard.tsx(142,22): error TS2339: Property 'outcome' does not exist on type 'ValueBet'.
src/components/user-friendly/UserFriendlyDashboard.tsx(143,24): error TS2339: Property 'model_prob' does not exist on type 'ValueBet'.
src/components/user-friendly/UserFriendlyDashboard.tsx(144,28): error TS2339: Property 'commence_time' does not exist on type 'ValueBet'.
src/components/user-friendly/UserFriendlyDashboard_Production.tsx(117,5): error TS2769: No overload matches this call.
  Overload 1 of 3, '(options: DefinedInitialDataOptions<unknown, Error, unknown, string[]>, queryClient?: QueryClient): DefinedUseQueryResult<unknown, Error>', gave the following error.
    Object literal may only specify known properties, and 'onError' does not exist in type 'DefinedInitialDataOptions<unknown, Error, unknown, string[]>'.
  Overload 2 of 3, '(options: UndefinedInitialDataOptions<ApiResponse<{ overall_accuracy: number; daily_accuracy: number; }>, Error, ApiResponse<{ overall_accuracy: number; daily_accuracy: number; }>, string[]>, queryClient?: QueryClient): UseQueryResult<...>', gave the following error.
    Object literal may only specify known properties, and 'onError' does not exist in type 'UndefinedInitialDataOptions<ApiResponse<{ overall_accuracy: number; daily_accuracy: number; }>, Error, ApiResponse<{ overall_accuracy: number; daily_accuracy: number; }>, string[]>'.
  Overload 3 of 3, '(options: UseQueryOptions<ApiResponse<{ overall_accuracy: number; daily_accuracy: number; }>, Error, ApiResponse<{ overall_accuracy: number; daily_accuracy: number; }>, string[]>, queryClient?: QueryClient): UseQueryResult<...>', gave the following error.
    Object literal may only specify known properties, and 'onError' does not exist in type 'UseQueryOptions<ApiResponse<{ overall_accuracy: number; daily_accuracy: number; }>, Error, ApiResponse<{ overall_accuracy: number; daily_accuracy: number; }>, string[]>'.
src/components/user-friendly/UserFriendlyDashboard_Production.tsx(134,5): error TS2769: No overload matches this call.
  Overload 1 of 3, '(options: DefinedInitialDataOptions<unknown, Error, unknown, string[]>, queryClient?: QueryClient): DefinedUseQueryResult<unknown, Error>', gave the following error.
    Object literal may only specify known properties, and 'onError' does not exist in type 'DefinedInitialDataOptions<unknown, Error, unknown, string[]>'.
  Overload 2 of 3, '(options: UndefinedInitialDataOptions<ApiResponse<SystemHealth>, Error, ApiResponse<SystemHealth>, string[]>, queryClient?: QueryClient): UseQueryResult<...>', gave the following error.
    Object literal may only specify known properties, and 'onError' does not exist in type 'UndefinedInitialDataOptions<ApiResponse<SystemHealth>, Error, ApiResponse<SystemHealth>, string[]>'.
  Overload 3 of 3, '(options: UseQueryOptions<ApiResponse<SystemHealth>, Error, ApiResponse<SystemHealth>, string[]>, queryClient?: QueryClient): UseQueryResult<...>', gave the following error.
    Object literal may only specify known properties, and 'onError' does not exist in type 'UseQueryOptions<ApiResponse<SystemHealth>, Error, ApiResponse<SystemHealth>, string[]>'.
src/components/user-friendly/UserFriendlyDashboard_Production.tsx(147,5): error TS2769: No overload matches this call.
  Overload 1 of 3, '(options: DefinedInitialDataOptions<unknown, Error, unknown, string[]>, queryClient?: QueryClient): DefinedUseQueryResult<unknown, Error>', gave the following error.
    Object literal may only specify known properties, and 'onError' does not exist in type 'DefinedInitialDataOptions<unknown, Error, unknown, string[]>'.
  Overload 2 of 3, '(options: UndefinedInitialDataOptions<ApiResponse<{ yearly: Record<number, number>; }>, Error, ApiResponse<{ yearly: Record<number, number>; }>, string[]>, queryClient?: QueryClient): UseQueryResult<...>', gave the following error.
    Object literal may only specify known properties, and 'onError' does not exist in type 'UndefinedInitialDataOptions<ApiResponse<{ yearly: Record<number, number>; }>, Error, ApiResponse<{ yearly: Record<number, number>; }>, string[]>'.
  Overload 3 of 3, '(options: UseQueryOptions<ApiResponse<{ yearly: Record<number, number>; }>, Error, ApiResponse<{ yearly: Record<number, number>; }>, string[]>, queryClient?: QueryClient): UseQueryResult<...>', gave the following error.
    Object literal may only specify known properties, and 'onError' does not exist in type 'UseQueryOptions<ApiResponse<{ yearly: Record<number, number>; }>, Error, ApiResponse<{ yearly: Record<number, number>; }>, string[]>'.
src/components/user-friendly/UserFriendlyDashboard_Production.tsx(152,24): error TS2339: Property 'connectionState' does not exist on type '{ isConnected: boolean; isConnecting: boolean; error: string; connectionAttempts: number; lastMessage: WebSocketMessage; connect: () => void; disconnect: () => void; sendMessage: (message: any) => boolean; readyState: number; }'.
src/components/user-friendly/UserFriendlyDashboard_Production.tsx(161,43): error TS2559: Type 'string[]' has no properties in common with type 'InvalidateQueryFilters<readonly unknown[]>'.
src/components/user-friendly/UserFriendlyDashboard_Production.tsx(163,43): error TS2559: Type 'string[]' has no properties in common with type 'InvalidateQueryFilters<readonly unknown[]>'.
src/components/user-friendly/UserFriendlyDashboard_Production.tsx(174,22): error TS2345: Argument of type 'Event' is not assignable to parameter of type 'Error'.
  Type 'Event' is missing the following properties from type 'Error': name, message
src/components/user-friendly/UserFriendlyDashboard_Production.tsx(192,37): error TS2339: Property 'yearly' does not exist on type 'unknown'.
src/components/user-friendly/UserFriendlyDashboard_Production.tsx(193,35): error TS2339: Property 'overall_accuracy' does not exist on type 'unknown'.
src/components/user-friendly/UserFriendlyDashboard_Production.tsx(194,29): error TS2339: Property 'overall_accuracy' does not exist on type 'unknown'.
src/components/user-friendly/UserFriendlyDashboard_Production.tsx(196,36): error TS2339: Property 'activePredictions' does not exist on type 'unknown'.
src/components/user-friendly/UserFriendlyDashboard_Production.tsx(197,38): error TS2339: Property 'overall_accuracy' does not exist on type 'unknown'.
src/components/user-friendly/UserFriendlyDashboard_Production.tsx(198,29): error TS2339: Property 'overall_accuracy' does not exist on type 'unknown'.
src/components/user-friendly/UserFriendlyDashboard_Production.tsx(203,39): error TS2339: Property 'daily_accuracy' does not exist on type 'unknown'.
src/components/user-friendly/UserFriendlyDashboard_Production.tsx(204,29): error TS2339: Property 'daily_accuracy' does not exist on type 'unknown'.
src/components/user-friendly/UserFriendlyDashboard_Production.tsx(212,24): error TS2339: Property 'commence_time' does not exist on type 'ValueBet'.
src/components/user-friendly/UserFriendlyDashboard_Production.tsx(212,45): error TS2339: Property 'commence_time' does not exist on type 'ValueBet'.
src/components/user-friendly/UserFriendlyDashboard_Production.tsx(250,43): error TS2339: Property 'commence_time' does not exist on type 'ValueBet'.
src/components/user-friendly/UserFriendlyDashboard_Production.tsx(262,26): error TS2339: Property 'outcome' does not exist on type 'ValueBet'.
src/components/user-friendly/UserFriendlyDashboard_Production.tsx(263,28): error TS2339: Property 'model_prob' does not exist on type 'ValueBet'.
src/components/user-friendly/UserFriendlyDashboard_Production.tsx(266,22): error TS2339: Property 'sport_title' does not exist on type 'ValueBet'.
src/components/user-friendly/UserFriendlyDashboard_Production.tsx(267,23): error TS2339: Property 'sport_title' does not exist on type 'ValueBet'.
src/components/user-friendly/UserFriendlyDashboard_Production.tsx(268,31): error TS2339: Property 'model_prob' does not exist on type 'ValueBet'.
src/components/user-friendly/UserFriendlyDashboard_Production.tsx(591,13): error TS2322: Type '{ title: string; description: string; icon: Element; }' is not assignable to type 'IntrinsicAttributes & EmptyStateProps'.
  Property 'description' does not exist on type 'IntrinsicAttributes & EmptyStateProps'.
src/components/UserConstraintsForm.tsx(14,10): error TS2305: Module '"@/types"' has no exported member 'UserConstraints'.
src/components/WebSocketAnalytics.tsx(13,34): error TS2307: Cannot find module '../services/webSocketService' or its corresponding type declarations.
src/components/WebSocketAnalytics.tsx(14,34): error TS1149: File name 'C:/Users/bcmad/Downloads/A1Betting-master (7)/A1Betting-master/frontend/src/types/websocket.ts' differs from already included file name 'C:/Users/bcmad/Downloads/A1Betting-master (7)/A1Betting-master/frontend/src/types/webSocket.ts' only in casing.
  The file is in the program because:
    Imported via "../../types/webSocket.js" from file 'C:/Users/bcmad/Downloads/A1Betting-master (7)/A1Betting-master/frontend/src/services/unified/UnifiedWebSocketService.ts'
    Imported via '../../types/webSocket.js' from file 'C:/Users/bcmad/Downloads/A1Betting-master (7)/A1Betting-master/frontend/src/services/unified/UnifiedServiceRegistry.ts'
    Imported via '../types/websocket' from file 'C:/Users/bcmad/Downloads/A1Betting-master (7)/A1Betting-master/frontend/src/components/PayoutPreview.tsx'
    Imported via "../types/websocket" from file 'C:/Users/bcmad/Downloads/A1Betting-master (7)/A1Betting-master/frontend/src/components/WebSocketAnalytics.tsx'
    Imported via "../types/websocket" from file 'C:/Users/bcmad/Downloads/A1Betting-master (7)/A1Betting-master/frontend/src/components/WebSocketAnalytics.tsx'
    Imported via '../../types/webSocket.js' from file 'C:/Users/bcmad/Downloads/A1Betting-master (7)/A1Betting-master/frontend/src/components/prediction/PredictionDisplay.tsx'
    Matched by include pattern 'src/**/*' in 'C:/Users/bcmad/Downloads/A1Betting-master (7)/A1Betting-master/frontend/tsconfig.json'
src/components/WebSocketAnalytics.tsx(15,37): error TS1149: File name 'C:/Users/bcmad/Downloads/A1Betting-master (7)/A1Betting-master/frontend/src/types/websocket.ts' differs from already included file name 'C:/Users/bcmad/Downloads/A1Betting-master (7)/A1Betting-master/frontend/src/types/webSocket.ts' only in casing.
  The file is in the program because:
    Imported via "../../types/webSocket.js" from file 'C:/Users/bcmad/Downloads/A1Betting-master (7)/A1Betting-master/frontend/src/services/unified/UnifiedWebSocketService.ts'
    Imported via '../../types/webSocket.js' from file 'C:/Users/bcmad/Downloads/A1Betting-master (7)/A1Betting-master/frontend/src/services/unified/UnifiedServiceRegistry.ts'
    Imported via '../types/websocket' from file 'C:/Users/bcmad/Downloads/A1Betting-master (7)/A1Betting-master/frontend/src/components/PayoutPreview.tsx'
    Imported via "../types/websocket" from file 'C:/Users/bcmad/Downloads/A1Betting-master (7)/A1Betting-master/frontend/src/components/WebSocketAnalytics.tsx'
    Imported via "../types/websocket" from file 'C:/Users/bcmad/Downloads/A1Betting-master (7)/A1Betting-master/frontend/src/components/WebSocketAnalytics.tsx'
    Imported via '../../types/webSocket.js' from file 'C:/Users/bcmad/Downloads/A1Betting-master (7)/A1Betting-master/frontend/src/components/prediction/PredictionDisplay.tsx'
    Matched by include pattern 'src/**/*' in 'C:/Users/bcmad/Downloads/A1Betting-master (7)/A1Betting-master/frontend/tsconfig.json'
src/components/WebSocketBatchingAnalytics.tsx(13,35): error TS2307: Cannot find module '../services/WebSocketBatching' or its corresponding type declarations.
src/components/WebSocketBatchingAnalytics.tsx(72,14): error TS2339: Property 'subscribe' does not exist on type 'EventBus'.
src/components/WebSocketBatchingAnalytics.tsx(75,16): error TS2339: Property 'unsubscribe' does not exist on type 'EventBus'.
src/components/WebSocketLoadBalancerAnalytics.tsx(13,39): error TS2307: Cannot find module '../services/WebSocketLoadBalancer' or its corresponding type declarations.
src/components/WebSocketLoadBalancerAnalytics.tsx(90,14): error TS2339: Property 'subscribe' does not exist on type 'EventBus'.
src/components/WebSocketLoadBalancerAnalytics.tsx(93,16): error TS2339: Property 'unsubscribe' does not exist on type 'EventBus'.
src/contexts/AuthContext.tsx(39,47): error TS2551: Property 'getCurrentUser' does not exist on type '{ login: (credentials: { email: string; password: string; }) => Promise<AuthServiceLoginResponse>; logout: () => Promise<void>; fetchCurrentUser: () => Promise<...>; }'. Did you mean 'fetchCurrentUser'?
src/contexts/AuthContext.tsx(55,51): error TS2554: Expected 1 arguments, but got 2.
src/contexts/AuthContext.tsx(56,15): error TS2345: Argument of type 'AuthServiceLoginResponse' is not assignable to parameter of type 'SetStateAction<User>'.
src/contexts/AuthContext.tsx(86,38): error TS2339: Property 'register' does not exist on type '{ login: (credentials: { email: string; password: string; }) => Promise<AuthServiceLoginResponse>; logout: () => Promise<void>; fetchCurrentUser: () => Promise<...>; }'.
src/contexts/LoggerContext.tsx(2,31): error TS2307: Cannot find module '../unified/logging/types' or its corresponding type declarations.
src/contexts/MetricsContext.tsx(2,32): error TS2307: Cannot find module '../unified/metrics/types' or its corresponding type declarations.
src/contexts/StrategyInputContext.tsx(2,10): error TS2305: Module '"@/types"' has no exported member 'Sport'.
src/contexts/StrategyInputContext.tsx(2,17): error TS2305: Module '"@/types"' has no exported member 'PropType'.
src/core/AdvancedAnalysisEngine.ts(107,21): error TS2339: Property 'publish' does not exist on type 'EventBus'.
src/core/AnalysisFramework.ts(150,20): error TS2339: Property 'logError' does not exist on type 'UnifiedMonitor'.
src/core/analytics/ModelPerformanceTracker.ts(1,10): error TS2305: Module '"../types/prediction"' has no exported member 'ModelOutput'.
src/core/analytics/ModelPerformanceTracker.ts(1,23): error TS2305: Module '"../types/prediction"' has no exported member 'BetRecommendation'.
src/core/analytics/PerformanceMonitor.ts(58,47): error TS2345: Argument of type 'number | Date' is not assignable to parameter of type 'number'.
  Type 'Date' is not assignable to type 'number'.
src/core/analytics/PerformanceMonitor.ts(61,48): error TS2345: Argument of type 'number | Date' is not assignable to parameter of type 'number'.
  Type 'Date' is not assignable to type 'number'.
src/core/BestBetSelector/BestBetSelector.ts(1,10): error TS2305: Module '"../types/prediction"' has no exported member 'ModelOutput'.
src/core/BestBetSelector/BestBetSelector.ts(1,23): error TS2300: Duplicate identifier 'RiskProfile'.
src/core/BestBetSelector/BestBetSelector.ts(1,23): error TS2305: Module '"../types/prediction"' has no exported member 'RiskProfile'.
src/core/BestBetSelector/BestBetSelector.ts(1,36): error TS2305: Module '"../types/prediction"' has no exported member 'BetRecommendation'.
src/core/BestBetSelector/BestBetSelector.ts(4,10): error TS2300: Duplicate identifier 'RiskProfile'.
src/core/BestBetSelector/BestBetSelector.ts(5,10): error TS2305: Module '"../FinalPredictionEngine/FinalPredictionEngine"' has no exported member 'PredictionEngine'.
src/core/BestBetSelector/BestBetSelector.ts(66,30): error TS2345: Argument of type '"betting:validation_failed"' is not assignable to parameter of type 'keyof EventMap'.
src/core/BestBetSelector/BestBetSelector.ts(86,31): error TS2339: Property 'recordOperation' does not exist on type 'PerformanceMonitor'.
src/core/BestBetSelector/BestBetSelector.ts(90,63): error TS2554: Expected 2 arguments, but got 3.
src/core/BestBetSelector/BestBetSelector.ts(111,36): error TS2339: Property 'bankroll' does not exist on type 'BettingOpportunity'.
src/core/BestBetSelector/BestBetSelector.ts(112,23): error TS2339: Property 'stake' does not exist on type 'BettingOpportunity'.
src/core/BestBetSelector/BestBetSelector.ts(115,41): error TS2339: Property 'stake' does not exist on type 'BettingOpportunity'.
src/core/BestBetSelector/BestBetSelector.ts(120,23): error TS2339: Property 'volatility' does not exist on type 'BettingOpportunity'.
src/core/BestBetSelector/BestBetSelector.ts(123,46): error TS2339: Property 'volatility' does not exist on type 'BettingOpportunity'.
src/core/BestBetSelector/BestBetSelector.ts(128,23): error TS2339: Property 'riskScore' does not exist on type 'BettingOpportunity'.
src/core/BestBetSelector/BestBetSelector.ts(131,46): error TS2339: Property 'riskScore' does not exist on type 'BettingOpportunity'.
src/core/BestBetSelector/BestBetSelector.ts(152,61): error TS2551: Property 'eventId' does not exist on type 'BettingOpportunity'. Did you mean 'event'?
src/core/BestBetSelector/BestBetSelector.ts(155,41): error TS2551: Property 'eventId' does not exist on type 'BettingOpportunity'. Did you mean 'event'?
src/core/BestBetSelector/BestBetSelector.ts(161,21): error TS2339: Property 'probability' does not exist on type 'BettingOpportunity'.
src/core/BestBetSelector/BestBetSelector.ts(162,9): error TS2345: Argument of type 'Odds' is not assignable to parameter of type 'number'.
src/core/BestBetSelector/BestBetSelector.ts(165,23): error TS2339: Property 'stake' does not exist on type 'BettingOpportunity'.
src/core/BestBetSelector/BestBetSelector.ts(168,41): error TS2339: Property 'stake' does not exist on type 'BettingOpportunity'.
src/core/BestBetSelector/BestBetSelector.ts(173,31): error TS2339: Property 'recordOperation' does not exist on type 'PerformanceMonitor'.
src/core/BestBetSelector/BestBetSelector.ts(177,63): error TS2554: Expected 2 arguments, but got 3.
src/core/BestBetSelector/BestBetSelector.ts(193,31): error TS2339: Property 'stake' does not exist on type 'BettingOpportunity'.
src/core/BestBetSelector/BestBetSelector.ts(194,32): error TS2362: The left-hand side of an arithmetic operation must be of type 'any', 'number', 'bigint' or an enum type.
src/core/DataIntegrationHub.ts(120,57): error TS2554: Expected 0 arguments, but got 1.
src/core/DataIntegrationHub.ts(615,30): error TS2339: Property 'sourceId' does not exist on type 'unknown'.
src/core/DataIntegrationHub.ts(630,17): error TS2339: Property 'source' does not exist on type 'unknown'.
src/core/DataIntegrationHub.ts(630,43): error TS2339: Property 'source' does not exist on type 'unknown'.
src/core/DataIntegrationHub.ts(640,17): error TS2339: Property 'section' does not exist on type 'unknown'.
src/core/DataIntegrationHub.ts(640,52): error TS2339: Property 'section' does not exist on type 'unknown'.
src/core/DataPipeline.ts(102,19): error TS2339: Property 'publish' does not exist on type 'EventBus'.
src/core/DataPipeline.ts(125,19): error TS2339: Property 'publish' does not exist on type 'EventBus'.
src/core/DataPipeline.ts(181,21): error TS2339: Property 'publish' does not exist on type 'EventBus'.
src/core/DataPipeline.ts(196,21): error TS2339: Property 'publish' does not exist on type 'EventBus'.
src/core/errors.ts(1,10): error TS2305: Module '"./UnifiedError"' has no exported member 'ErrorCategory'.
src/core/errors.ts(13,31): error TS2551: Property 'CRITICAL' does not exist on type 'typeof ErrorSeverity'. Did you mean 'Critical'?
src/core/FeatureComposition.ts(63,21): error TS2339: Property 'publish' does not exist on type 'EventBus'.
src/core/FeatureComposition.ts(85,21): error TS2339: Property 'publish' does not exist on type 'EventBus'.
src/core/FeatureComposition.ts(154,19): error TS2339: Property 'publish' does not exist on type 'EventBus'.
src/core/FeatureFlags.ts(76,31): error TS2488: Type '{ [key: string]: Feature; }' must have a '[Symbol.iterator]()' method that returns an iterator.
src/core/FeatureFlags.ts(83,34): error TS2488: Type '{ [key: string]: Experiment; }' must have a '[Symbol.iterator]()' method that returns an iterator.
src/core/FinalPredictionEngine/FinalPredictionEngine.ts(3,3): error TS2305: Module '"@/types"' has no exported member 'FinalPredictionEngine'.
src/core/FinalPredictionEngine/FinalPredictionEngine.ts(4,3): error TS2305: Module '"@/types"' has no exported member 'FinalPredictionEngineDependencies'.
src/core/FinalPredictionEngine/FinalPredictionEngine.ts(5,3): error TS2305: Module '"@/types"' has no exported member 'FinalPredictionEngineConfig'.
src/core/FinalPredictionEngine/FinalPredictionEngine.ts(6,3): error TS2305: Module '"@/types"' has no exported member 'ModelOutput'.
src/core/FinalPredictionEngine/FinalPredictionEngine.ts(7,3): error TS2305: Module '"@/types"' has no exported member 'ModelWeight'.
src/core/FinalPredictionEngine/FinalPredictionEngine.ts(8,3): error TS2305: Module '"@/types"' has no exported member 'RiskProfile'.
src/core/FinalPredictionEngine/FinalPredictionEngine.ts(9,3): error TS2305: Module '"@/types"' has no exported member 'FinalPrediction'.
src/core/FinalPredictionEngine/FinalPredictionEngine.ts(10,3): error TS2305: Module '"@/types"' has no exported member 'RiskLevel'.
src/core/FinalPredictionEngine/FinalPredictionEngine.ts(11,3): error TS2305: Module '"@/types"' has no exported member 'FeatureImpact'.
src/core/FinalPredictionEngine/FinalPredictionEngine.ts(12,3): error TS2305: Module '"@/types"' has no exported member 'FinalPredictionError'.
src/core/FinalPredictionEngine/FinalPredictionEngine.ts(13,3): error TS2305: Module '"@/types"' has no exported member 'ModelContributions'.
src/core/FinalPredictionEngine/FinalPredictionEngine.ts(14,3): error TS2305: Module '"@/types"' has no exported member 'ShapValue'.
src/core/FinalPredictionEngine/FinalPredictionEngine.ts(15,3): error TS2305: Module '"@/types"' has no exported member 'ShapExplanation'.
src/core/FinalPredictionEngine/FinalPredictionEngine.ts(16,3): error TS2305: Module '"@/types"' has no exported member 'ModelExplanation'.
src/core/FinalPredictionEngine/FinalPredictionEngine.ts(17,3): error TS2305: Module '"@/types"' has no exported member 'PredictionWithExplanation'.
src/core/FinalPredictionEngine/FinalPredictionEngine.ts(18,3): error TS2305: Module '"@/types"' has no exported member 'ModelType'.
src/core/FinalPredictionEngine/FinalPredictionEngine.ts(383,12): error TS2554: Expected 2 arguments, but got 1.
src/core/FinalPredictionEngine/types.ts(154,26): error TS2345: Argument of type '"ERROR" | "WARNING"' is not assignable to parameter of type 'ErrorSeverity'.
  Type '"ERROR"' is not assignable to type 'ErrorSeverity'.
src/core/logging/logger.ts(1,10): error TS2305: Module '"@/types"' has no exported member 'UnifiedLogger'.
src/core/metrics/metrics.ts(1,10): error TS2305: Module '"@/types"' has no exported member 'UnifiedMetrics'.
src/core/models/BaseMLService.ts(2,10): error TS2305: Module '"@/types"' has no exported member 'ModelMetadata'.
src/core/models/BaseMLService.ts(2,25): error TS2305: Module '"@/types"' has no exported member 'ModelVersion'.
src/core/models/BaseMLService.ts(2,39): error TS2305: Module '"@/types"' has no exported member 'ModelEvaluation'.
src/core/models/BaseMLService.ts(2,56): error TS2305: Module '"@/types"' has no exported member 'ModelTrainingConfig'.
src/core/models/MLService.ts(1,10): error TS2305: Module '"@/types"' has no exported member 'ModelMetadata'.
src/core/models/MLService.ts(1,25): error TS2305: Module '"@/types"' has no exported member 'ModelVersion'.
src/core/models/MLService.ts(1,39): error TS2305: Module '"@/types"' has no exported member 'ModelEvaluation'.
src/core/models/MLService.ts(1,56): error TS2305: Module '"@/types"' has no exported member 'ModelTrainingConfig'.
src/core/models/ModelEvaluator.ts(1,10): error TS2305: Module '"@/types"' has no exported member 'ModelVersion'.
src/core/models/ModelEvaluator.ts(1,24): error TS2305: Module '"@/types"' has no exported member 'ModelEvaluation'.
src/core/models/ModelEvaluator.ts(1,41): error TS2305: Module '"@/types"' has no exported member 'ModelEvaluatorConfig'.
src/core/models/ModelEvaluator.ts(238,25): error TS2349: This expression is not callable.
  Type '{}' has no call signatures.
src/core/models/ModelManager.ts(1,10): error TS2305: Module '"@/types"' has no exported member 'ModelMetadata'.
src/core/models/ModelManager.ts(1,25): error TS2305: Module '"@/types"' has no exported member 'ModelVersion'.
src/core/models/ModelManager.ts(1,39): error TS2305: Module '"@/types"' has no exported member 'ModelEvaluation'.
src/core/models/ModelRegistry.ts(1,10): error TS2305: Module '"@/types"' has no exported member 'ModelMetadata'.
src/core/models/ModelRegistry.ts(1,25): error TS2305: Module '"@/types"' has no exported member 'ModelVersion'.
src/core/models/ModelRegistry.ts(1,39): error TS2305: Module '"@/types"' has no exported member 'ModelRegistryConfig'.
src/core/ModelVersioning.ts(3,23): error TS2305: Module '"./UnifiedError"' has no exported member 'ErrorCategory'.
src/core/ModelVersioning.ts(58,19): error TS2339: Property 'subscribe' does not exist on type 'EventBus'.
src/core/ModelVersioning.ts(58,61): error TS2339: Property 'model:update' does not exist on type 'EventMap'.
src/core/ModelVersioning.ts(77,35): error TS2339: Property 'MEDIUM' does not exist on type 'typeof ErrorSeverity'.
src/core/ModelVersioning.ts(116,33): error TS2339: Property 'HIGH' does not exist on type 'typeof ErrorSeverity'.
src/core/ModelVersioning.ts(156,33): error TS2339: Property 'MEDIUM' does not exist on type 'typeof ErrorSeverity'.
src/core/ModelVersioning.ts(203,33): error TS2339: Property 'LOW' does not exist on type 'typeof ErrorSeverity'.
src/core/ModelVersioning.ts(225,35): error TS2339: Property 'HIGH' does not exist on type 'typeof ErrorSeverity'.
src/core/ModelVersioning.ts(237,35): error TS2339: Property 'HIGH' does not exist on type 'typeof ErrorSeverity'.
src/core/ModelVersioning.ts(286,35): error TS2339: Property 'HIGH' does not exist on type 'typeof ErrorSeverity'.
src/core/ModelVersioning.ts(300,35): error TS2339: Property 'HIGH' does not exist on type 'typeof ErrorSeverity'.
src/core/PerformanceMonitor.ts(22,11): error TS2395: Individual declarations in merged declaration 'MetricData' must be all exported or all local.
src/core/PerformanceMonitor.ts(41,18): error TS2395: Individual declarations in merged declaration 'MetricData' must be all exported or all local.
src/core/PredictionEngine.ts(1,10): error TS2305: Module '"@/types"' has no exported member 'PerformanceMetrics'.
src/core/PredictionEngine.ts(1,30): error TS2305: Module '"@/types"' has no exported member 'PlayerProp'.
src/core/PredictionEngine.ts(18,10): error TS2305: Module '"./UnifiedConfig"' has no exported member 'UnifiedConfigManager'.
src/core/PredictionEngine.ts(19,10): error TS2724: '"./UnifiedDataEngine"' has no exported member named 'UnifiedDataEngine'. Did you mean 'unifiedDataEngine'?
src/core/PredictionEngine.ts(274,19): error TS2339: Property 'subscribe' does not exist on type 'EventBus'.
src/core/PredictionEngine.ts(284,19): error TS2339: Property 'subscribe' does not exist on type 'EventBus'.
src/core/PredictionEngine.ts(294,19): error TS2339: Property 'subscribe' does not exist on type 'EventBus'.
src/core/PredictionEngine.ts(312,21): error TS2339: Property 'publish' does not exist on type 'EventBus'.
src/core/PredictionEngine.ts(318,54): error TS2339: Property 'listPlugins' does not exist on type 'AnalysisRegistry'.
src/core/PredictionEngine.ts(338,21): error TS2339: Property 'publish' does not exist on type 'EventBus'.
src/core/PredictionEngine.ts(420,19): error TS2339: Property 'subscribe' does not exist on type 'EventBus'.
src/core/PredictionEngine.ts(424,19): error TS2339: Property 'subscribe' does not exist on type 'EventBus'.
src/core/PredictionEngine.ts(428,19): error TS2339: Property 'subscribe' does not exist on type 'EventBus'.
src/core/PredictionEngine.ts(432,19): error TS2339: Property 'subscribe' does not exist on type 'EventBus'.
src/core/PredictionEngine.ts(436,19): error TS2339: Property 'subscribe' does not exist on type 'EventBus'.
src/core/PredictionEngine.ts(522,19): error TS2339: Property 'publish' does not exist on type 'EventBus'.
src/core/PredictionValidator.ts(3,23): error TS2305: Module '"./UnifiedError"' has no exported member 'ErrorCategory'.
src/core/PredictionValidator.ts(255,33): error TS2339: Property 'HIGH' does not exist on type 'typeof ErrorSeverity'.
src/core/StrategyComposition.ts(1,10): error TS2459: Module '"./AnalysisFramework"' declares 'AnalysisResult' locally, but it is not exported.
src/core/StrategyComposition.ts(75,19): error TS2339: Property 'publish' does not exist on type 'EventBus'.
src/core/StrategyComposition.ts(129,21): error TS2339: Property 'publish' does not exist on type 'EventBus'.
src/core/StrategyEngine.ts(189,9): error TS2322: Type 'number' is not assignable to type '{ requestsPerSecond: number; transactionsPerSecond: number; }'.
src/core/StrategyEngine.ts(213,19): error TS2339: Property 'subscribe' does not exist on type 'EventBus'.
src/core/StrategyEngine.ts(328,56): error TS2339: Property 'level' does not exist on type 'RiskAssessment'.
src/core/StrategyEngine.ts(336,26): error TS2339: Property 'factors' does not exist on type 'RiskAssessment'.
src/core/StrategyEngine.ts(343,7): error TS2353: Object literal may only specify known properties, and 'expectedValue' does not exist in type 'StrategyRecommendation'.
src/core/StrategyEngine.ts(488,7): error TS2353: Object literal may only specify known properties, and 'level' does not exist in type 'RiskAssessment'.
src/core/StrategyEngine.ts(601,33): error TS2339: Property 'expectedValue' does not exist on type '{ id: string; type?: "OVER" | "UNDER"; confidence: number; timestamp: number; parameters?: { stake: number; expectedValue: number; }; status?: "pending" | "active" | "closed"; lastUpdate?: number; ... 7 more ...; metadata?: { ...; }; }'.
src/core/StrategyEngine.ts(602,36): error TS2339: Property 'expectedValue' does not exist on type '{ id: string; type?: "OVER" | "UNDER"; confidence: number; timestamp: number; parameters?: { stake: number; expectedValue: number; }; status?: "pending" | "active" | "closed"; lastUpdate?: number; ... 7 more ...; metadata?: { ...; }; }'.
src/core/StrategyEngine.ts(603,24): error TS2339: Property 'expectedValue' does not exist on type 'StrategyRecommendation'.
src/core/StrategyEngine.ts(746,29): error TS2339: Property 'expectedValue' does not exist on type 'StrategyRecommendation'.
src/core/StrategyEngine.ts(747,22): error TS2339: Property 'expectedValue' does not exist on type 'StrategyRecommendation'.
src/core/StrategyEngine.ts(753,38): error TS2339: Property 'level' does not exist on type 'RiskAssessment'.
src/core/StrategyEngine.ts(782,58): error TS2339: Property 'level' does not exist on type 'RiskAssessment'.
src/core/StrategyEngine.ts(811,9): error TS2353: Object literal may only specify known properties, and 'expectedValue' does not exist in type 'StrategyRecommendation'.
src/core/types.ts(1,13): error TS2300: Duplicate identifier 'ErrorContext'.
src/core/types.ts(26,18): error TS2300: Duplicate identifier 'ErrorContext'.
src/core/UltimateBrainCentralNervousSystem.ts(26,10): error TS2724: '"./UnifiedDataEngine"' has no exported member named 'UnifiedDataEngine'. Did you mean 'unifiedDataEngine'?
src/core/UltimateBrainCentralNervousSystem.ts(538,21): error TS2339: Property 'initialize' does not exist on type 'typeof UnifiedMLEngine'.
src/core/UltimateBrainCentralNervousSystem.ts(623,11): error TS2353: Object literal may only specify known properties, and 'features' does not exist in type 'PredictionContext'.
src/core/UltimateBrainCentralNervousSystem.ts(625,44): error TS2339: Property 'prediction' does not exist on type 'Analysis'.
src/core/UltimateBrainCentralNervousSystem.ts(720,7): error TS2362: The left-hand side of an arithmetic operation must be of type 'any', 'number', 'bigint' or an enum type.
src/core/UltimateBrainCentralNervousSystem.ts(725,7): error TS2362: The left-hand side of an arithmetic operation must be of type 'any', 'number', 'bigint' or an enum type.
src/core/UnifiedAnalytics.ts(2,10): error TS2305: Module '"./UnifiedConfig"' has no exported member 'UnifiedConfigManager'.
src/core/UnifiedAnalytics.ts(152,20): error TS2339: Property 'logError' does not exist on type 'UnifiedMonitor'.
src/core/UnifiedBettingSystem.ts(189,28): error TS2367: This comparison appears to be unintentional because the types 'BetResult' and '"pending"' have no overlap.
src/core/UnifiedBettingSystem.ts(192,14): error TS2367: This comparison appears to be unintentional because the types 'BetResult' and '"win"' have no overlap.
src/core/UnifiedBettingSystem.ts(196,11): error TS2367: This comparison appears to be unintentional because the types 'BetResult' and '"win"' have no overlap.
src/core/UnifiedBettingSystem.ts(205,7): error TS2367: This comparison appears to be unintentional because the types 'BetResult' and '"win"' have no overlap.
src/core/UnifiedBettingSystem.ts(241,7): error TS2353: Object literal may only specify known properties, and 'timeValue' does not exist in type 'ClvAnalysis'.
src/core/UnifiedBettingSystem.ts(317,25): error TS2339: Property 'payout' does not exist on type 'BetRecord'.
src/core/UnifiedBettingSystem.ts(339,35): error TS2365: Operator '+' cannot be applied to types 'number' and 'unknown'.
src/core/UnifiedBettingSystem.ts(355,58): error TS2339: Property 'timestamp' does not exist on type 'BetRecord'.
src/core/UnifiedBettingSystem.ts(530,7): error TS2820: Type '"single"' is not assignable to type 'BetType'. Did you mean '"SINGLE"'?
src/core/UnifiedBettingSystem.ts(553,7): error TS2740: Type '{ totalBets: number; winRate: number; roi: number; profitLoss: number; clvAverage: number; edgeRetention: number; kellyMultiplier: number; marketEfficiencyScore: number; averageOdds: number; ... 6 more ...; network: { ...; }; }' is missing the following properties from type 'PerformanceMetrics': disk, responseTime, throughput, errorRate, and 4 more.
src/core/UnifiedBettingSystem.ts(580,23): error TS2339: Property 'activeBets' does not exist on type 'unknown'.
src/core/UnifiedBettingSystem.ts(619,9): error TS2820: Type '"single"' is not assignable to type 'BetType'. Did you mean '"SINGLE"'?
src/core/UnifiedBettingSystem.ts(661,7): error TS2820: Type '"single"' is not assignable to type 'BetType'. Did you mean '"SINGLE"'?
src/core/UnifiedBettingSystem.ts(698,27): error TS2345: Argument of type '"parlay"' is not assignable to parameter of type 'BetType'.
src/core/UnifiedBettingSystem.ts(698,39): error TS2820: Type '"parlay"' is not assignable to type 'BetType'. Did you mean '"PARLAY"'?
src/core/UnifiedBettingSystem.ts(698,50): error TS2820: Type '"single"' is not assignable to type 'BetType'. Did you mean '"SINGLE"'?
src/core/UnifiedBettingSystem.ts(712,32): error TS2339: Property 'getState' does not exist on type 'UnifiedStateSingleton'.
src/core/UnifiedBettingSystem.ts(788,12): error TS2339: Property 'monitor' does not exist on type 'UnifiedBettingSystem'.
src/core/UnifiedBettingSystem.ts(819,7): error TS2322: Type '"OVER" | "UNDER"' is not assignable to type '"over" | "under"'.
  Type '"OVER"' is not assignable to type '"over" | "under"'. Did you mean '"over"'?
src/core/UnifiedConfigManager.ts(21,42): error TS2307: Cannot find module '../utils/FeatureFlags-MyPC.js' or its corresponding type declarations.
src/core/UnifiedDataEngine.ts(99,9): error TS2304: Cannot find name 'playerProjections'.
src/core/UnifiedDataEngine.ts(107,9): error TS2304: Cannot find name 'playerNews'.
src/core/UnifiedDataEngine.ts(118,9): error TS2322: Type 'unknown' is not assignable to type 'string'.
src/core/UnifiedDataEngine.ts(121,9): error TS2322: Type 'unknown' is not assignable to type 'string'.
src/core/UnifiedDataEngine.ts(123,22): error TS2304: Cannot find name 'playerProjections'.
src/core/UnifiedDataEngine.ts(125,15): error TS2304: Cannot find name 'playerNews'.
src/core/UnifiedErrorHandler.ts(37,37): error TS2339: Property 'code' does not exist on type 'SystemError'.
src/core/UnifiedErrorHandler.ts(38,11): error TS2353: Object literal may only specify known properties, and 'context' does not exist in type 'Error'.
src/core/UnifiedErrorHandler.ts(40,24): error TS2339: Property 'toJSON' does not exist on type 'SystemError'.
src/core/UnifiedErrorHandler.ts(44,11): error TS2353: Object literal may only specify known properties, and 'context' does not exist in type 'Error'.
src/core/UnifiedMonitor.ts(8,8): error TS2307: Cannot find module '@sentry/types' or its corresponding type declarations.
src/core/UnifiedPredictionEngineIntegrated.ts(170,11): error TS2353: Object literal may only specify known properties, and 'initialized' does not exist in type '{ predictions: number; accuracy: number; calibration: number; }'.
src/core/UnifiedPredictionEngineIntegrated.ts(301,18): error TS2339: Property 'isActive' does not exist on type 'PredictionState'.
src/core/UnifiedPredictionEngineIntegrated.ts(541,7): error TS2322: Type '"player_prop"' is not assignable to type '"OVER" | "UNDER"'.
src/core/UnifiedPredictionService.ts(2,32): error TS2307: Cannot find module './PrizePicksApiService' or its corresponding type declarations.
src/core/UnifiedRiskManager.ts(200,24): error TS2339: Property 'logError' does not exist on type 'UnifiedMonitor'.
src/core/UnifiedRiskManager.ts(208,24): error TS2339: Property 'logError' does not exist on type 'UnifiedMonitor'.
src/core/UnifiedRiskManager.ts(230,24): error TS2339: Property 'logError' does not exist on type 'UnifiedMonitor'.
src/core/UnifiedRiskManager.ts(238,24): error TS2339: Property 'logError' does not exist on type 'UnifiedMonitor'.
src/core/UnifiedRiskManager.ts(354,24): error TS2339: Property 'logError' does not exist on type 'UnifiedMonitor'.
src/core/UnifiedStrategyEngine.ts(12,3): error TS2440: Import declaration conflicts with local declaration of 'StrategyRecommendation'.
src/core/UnifiedStrategyEngine.ts(131,32): error TS2304: Cannot find name 'UnifiedDataEngine'.
src/core/UnifiedStrategyEngine.ts(134,29): error TS2304: Cannot find name 'UnifiedMonitor'.
src/core/UnifiedStrategyEngine.ts(155,30): error TS2673: Constructor of class 'UnifiedPredictionService' is private and only accessible within the class declaration.
src/core/UnifiedStrategyEngine.ts(348,68): error TS2339: Property 'success' does not exist on type 'StrategyRecommendation'.
src/core/UnifiedStrategyEngine.ts(385,64): error TS2339: Property 'expectedValue' does not exist on type '{ weight: number; id: string; type?: "OVER" | "UNDER"; confidence: number; timestamp: number; parameters?: { stake: number; expectedValue: number; }; status?: "pending" | "active" | "closed"; lastUpdate?: number; ... 7 more ...; metadata?: { ...; }; }'.
src/core/UnifiedStrategyEngine.ts(387,7): error TS2740: Type 'RiskAssessment' is missing the following properties from type 'RiskAssessment': id, riskLevel, maxExposure, confidenceScore, and 2 more.
src/core/UnifiedStrategyEngine.ts(388,9): error TS2345: Argument of type 'import("C:/Users/bcmad/Downloads/A1Betting-master (7)/A1Betting-master/frontend/src/types/core").RiskAssessment[]' is not assignable to parameter of type 'import("C:/Users/bcmad/Downloads/A1Betting-master (7)/A1Betting-master/frontend/src/core/UnifiedStrategyEngine").RiskAssessment[]'.
  Type 'RiskAssessment' is missing the following properties from type 'RiskAssessment': riskScore, factors
src/core/UnifiedStrategyEngine.ts(427,39): error TS2345: Argument of type '(context: StrategyContext) => Promise<{ strategyId: string; type: "OVER" | "UNDER"; confidence: number; expectedValue: number; riskAssessment: { riskScore: number; factors: string[]; timestamp: number; }; timestamp: number; success: boolean; }>' is not assignable to parameter of type '(context: StrategyContext) => Promise<StrategyRecommendation>'.
  Type 'Promise<{ strategyId: string; type: "OVER" | "UNDER"; confidence: number; expectedValue: number; riskAssessment: { riskScore: number; factors: string[]; timestamp: number; }; timestamp: number; success: boolean; }>' is not assignable to type 'Promise<StrategyRecommendation>'.
    Property 'id' is missing in type '{ strategyId: string; type: "OVER" | "UNDER"; confidence: number; expectedValue: number; riskAssessment: { riskScore: number; factors: string[]; timestamp: number; }; timestamp: number; success: boolean; }' but required in type 'StrategyRecommendation'.
src/core/UnifiedStrategyEngine.ts(444,36): error TS2345: Argument of type '(context: StrategyContext) => Promise<{ strategyId: string; type: "OVER" | "UNDER"; confidence: number; expectedValue: number; riskAssessment: { riskScore: number; factors: string[]; timestamp: number; }; timestamp: number; success: boolean; }>' is not assignable to parameter of type '(context: StrategyContext) => Promise<StrategyRecommendation>'.
  Type 'Promise<{ strategyId: string; type: "OVER" | "UNDER"; confidence: number; expectedValue: number; riskAssessment: { riskScore: number; factors: string[]; timestamp: number; }; timestamp: number; success: boolean; }>' is not assignable to type 'Promise<StrategyRecommendation>'.
    Property 'id' is missing in type '{ strategyId: string; type: "OVER" | "UNDER"; confidence: number; expectedValue: number; riskAssessment: { riskScore: number; factors: string[]; timestamp: number; }; timestamp: number; success: boolean; }' but required in type 'StrategyRecommendation'.
src/core/UnifiedStrategyEngine.ts(501,5): error TS2739: Type 'RiskAssessment' is missing the following properties from type 'RiskAssessment': riskScore, factors
src/core/UnifiedStrategyEngine.ts(524,37): error TS2339: Property 'payout' does not exist on type 'BetRecord'.
src/core/UnifiedStrategyEngine.ts(547,43): error TS2304: Cannot find name 'DataPoint'.
src/core/UnifiedStrategyEngine.ts(573,34): error TS2304: Cannot find name 'DataPoint'.
src/core/UnifiedStrategyEngine.ts(573,60): error TS2304: Cannot find name 'DataPoint'.
src/core/UnifiedStrategyEngine.ts(574,41): error TS2304: Cannot find name 'DataPoint'.
src/core/UnifiedStrategyEngine.ts(589,41): error TS2304: Cannot find name 'DataPoint'.
src/core/UnifiedStrategyEngine.ts(590,53): error TS2339: Property 'analyzeProp' does not exist on type 'UnifiedPredictionService'.
src/core/UnifiedStrategyEngine.ts(606,7): error TS2322: Type '"prop"' is not assignable to type '"OVER" | "UNDER"'.
src/core/UnifiedStrategyEngine.ts(622,51): error TS2304: Cannot find name 'DataPoint'.
src/core/UnifiedStrategyEngine.ts(641,38): error TS2304: Cannot find name 'DataPoint'.
src/core/UnifiedStrategyEngine.ts(644,32): error TS2339: Property 'analyzeProp' does not exist on type 'UnifiedPredictionService'.
src/core/UnifiedStrategyEngine.ts(668,7): error TS2322: Type '"parlay"' is not assignable to type '"OVER" | "UNDER"'.
src/core/UnifiedStrategyEngine.ts(730,64): error TS2365: Operator '+' cannot be applied to types 'number' and 'unknown'.
src/core/UnifiedStrategyEngine.ts(738,7): error TS2353: Object literal may only specify known properties, and 'currentExposure' does not exist in type 'RiskAssessment'.
src/core/UnifiedStrategyEngine.ts(746,53): error TS2365: Operator '+' cannot be applied to types 'number' and 'unknown'.
src/core/UnifiedStrategyEngine.ts(765,26): error TS2488: Type 'unknown' must have a '[Symbol.iterator]()' method that returns an iterator.
src/core/UnifiedStrategyEngine.ts(767,39): error TS2365: Operator '+' cannot be applied to types 'number' and 'unknown'.
src/core/UnifiedStrategyEngine.ts(801,38): error TS2339: Property 'map' does not exist on type 'unknown'.
src/core/UnifiedStrategyEngine.ts(802,38): error TS2339: Property 'map' does not exist on type 'unknown'.
src/core/UnifiedStrategyEngine.ts(808,41): error TS2339: Property 'map' does not exist on type 'unknown'.
src/core/UnifiedStrategyEngine.ts(809,41): error TS2339: Property 'map' does not exist on type 'unknown'.
src/core/UnifiedStrategyEngine.ts(822,24): error TS2339: Property 'timestamp' does not exist on type '{ playerId: string; metric: string; value: number; volume?: number; movement?: "stable" | "up" | "down"; }'.
src/core/UnifiedStrategyEngine.ts(831,16): error TS2339: Property 'propId' does not exist on type 'StrategyRecommendation'.
src/core/UnifiedStrategyEngine.ts(833,16): error TS2339: Property 'expectedValue' does not exist on type 'StrategyRecommendation'.
src/core/UnifiedStrategyEngine.ts(834,23): error TS2339: Property 'analysis' does not exist on type 'StrategyRecommendation'.
src/core/UnifiedStrategyEngine.ts(835,23): error TS2339: Property 'analysis' does not exist on type 'StrategyRecommendation'.
src/core/UnifiedStrategyEngine.ts(836,23): error TS2339: Property 'analysis' does not exist on type 'StrategyRecommendation'.
src/core/websocket/handlers/PredictionHandler.ts(36,54): error TS2554: Expected 2-3 arguments, but got 1.
src/core/websocket/handlers/PredictionHandler.ts(71,56): error TS2554: Expected 2-3 arguments, but got 1.
src/examples/predictionExample.ts(8,38): error TS2673: Constructor of class 'UserPersonalizationService' is private and only accessible within the class declaration.
src/hooks/UniversalHooks.ts(17,14): error TS2323: Cannot redeclare exported variable 'usePredictions'.
src/hooks/UniversalHooks.ts(52,14): error TS2323: Cannot redeclare exported variable 'useEngineMetrics'.
src/hooks/UniversalHooks.ts(81,14): error TS2323: Cannot redeclare exported variable 'useBettingOpportunities'.
src/hooks/UniversalHooks.ts(99,53): error TS2554: Expected 0 arguments, but got 2.
src/hooks/UniversalHooks.ts(116,14): error TS2323: Cannot redeclare exported variable 'useUserProfile'.
src/hooks/UniversalHooks.ts(152,14): error TS2323: Cannot redeclare exported variable 'useUniversalTheme'.
src/hooks/UniversalHooks.ts(173,14): error TS2323: Cannot redeclare exported variable 'useUniversalForm'.
src/hooks/UniversalHooks.ts(276,14): error TS2323: Cannot redeclare exported variable 'useModal'.
src/hooks/UniversalHooks.ts(294,14): error TS2323: Cannot redeclare exported variable 'useToast'.
src/hooks/UniversalHooks.ts(357,14): error TS2323: Cannot redeclare exported variable 'useDebounce'.
src/hooks/UniversalHooks.ts(376,14): error TS2323: Cannot redeclare exported variable 'useLocalStorage'.
src/hooks/UniversalHooks.ts(423,14): error TS2323: Cannot redeclare exported variable 'useWindowSize'.
src/hooks/UniversalHooks.ts(450,14): error TS2323: Cannot redeclare exported variable 'useMediaQuery'.
src/hooks/UniversalHooks.ts(472,14): error TS2323: Cannot redeclare exported variable 'useClickOutside'.
src/hooks/UniversalHooks.ts(492,14): error TS2323: Cannot redeclare exported variable 'useWebSocket'.
src/hooks/UniversalHooks.ts(566,14): error TS2323: Cannot redeclare exported variable 'useAnimation'.
src/hooks/UniversalHooks.ts(606,14): error TS2323: Cannot redeclare exported variable 'usePerformanceMonitor'.
src/hooks/UniversalHooks.ts(676,3): error TS2323: Cannot redeclare exported variable 'usePredictions'.
src/hooks/UniversalHooks.ts(676,3): error TS2484: Export declaration conflicts with exported declaration of 'usePredictions'.
src/hooks/UniversalHooks.ts(677,3): error TS2323: Cannot redeclare exported variable 'useEngineMetrics'.
src/hooks/UniversalHooks.ts(677,3): error TS2484: Export declaration conflicts with exported declaration of 'useEngineMetrics'.
src/hooks/UniversalHooks.ts(678,3): error TS2323: Cannot redeclare exported variable 'useBettingOpportunities'.
src/hooks/UniversalHooks.ts(678,3): error TS2484: Export declaration conflicts with exported declaration of 'useBettingOpportunities'.
src/hooks/UniversalHooks.ts(679,3): error TS2323: Cannot redeclare exported variable 'useUserProfile'.
src/hooks/UniversalHooks.ts(679,3): error TS2484: Export declaration conflicts with exported declaration of 'useUserProfile'.
src/hooks/UniversalHooks.ts(680,3): error TS2323: Cannot redeclare exported variable 'useUniversalTheme'.
src/hooks/UniversalHooks.ts(680,3): error TS2484: Export declaration conflicts with exported declaration of 'useUniversalTheme'.
src/hooks/UniversalHooks.ts(681,3): error TS2323: Cannot redeclare exported variable 'useUniversalForm'.
src/hooks/UniversalHooks.ts(681,3): error TS2484: Export declaration conflicts with exported declaration of 'useUniversalForm'.
src/hooks/UniversalHooks.ts(682,3): error TS2323: Cannot redeclare exported variable 'useModal'.
src/hooks/UniversalHooks.ts(682,3): error TS2484: Export declaration conflicts with exported declaration of 'useModal'.
src/hooks/UniversalHooks.ts(683,3): error TS2323: Cannot redeclare exported variable 'useToast'.
src/hooks/UniversalHooks.ts(683,3): error TS2484: Export declaration conflicts with exported declaration of 'useToast'.
src/hooks/UniversalHooks.ts(684,3): error TS2323: Cannot redeclare exported variable 'useDebounce'.
src/hooks/UniversalHooks.ts(684,3): error TS2484: Export declaration conflicts with exported declaration of 'useDebounce'.
src/hooks/UniversalHooks.ts(685,3): error TS2323: Cannot redeclare exported variable 'useLocalStorage'.
src/hooks/UniversalHooks.ts(685,3): error TS2484: Export declaration conflicts with exported declaration of 'useLocalStorage'.
src/hooks/UniversalHooks.ts(686,3): error TS2323: Cannot redeclare exported variable 'useWindowSize'.
src/hooks/UniversalHooks.ts(686,3): error TS2484: Export declaration conflicts with exported declaration of 'useWindowSize'.
src/hooks/UniversalHooks.ts(687,3): error TS2323: Cannot redeclare exported variable 'useMediaQuery'.
src/hooks/UniversalHooks.ts(687,3): error TS2484: Export declaration conflicts with exported declaration of 'useMediaQuery'.
src/hooks/UniversalHooks.ts(688,3): error TS2323: Cannot redeclare exported variable 'useClickOutside'.
src/hooks/UniversalHooks.ts(688,3): error TS2484: Export declaration conflicts with exported declaration of 'useClickOutside'.
src/hooks/UniversalHooks.ts(689,3): error TS2323: Cannot redeclare exported variable 'useWebSocket'.
src/hooks/UniversalHooks.ts(689,3): error TS2484: Export declaration conflicts with exported declaration of 'useWebSocket'.
src/hooks/UniversalHooks.ts(690,3): error TS2323: Cannot redeclare exported variable 'useAnimation'.
src/hooks/UniversalHooks.ts(690,3): error TS2484: Export declaration conflicts with exported declaration of 'useAnimation'.
src/hooks/UniversalHooks.ts(691,3): error TS2323: Cannot redeclare exported variable 'usePerformanceMonitor'.
src/hooks/UniversalHooks.ts(691,3): error TS2484: Export declaration conflicts with exported declaration of 'usePerformanceMonitor'.
src/hooks/useAnalytics.ts(57,5): error TS2322: Type 'RiskProfile | { riskLevel: "medium"; recommendation: string; factors: undefined[]; timestamp: string; }' is not assignable to type 'RiskProfile'.
  Property 'severity' is missing in type '{ riskLevel: "medium"; recommendation: string; factors: undefined[]; timestamp: string; }' but required in type 'RiskProfile'.
src/hooks/useAnimation.ts(1,10): error TS2724: '"framer-motion"' has no exported member named 'AnimationControls'. Did you mean 'animationControls'?
src/hooks/useApi.ts(1,17): error TS2305: Module '"axios"' has no exported member 'AxiosRequestConfig'.
src/hooks/useApi.ts(1,37): error TS2305: Module '"axios"' has no exported member 'AxiosError'.
src/hooks/useApi.ts(31,15): error TS2345: Argument of type 'unknown' is not assignable to parameter of type 'SetStateAction<T>'.
src/hooks/useAuth.ts(37,18): error TS2345: Argument of type '(prev: AuthState) => { user: unknown; loading: false; token: string; error: string; }' is not assignable to parameter of type 'SetStateAction<AuthState>'.
  Type '(prev: AuthState) => { user: unknown; loading: false; token: string; error: string; }' is not assignable to type '(prevState: AuthState) => AuthState'.
    Call signature return types '{ user: unknown; loading: false; token: string; error: string; }' and 'AuthState' are incompatible.
      The types of 'user' are incompatible between these types.
        Type '{}' is missing the following properties from type 'User': id, username, email
src/hooks/useAuth.ts(64,15): error TS2339: Property 'token' does not exist on type '{}'.
src/hooks/useAuth.ts(64,22): error TS2339: Property 'user' does not exist on type '{}'.
src/hooks/useBetting.ts(57,18): error TS2339: Property 'limit' does not exist on type '{ sport?: string; minEdge?: number; bookmaker?: string; }'.
src/hooks/useBetting.ts(60,28): error TS2339: Property 'map' does not exist on type '{ opportunities: BettingOpportunity[]; summary: { total: number; avgValue: number; topSports: string[]; }; }'.
src/hooks/useBettingCore.ts(3,10): error TS2305: Module '"@/types"' has no exported member 'BettingContext'.
src/hooks/useBettingCore.ts(3,26): error TS2305: Module '"@/types"' has no exported member 'BettingDecision'.
src/hooks/useBettingCore.ts(3,43): error TS2305: Module '"@/types"' has no exported member 'PerformanceMetrics'.
src/hooks/useBettingData.ts(36,20): error TS2686: 'React' refers to a UMD global, but the current file is a module. Consider adding an import instead.
src/hooks/useBettingData.ts(43,16): error TS2352: Conversion of type 'Player[]' to type 'PlayerProp[]' may be a mistake because neither type sufficiently overlaps with the other. If this was intentional, convert the expression to 'unknown' first.
  Type 'Player' is missing the following properties from type 'PlayerProp': player, type, line, odds, and 2 more.
src/hooks/useBettingData.ts(80,29): error TS2339: Property 'sport' does not exist on type 'OddsUpdate'.
src/hooks/useBettingData.ts(81,32): error TS2339: Property 'propType' does not exist on type 'OddsUpdate'.
src/hooks/useBettingData.ts(90,49): error TS2339: Property 'propName' does not exist on type 'OddsUpdate'.
src/hooks/useBettingData.ts(103,62): error TS2339: Property 'description' does not exist on type 'Opportunity'.
src/hooks/useBettingData.ts(144,5): error TS18004: No value exists in scope for the shorthand property 'isConnected'. Either declare one or provide an initializer.
src/hooks/useBettingSettings.ts(3,15): error TS2614: Module '"../services/bettingService"' has no exported member 'BettingSettings'. Did you mean to use 'import BettingSettings from "../services/bettingService"' instead?
src/hooks/useBettingSettings.ts(6,11): error TS2339: Property 'settings' does not exist on type 'BettingState'.
src/hooks/useBettingSettings.ts(6,21): error TS2339: Property 'isLoading' does not exist on type 'BettingState'.
src/hooks/useBettingSettings.ts(6,32): error TS2339: Property 'error' does not exist on type 'BettingState'.
src/hooks/useBettingSettings.ts(6,39): error TS2339: Property 'fetchSettings' does not exist on type 'BettingState'.
src/hooks/useBettingSettings.ts(6,54): error TS2339: Property 'updateSettings' does not exist on type 'BettingState'.
src/hooks/useBettingSettings.ts(6,70): error TS2339: Property 'setError' does not exist on type 'BettingState'.
src/hooks/useBettingStateMachine.ts(2,10): error TS2305: Module '"@/types"' has no exported member 'BettingDecision'.
src/hooks/useBettingStateMachine.ts(2,27): error TS2305: Module '"@/types"' has no exported member 'PlayerProp'.
src/hooks/useBettingStateMachine.ts(45,35): error TS2558: Expected 2 type arguments, but got 3.
src/hooks/useBettingStateMachine.ts(60,19): error TS2339: Property 'selectedProps' does not exist on type 'unknown'.
src/hooks/useBettingStateMachine.ts(61,19): error TS2339: Property 'analysis' does not exist on type 'unknown'.
src/hooks/useBettingStateMachine.ts(62,19): error TS2339: Property 'stake' does not exist on type 'unknown'.
src/hooks/useBettingStateMachine.ts(63,19): error TS2339: Property 'error' does not exist on type 'unknown'.
src/hooks/useBettingStateMachine.ts(70,41): error TS2339: Property 'selectedProps' does not exist on type 'unknown'.
src/hooks/useBettingStateMachine.ts(84,21): error TS2339: Property 'error' does not exist on type 'unknown'.
src/hooks/useBettingStateMachine.ts(86,21): error TS2339: Property 'error' does not exist on type 'unknown'.
src/hooks/useBettingStateMachine.ts(95,41): error TS2339: Property 'analysis' does not exist on type 'unknown'.
src/hooks/useBettingStateMachine.ts(95,70): error TS2339: Property 'stake' does not exist on type 'unknown'.
src/hooks/useBettingStateMachine.ts(114,30): error TS2345: Argument of type 'unknown' is not assignable to parameter of type 'BettingContext'.
  Type '{}' is missing the following properties from type 'BettingContext': selectedProps, analysis, stake, error
src/hooks/useBettingStateMachine.ts(123,21): error TS2339: Property 'error' does not exist on type 'unknown'.
src/hooks/useBettingStateMachine.ts(152,21): error TS2339: Property 'selectedProps' does not exist on type 'unknown'.
src/hooks/useBettingStateMachine.ts(157,21): error TS2339: Property 'stake' does not exist on type 'unknown'.
src/hooks/useBettingStateMachine.ts(161,21): error TS2339: Property 'analysis' does not exist on type 'unknown'.
src/hooks/useDarkMode.ts(7,48): error TS2551: Property 'isDarkMode' does not exist on type 'AppState'. Did you mean 'darkMode'?
src/hooks/useDataFetching.ts(4,40): error TS2307: Cannot find module '../components/Toaster' or its corresponding type declarations.
src/hooks/useDataFetching.ts(5,10): error TS2305: Module '"@/types"' has no exported member 'Bet'.
src/hooks/useDataFetching.ts(5,15): error TS2305: Module '"@/types"' has no exported member 'Prop'.
src/hooks/useDataFetching.ts(5,21): error TS2305: Module '"@/types"' has no exported member 'UserStats'.
src/hooks/useDataFetching.ts(5,32): error TS2305: Module '"@/types"' has no exported member 'PerformanceData'.
src/hooks/useDataFetching.ts(5,49): error TS2305: Module '"@/types"' has no exported member 'Headline'.
src/hooks/useDataFetching.ts(15,34): error TS2339: Property 'getProps' does not exist on type 'typeof ApiService'.
src/hooks/useDataFetching.ts(19,5): error TS2769: No overload matches this call.
  Overload 1 of 3, '(options: DefinedInitialDataOptions<unknown, Error, unknown, string[]>, queryClient?: QueryClient): DefinedUseQueryResult<unknown, Error>', gave the following error.
    Object literal may only specify known properties, and 'onError' does not exist in type 'DefinedInitialDataOptions<unknown, Error, unknown, string[]>'.
  Overload 2 of 3, '(options: UndefinedInitialDataOptions<any, Error, any, string[]>, queryClient?: QueryClient): UseQueryResult<any, Error>', gave the following error.
    Object literal may only specify known properties, and 'onError' does not exist in type 'UndefinedInitialDataOptions<any, Error, any, string[]>'.
  Overload 3 of 3, '(options: UseQueryOptions<any, Error, any, string[]>, queryClient?: QueryClient): UseQueryResult<any, Error>', gave the following error.
    Object literal may only specify known properties, and 'onError' does not exist in type 'UseQueryOptions<any, Error, any, string[]>'.
src/hooks/useDataFetching.ts(29,34): error TS2339: Property 'getUserStats' does not exist on type 'typeof ApiService'.
src/hooks/useDataFetching.ts(33,5): error TS2769: No overload matches this call.
  Overload 1 of 3, '(options: DefinedInitialDataOptions<unknown, Error, unknown, string[]>, queryClient?: QueryClient): DefinedUseQueryResult<unknown, Error>', gave the following error.
    Object literal may only specify known properties, and 'onError' does not exist in type 'DefinedInitialDataOptions<unknown, Error, unknown, string[]>'.
  Overload 2 of 3, '(options: UndefinedInitialDataOptions<any, Error, any, string[]>, queryClient?: QueryClient): UseQueryResult<any, Error>', gave the following error.
    Object literal may only specify known properties, and 'onError' does not exist in type 'UndefinedInitialDataOptions<any, Error, any, string[]>'.
  Overload 3 of 3, '(options: UseQueryOptions<any, Error, any, string[]>, queryClient?: QueryClient): UseQueryResult<any, Error>', gave the following error.
    Object literal may only specify known properties, and 'onError' does not exist in type 'UseQueryOptions<any, Error, any, string[]>'.
src/hooks/useDataFetching.ts(43,34): error TS2339: Property 'getPerformance' does not exist on type 'typeof ApiService'.
src/hooks/useDataFetching.ts(47,5): error TS2769: No overload matches this call.
  Overload 1 of 3, '(options: DefinedInitialDataOptions<unknown, Error, unknown, string[]>, queryClient?: QueryClient): DefinedUseQueryResult<unknown, Error>', gave the following error.
    Object literal may only specify known properties, and 'onError' does not exist in type 'DefinedInitialDataOptions<unknown, Error, unknown, string[]>'.
  Overload 2 of 3, '(options: UndefinedInitialDataOptions<any, Error, any, string[]>, queryClient?: QueryClient): UseQueryResult<any, Error>', gave the following error.
    Object literal may only specify known properties, and 'onError' does not exist in type 'UndefinedInitialDataOptions<any, Error, any, string[]>'.
  Overload 3 of 3, '(options: UseQueryOptions<any, Error, any, string[]>, queryClient?: QueryClient): UseQueryResult<any, Error>', gave the following error.
    Object literal may only specify known properties, and 'onError' does not exist in type 'UseQueryOptions<any, Error, any, string[]>'.
src/hooks/useDataFetching.ts(57,34): error TS2339: Property 'getHeadlines' does not exist on type 'typeof ApiService'.
src/hooks/useDataFetching.ts(61,5): error TS2769: No overload matches this call.
  Overload 1 of 3, '(options: DefinedInitialDataOptions<unknown, Error, unknown, string[]>, queryClient?: QueryClient): DefinedUseQueryResult<unknown, Error>', gave the following error.
    Object literal may only specify known properties, and 'onError' does not exist in type 'DefinedInitialDataOptions<unknown, Error, unknown, string[]>'.
  Overload 2 of 3, '(options: UndefinedInitialDataOptions<any, Error, any, string[]>, queryClient?: QueryClient): UseQueryResult<any, Error>', gave the following error.
    Object literal may only specify known properties, and 'onError' does not exist in type 'UndefinedInitialDataOptions<any, Error, any, string[]>'.
  Overload 3 of 3, '(options: UseQueryOptions<any, Error, any, string[]>, queryClient?: QueryClient): UseQueryResult<any, Error>', gave the following error.
    Object literal may only specify known properties, and 'onError' does not exist in type 'UseQueryOptions<any, Error, any, string[]>'.
src/hooks/useDataFetching.ts(70,43): error TS2345: Argument of type 'Omit<Bet, "id" | "createdAt" | "updatedAt">' is not assignable to parameter of type '{ event: string; outcome: string; bookmaker: string; odds: number; stake: number; }'.
  Type 'Omit<Bet, "id" | "createdAt" | "updatedAt">' is missing the following properties from type '{ event: string; outcome: string; bookmaker: string; odds: number; stake: number; }': event, outcome, bookmaker, odds, stake
src/hooks/useEnhancedBettingEngine.ts(2,10): error TS2305: Module '"../types"' has no exported member 'BettingOpportunity'.
src/hooks/useEnhancedBettingEngine.ts(2,30): error TS2305: Module '"../types"' has no exported member 'UltimateAIConfig'.
src/hooks/useEnhancedBettingEngine.ts(6,3): error TS2440: Import declaration conflicts with local declaration of 'advancedAnalytics'.
src/hooks/useEnhancedBettingEngine.ts(7,3): error TS2440: Import declaration conflicts with local declaration of 'AdvancedMetrics'.
src/hooks/useEnhancedBettingEngine.ts(9,10): error TS2440: Import declaration conflicts with local declaration of 'realTimeDataAggregator'.
src/hooks/useEnhancedBettingEngine.ts(196,11): error TS2322: Type '{ expectedValue: number; kellyOptimal: number; sharpeRatio: number; confidenceInterval: number[]; riskAdjustedReturn: number; marketEfficiency: number; valueScore: number; consistencyRating: number; }' is not assignable to type 'AdvancedMetrics'.
  Types of property 'confidenceInterval' are incompatible.
    Type 'number[]' is not assignable to type '[number, number]'.
      Target requires 2 element(s) but source may have fewer.
src/hooks/useEnhancedBettingEngine.ts(207,11): error TS2322: Type 'number[]' is not assignable to type '[number, number]'.
  Target requires 2 element(s) but source may have fewer.
src/hooks/useEnhancedBettingEngine.ts(484,5): error TS2353: Object literal may only specify known properties, and 'id' does not exist in type 'EnhancedBettingOpportunity'.
src/hooks/useEnhancedBettingEngine.ts(541,5): error TS2353: Object literal may only specify known properties, and 'id' does not exist in type 'EnhancedBettingOpportunity'.
src/hooks/useEnhancedBettingEngine.ts(608,24): error TS2339: Property 'expectedValue' does not exist on type 'EnhancedBettingOpportunity'.
src/hooks/useEnhancedBettingEngine.ts(611,24): error TS2339: Property 'confidence' does not exist on type 'EnhancedBettingOpportunity'.
src/hooks/useEnhancedBettingEngine.ts(635,26): error TS2339: Property 'expectedValue' does not exist on type 'EnhancedBettingOpportunity'.
src/hooks/useEnhancedBettingEngine.ts(678,12): error TS2339: Property 'game' does not exist on type 'EnhancedBettingOpportunity'.
src/hooks/useEnhancedBettingEngine.ts(678,26): error TS2339: Property 'game' does not exist on type 'EnhancedBettingOpportunity'.
src/hooks/useEnhancedBettingEngine.ts(679,12): error TS2339: Property 'pick' does not exist on type 'EnhancedBettingOpportunity'.
src/hooks/useEnhancedBettingEngine.ts(679,31): error TS2339: Property 'pick' does not exist on type 'EnhancedBettingOpportunity'.
src/hooks/useEnhancedBettingEngine.ts(688,50): error TS2339: Property 'expectedValue' does not exist on type 'EnhancedBettingOpportunity'.
src/hooks/useEnhancedBettingEngine.ts(691,50): error TS2339: Property 'confidence' does not exist on type 'EnhancedBettingOpportunity'.
src/hooks/useEnhancedBettingEngine.ts(733,57): error TS2339: Property 'game' does not exist on type 'EnhancedBettingOpportunity'.
src/hooks/useEnhancedBettingEngine.ts(734,60): error TS2339: Property 'platform' does not exist on type 'EnhancedBettingOpportunity'.
src/hooks/useEnhancedBettingEngine.ts(737,11): error TS2339: Property 'pick' does not exist on type 'EnhancedBettingOpportunity'.
src/hooks/useEnhancedBettingEngine.ts(737,40): error TS2339: Property 'pick' does not exist on type 'EnhancedBettingOpportunity'.
src/hooks/useFilteredPredictions.ts(5,10): error TS2305: Module '"@/types"' has no exported member 'Sport'.
src/hooks/useFilteredPredictions.ts(5,17): error TS2305: Module '"@/types"' has no exported member 'PropType'.
src/hooks/useFilteredPredictions.ts(10,11): error TS2339: Property 'predictions' does not exist on type 'BettingStats'.
src/hooks/useFilteredPredictions.ts(10,24): error TS2339: Property 'isLoading' does not exist on type 'BettingStats'.
src/hooks/useFilteredPredictions.ts(10,35): error TS2339: Property 'error' does not exist on type 'BettingStats'.
src/hooks/useInitializeApp.ts(28,20): error TS2339: Property 'publish' does not exist on type 'EventBus'.
src/hooks/useLiveOdds.ts(2,10): error TS2305: Module '"@/types"' has no exported member 'OddsUpdate'.
src/hooks/useLiveOdds.ts(2,22): error TS2305: Module '"@/types"' has no exported member 'PlayerProp'.
src/hooks/useLiveOdds.ts(2,34): error TS2305: Module '"@/types"' has no exported member 'Sport'.
src/hooks/useLiveOdds.ts(2,41): error TS2305: Module '"@/types"' has no exported member 'PropType'.
src/hooks/useLiveOdds.ts(23,11): error TS2339: Property 'send' does not exist on type '{ isConnected: boolean; isConnecting: boolean; error: string; connectionAttempts: number; lastMessage: WebSocketMessage; connect: () => void; disconnect: () => void; sendMessage: (message: any) => boolean; readyState: number; }'.
src/hooks/useLiveOdds.ts(23,46): error TS2345: Argument of type '{ url: string; onMessage: (message: any) => void; }' is not assignable to parameter of type 'string'.
src/hooks/useMetrics.tsx(3,10): error TS2305: Module '"../types"' has no exported member 'ModelPerformanceMetrics'.
src/hooks/usePredictions.ts(6,46): error TS2307: Cannot find module '../../shared/webSocket' or its corresponding type declarations.
src/hooks/usePredictions.ts(77,51): error TS2551: Property 'getPredictions' does not exist on type 'UnifiedPredictionService'. Did you mean 'getPrediction'?
src/hooks/usePredictions.ts(138,24): error TS2304: Cannot find name 'webSocketService'.
src/hooks/usePredictionService.ts(18,44): error TS2339: Property 'getCurrentVersion' does not exist on type 'ModelVersioning'.
src/hooks/usePredictionService.ts(21,21): error TS2345: Argument of type '"prediction:request"' is not assignable to parameter of type 'keyof EventMap'.
src/hooks/usePredictionService.ts(35,24): error TS2345: Argument of type '"prediction:response"' is not assignable to parameter of type 'keyof EventMap'.
src/hooks/usePredictionService.ts(39,21): error TS2345: Argument of type '"prediction:response"' is not assignable to parameter of type 'keyof EventMap'.
src/hooks/usePredictionService.ts(53,37): error TS2345: Argument of type '{ code: string; category: string; severity: string; component: string; retryable: boolean; recoveryStrategy: { type: string; maxRetries: number; timeout: number; }; }' is not assignable to parameter of type 'string'.
src/hooks/usePredictionService.ts(95,41): error TS2345: Argument of type '{ code: string; category: string; severity: string; component: string; retryable: boolean; }' is not assignable to parameter of type 'string'.
src/hooks/usePredictionService.ts(107,41): error TS2345: Argument of type '{ code: string; category: string; severity: string; component: string; retryable: boolean; }' is not assignable to parameter of type 'string'.
src/hooks/usePredictionService.ts(116,19): error TS2345: Argument of type '"prediction:update"' is not assignable to parameter of type 'keyof EventMap'.
src/hooks/usePredictionService.ts(117,19): error TS2345: Argument of type '"prediction:error"' is not assignable to parameter of type 'keyof EventMap'.
src/hooks/usePredictionService.ts(120,22): error TS2345: Argument of type '"prediction:update"' is not assignable to parameter of type 'keyof EventMap'.
src/hooks/usePredictionService.ts(121,22): error TS2345: Argument of type '"prediction:error"' is not assignable to parameter of type 'keyof EventMap'.
src/hooks/useProps.ts(3,27): error TS2459: Module '"@/types/core"' declares 'Sport' locally, but it is not exported.
src/hooks/useProps.ts(3,34): error TS2459: Module '"@/types/core"' declares 'PropType' locally, but it is not exported.
src/hooks/useProps.ts(37,16): error TS2352: Conversion of type 'Player[]' to type 'PlayerProp[]' may be a mistake because neither type sufficiently overlaps with the other. If this was intentional, convert the expression to 'unknown' first.
  Type 'Player' is missing the following properties from type 'PlayerProp': player, type, line, odds, and 2 more.
src/hooks/useProps.ts(52,7): error TS2554: Expected 2 arguments, but got 1.
src/hooks/useProps.ts(85,7): error TS2554: Expected 2 arguments, but got 1.
src/hooks/useRealtimePredictions.ts(3,10): error TS2305: Module '"./usePredictions"' has no exported member 'PREDICTIONS_QUERY_KEY'.
src/hooks/useRealtimePredictions.ts(72,9): error TS2353: Object literal may only specify known properties, and 'error' does not exist in type 'Partial<ConnectionState>'.
src/hooks/useRealtimePredictions.ts(104,21): error TS2560: Value of type '(prev: any) => { reconnectAttempts: any; }' has no properties in common with type 'Partial<ConnectionState>'. Did you mean to call it?
src/hooks/useRealtimePredictions.ts(112,9): error TS2349: This expression is not callable.
  Type '{}' has no call signatures.
src/hooks/useRealtimePredictions.ts(121,17): error TS2352: Conversion of type 'Event' to type 'Error' may be a mistake because neither type sufficiently overlaps with the other. If this was intentional, convert the expression to 'unknown' first.
  Type 'Event' is missing the following properties from type 'Error': name, message
src/hooks/useRealtimePredictions.ts(122,7): error TS2349: This expression is not callable.
  Type '{}' has no call signatures.
src/hooks/useRealtimePredictions.ts(158,9): error TS2349: This expression is not callable.
  Type '{}' has no call signatures.
src/hooks/useRiskProfile.ts(33,25): error TS2339: Property 'confidenceThreshold' does not exist on type 'RiskProfile'.
src/hooks/useRiskProfile.ts(103,17): error TS2345: Argument of type '"risk:profile:updated"' is not assignable to parameter of type 'keyof EventMap'.
src/hooks/useRiskProfile.ts(104,17): error TS2345: Argument of type '"risk:profile:activated"' is not assignable to parameter of type 'keyof EventMap'.
src/hooks/useRiskProfile.ts(107,20): error TS2345: Argument of type '"risk:profile:updated"' is not assignable to parameter of type 'keyof EventMap'.
src/hooks/useRiskProfile.ts(108,20): error TS2345: Argument of type '"risk:profile:activated"' is not assignable to parameter of type 'keyof EventMap'.
src/hooks/useSmartAlerts.ts(3,10): error TS2724: '"./useRealtimeData"' has no exported member named 'useRealtimeData'. Did you mean 'useRealTimeData'?
src/hooks/useStrategyEngineData.ts(21,16): error TS2341: Property 'eventBus' is private and only accessible within class 'UnifiedStrategyEngine'.
src/hooks/useStrategyEngineData.ts(23,20): error TS2341: Property 'eventBus' is private and only accessible within class 'UnifiedStrategyEngine'.
src/hooks/useUltimateSettings.ts(232,38): error TS2339: Property 'updateSettings' does not exist on type '{ settings: any; isLoading: any; error: any; fetchSettings: any; handleRiskProfileChange: (profile: BettingSettings) => void; handleStakeChange: (stake: number) => void; handleModelChange: (modelId: string) => void; handleConfidenceThresholdChange: (threshold: number) => void; resetSettings: () => Promise<...>; }'.
src/hooks/useUnifiedAnalytics.ts(135,5): error TS2769: No overload matches this call.
  Overload 1 of 3, '(options: DefinedInitialDataOptions<ModelPerformance[], AnalyticsError, ModelPerformance[], readonly unknown[]>, queryClient?: QueryClient): DefinedUseQueryResult<...>', gave the following error.
    Type '() => Promise<{ model: string; metrics: { accuracy: number; precision: number; recall: number; f1Score: number; confusionMatrix: number[][]; }; timestamp: string; }[]>' is not assignable to type 'QueryFunction<ModelPerformance[], readonly unknown[]>'.
      Type 'Promise<{ model: string; metrics: { accuracy: number; precision: number; recall: number; f1Score: number; confusionMatrix: number[][]; }; timestamp: string; }[]>' is not assignable to type 'ModelPerformance[] | Promise<ModelPerformance[]>'.
        Type 'Promise<{ model: string; metrics: { accuracy: number; precision: number; recall: number; f1Score: number; confusionMatrix: number[][]; }; timestamp: string; }[]>' is not assignable to type 'Promise<ModelPerformance[]>'.
          Type '{ model: string; metrics: { accuracy: number; precision: number; recall: number; f1Score: number; confusionMatrix: number[][]; }; timestamp: string; }[]' is not assignable to type 'ModelPerformance[]'.
            Type '{ model: string; metrics: { accuracy: number; precision: number; recall: number; f1Score: number; confusionMatrix: number[][]; }; timestamp: string; }' is not assignable to type 'ModelPerformance'.
              Types of property 'metrics' are incompatible.
                Type '{ accuracy: number; precision: number; recall: number; f1Score: number; confusionMatrix: number[][]; }' is missing the following properties from type 'PerformanceMetrics': f1, roc_auc, mae, rmse
  Overload 2 of 3, '(options: UndefinedInitialDataOptions<ModelPerformance[], AnalyticsError, ModelPerformance[], readonly unknown[]>, queryClient?: QueryClient): UseQueryResult<...>', gave the following error.
    Type '() => Promise<{ model: string; metrics: { accuracy: number; precision: number; recall: number; f1Score: number; confusionMatrix: number[][]; }; timestamp: string; }[]>' is not assignable to type 'unique symbol | QueryFunction<ModelPerformance[], readonly unknown[], never>'.
      Type '() => Promise<{ model: string; metrics: { accuracy: number; precision: number; recall: number; f1Score: number; confusionMatrix: number[][]; }; timestamp: string; }[]>' is not assignable to type 'QueryFunction<ModelPerformance[], readonly unknown[], never>'.
        Type 'Promise<{ model: string; metrics: { accuracy: number; precision: number; recall: number; f1Score: number; confusionMatrix: number[][]; }; timestamp: string; }[]>' is not assignable to type 'ModelPerformance[] | Promise<ModelPerformance[]>'.
          Type 'Promise<{ model: string; metrics: { accuracy: number; precision: number; recall: number; f1Score: number; confusionMatrix: number[][]; }; timestamp: string; }[]>' is not assignable to type 'Promise<ModelPerformance[]>'.
            Type '{ model: string; metrics: { accuracy: number; precision: number; recall: number; f1Score: number; confusionMatrix: number[][]; }; timestamp: string; }[]' is not assignable to type 'ModelPerformance[]'.
              Type '{ model: string; metrics: { accuracy: number; precision: number; recall: number; f1Score: number; confusionMatrix: number[][]; }; timestamp: string; }' is not assignable to type 'ModelPerformance'.
                Types of property 'metrics' are incompatible.
                  Type '{ accuracy: number; precision: number; recall: number; f1Score: number; confusionMatrix: number[][]; }' is missing the following properties from type 'PerformanceMetrics': f1, roc_auc, mae, rmse
  Overload 3 of 3, '(options: UseQueryOptions<ModelPerformance[], AnalyticsError, ModelPerformance[], readonly unknown[]>, queryClient?: QueryClient): UseQueryResult<...>', gave the following error.
    Type '() => Promise<{ model: string; metrics: { accuracy: number; precision: number; recall: number; f1Score: number; confusionMatrix: number[][]; }; timestamp: string; }[]>' is not assignable to type 'unique symbol | QueryFunction<ModelPerformance[], readonly unknown[], never>'.
      Type '() => Promise<{ model: string; metrics: { accuracy: number; precision: number; recall: number; f1Score: number; confusionMatrix: number[][]; }; timestamp: string; }[]>' is not assignable to type 'QueryFunction<ModelPerformance[], readonly unknown[], never>'.
        Type 'Promise<{ model: string; metrics: { accuracy: number; precision: number; recall: number; f1Score: number; confusionMatrix: number[][]; }; timestamp: string; }[]>' is not assignable to type 'ModelPerformance[] | Promise<ModelPerformance[]>'.
          Type 'Promise<{ model: string; metrics: { accuracy: number; precision: number; recall: number; f1Score: number; confusionMatrix: number[][]; }; timestamp: string; }[]>' is not assignable to type 'Promise<ModelPerformance[]>'.
            Type '{ model: string; metrics: { accuracy: number; precision: number; recall: number; f1Score: number; confusionMatrix: number[][]; }; timestamp: string; }[]' is not assignable to type 'ModelPerformance[]'.
              Type '{ model: string; metrics: { accuracy: number; precision: number; recall: number; f1Score: number; confusionMatrix: number[][]; }; timestamp: string; }' is not assignable to type 'ModelPerformance'.
                Types of property 'metrics' are incompatible.
                  Type '{ accuracy: number; precision: number; recall: number; f1Score: number; confusionMatrix: number[][]; }' is missing the following properties from type 'PerformanceMetrics': f1, roc_auc, mae, rmse
src/hooks/useUnifiedAnalytics.ts(184,5): error TS2769: No overload matches this call.
  Overload 1 of 3, '(options: DefinedInitialDataOptions<PerformanceMetrics, AnalyticsError, PerformanceMetrics, readonly unknown[]>, queryClient?: QueryClient): DefinedUseQueryResult<...>', gave the following error.
    Type '() => Promise<PerformanceMetrics>' is not assignable to type 'QueryFunction<PerformanceMetrics, readonly unknown[]>'.
      Type 'Promise<PerformanceMetrics>' is not assignable to type 'PerformanceMetrics | Promise<PerformanceMetrics>'.
        Type 'Promise<import("C:/Users/bcmad/Downloads/A1Betting-master (7)/A1Betting-master/frontend/src/types/analytics").PerformanceMetrics>' is not assignable to type 'Promise<import("C:/Users/bcmad/Downloads/A1Betting-master (7)/A1Betting-master/frontend/src/hooks/useUnifiedAnalytics").PerformanceMetrics>'.
          Type 'PerformanceMetrics' is missing the following properties from type 'PerformanceMetrics': f1, roc_auc, mae, rmse
  Overload 2 of 3, '(options: UndefinedInitialDataOptions<PerformanceMetrics, AnalyticsError, PerformanceMetrics, readonly unknown[]>, queryClient?: QueryClient): UseQueryResult<...>', gave the following error.
    Type '() => Promise<PerformanceMetrics>' is not assignable to type 'unique symbol | QueryFunction<PerformanceMetrics, readonly unknown[], never>'.
      Type '() => Promise<PerformanceMetrics>' is not assignable to type 'QueryFunction<PerformanceMetrics, readonly unknown[], never>'.
        Type 'Promise<PerformanceMetrics>' is not assignable to type 'PerformanceMetrics | Promise<PerformanceMetrics>'.
          Type 'Promise<import("C:/Users/bcmad/Downloads/A1Betting-master (7)/A1Betting-master/frontend/src/types/analytics").PerformanceMetrics>' is not assignable to type 'Promise<import("C:/Users/bcmad/Downloads/A1Betting-master (7)/A1Betting-master/frontend/src/hooks/useUnifiedAnalytics").PerformanceMetrics>'.
            Type 'PerformanceMetrics' is missing the following properties from type 'PerformanceMetrics': f1, roc_auc, mae, rmse
  Overload 3 of 3, '(options: UseQueryOptions<PerformanceMetrics, AnalyticsError, PerformanceMetrics, readonly unknown[]>, queryClient?: QueryClient): UseQueryResult<...>', gave the following error.
    Type '() => Promise<PerformanceMetrics>' is not assignable to type 'unique symbol | QueryFunction<PerformanceMetrics, readonly unknown[], never>'.
      Type '() => Promise<PerformanceMetrics>' is not assignable to type 'QueryFunction<PerformanceMetrics, readonly unknown[], never>'.
        Type 'Promise<PerformanceMetrics>' is not assignable to type 'PerformanceMetrics | Promise<PerformanceMetrics>'.
          Type 'Promise<import("C:/Users/bcmad/Downloads/A1Betting-master (7)/A1Betting-master/frontend/src/types/analytics").PerformanceMetrics>' is not assignable to type 'Promise<import("C:/Users/bcmad/Downloads/A1Betting-master (7)/A1Betting-master/frontend/src/hooks/useUnifiedAnalytics").PerformanceMetrics>'.
            Type 'PerformanceMetrics' is missing the following properties from type 'PerformanceMetrics': f1, roc_auc, mae, rmse
src/hooks/useUnifiedAnalytics.ts(188,18): error TS2345: Argument of type '(prev: AnalyticsState) => { performance: { data: { model: string; metrics: PerformanceMetrics; timestamp: string; }[]; loading: false; error: any; }; ml: { data: MLAnalyticsResult; loading: boolean; error: string; }; drift: { ...; }; betting: { ...; }; realtime: { ...; }; }' is not assignable to parameter of type 'SetStateAction<AnalyticsState>'.
  Type '(prev: AnalyticsState) => { performance: { data: { model: string; metrics: PerformanceMetrics; timestamp: string; }[]; loading: false; error: any; }; ml: { data: MLAnalyticsResult; loading: boolean; error: string; }; drift: { ...; }; betting: { ...; }; realtime: { ...; }; }' is not assignable to type '(prevState: AnalyticsState) => AnalyticsState'.
    Call signature return types '{ performance: { data: { model: string; metrics: PerformanceMetrics; timestamp: string; }[]; loading: false; error: any; }; ml: { data: MLAnalyticsResult; loading: boolean; error: string; }; drift: { ...; }; betting: { ...; }; realtime: { ...; }; }' and 'AnalyticsState' are incompatible.
      The types of 'performance.data' are incompatible between these types.
        Type '{ model: string; metrics: PerformanceMetrics; timestamp: string; }[]' is not assignable to type 'ModelPerformance[]'.
          Type '{ model: string; metrics: PerformanceMetrics; timestamp: string; }' is not assignable to type 'ModelPerformance'.
            Types of property 'metrics' are incompatible.
              Type 'PerformanceMetrics' is missing the following properties from type 'PerformanceMetrics': f1, roc_auc, mae, rmse
src/hooks/useUnifiedBetting.ts(1,10): error TS2459: Module '"../core/UnifiedBettingSystem"' declares 'BettingContext' locally, but it is not exported.
src/hooks/useUnifiedBetting.ts(1,26): error TS2459: Module '"../core/UnifiedBettingSystem"' declares 'BettingDecision' locally, but it is not exported.
src/hooks/useWebSocket.ts(201,15): error TS2339: Property 'warning' does not exist on type '{ (message: Message, opts?: Partial<Pick<Toast, "style" | "className" | "id" | "position" | "icon" | "duration" | "ariaProps" | "iconTheme" | "removeDelay">>): string; ... 6 more ...; promise<T>(promise: Promise<...> | (() => Promise<...>), msgs: { ...; }, opts?: DefaultToastOptions): Promise<...>; }'.
src/interfaces/SimpleUserInterface/index.tsx(10,37): error TS2307: Cannot find module '../AdminDeveloperInterface' or its corresponding type declarations.
src/interfaces/SimpleUserInterface/MainDashboard.tsx(14,5): error TS2724: '"@mui/material"' has no exported member named 'Grid2'. Did you mean 'Grid'?
src/middleware/auth.ts(2,17): error TS2307: Cannot find module 'jsonwebtoken' or its corresponding type declarations.
src/middleware/auth.ts(3,27): error TS2307: Cannot find module 'express-rate-limit' or its corresponding type declarations.
src/middleware/auth.ts(4,10): error TS2305: Module '"@/types"' has no exported member 'User'.
src/middleware/auth.ts(29,9): error TS2339: Property 'user' does not exist on type 'Request<ParamsDictionary, any, any, ParsedQs, Record<string, any>>'.
src/middleware/auth.ts(39,14): error TS2339: Property 'user' does not exist on type 'Request<ParamsDictionary, any, any, ParsedQs, Record<string, any>>'.
src/middleware/auth.ts(43,29): error TS2339: Property 'user' does not exist on type 'Request<ParamsDictionary, any, any, ParsedQs, Record<string, any>>'.
src/middleware/rateLimiter.ts(1,23): error TS2307: Cannot find module 'express-rate-limit' or its corresponding type declarations.
src/middleware/rateLimiter.ts(3,31): error TS2307: Cannot find module '../services/core/UnifiedLogger' or its corresponding type declarations.
src/middleware/security.ts(2,20): error TS2307: Cannot find module 'helmet' or its corresponding type declarations.
src/middleware/security.ts(3,31): error TS2307: Cannot find module '../services/core/UnifiedLogger' or its corresponding type declarations.
src/mocks/browser.ts(1,10): error TS2305: Module '"@/types"' has no exported member 'Player'.
src/mocks/browser.ts(1,18): error TS2305: Module '"@/types"' has no exported member 'Entry'.
src/mocks/browser.ts(1,25): error TS2305: Module '"@/types"' has no exported member 'Lineup'.
src/mocks/browser.ts(1,33): error TS2305: Module '"@/types"' has no exported member 'EntryStatus'.
src/mocks/browser.ts(1,46): error TS2305: Module '"@/types"' has no exported member 'LineupType'.
src/mocks/browser.ts(1,58): error TS2305: Module '"@/types"' has no exported member 'PropType'.
src/models/PvPMatchupModel.ts(3,34): error TS2460: Module '"../services/ml/models/BaseModel"' declares 'ModelMetrics' locally, but it is exported as 'ModelConfig'.
src/pages/Admin.tsx(5,46): error TS2307: Cannot find module '../unified/UnifiedError' or its corresponding type declarations.
src/pages/Analytics.tsx(69,37): error TS2339: Property 'getAnalyticsStats' does not exist on type 'AnalyticsService'.
src/pages/Analytics.tsx(78,37): error TS2339: Property 'getPerformanceData' does not exist on type 'AnalyticsService'.
src/pages/Analytics.tsx(87,37): error TS2339: Property 'getSportDistribution' does not exist on type 'AnalyticsService'.
src/pages/Analytics.tsx(115,12): error TS2769: No overload matches this call.
  Overload 1 of 2, '(props: { component: ElementType<any, keyof IntrinsicElements>; } & GridBaseProps & { sx?: SxProps<Theme>; } & SystemProps<Theme> & Omit<...>): Element', gave the following error.
    Property 'component' is missing in type '{ children: Element; item: true; xs: number; }' but required in type '{ component: ElementType<any, keyof IntrinsicElements>; }'.
  Overload 2 of 2, '(props: DefaultComponentProps<GridTypeMap<{}, "div">>): Element', gave the following error.
    Type '{ children: Element; item: true; xs: number; }' is not assignable to type 'IntrinsicAttributes & GridBaseProps & { sx?: SxProps<Theme>; } & SystemProps<Theme> & Omit<Omit<DetailedHTMLProps<HTMLAttributes<HTMLDivElement>, HTMLDivElement>, "ref"> & { ...; }, "sx" | ... 1 more ... | keyof GridBaseProps>'.
      Property 'item' does not exist on type 'IntrinsicAttributes & GridBaseProps & { sx?: SxProps<Theme>; } & SystemProps<Theme> & Omit<Omit<DetailedHTMLProps<HTMLAttributes<HTMLDivElement>, HTMLDivElement>, "ref"> & { ...; }, "sx" | ... 1 more ... | keyof GridBaseProps>'.
src/pages/Analytics.tsx(122,14): error TS2769: No overload matches this call.
  Overload 1 of 2, '(props: { component: ElementType<any, keyof IntrinsicElements>; } & GridBaseProps & { sx?: SxProps<Theme>; } & SystemProps<Theme> & Omit<...>): Element', gave the following error.
    Property 'component' is missing in type '{ children: Element; key: string; item: true; md: number; sm: number; xs: number; }' but required in type '{ component: ElementType<any, keyof IntrinsicElements>; }'.
  Overload 2 of 2, '(props: DefaultComponentProps<GridTypeMap<{}, "div">>): Element', gave the following error.
    Type '{ children: Element; key: string; item: true; md: number; sm: number; xs: number; }' is not assignable to type 'IntrinsicAttributes & GridBaseProps & { sx?: SxProps<Theme>; } & SystemProps<Theme> & Omit<Omit<DetailedHTMLProps<HTMLAttributes<HTMLDivElement>, HTMLDivElement>, "ref"> & { ...; }, "sx" | ... 1 more ... | keyof GridBaseProps>'.
      Property 'item' does not exist on type 'IntrinsicAttributes & GridBaseProps & { sx?: SxProps<Theme>; } & SystemProps<Theme> & Omit<Omit<DetailedHTMLProps<HTMLAttributes<HTMLDivElement>, HTMLDivElement>, "ref"> & { ...; }, "sx" | ... 1 more ... | keyof GridBaseProps>'.
src/pages/Analytics.tsx(151,10): error TS2769: No overload matches this call.
  Overload 1 of 2, '(props: { component: ElementType<any, keyof IntrinsicElements>; } & GridBaseProps & { sx?: SxProps<Theme>; } & SystemProps<Theme> & Omit<...>): Element', gave the following error.
    Property 'component' is missing in type '{ children: Element; item: true; xs: number; }' but required in type '{ component: ElementType<any, keyof IntrinsicElements>; }'.
  Overload 2 of 2, '(props: DefaultComponentProps<GridTypeMap<{}, "div">>): Element', gave the following error.
    Type '{ children: Element; item: true; xs: number; }' is not assignable to type 'IntrinsicAttributes & GridBaseProps & { sx?: SxProps<Theme>; } & SystemProps<Theme> & Omit<Omit<DetailedHTMLProps<HTMLAttributes<HTMLDivElement>, HTMLDivElement>, "ref"> & { ...; }, "sx" | ... 1 more ... | keyof GridBaseProps>'.
      Property 'item' does not exist on type 'IntrinsicAttributes & GridBaseProps & { sx?: SxProps<Theme>; } & SystemProps<Theme> & Omit<Omit<DetailedHTMLProps<HTMLAttributes<HTMLDivElement>, HTMLDivElement>, "ref"> & { ...; }, "sx" | ... 1 more ... | keyof GridBaseProps>'.
src/pages/Analytics.tsx(192,10): error TS2769: No overload matches this call.
  Overload 1 of 2, '(props: { component: ElementType<any, keyof IntrinsicElements>; } & GridBaseProps & { sx?: SxProps<Theme>; } & SystemProps<Theme> & Omit<...>): Element', gave the following error.
    Property 'component' is missing in type '{ children: Element; item: true; xs: number; }' but required in type '{ component: ElementType<any, keyof IntrinsicElements>; }'.
  Overload 2 of 2, '(props: DefaultComponentProps<GridTypeMap<{}, "div">>): Element', gave the following error.
    Type '{ children: Element; item: true; xs: number; }' is not assignable to type 'IntrinsicAttributes & GridBaseProps & { sx?: SxProps<Theme>; } & SystemProps<Theme> & Omit<Omit<DetailedHTMLProps<HTMLAttributes<HTMLDivElement>, HTMLDivElement>, "ref"> & { ...; }, "sx" | ... 1 more ... | keyof GridBaseProps>'.
      Property 'item' does not exist on type 'IntrinsicAttributes & GridBaseProps & { sx?: SxProps<Theme>; } & SystemProps<Theme> & Omit<Omit<DetailedHTMLProps<HTMLAttributes<HTMLDivElement>, HTMLDivElement>, "ref"> & { ...; }, "sx" | ... 1 more ... | keyof GridBaseProps>'.
src/pages/AnalyticsPage.tsx(4,40): error TS2307: Cannot find module '../components/analytics/PatternStrengthMetrics' or its corresponding type declarations.
src/pages/AnalyticsPage.tsx(25,6): error TS2559: Type '{ children: Element; }' has no properties in common with type 'IntrinsicAttributes'.
src/pages/auth/RegisterPage.tsx(47,9): error TS2353: Object literal may only specify known properties, and 'firstName' does not exist in type '{ username: string; email: string; password: string; }'.
src/pages/auth/RegisterPage.tsx(70,10): error TS2769: No overload matches this call.
  Overload 1 of 2, '(props: { component: ElementType<any, keyof IntrinsicElements>; } & GridBaseProps & { sx?: SxProps<Theme>; } & SystemProps<Theme> & Omit<...>): Element', gave the following error.
    Property 'component' is missing in type '{ children: Element; item: true; sm: number; xs: number; }' but required in type '{ component: ElementType<any, keyof IntrinsicElements>; }'.
  Overload 2 of 2, '(props: DefaultComponentProps<GridTypeMap<{}, "div">>): Element', gave the following error.
    Type '{ children: Element; item: true; sm: number; xs: number; }' is not assignable to type 'IntrinsicAttributes & GridBaseProps & { sx?: SxProps<Theme>; } & SystemProps<Theme> & Omit<Omit<DetailedHTMLProps<HTMLAttributes<HTMLDivElement>, HTMLDivElement>, "ref"> & { ...; }, "sx" | ... 1 more ... | keyof GridBaseProps>'.
      Property 'item' does not exist on type 'IntrinsicAttributes & GridBaseProps & { sx?: SxProps<Theme>; } & SystemProps<Theme> & Omit<Omit<DetailedHTMLProps<HTMLAttributes<HTMLDivElement>, HTMLDivElement>, "ref"> & { ...; }, "sx" | ... 1 more ... | keyof GridBaseProps>'.
src/pages/auth/RegisterPage.tsx(82,10): error TS2769: No overload matches this call.
  Overload 1 of 2, '(props: { component: ElementType<any, keyof IntrinsicElements>; } & GridBaseProps & { sx?: SxProps<Theme>; } & SystemProps<Theme> & Omit<...>): Element', gave the following error.
    Property 'component' is missing in type '{ children: Element; item: true; sm: number; xs: number; }' but required in type '{ component: ElementType<any, keyof IntrinsicElements>; }'.
  Overload 2 of 2, '(props: DefaultComponentProps<GridTypeMap<{}, "div">>): Element', gave the following error.
    Type '{ children: Element; item: true; sm: number; xs: number; }' is not assignable to type 'IntrinsicAttributes & GridBaseProps & { sx?: SxProps<Theme>; } & SystemProps<Theme> & Omit<Omit<DetailedHTMLProps<HTMLAttributes<HTMLDivElement>, HTMLDivElement>, "ref"> & { ...; }, "sx" | ... 1 more ... | keyof GridBaseProps>'.
      Property 'item' does not exist on type 'IntrinsicAttributes & GridBaseProps & { sx?: SxProps<Theme>; } & SystemProps<Theme> & Omit<Omit<DetailedHTMLProps<HTMLAttributes<HTMLDivElement>, HTMLDivElement>, "ref"> & { ...; }, "sx" | ... 1 more ... | keyof GridBaseProps>'.
src/pages/BetsPage.tsx(6,10): error TS2614: Module '"../components/betting/UnifiedBettingInterface"' has no exported member 'UnifiedBettingInterface'. Did you mean to use 'import UnifiedBettingInterface from "../components/betting/UnifiedBettingInterface"' instead?
src/pages/BetsPage.tsx(10,10): error TS2305: Module '"../components/common/ErrorBoundary"' has no exported member 'ErrorBoundary'.
src/pages/BetsPage.tsx(13,23): error TS2307: Cannot find module '../components/betting/BetsTable.tsx' or its corresponding type declarations.
src/pages/BetsPage.tsx(15,29): error TS2307: Cannot find module '../components/betting/BetHistoryChart.tsx' or its corresponding type declarations.
src/pages/BetsPage.tsx(56,100): error TS2741: Property 'name' is missing in type '{ message: string; }' but required in type 'Error'.
src/pages/BuilderTest.tsx(9,24): error TS2576: Property 'isEditing' does not exist on type 'Builder'. Did you mean to access the static member 'Builder.isEditing' instead?
src/pages/BuilderTest.tsx(37,12): error TS2339: Property 'BUILDER_DEBUG' does not exist on type 'Window & typeof globalThis'.
src/pages/BuilderTest.tsx(50,71): error TS2576: Property 'registry' does not exist on type 'Builder'. Did you mean to access the static member 'Builder.registry' instead?
src/pages/BuilderTest.tsx(51,24): error TS2576: Property 'registry' does not exist on type 'Builder'. Did you mean to access the static member 'Builder.registry' instead?
src/pages/BuilderTest.tsx(56,30): error TS2576: Property 'isEditing' does not exist on type 'Builder'. Did you mean to access the static member 'Builder.isEditing' instead?
src/pages/BuilderTest.tsx(57,43): error TS2576: Property 'registry' does not exist on type 'Builder'. Did you mean to access the static member 'Builder.registry' instead?
src/pages/BuilderTest.tsx(92,9): error TS2607: JSX element class does not support attributes because it does not have a 'props' property.
src/pages/BuilderTest.tsx(92,10): error TS2786: 'BuilderComponent' cannot be used as a JSX component.
  Its type 'typeof BuilderComponent' is not a valid JSX element type.
    Types of construct signatures are incompatible.
      Type 'new (props: BuilderComponentProps) => BuilderComponent' is not assignable to type 'new (props: any, deprecatedLegacyContext?: any) => Component<any, any, any>'.
        Type 'BuilderComponent' is missing the following properties from type 'Component<any, any, any>': context, setState, forceUpdate, props, and 2 more.
src/pages/Dashboard.tsx(2,38): error TS2307: Cannot find module '../unified/UnifiedBettingSystem' or its corresponding type declarations.
src/pages/Dashboard.tsx(3,32): error TS2307: Cannot find module '../unified/UnifiedMonitor' or its corresponding type declarations.
src/pages/Dashboard/Dashboard.tsx(4,61): error TS2307: Cannot find module '@services/bettingService' or its corresponding type declarations.
src/pages/Dashboard/Dashboard.tsx(5,26): error TS2307: Cannot find module '@components/core/LoadingState' or its corresponding type declarations.
src/pages/Dashboard/Dashboard.tsx(6,24): error TS2307: Cannot find module '@components/core/ErrorState' or its corresponding type declarations.
src/pages/Dashboard/Dashboard.tsx(64,10): error TS2769: No overload matches this call.
  Overload 1 of 2, '(props: { component: ElementType<any, keyof IntrinsicElements>; } & GridBaseProps & { sx?: SxProps<Theme>; } & SystemProps<Theme> & Omit<...>): Element', gave the following error.
    Property 'component' is missing in type '{ children: Element; item: true; lg: number; md: number; xs: number; }' but required in type '{ component: ElementType<any, keyof IntrinsicElements>; }'.
  Overload 2 of 2, '(props: DefaultComponentProps<GridTypeMap<{}, "div">>): Element', gave the following error.
    Type '{ children: Element; item: true; lg: number; md: number; xs: number; }' is not assignable to type 'IntrinsicAttributes & GridBaseProps & { sx?: SxProps<Theme>; } & SystemProps<Theme> & Omit<Omit<DetailedHTMLProps<HTMLAttributes<HTMLDivElement>, HTMLDivElement>, "ref"> & { ...; }, "sx" | ... 1 more ... | keyof GridBaseProps>'.
      Property 'item' does not exist on type 'IntrinsicAttributes & GridBaseProps & { sx?: SxProps<Theme>; } & SystemProps<Theme> & Omit<Omit<DetailedHTMLProps<HTMLAttributes<HTMLDivElement>, HTMLDivElement>, "ref"> & { ...; }, "sx" | ... 1 more ... | keyof GridBaseProps>'.
src/pages/Dashboard/Dashboard.tsx(82,15): error TS2769: No overload matches this call.
  Overload 1 of 2, '(props: { component: ElementType<any, keyof IntrinsicElements>; } & TypographyOwnProps & CommonProps & Omit<any, "borderColor" | ... 112 more ... | "variantMapping">): Element', gave the following error.
    Type 'unknown' is not assignable to type 'ReactNode'.
  Overload 2 of 2, '(props: DefaultComponentProps<TypographyTypeMap<{}, "span">>): Element', gave the following error.
    Type 'unknown' is not assignable to type 'ReactNode'.
src/pages/Dashboard/Dashboard.tsx(86,10): error TS2769: No overload matches this call.
  Overload 1 of 2, '(props: { component: ElementType<any, keyof IntrinsicElements>; } & GridBaseProps & { sx?: SxProps<Theme>; } & SystemProps<Theme> & Omit<...>): Element', gave the following error.
    Property 'component' is missing in type '{ children: Element; item: true; lg: number; md: number; xs: number; }' but required in type '{ component: ElementType<any, keyof IntrinsicElements>; }'.
  Overload 2 of 2, '(props: DefaultComponentProps<GridTypeMap<{}, "div">>): Element', gave the following error.
    Type '{ children: Element; item: true; lg: number; md: number; xs: number; }' is not assignable to type 'IntrinsicAttributes & GridBaseProps & { sx?: SxProps<Theme>; } & SystemProps<Theme> & Omit<Omit<DetailedHTMLProps<HTMLAttributes<HTMLDivElement>, HTMLDivElement>, "ref"> & { ...; }, "sx" | ... 1 more ... | keyof GridBaseProps>'.
      Property 'item' does not exist on type 'IntrinsicAttributes & GridBaseProps & { sx?: SxProps<Theme>; } & SystemProps<Theme> & Omit<Omit<DetailedHTMLProps<HTMLAttributes<HTMLDivElement>, HTMLDivElement>, "ref"> & { ...; }, "sx" | ... 1 more ... | keyof GridBaseProps>'.
src/pages/Dashboard/Dashboard.tsx(108,10): error TS2769: No overload matches this call.
  Overload 1 of 2, '(props: { component: ElementType<any, keyof IntrinsicElements>; } & GridBaseProps & { sx?: SxProps<Theme>; } & SystemProps<Theme> & Omit<...>): Element', gave the following error.
    Property 'component' is missing in type '{ children: Element; item: true; lg: number; md: number; xs: number; }' but required in type '{ component: ElementType<any, keyof IntrinsicElements>; }'.
  Overload 2 of 2, '(props: DefaultComponentProps<GridTypeMap<{}, "div">>): Element', gave the following error.
    Type '{ children: Element; item: true; lg: number; md: number; xs: number; }' is not assignable to type 'IntrinsicAttributes & GridBaseProps & { sx?: SxProps<Theme>; } & SystemProps<Theme> & Omit<Omit<DetailedHTMLProps<HTMLAttributes<HTMLDivElement>, HTMLDivElement>, "ref"> & { ...; }, "sx" | ... 1 more ... | keyof GridBaseProps>'.
      Property 'item' does not exist on type 'IntrinsicAttributes & GridBaseProps & { sx?: SxProps<Theme>; } & SystemProps<Theme> & Omit<Omit<DetailedHTMLProps<HTMLAttributes<HTMLDivElement>, HTMLDivElement>, "ref"> & { ...; }, "sx" | ... 1 more ... | keyof GridBaseProps>'.
src/pages/Dashboard/Dashboard.tsx(126,15): error TS2769: No overload matches this call.
  Overload 1 of 2, '(props: { component: ElementType<any, keyof IntrinsicElements>; } & TypographyOwnProps & CommonProps & Omit<any, "borderColor" | ... 112 more ... | "variantMapping">): Element', gave the following error.
    Type 'unknown' is not assignable to type 'ReactNode'.
  Overload 2 of 2, '(props: DefaultComponentProps<TypographyTypeMap<{}, "span">>): Element', gave the following error.
    Type 'unknown' is not assignable to type 'ReactNode'.
src/pages/LineupBuilderPage.tsx(28,21): error TS2339: Property 'timestamp' does not exist on type 'LineupBuilderOutput'.
src/pages/LineupBuilderPage.tsx(30,3): error TS2322: Type '{ propType: any; line: any; odds: number; }[]' is not assignable to type '{ eventId: string; market: string; selection: string; odds: number; prediction: { probability: number; confidence: number; edge: number; }; }[]'.
  Type '{ propType: any; line: any; odds: number; }' is missing the following properties from type '{ eventId: string; market: string; selection: string; odds: number; prediction: { probability: number; confidence: number; edge: number; }; }': eventId, market, selection, prediction
src/pages/LineupBuilderPage.tsx(31,19): error TS2339: Property 'propType' does not exist on type '{ eventId: string; market: string; selection: string; odds: number; prediction: { probability: number; confidence: number; edge: number; }; }'.
src/pages/LineupBuilderPage.tsx(32,15): error TS2339: Property 'line' does not exist on type '{ eventId: string; market: string; selection: string; odds: number; prediction: { probability: number; confidence: number; edge: number; }; }'.
src/pages/LineupBuilderPage.tsx(36,27): error TS2339: Property 'performance' does not exist on type 'LineupBuilderOutput'.
src/pages/LineupBuilderPage.tsx(37,28): error TS2339: Property 'performance' does not exist on type 'LineupBuilderOutput'.
src/pages/LineupBuilderPage.tsx(38,23): error TS2339: Property 'performance' does not exist on type 'LineupBuilderOutput'.
src/pages/LineupBuilderPage.tsx(55,5): error TS2353: Object literal may only specify known properties, and 'id' does not exist in type 'LineupBuilderStrategy | (() => LineupBuilderStrategy)'.
src/pages/LineupBuilderPage.tsx(76,17): error TS2339: Property 'riskProfile' does not exist on type 'LineupBuilderStrategy'.
src/pages/LineupBuilderPage.tsx(110,46): error TS2339: Property 'generateLineup' does not exist on type 'PredictionService'.
src/pages/LineupBuilderPage.tsx(146,12): error TS2769: No overload matches this call.
  Overload 1 of 2, '(props: { component: ElementType<any, keyof IntrinsicElements>; } & GridBaseProps & { sx?: SxProps<Theme>; } & SystemProps<Theme> & Omit<...>): Element', gave the following error.
    Property 'component' is missing in type '{ children: Element; item: true; md: number; xs: number; }' but required in type '{ component: ElementType<any, keyof IntrinsicElements>; }'.
  Overload 2 of 2, '(props: DefaultComponentProps<GridTypeMap<{}, "div">>): Element', gave the following error.
    Type '{ children: Element; item: true; md: number; xs: number; }' is not assignable to type 'IntrinsicAttributes & GridBaseProps & { sx?: SxProps<Theme>; } & SystemProps<Theme> & Omit<Omit<DetailedHTMLProps<HTMLAttributes<HTMLDivElement>, HTMLDivElement>, "ref"> & { ...; }, "sx" | ... 1 more ... | keyof GridBaseProps>'.
      Property 'item' does not exist on type 'IntrinsicAttributes & GridBaseProps & { sx?: SxProps<Theme>; } & SystemProps<Theme> & Omit<Omit<DetailedHTMLProps<HTMLAttributes<HTMLDivElement>, HTMLDivElement>, "ref"> & { ...; }, "sx" | ... 1 more ... | keyof GridBaseProps>'.
src/pages/LineupBuilderPage.tsx(151,33): error TS2339: Property 'type' does not exist on type 'LineupBuilderStrategy'.
src/pages/LineupBuilderPage.tsx(161,12): error TS2769: No overload matches this call.
  Overload 1 of 2, '(props: { component: ElementType<any, keyof IntrinsicElements>; } & GridBaseProps & { sx?: SxProps<Theme>; } & SystemProps<Theme> & Omit<...>): Element', gave the following error.
    Property 'component' is missing in type '{ children: Element[]; item: true; md: number; xs: number; }' but required in type '{ component: ElementType<any, keyof IntrinsicElements>; }'.
  Overload 2 of 2, '(props: DefaultComponentProps<GridTypeMap<{}, "div">>): Element', gave the following error.
    Type '{ children: Element[]; item: true; md: number; xs: number; }' is not assignable to type 'IntrinsicAttributes & GridBaseProps & { sx?: SxProps<Theme>; } & SystemProps<Theme> & Omit<Omit<DetailedHTMLProps<HTMLAttributes<HTMLDivElement>, HTMLDivElement>, "ref"> & { ...; }, "sx" | ... 1 more ... | keyof GridBaseProps>'.
      Property 'item' does not exist on type 'IntrinsicAttributes & GridBaseProps & { sx?: SxProps<Theme>; } & SystemProps<Theme> & Omit<Omit<DetailedHTMLProps<HTMLAttributes<HTMLDivElement>, HTMLDivElement>, "ref"> & { ...; }, "sx" | ... 1 more ... | keyof GridBaseProps>'.
src/pages/LineupBuilderPage.tsx(166,31): error TS2339: Property 'targetConfidence' does not exist on type 'LineupBuilderStrategy'.
src/pages/LineupBuilderPage.tsx(173,12): error TS2769: No overload matches this call.
  Overload 1 of 2, '(props: { component: ElementType<any, keyof IntrinsicElements>; } & GridBaseProps & { sx?: SxProps<Theme>; } & SystemProps<Theme> & Omit<...>): Element', gave the following error.
    Property 'component' is missing in type '{ children: Element; item: true; md: number; xs: number; }' but required in type '{ component: ElementType<any, keyof IntrinsicElements>; }'.
  Overload 2 of 2, '(props: DefaultComponentProps<GridTypeMap<{}, "div">>): Element', gave the following error.
    Type '{ children: Element; item: true; md: number; xs: number; }' is not assignable to type 'IntrinsicAttributes & GridBaseProps & { sx?: SxProps<Theme>; } & SystemProps<Theme> & Omit<Omit<DetailedHTMLProps<HTMLAttributes<HTMLDivElement>, HTMLDivElement>, "ref"> & { ...; }, "sx" | ... 1 more ... | keyof GridBaseProps>'.
      Property 'item' does not exist on type 'IntrinsicAttributes & GridBaseProps & { sx?: SxProps<Theme>; } & SystemProps<Theme> & Omit<Omit<DetailedHTMLProps<HTMLAttributes<HTMLDivElement>, HTMLDivElement>, "ref"> & { ...; }, "sx" | ... 1 more ... | keyof GridBaseProps>'.
src/pages/LineupBuilderPage.tsx(178,36): error TS2339: Property 'minLegs' does not exist on type 'LineupBuilderStrategy'.
src/pages/LineupBuilderPage.tsx(178,56): error TS2339: Property 'maxLegs' does not exist on type 'LineupBuilderStrategy'.
src/pages/LineupBuilderPage.tsx(188,12): error TS2769: No overload matches this call.
  Overload 1 of 2, '(props: { component: ElementType<any, keyof IntrinsicElements>; } & GridBaseProps & { sx?: SxProps<Theme>; } & SystemProps<Theme> & Omit<...>): Element', gave the following error.
    Property 'component' is missing in type '{ children: Element; item: true; md: number; xs: number; }' but required in type '{ component: ElementType<any, keyof IntrinsicElements>; }'.
  Overload 2 of 2, '(props: DefaultComponentProps<GridTypeMap<{}, "div">>): Element', gave the following error.
    Type '{ children: Element; item: true; md: number; xs: number; }' is not assignable to type 'IntrinsicAttributes & GridBaseProps & { sx?: SxProps<Theme>; } & SystemProps<Theme> & Omit<Omit<DetailedHTMLProps<HTMLAttributes<HTMLDivElement>, HTMLDivElement>, "ref"> & { ...; }, "sx" | ... 1 more ... | keyof GridBaseProps>'.
      Property 'item' does not exist on type 'IntrinsicAttributes & GridBaseProps & { sx?: SxProps<Theme>; } & SystemProps<Theme> & Omit<Omit<DetailedHTMLProps<HTMLAttributes<HTMLDivElement>, HTMLDivElement>, "ref"> & { ...; }, "sx" | ... 1 more ... | keyof GridBaseProps>'.
src/pages/LineupBuilderPage.tsx(193,33): error TS2339: Property 'maxSameTeam' does not exist on type 'LineupBuilderStrategy'.
src/pages/LineupBuilderPage.tsx(227,31): error TS2339: Property 'performance' does not exist on type 'Lineup'.
src/pages/LineupBuilderPage.tsx(232,47): error TS2339: Property 'performance' does not exist on type 'Lineup'.
src/pages/LineupBuilderPage.tsx(236,59): error TS2339: Property 'performance' does not exist on type 'Lineup'.
src/pages/LineupBuilderPage.tsx(239,37): error TS2345: Argument of type '(leg: LineupLeg, index: number) => JSX.Element' is not assignable to parameter of type '(value: { eventId: string; market: string; selection: string; odds: number; prediction: { probability: number; confidence: number; edge: number; }; }, index: number, array: { eventId: string; market: string; selection: string; odds: number; prediction: { ...; }; }[]) => Element'.
  Types of parameters 'leg' and 'value' are incompatible.
    Type '{ eventId: string; market: string; selection: string; odds: number; prediction: { probability: number; confidence: number; edge: number; }; }' is missing the following properties from type 'LineupLeg': propType, line
src/pages/LineupBuilderPage.tsx(242,33): error TS2339: Property 'playerName' does not exist on type 'LineupLeg'.
src/pages/LineupBuilderPage.tsx(243,27): error TS2339: Property 'team' does not exist on type 'LineupLeg'.
src/pages/LineupBuilderPage.tsx(244,31): error TS2339: Property 'position' does not exist on type 'LineupLeg'.
src/pages/LineupBuilderPage.tsx(246,17): error TS2322: Type 'string' is not assignable to type 'number'.
src/pages/LineupBuilderPage.tsx(249,31): error TS2339: Property 'pickType' does not exist on type 'LineupLeg'.
src/pages/LineupBuilderPage.tsx(250,33): error TS2339: Property 'trendValue' does not exist on type 'LineupLeg'.
src/pages/LineupBuilderPage.tsx(251,31): error TS2339: Property 'gameInfo' does not exist on type 'LineupLeg'.
src/pages/LineupBuilderPage.tsx(252,37): error TS2339: Property 'playerImageUrl' does not exist on type 'LineupLeg'.
src/pages/LineupBuilderPage.tsx(280,30): error TS2339: Property 'performance' does not exist on type 'Lineup'.
src/pages/LineupBuilderPage.tsx(285,46): error TS2339: Property 'performance' does not exist on type 'Lineup'.
src/pages/LineupBuilderPage.tsx(289,58): error TS2339: Property 'performance' does not exist on type 'Lineup'.
src/pages/LineupBuilderPage.tsx(292,36): error TS2345: Argument of type '(leg: LineupLeg, index: number) => JSX.Element' is not assignable to parameter of type '(value: { eventId: string; market: string; selection: string; odds: number; prediction: { probability: number; confidence: number; edge: number; }; }, index: number, array: { eventId: string; market: string; selection: string; odds: number; prediction: { ...; }; }[]) => Element'.
  Types of parameters 'leg' and 'value' are incompatible.
    Type '{ eventId: string; market: string; selection: string; odds: number; prediction: { probability: number; confidence: number; edge: number; }; }' is missing the following properties from type 'LineupLeg': propType, line
src/pages/LineupBuilderPage.tsx(295,39): error TS2339: Property 'playerName' does not exist on type 'LineupLeg'.
src/pages/LineupBuilderPage.tsx(296,33): error TS2339: Property 'team' does not exist on type 'LineupLeg'.
src/pages/LineupBuilderPage.tsx(297,37): error TS2339: Property 'position' does not exist on type 'LineupLeg'.
src/pages/LineupBuilderPage.tsx(299,23): error TS2322: Type 'string' is not assignable to type 'number'.
src/pages/LineupBuilderPage.tsx(302,37): error TS2339: Property 'pickType' does not exist on type 'LineupLeg'.
src/pages/LineupBuilderPage.tsx(303,39): error TS2339: Property 'trendValue' does not exist on type 'LineupLeg'.
src/pages/LineupBuilderPage.tsx(304,37): error TS2339: Property 'gameInfo' does not exist on type 'LineupLeg'.
src/pages/LineupBuilderPage.tsx(305,43): error TS2339: Property 'playerImageUrl' does not exist on type 'LineupLeg'.
src/pages/Predictions.tsx(45,28): error TS2304: Cannot find name 'Box'.
src/pages/Predictions.tsx(45,58): error TS2304: Cannot find name 'Box'.
src/pages/Predictions.tsx(180,14): error TS2769: No overload matches this call.
  Overload 1 of 2, '(props: { component: ElementType<any, keyof IntrinsicElements>; } & GridBaseProps & { sx?: SxProps<Theme>; } & SystemProps<Theme> & Omit<...>): Element', gave the following error.
    Property 'component' is missing in type '{ children: Element; item: true; xs: number; }' but required in type '{ component: ElementType<any, keyof IntrinsicElements>; }'.
  Overload 2 of 2, '(props: DefaultComponentProps<GridTypeMap<{}, "div">>): Element', gave the following error.
    Type '{ children: Element; item: true; xs: number; }' is not assignable to type 'IntrinsicAttributes & GridBaseProps & { sx?: SxProps<Theme>; } & SystemProps<Theme> & Omit<Omit<DetailedHTMLProps<HTMLAttributes<HTMLDivElement>, HTMLDivElement>, "ref"> & { ...; }, "sx" | ... 1 more ... | keyof GridBaseProps>'.
      Property 'item' does not exist on type 'IntrinsicAttributes & GridBaseProps & { sx?: SxProps<Theme>; } & SystemProps<Theme> & Omit<Omit<DetailedHTMLProps<HTMLAttributes<HTMLDivElement>, HTMLDivElement>, "ref"> & { ...; }, "sx" | ... 1 more ... | keyof GridBaseProps>'.
src/pages/Predictions.tsx(185,14): error TS2769: No overload matches this call.
  Overload 1 of 2, '(props: { component: ElementType<any, keyof IntrinsicElements>; } & GridBaseProps & { sx?: SxProps<Theme>; } & SystemProps<Theme> & Omit<...>): Element', gave the following error.
    Property 'component' is missing in type '{ children: Element; key: any; item: true; xs: number; }' but required in type '{ component: ElementType<any, keyof IntrinsicElements>; }'.
  Overload 2 of 2, '(props: DefaultComponentProps<GridTypeMap<{}, "div">>): Element', gave the following error.
    Type '{ children: Element; key: any; item: true; xs: number; }' is not assignable to type 'IntrinsicAttributes & GridBaseProps & { sx?: SxProps<Theme>; } & SystemProps<Theme> & Omit<Omit<DetailedHTMLProps<HTMLAttributes<HTMLDivElement>, HTMLDivElement>, "ref"> & { ...; }, "sx" | ... 1 more ... | keyof GridBaseProps>'.
      Property 'item' does not exist on type 'IntrinsicAttributes & GridBaseProps & { sx?: SxProps<Theme>; } & SystemProps<Theme> & Omit<Omit<DetailedHTMLProps<HTMLAttributes<HTMLDivElement>, HTMLDivElement>, "ref"> & { ...; }, "sx" | ... 1 more ... | keyof GridBaseProps>'.
src/pages/PredictionsDashboard.tsx(5,29): error TS2724: '"../services/predictionService"' has no exported member named 'Prediction'. Did you mean 'getPrediction'?
src/pages/PredictionsDashboard.tsx(18,38): error TS2339: Property 'getRecentPredictions' does not exist on type 'PredictionService'.
src/pages/PrizePicksPage.tsx(3,10): error TS2305: Module '"../components/modern/Modals"' has no exported member 'Modal'.
src/pages/PrizePicksPage.tsx(4,10): error TS2305: Module '"@/types"' has no exported member 'PrizePicksProps'.
src/pages/PrizePicksPage.tsx(4,27): error TS2305: Module '"@/types"' has no exported member 'SocialSentimentData'.
src/pages/PrizePicksPage.tsx(4,48): error TS2305: Module '"@/types"' has no exported member 'ParlayLeg'.
src/pages/PrizePicksPage.tsx(213,76): error TS2339: Property 'sentimentScore' does not exist on type 'SocialSentimentData'.
src/pages/PrizePicksPage.tsx(214,76): error TS2339: Property 'sentimentScore' does not exist on type 'SocialSentimentData'.
src/pages/PrizePicksPage.tsx(216,89): error TS2339: Property 'sentimentScore' does not exist on type 'SocialSentimentData'.
src/pages/PropsPage.tsx(171,61): error TS2345: Argument of type '"NBA"' is not assignable to parameter of type 'Sport | (() => Sport)'.
src/pages/PropsPage.tsx(189,71): error TS2345: Argument of type 'string' is not assignable to parameter of type 'NotificationData'.
src/pages/PropsPage.tsx(205,7): error TS2345: Argument of type 'string' is not assignable to parameter of type 'NotificationData'.
src/pages/PropsPage.tsx(221,7): error TS2345: Argument of type 'string' is not assignable to parameter of type 'NotificationData'.
src/pages/PropsPage.tsx(241,17): error TS2322: Type '"normal" | "goblin" | "devil"' is not assignable to type '"normal" | "demon" | "goblin"'.
  Type '"devil"' is not assignable to type '"normal" | "demon" | "goblin"'.
src/pages/RegisterPage.tsx(63,9): error TS2554: Expected 1 arguments, but got 3.
src/pages/RiskManagerPage.tsx(27,23): error TS2345: Argument of type 'Bet[]' is not assignable to parameter of type 'SetStateAction<BetRecord[]>'.
  Type 'Bet[]' is not assignable to type 'BetRecord[]'.
    Type 'Bet' is missing the following properties from type 'BetRecord': userId, betType, stake, result, placedAt
src/pages/RiskManagerPage.tsx(37,48): error TS2339: Property 'isActive' does not exist on type 'RiskProfile'.
src/pages/RiskManagerPage.tsx(40,69): error TS2339: Property 'potentialWin' does not exist on type 'BetRecord'.
src/pages/RiskManagerPage.tsx(106,61): error TS2339: Property 'isActive' does not exist on type 'RiskProfile'.
src/pages/RiskManagerPage.tsx(110,34): error TS2339: Property 'isActive' does not exist on type 'RiskProfile'.
src/pages/RiskManagerPage.tsx(136,66): error TS2339: Property 'kellyFraction' does not exist on type 'RiskProfile'.
src/pages/RiskManagerPage.tsx(139,33): error TS2339: Property 'isActive' does not exist on type 'RiskProfile'.
src/pages/RiskManagerPage.tsx(168,36): error TS2339: Property 'event' does not exist on type 'BetRecord'.
src/pages/RiskManagerPage.tsx(171,37): error TS2339: Property 'potentialWin' does not exist on type 'BetRecord'.
src/pages/RiskManagerPage.tsx(172,59): error TS2339: Property 'risk' does not exist on type 'BetRecord'.
src/pages/RiskManagerPage.tsx(172,71): error TS2339: Property 'risk' does not exist on type 'BetRecord'.
src/pages/RiskManagerPage.tsx(173,45): error TS2339: Property 'expiresAt' does not exist on type 'BetRecord'.
src/pages/StrategiesPage.tsx(7,38): error TS2551: Property 'getAllStrategies' does not exist on type 'StrategyService'. Did you mean 'getStrategies'?
src/pages/StrategiesPage.tsx(12,10): error TS2769: No overload matches this call.
  Overload 1 of 2, '(props: { component: ElementType<any, keyof IntrinsicElements>; } & GridBaseProps & { sx?: SxProps<Theme>; } & SystemProps<Theme> & Omit<...>): Element', gave the following error.
    Property 'component' is missing in type '{ children: Element; key: any; item: true; md: number; xs: number; }' but required in type '{ component: ElementType<any, keyof IntrinsicElements>; }'.
  Overload 2 of 2, '(props: DefaultComponentProps<GridTypeMap<{}, "div">>): Element', gave the following error.
    Type '{ children: Element; key: any; item: true; md: number; xs: number; }' is not assignable to type 'IntrinsicAttributes & GridBaseProps & { sx?: SxProps<Theme>; } & SystemProps<Theme> & Omit<Omit<DetailedHTMLProps<HTMLAttributes<HTMLDivElement>, HTMLDivElement>, "ref"> & { ...; }, "sx" | ... 1 more ... | keyof GridBaseProps>'.
      Property 'item' does not exist on type 'IntrinsicAttributes & GridBaseProps & { sx?: SxProps<Theme>; } & SystemProps<Theme> & Omit<Omit<DetailedHTMLProps<HTMLAttributes<HTMLDivElement>, HTMLDivElement>, "ref"> & { ...; }, "sx" | ... 1 more ... | keyof GridBaseProps>'.
src/pages/Trends.tsx(5,10): error TS2305: Module '"@/services/analytics"' has no exported member 'analyticsService'.
src/providers/UniversalThemeProvider.tsx(475,15): error TS2484: Export declaration conflicts with exported declaration of 'ThemeVariant'.
src/providers/UniversalThemeProvider.tsx(475,29): error TS2484: Export declaration conflicts with exported declaration of 'ThemeColors'.
src/providers/UniversalThemeProvider.tsx(475,42): error TS2484: Export declaration conflicts with exported declaration of 'ThemeConfig'.
src/scripts/start.ts(1,10): error TS2305: Module '"../index"' has no exported member 'app'.
src/scripts/updateData.ts(2,10): error TS2724: '"../services/dataScrapingService"' has no exported member named 'DataScrapingService'. Did you mean 'dataScrapingService'?
src/services/adapters/index.ts(4,10): error TS2305: Module '"@/types"' has no exported member 'PrizePicksAdapter'.
src/services/adminService.ts(28,32): error TS2339: Property 'get' does not exist on type 'typeof ApiService'.
src/services/adminService.ts(33,15): error TS2339: Property 'patch' does not exist on type 'typeof ApiService'.
src/services/adminService.ts(37,32): error TS2339: Property 'get' does not exist on type 'typeof ApiService'.
src/services/adminService.ts(42,32): error TS2339: Property 'get' does not exist on type 'typeof ApiService'.
src/services/adminService.ts(51,15): error TS2339: Property 'post' does not exist on type 'typeof ApiService'.
src/services/adminService.ts(55,15): error TS2339: Property 'post' does not exist on type 'typeof ApiService'.
src/services/adminService.ts(59,15): error TS2339: Property 'post' does not exist on type 'typeof ApiService'.
src/services/analytics/BacktestingService.ts(6,38): error TS2306: File 'C:/Users/bcmad/Downloads/A1Betting-master (7)/A1Betting-master/frontend/src/services/analytics/modelTrainingService.ts' is not a module.
src/services/analytics/BacktestingService.ts(245,46): error TS2345: Argument of type 'BacktestProp | PropAnalysis' is not assignable to parameter of type 'PropAnalysis'.
  Type 'BacktestProp' is missing the following properties from type 'PropAnalysis': prop, predictions, combinedPrediction, combinedConfidence, and 3 more.
src/services/analytics/BacktestingService.ts(278,47): error TS2339: Property 'fetchHistoricalData' does not exist on type 'DataIntegrationService'.
src/services/analytics/BacktestingService.ts(334,56): error TS2339: Property 'engineerFeatures' does not exist on type 'FeatureEngineeringService'.
src/services/analytics/BacktestingService.ts(357,15): error TS2339: Property 'model' does not exist on type 'BacktestModel'.
src/services/analytics/BacktestingService.ts(359,32): error TS2339: Property 'model' does not exist on type 'BacktestModel'.
src/services/analytics/BacktestingService.ts(366,30): error TS2339: Property 'model' does not exist on type 'BacktestModel'.
src/services/analytics/BacktestingService.ts(411,7): error TS2345: Argument of type 'BacktestProp[]' is not assignable to parameter of type 'PlayerProp[]'.
  Type 'BacktestProp' is missing the following properties from type 'PlayerProp': player, statType, book, timestamp
src/services/analytics/BacktestingService.ts(415,5): error TS2322: Type 'PropAnalysis[]' is not assignable to type 'BacktestProp[]'.
  Type 'PropAnalysis' is missing the following properties from type 'BacktestProp': id, playerId, playerName, propType, and 5 more.
src/services/analytics/BacktestingService.ts(433,7): error TS2322: Type 'string' is not assignable to type 'number'.
src/services/analytics/BacktestingService.ts(434,7): error TS2739: Type 'BacktestProp' is missing the following properties from type '{ player: string; type: string; line: number; odds: { over: number; under: number; }; }': player, type
src/services/analytics/BacktestingService.ts(509,7): error TS2322: Type 'Record<string, Record<string, number>>' is not assignable to type 'Record<string, { accuracy: number; precision: number; recall: number; f1Score: number; profitContribution: number; }>'.
  'string' index signatures are incompatible.
    Type 'Record<string, number>' is missing the following properties from type '{ accuracy: number; precision: number; recall: number; f1Score: number; profitContribution: number; }': accuracy, precision, recall, f1Score, profitContribution
src/services/analytics/BacktestingService.ts(510,7): error TS2322: Type 'Record<string, Record<string, number>>' is not assignable to type 'Record<string, { totalBets: number; winRate: number; roi: number; averageEdge: number; }>'.
  'string' index signatures are incompatible.
    Type 'Record<string, number>' is missing the following properties from type '{ totalBets: number; winRate: number; roi: number; averageEdge: number; }': totalBets, winRate, roi, averageEdge
src/services/analytics/BacktestingService.ts(511,7): error TS2322: Type 'TimeSeriesMetric[]' is not assignable to type '{ timestamp: number; bankroll: number; dailyPnL: number; runningWinRate: number; drawdown: number; }[]'.
  Type 'TimeSeriesMetric' is missing the following properties from type '{ timestamp: number; bankroll: number; dailyPnL: number; runningWinRate: number; drawdown: number; }': timestamp, bankroll, dailyPnL, runningWinRate, drawdown
src/services/analytics/BacktestingService.ts(590,3): error TS2304: Cannot find name 'playerPropService'.
src/services/analytics/BacktestingService.ts(591,3): error TS2304: Cannot find name 'modelTrainingService'.
src/services/analytics/BacktestingService.ts(592,3): error TS2304: Cannot find name 'featureEngineeringService'.
src/services/analytics/BookmakerAnalysisService.ts(71,7): error TS2740: Type '{}' is missing the following properties from type 'BookmakerPattern[]': length, pop, push, concat, and 29 more.
src/services/analytics/BookmakerAnalysisService.ts(81,7): error TS2740: Type '{}' is missing the following properties from type 'BookmakerTag[]': length, pop, push, concat, and 29 more.
src/services/analytics/BookmakerAnalysisService.ts(277,28): error TS2339: Property 'trend' does not exist on type 'unknown'.
src/services/analytics/featureCache.ts(1,45): error TS2724: '"@/types"' has no exported member named 'FeatureCacheConfig'. Did you mean 'FeatureConfig'?
src/services/analytics/featureEngineeringService.ts(12,32): error TS2307: Cannot find module './featureMonitoring' or its corresponding type declarations.
src/services/analytics/featureEngineeringService.ts(38,11): error TS2300: Duplicate identifier 'featureCache'.
src/services/analytics/featureEngineeringService.ts(38,11): error TS2717: Subsequent property declarations must have the same type.  Property 'featureCache' must be of type 'Map<string, object>', but here has type 'FeatureCache'.
src/services/analytics/featureEngineeringService.ts(50,25): error TS2554: Expected 1 arguments, but got 0.
src/services/analytics/featureEngineeringService.ts(51,28): error TS2554: Expected 1 arguments, but got 0.
src/services/analytics/featureEngineeringService.ts(52,5): error TS2740: Type 'FeatureCache' is missing the following properties from type 'Map<string, object>': forEach, has, size, entries, and 4 more.
src/services/analytics/featureEngineeringService.ts(62,48): error TS2339: Property 'loadFeatureMetadata' does not exist on type 'FeatureStore'.
src/services/analytics/featureEngineeringService.ts(72,21): error TS2339: Property 'monitoringEnabled' does not exist on type 'object'.
src/services/analytics/featureEngineeringService.ts(86,21): error TS2339: Property 'cacheEnabled' does not exist on type 'object'.
src/services/analytics/featureEngineeringService.ts(129,23): error TS2339: Property 'cacheEnabled' does not exist on type 'object'.
src/services/analytics/featureEngineeringService.ts(134,23): error TS2339: Property 'monitoringEnabled' does not exist on type 'object'.
src/services/analytics/featureEngineeringService.ts(150,14): error TS2339: Property 'numerical' does not exist on type 'object'.
src/services/analytics/featureEngineeringService.ts(150,69): error TS2339: Property 'gameLog' does not exist on type 'object'.
src/services/analytics/featureEngineeringService.ts(151,14): error TS2339: Property 'numerical' does not exist on type 'object'.
src/services/analytics/featureEngineeringService.ts(151,70): error TS2339: Property 'gameLog' does not exist on type 'object'.
src/services/analytics/featureEngineeringService.ts(152,14): error TS2339: Property 'numerical' does not exist on type 'object'.
src/services/analytics/featureEngineeringService.ts(152,71): error TS2339: Property 'gameLog' does not exist on type 'object'.
src/services/analytics/featureEngineeringService.ts(153,14): error TS2339: Property 'numerical' does not exist on type 'object'.
src/services/analytics/featureEngineeringService.ts(153,70): error TS2339: Property 'gameLog' does not exist on type 'object'.
src/services/analytics/featureEngineeringService.ts(154,14): error TS2339: Property 'numerical' does not exist on type 'object'.
src/services/analytics/featureEngineeringService.ts(154,71): error TS2339: Property 'gameLog' does not exist on type 'object'.
src/services/analytics/featureEngineeringService.ts(157,14): error TS2339: Property 'numerical' does not exist on type 'object'.
src/services/analytics/featureEngineeringService.ts(157,80): error TS2339: Property 'gameLog' does not exist on type 'object'.
src/services/analytics/featureEngineeringService.ts(158,14): error TS2339: Property 'numerical' does not exist on type 'object'.
src/services/analytics/featureEngineeringService.ts(158,81): error TS2339: Property 'gameLog' does not exist on type 'object'.
src/services/analytics/featureEngineeringService.ts(161,14): error TS2339: Property 'numerical' does not exist on type 'object'.
src/services/analytics/featureEngineeringService.ts(161,69): error TS2339: Property 'teamStats' does not exist on type 'object'.
src/services/analytics/featureEngineeringService.ts(162,14): error TS2339: Property 'numerical' does not exist on type 'object'.
src/services/analytics/featureEngineeringService.ts(162,78): error TS2339: Property 'teamStats' does not exist on type 'object'.
src/services/analytics/featureEngineeringService.ts(165,14): error TS2339: Property 'numerical' does not exist on type 'object'.
src/services/analytics/featureEngineeringService.ts(165,77): error TS2339: Property 'opponentStats' does not exist on type 'object'.
src/services/analytics/featureEngineeringService.ts(166,14): error TS2339: Property 'numerical' does not exist on type 'object'.
src/services/analytics/featureEngineeringService.ts(166,68): error TS2339: Property 'opponentStats' does not exist on type 'object'.
src/services/analytics/featureEngineeringService.ts(169,14): error TS2339: Property 'categorical' does not exist on type 'object'.
src/services/analytics/featureEngineeringService.ts(169,69): error TS2339: Property 'gameLog' does not exist on type 'object'.
src/services/analytics/featureEngineeringService.ts(170,14): error TS2339: Property 'categorical' does not exist on type 'object'.
src/services/analytics/featureEngineeringService.ts(170,71): error TS2339: Property 'gameLog' does not exist on type 'object'.
src/services/analytics/featureEngineeringService.ts(171,14): error TS2339: Property 'categorical' does not exist on type 'object'.
src/services/analytics/featureEngineeringService.ts(171,70): error TS2339: Property 'gameLog' does not exist on type 'object'.
src/services/analytics/featureEngineeringService.ts(178,38): error TS2339: Property 'rollingWindows' does not exist on type 'object'.
src/services/analytics/featureEngineeringService.ts(180,16): error TS2339: Property 'temporal' does not exist on type 'object'.
src/services/analytics/featureEngineeringService.ts(181,17): error TS2339: Property 'gameLog' does not exist on type 'object'.
src/services/analytics/featureEngineeringService.ts(185,16): error TS2339: Property 'temporal' does not exist on type 'object'.
src/services/analytics/featureEngineeringService.ts(186,17): error TS2339: Property 'gameLog' does not exist on type 'object'.
src/services/analytics/featureEngineeringService.ts(190,16): error TS2339: Property 'temporal' does not exist on type 'object'.
src/services/analytics/featureEngineeringService.ts(191,17): error TS2339: Property 'gameLog' does not exist on type 'object'.
src/services/analytics/featureEngineeringService.ts(197,16): error TS2339: Property 'temporal' does not exist on type 'object'.
src/services/analytics/featureEngineeringService.ts(198,17): error TS2339: Property 'gameLog' does not exist on type 'object'.
src/services/analytics/featureEngineeringService.ts(202,16): error TS2339: Property 'temporal' does not exist on type 'object'.
src/services/analytics/featureEngineeringService.ts(203,17): error TS2339: Property 'gameLog' does not exist on type 'object'.
src/services/analytics/featureEngineeringService.ts(207,16): error TS2339: Property 'temporal' does not exist on type 'object'.
src/services/analytics/featureEngineeringService.ts(208,17): error TS2339: Property 'gameLog' does not exist on type 'object'.
src/services/analytics/featureEngineeringService.ts(214,16): error TS2339: Property 'temporal' does not exist on type 'object'.
src/services/analytics/featureEngineeringService.ts(215,17): error TS2339: Property 'gameLog' does not exist on type 'object'.
src/services/analytics/featureEngineeringService.ts(219,16): error TS2339: Property 'temporal' does not exist on type 'object'.
src/services/analytics/featureEngineeringService.ts(220,17): error TS2339: Property 'gameLog' does not exist on type 'object'.
src/services/analytics/featureEngineeringService.ts(224,16): error TS2339: Property 'temporal' does not exist on type 'object'.
src/services/analytics/featureEngineeringService.ts(225,17): error TS2339: Property 'gameLog' does not exist on type 'object'.
src/services/analytics/featureEngineeringService.ts(233,55): error TS2339: Property 'numerical' does not exist on type 'object'.
src/services/analytics/featureEngineeringService.ts(236,46): error TS2339: Property 'interactionDepth' does not exist on type 'object'.
src/services/analytics/featureEngineeringService.ts(237,12): error TS2551: Property 'generateInteractionsAtDepth' does not exist on type 'FeatureEngineeringService'. Did you mean 'generateInteractionFeatures'?
src/services/analytics/featureEngineeringService.ts(246,14): error TS2339: Property 'numerical' does not exist on type 'object'.
src/services/analytics/featureEngineeringService.ts(246,81): error TS2339: Property 'injuries' does not exist on type 'object'.
src/services/analytics/featureEngineeringService.ts(249,14): error TS2339: Property 'numerical' does not exist on type 'object'.
src/services/analytics/featureEngineeringService.ts(249,69): error TS2339: Property 'gameLog' does not exist on type 'object'.
src/services/analytics/featureEngineeringService.ts(250,14): error TS2339: Property 'numerical' does not exist on type 'object'.
src/services/analytics/featureEngineeringService.ts(250,81): error TS2339: Property 'gameLog' does not exist on type 'object'.
src/services/analytics/featureEngineeringService.ts(253,14): error TS2339: Property 'numerical' does not exist on type 'object'.
src/services/analytics/featureEngineeringService.ts(253,83): error TS2339: Property 'teamStats' does not exist on type 'object'.
src/services/analytics/featureEngineeringService.ts(256,14): error TS2339: Property 'numerical' does not exist on type 'object'.
src/services/analytics/featureEngineeringService.ts(256,89): error TS2339: Property 'news' does not exist on type 'object'.
src/services/analytics/featureEngineeringService.ts(263,14): error TS2339: Property 'numerical' does not exist on type 'object'.
src/services/analytics/featureEngineeringService.ts(263,55): error TS2339: Property 'numerical' does not exist on type 'object'.
src/services/analytics/featureEngineeringService.ts(264,14): error TS2339: Property 'categorical' does not exist on type 'object'.
src/services/analytics/featureEngineeringService.ts(264,57): error TS2339: Property 'categorical' does not exist on type 'object'.
src/services/analytics/featureEngineeringService.ts(265,14): error TS2339: Property 'temporal' does not exist on type 'object'.
src/services/analytics/featureEngineeringService.ts(265,54): error TS2339: Property 'temporal' does not exist on type 'object'.
src/services/analytics/featureEngineeringService.ts(266,14): error TS2339: Property 'derived' does not exist on type 'object'.
src/services/analytics/featureEngineeringService.ts(266,53): error TS2339: Property 'derived' does not exist on type 'object'.
src/services/analytics/featureEngineeringService.ts(271,14): error TS2339: Property 'numerical' does not exist on type 'object'.
src/services/analytics/featureEngineeringService.ts(271,84): error TS2339: Property 'numerical' does not exist on type 'object'.
src/services/analytics/featureEngineeringService.ts(274,14): error TS2339: Property 'categorical' does not exist on type 'object'.
src/services/analytics/featureEngineeringService.ts(274,88): error TS2339: Property 'categorical' does not exist on type 'object'.
src/services/analytics/featureEngineeringService.ts(277,14): error TS2339: Property 'temporal' does not exist on type 'object'.
src/services/analytics/featureEngineeringService.ts(277,82): error TS2339: Property 'temporal' does not exist on type 'object'.
src/services/analytics/featureEngineeringService.ts(280,14): error TS2339: Property 'derived' does not exist on type 'object'.
src/services/analytics/featureEngineeringService.ts(280,80): error TS2339: Property 'derived' does not exist on type 'object'.
src/services/analytics/featureLogging.ts(1,25): error TS2724: '"@/types"' has no exported member named 'FeatureLoggerConfig'. Did you mean 'FeatureConfig'?
src/services/analytics/featureMonitor.ts(1,45): error TS2305: Module '"@/types"' has no exported member 'FeatureMonitoringConfig'.
src/services/analytics/featureMonitor.ts(115,39): error TS2339: Property 'numerical' does not exist on type 'object'.
src/services/analytics/featureMonitor.ts(116,41): error TS2339: Property 'categorical' does not exist on type 'object'.
src/services/analytics/featureMonitor.ts(117,38): error TS2339: Property 'temporal' does not exist on type 'object'.
src/services/analytics/featureMonitor.ts(118,37): error TS2339: Property 'derived' does not exist on type 'object'.
src/services/analytics/featureMonitor.ts(153,49): error TS2339: Property 'numerical' does not exist on type 'object'.
src/services/analytics/featureMonitor.ts(154,29): error TS2339: Property 'length' does not exist on type 'unknown'.
src/services/analytics/featureMonitor.ts(155,31): error TS2339: Property 'filter' does not exist on type 'unknown'.
src/services/analytics/featureMonitor.ts(159,49): error TS2339: Property 'categorical' does not exist on type 'object'.
src/services/analytics/featureMonitor.ts(160,29): error TS2339: Property 'length' does not exist on type 'unknown'.
src/services/analytics/featureMonitor.ts(161,31): error TS2339: Property 'filter' does not exist on type 'unknown'.
src/services/analytics/featureMonitor.ts(165,49): error TS2339: Property 'temporal' does not exist on type 'object'.
src/services/analytics/featureMonitor.ts(166,29): error TS2339: Property 'length' does not exist on type 'unknown'.
src/services/analytics/featureMonitor.ts(167,31): error TS2339: Property 'filter' does not exist on type 'unknown'.
src/services/analytics/featureMonitor.ts(171,49): error TS2339: Property 'derived' does not exist on type 'object'.
src/services/analytics/featureMonitor.ts(172,29): error TS2339: Property 'length' does not exist on type 'unknown'.
src/services/analytics/featureMonitor.ts(173,31): error TS2339: Property 'filter' does not exist on type 'unknown'.
src/services/analytics/featureMonitor.ts(184,61): error TS2339: Property 'numerical' does not exist on type 'object'.
src/services/analytics/featureMonitor.ts(185,27): error TS2339: Property 'reduce' does not exist on type 'unknown'.
src/services/analytics/featureMonitor.ts(185,63): error TS2339: Property 'length' does not exist on type 'unknown'.
src/services/analytics/featureMonitor.ts(186,36): error TS2339: Property 'reduce' does not exist on type 'unknown'.
src/services/analytics/featureMonitor.ts(186,92): error TS2339: Property 'length' does not exist on type 'unknown'.
src/services/analytics/featureMonitor.ts(189,31): error TS2339: Property 'filter' does not exist on type 'unknown'.
src/services/analytics/featureMonitor.ts(190,49): error TS2339: Property 'length' does not exist on type 'unknown'.
src/services/analytics/featureMonitor.ts(195,61): error TS2339: Property 'categorical' does not exist on type 'object'.
src/services/analytics/featureMonitor.ts(196,36): error TS2769: No overload matches this call.
  Overload 1 of 2, '(iterable?: Iterable<unknown>): Set<unknown>', gave the following error.
    Argument of type 'unknown' is not assignable to parameter of type 'Iterable<unknown>'.
      Property '[Symbol.iterator]' is missing in type '{}' but required in type 'Iterable<unknown>'.
  Overload 2 of 2, '(values?: readonly any[]): Set<any>', gave the following error.
    Argument of type 'unknown' is not assignable to parameter of type 'readonly any[]'.
      Type '{}' is missing the following properties from type 'readonly any[]': length, concat, join, slice, and 20 more.
src/services/analytics/featureMonitor.ts(197,46): error TS2339: Property 'length' does not exist on type 'unknown'.
src/services/analytics/featureMonitor.ts(210,61): error TS2339: Property 'numerical' does not exist on type 'object'.
src/services/analytics/featureMonitor.ts(211,47): error TS2345: Argument of type 'unknown' is not assignable to parameter of type 'number[]'.
  Type '{}' is missing the following properties from type 'number[]': length, pop, push, concat, and 29 more.
src/services/analytics/featureMonitor.ts(217,61): error TS2339: Property 'categorical' does not exist on type 'object'.
src/services/analytics/featureMonitor.ts(218,36): error TS2769: No overload matches this call.
  Overload 1 of 2, '(iterable?: Iterable<unknown>): Set<unknown>', gave the following error.
    Argument of type 'unknown' is not assignable to parameter of type 'Iterable<unknown>'.
      Property '[Symbol.iterator]' is missing in type '{}' but required in type 'Iterable<unknown>'.
  Overload 2 of 2, '(values?: readonly any[]): Set<any>', gave the following error.
    Argument of type 'unknown' is not assignable to parameter of type 'readonly any[]'.
      Type '{}' is missing the following properties from type 'readonly any[]': length, concat, join, slice, and 20 more.
src/services/analytics/featureMonitor.ts(224,61): error TS2339: Property 'temporal' does not exist on type 'object'.
src/services/analytics/featureMonitor.ts(225,41): error TS2345: Argument of type 'unknown' is not assignable to parameter of type 'number[]'.
  Type '{}' is missing the following properties from type 'number[]': length, pop, push, concat, and 29 more.
src/services/analytics/featureMonitor.ts(231,61): error TS2339: Property 'derived' does not exist on type 'object'.
src/services/analytics/featureMonitor.ts(232,47): error TS2345: Argument of type 'unknown' is not assignable to parameter of type 'number[]'.
  Type '{}' is missing the following properties from type 'number[]': length, pop, push, concat, and 29 more.
src/services/analytics/featureMonitor.ts(245,61): error TS2339: Property 'numerical' does not exist on type 'object'.
src/services/analytics/featureMonitor.ts(246,27): error TS2339: Property 'reduce' does not exist on type 'unknown'.
src/services/analytics/featureMonitor.ts(246,63): error TS2339: Property 'length' does not exist on type 'unknown'.
src/services/analytics/featureMonitor.ts(247,36): error TS2339: Property 'reduce' does not exist on type 'unknown'.
src/services/analytics/featureMonitor.ts(247,92): error TS2339: Property 'length' does not exist on type 'unknown'.
src/services/analytics/featureMonitor.ts(253,61): error TS2339: Property 'categorical' does not exist on type 'object'.
src/services/analytics/featureMonitor.ts(254,34): error TS2339: Property 'reduce' does not exist on type 'unknown'.
src/services/analytics/featureMonitor.ts(262,33): error TS2345: Argument of type 'unknown' is not assignable to parameter of type 'number'.
src/services/analytics/featureMonitor.ts(263,33): error TS2345: Argument of type 'unknown' is not assignable to parameter of type 'number'.
src/services/analytics/featureMonitor.ts(269,61): error TS2339: Property 'temporal' does not exist on type 'object'.
src/services/analytics/featureMonitor.ts(270,53): error TS2345: Argument of type 'unknown' is not assignable to parameter of type 'number[]'.
  Type '{}' is missing the following properties from type 'number[]': length, pop, push, concat, and 29 more.
src/services/analytics/featureMonitor.ts(276,61): error TS2339: Property 'derived' does not exist on type 'object'.
src/services/analytics/featureMonitor.ts(277,27): error TS2339: Property 'reduce' does not exist on type 'unknown'.
src/services/analytics/featureMonitor.ts(277,63): error TS2339: Property 'length' does not exist on type 'unknown'.
src/services/analytics/featureMonitor.ts(278,36): error TS2339: Property 'reduce' does not exist on type 'unknown'.
src/services/analytics/featureMonitor.ts(278,92): error TS2339: Property 'length' does not exist on type 'unknown'.
src/services/analytics/featureRegistry.ts(1,45): error TS2305: Module '"@/types"' has no exported member 'FeatureRegistryConfig'.
src/services/analytics/featureRegistry.ts(52,16): error TS2339: Property 'metadata' does not exist on type 'object'.
src/services/analytics/featureRegistry.ts(126,19): error TS2339: Property 'numerical' does not exist on type 'object'.
src/services/analytics/featureRegistry.ts(127,19): error TS2339: Property 'categorical' does not exist on type 'object'.
src/services/analytics/featureRegistry.ts(128,19): error TS2339: Property 'temporal' does not exist on type 'object'.
src/services/analytics/featureRegistry.ts(129,19): error TS2339: Property 'derived' does not exist on type 'object'.
src/services/analytics/featureRegistry.ts(130,19): error TS2339: Property 'metadata' does not exist on type 'object'.
src/services/analytics/featureRegistry.ts(136,33): error TS2339: Property 'metadata' does not exist on type 'object'.
src/services/analytics/featureRegistry.ts(148,75): error TS2345: Argument of type 'unknown' is not assignable to parameter of type 'string'.
src/services/analytics/featureRegistry.ts(155,27): error TS2339: Property 'mean' does not exist on type 'unknown'.
src/services/analytics/featureRegistry.ts(155,62): error TS2339: Property 'std' does not exist on type 'unknown'.
src/services/analytics/featureRegistry.ts(155,89): error TS2339: Property 'std' does not exist on type 'unknown'.
src/services/analytics/featureRegistry.ts(171,58): error TS2339: Property 'numerical' does not exist on type 'object'.
src/services/analytics/featureRegistry.ts(172,62): error TS2339: Property 'categorical' does not exist on type 'object'.
src/services/analytics/featureRegistry.ts(173,56): error TS2339: Property 'temporal' does not exist on type 'object'.
src/services/analytics/featureRegistry.ts(174,54): error TS2339: Property 'derived' does not exist on type 'object'.
src/services/analytics/featureSelection.ts(1,45): error TS2305: Module '"@/types"' has no exported member 'FeatureSelectionResult'.
src/services/analytics/featureSelection.ts(25,70): error TS2339: Property 'numerical' does not exist on type 'object'.
src/services/analytics/featureSelection.ts(28,74): error TS2339: Property 'categorical' does not exist on type 'object'.
src/services/analytics/featureSelection.ts(31,68): error TS2339: Property 'temporal' does not exist on type 'object'.
src/services/analytics/featureSelection.ts(34,66): error TS2339: Property 'derived' does not exist on type 'object'.
src/services/analytics/featureSelection.ts(67,49): error TS2339: Property 'featureSelectionThreshold' does not exist on type 'object'.
src/services/analytics/featureSelection.ts(89,40): error TS2339: Property 'featureSelectionThreshold' does not exist on type 'object'.
src/services/analytics/featureSelection.ts(114,39): error TS2339: Property 'featureSelectionThreshold' does not exist on type 'object'.
src/services/analytics/featureSelection.ts(115,37): error TS2339: Property 'featureSelectionThreshold' does not exist on type 'object'.
src/services/analytics/featureSelection.ts(133,31): error TS2339: Property 'featureSelectionThreshold' does not exist on type 'object'.
src/services/analytics/featureSelection.ts(147,19): error TS2339: Property 'numerical' does not exist on type 'object'.
src/services/analytics/featureSelection.ts(148,19): error TS2339: Property 'temporal' does not exist on type 'object'.
src/services/analytics/featureSelection.ts(149,19): error TS2339: Property 'derived' does not exist on type 'object'.
src/services/analytics/featureSelection.ts(185,33): error TS2345: Argument of type 'number[]' is not assignable to parameter of type 'ScalarOrMatrix'.
  Type 'number[]' is missing the following properties from type 'AbstractMatrix': size, rows, columns, set, and 129 more.
src/services/analytics/featureSelection.ts(190,28): error TS2339: Property 'std' does not exist on type 'Matrix'.
src/services/analytics/featureSelection.ts(415,35): error TS2339: Property 'featureSelectionThreshold' does not exist on type 'object'.
src/services/analytics/featureSelection.ts(416,37): error TS2339: Property 'maxFeatures' does not exist on type 'object'.
src/services/analytics/featureSelection.ts(420,31): error TS2362: The left-hand side of an arithmetic operation must be of type 'any', 'number', 'bigint' or an enum type.
src/services/analytics/featureSelection.ts(420,35): error TS2363: The right-hand side of an arithmetic operation must be of type 'any', 'number', 'bigint' or an enum type.
src/services/analytics/featureStore.ts(1,45): error TS2724: '"@/types"' has no exported member named 'FeatureStoreConfig'. Did you mean 'FeatureConfig'?
src/services/analytics/featureStore.ts(52,18): error TS2339: Property 'numerical' does not exist on type 'object'.
src/services/analytics/featureStore.ts(59,18): error TS2339: Property 'categorical' does not exist on type 'object'.
src/services/analytics/featureStore.ts(65,43): error TS2339: Property 'temporal' does not exist on type 'object'.
src/services/analytics/featureStore.ts(68,43): error TS2339: Property 'derived' does not exist on type 'object'.
src/services/analytics/featureStore.ts(71,40): error TS2339: Property 'metadata' does not exist on type 'object'.
src/services/analytics/featureStore.ts(78,43): error TS2339: Property 'numerical' does not exist on type 'object'.
src/services/analytics/featureStore.ts(79,45): error TS2339: Property 'categorical' does not exist on type 'object'.
src/services/analytics/featureStore.ts(80,42): error TS2339: Property 'temporal' does not exist on type 'object'.
src/services/analytics/featureStore.ts(81,41): error TS2339: Property 'derived' does not exist on type 'object'.
src/services/analytics/featureStore.ts(120,34): error TS2339: Property 'metadata' does not exist on type '{}'.
src/services/analytics/featureStore.ts(155,16): error TS2339: Property 'numerical' does not exist on type 'object'.
src/services/analytics/featureStore.ts(161,16): error TS2339: Property 'categorical' does not exist on type 'object'.
src/services/analytics/featureStore.ts(167,16): error TS2339: Property 'temporal' does not exist on type 'object'.
src/services/analytics/featureStore.ts(170,16): error TS2339: Property 'derived' does not exist on type 'object'.
src/services/analytics/featureStore.ts(173,16): error TS2339: Property 'metadata' does not exist on type 'object'.
src/services/analytics/featureStore.ts(205,78): error TS2339: Property 'metadata' does not exist on type '{}'.
src/services/analytics/featureTransformation.ts(1,25): error TS2305: Module '"@/types"' has no exported member 'FeatureTransformationResult'.
src/services/analytics/featureTransformation.ts(124,25): error TS2339: Property 'std' does not exist on type 'Matrix'.
src/services/analytics/featureValidation.ts(1,45): error TS2305: Module '"@/types"' has no exported member 'FeatureValidationResult'.
src/services/analytics/featureValidation.ts(23,81): error TS2339: Property 'numerical' does not exist on type 'object'.
src/services/analytics/featureValidation.ts(27,85): error TS2339: Property 'categorical' does not exist on type 'object'.
src/services/analytics/featureValidation.ts(31,79): error TS2339: Property 'temporal' does not exist on type 'object'.
src/services/analytics/featureValidation.ts(35,77): error TS2339: Property 'derived' does not exist on type 'object'.
src/services/analytics/featureValidation.ts(39,78): error TS2339: Property 'metadata' does not exist on type 'object'.
src/services/analytics/featureValidation.ts(212,34): error TS2339: Property 'metadata' does not exist on type '{}'.
src/services/analytics/featureValidation.ts(227,73): error TS2345: Argument of type 'unknown' is not assignable to parameter of type 'string'.
src/services/analytics/featureValidation.ts(234,24): error TS2339: Property 'mean' does not exist on type 'unknown'.
src/services/analytics/featureValidation.ts(234,46): error TS2339: Property 'std' does not exist on type 'unknown'.
src/services/analytics/featureValidation.ts(234,61): error TS2339: Property 'std' does not exist on type 'unknown'.
src/services/analytics/featureValidation.ts(261,42): error TS2339: Property 'validationThreshold' does not exist on type 'object'.
src/services/analytics/index.ts(1,27): error TS2306: File 'C:/Users/bcmad/Downloads/A1Betting-master (7)/A1Betting-master/frontend/src/services/analytics/mlService.ts' is not a module.
src/services/analytics/ModelPerformanceTracker.ts(2,10): error TS2305: Module '"../integrations/liveDataLogger"' has no exported member 'logError'.
src/services/analytics/ModelPerformanceTracker.ts(2,20): error TS2305: Module '"../integrations/liveDataLogger"' has no exported member 'logInfo'.
src/services/analytics/PatternRecognitionService.ts(2,10): error TS2305: Module '"../integrations/liveDataLogger"' has no exported member 'logError'.
src/services/analytics/PatternRecognitionService.ts(2,20): error TS2305: Module '"../integrations/liveDataLogger"' has no exported member 'logInfo'.
src/services/analytics/RiskAssessmentService.ts(2,10): error TS2305: Module '"../integrations/liveDataLogger"' has no exported member 'logError'.
src/services/analytics/RiskAssessmentService.ts(2,20): error TS2305: Module '"../integrations/liveDataLogger"' has no exported member 'logInfo'.
src/services/analytics/ShapExplainerService.ts(3,10): error TS2305: Module '"../integrations/liveDataLogger"' has no exported member 'logError'.
src/services/analytics/ShapExplainerService.ts(3,20): error TS2305: Module '"../integrations/liveDataLogger"' has no exported member 'logInfo'.
src/services/analytics/ShapExplainerService.ts(9,56): error TS2339: Property 'modelName' does not exist on type 'BaseModel'.
src/services/api-fix.ts(2,10): error TS2614: Module '"./api"' has no exported member 'apiClient'. Did you mean to use 'import apiClient from "./api"' instead?
src/services/api.ts(6,17): error TS2305: Module '"axios"' has no exported member 'AxiosResponse'.
src/services/api.ts(6,32): error TS2305: Module '"axios"' has no exported member 'AxiosError'.
src/services/api.ts(192,5): error TS2741: Property 'access_token' is missing in type '{}' but required in type '{ access_token: string; }'.
src/services/api.ts(201,5): error TS2741: Property 'message' is missing in type '{}' but required in type '{ message: string; }'.
src/services/api.ts(212,5): error TS2740: Type '{}' is missing the following properties from type 'PredictionResponse': event_id, prediction, quantum_metrics, accuracy_metrics, and 2 more.
src/services/api.ts(224,28): error TS2339: Property 'value_bets' does not exist on type 'unknown'.
src/services/api.ts(233,28): error TS2339: Property 'arbitrage_opportunities' does not exist on type 'unknown'.
src/services/api.ts(304,5): error TS2741: Property 'job_id' is missing in type '{}' but required in type '{ job_id: string; }'.
src/services/api.ts(372,7): error TS2739: Type '{}' is missing the following properties from type 'HealthStatus': status, timestamp, services, metrics, version
src/services/api.ts(398,7): error TS2740: Type '{}' is missing the following properties from type 'AccuracyMetrics': overall_accuracy, directional_accuracy, profit_correlation, prediction_confidence, and 11 more.
src/services/api/client.ts(28,10): error TS2339: Property 'defaultTimeout' does not exist on type 'ApiClient'.
src/services/api/EnhancedApiService.ts(12,17): error TS2305: Module '"axios"' has no exported member 'AxiosInstance'.
src/services/api/EnhancedApiService.ts(12,32): error TS2305: Module '"axios"' has no exported member 'AxiosResponse'.
src/services/ApiErrorHandler.ts(6,10): error TS2305: Module '"axios"' has no exported member 'AxiosError'.
src/services/ApiService.ts(2,10): error TS2305: Module '"axios"' has no exported member 'AxiosInstance'.
src/services/ArbitrageService.ts(4,10): error TS2305: Module '"../types"' has no exported member 'ArbitrageOpportunity'.
src/services/ArbitrageService.ts(85,48): error TS2339: Property 'data' does not exist on type 'unknown'.
src/services/ArbitrageService.ts(95,45): error TS2339: Property 'data' does not exist on type 'unknown'.
src/services/ArbitrageService.ts(106,29): error TS2339: Property 'data' does not exist on type 'unknown'.
src/services/auth.ts(2,10): error TS2305: Module '"@/types"' has no exported member 'User'.
src/services/auth.ts(26,34): error TS2339: Property 'data' does not exist on type '{ access_token: string; }'.
src/services/auth.ts(32,44): error TS2554: Expected 1 arguments, but got 0.
src/services/auth.ts(47,50): error TS2345: Argument of type '{ email: string; password: string; name: string; }' is not assignable to parameter of type '{ username: string; email: string; password: string; }'.
  Property 'username' is missing in type '{ email: string; password: string; name: string; }' but required in type '{ username: string; email: string; password: string; }'.
src/services/auth.ts(48,34): error TS2339: Property 'data' does not exist on type '{ message: string; }'.
src/services/auth.ts(54,44): error TS2554: Expected 1 arguments, but got 0.
src/services/auth.ts(84,41): error TS2554: Expected 2 arguments, but got 1.
src/services/authService.ts(2,10): error TS2305: Module '"@/types"' has no exported member 'User'.
src/services/authService.ts(35,13): error TS2339: Property 'post' does not exist on type 'typeof import("C:/Users/bcmad/Downloads/A1Betting-master (7)/A1Betting-master/frontend/src/services/api")'.
src/services/authService.ts(56,89): error TS2554: Expected 1-3 arguments, but got 4.
src/services/authService.ts(58,114): error TS2554: Expected 1-3 arguments, but got 4.
src/services/authService.ts(67,13): error TS2339: Property 'post' does not exist on type 'typeof import("C:/Users/bcmad/Downloads/A1Betting-master (7)/A1Betting-master/frontend/src/services/api")'.
src/services/authService.ts(75,88): error TS2554: Expected 2 arguments, but got 3.
src/services/authService.ts(98,17): error TS2339: Property 'get' does not exist on type 'typeof import("C:/Users/bcmad/Downloads/A1Betting-master (7)/A1Betting-master/frontend/src/services/api")'.
src/services/authService.ts(113,88): error TS2554: Expected 1-3 arguments, but got 4.
src/services/authService.ts(115,84): error TS2554: Expected 1-3 arguments, but got 4.
src/services/automation/BettingAutomationService.ts(3,47): error TS2306: File 'C:/Users/bcmad/Downloads/A1Betting-master (7)/A1Betting-master/frontend/src/services/analytics/predictionOptimizationService.ts' is not a module.
src/services/automation/BettingAutomationService.ts(31,9): error TS2673: Constructor of class 'UserPersonalizationService' is private and only accessible within the class declaration.
src/services/automation/BettingAutomationService.ts(96,33): error TS2339: Property 'initialize' does not exist on type 'UnifiedBettingCore'.
src/services/automation/BettingAutomationService.ts(204,37): error TS2339: Property 'placeBet' does not exist on type 'UnifiedBettingCore'.
src/services/BackendIntegrationService.ts(2,31): error TS2307: Cannot find module '../unified/UnifiedLogger' or its corresponding type declarations.
src/services/BackendIntegrationService.ts(3,30): error TS2307: Cannot find module '../unified/UnifiedCache' or its corresponding type declarations.
src/services/BackendIntegrationService.ts(129,28): error TS2339: Property 'prediction' does not exist on type 'unknown'.
src/services/BackendIntegrationService.ts(132,7): error TS2739: Type '{}' is missing the following properties from type 'BackendPredictionResponse': prediction, analysis, meta
src/services/BackendIntegrationService.ts(160,30): error TS2339: Property 'length' does not exist on type 'unknown'.
src/services/BackendIntegrationService.ts(164,7): error TS2740: Type '{}' is missing the following properties from type 'BackendBettingOpportunity[]': length, pop, push, concat, and 29 more.
src/services/BackendIntegrationService.ts(188,30): error TS2339: Property 'length' does not exist on type 'unknown'.
src/services/BackendIntegrationService.ts(192,7): error TS2740: Type '{}' is missing the following properties from type 'BackendArbitrageOpportunity[]': length, pop, push, concat, and 29 more.
src/services/BackendIntegrationService.ts(220,30): error TS2339: Property 'bet_id' does not exist on type 'unknown'.
src/services/BackendIntegrationService.ts(224,53): error TS2339: Property 'bet_id' does not exist on type 'unknown'.
src/services/BackendIntegrationService.ts(267,7): error TS2741: Property 'models' is missing in type '{}' but required in type '{ models: { id: string; name: string; status: "error" | "active" | "training"; accuracy: number; last_update: string; }[]; }'.
src/services/bankroll.ts(51,41): error TS2554: Expected 1 arguments, but got 0.
src/services/bankroll.ts(63,41): error TS2339: Property 'createTransaction' does not exist on type 'typeof ApiService'.
src/services/bankroll.ts(87,41): error TS2339: Property 'createTransaction' does not exist on type 'typeof ApiService'.
src/services/bankroll.ts(107,41): error TS2339: Property 'getTransactions' does not exist on type 'typeof ApiService'.
src/services/bankroll.ts(121,41): error TS2339: Property 'createTransaction' does not exist on type 'typeof ApiService'.
src/services/bankroll.ts(161,7): error TS2353: Object literal may only specify known properties, and 'totalDeposits' does not exist in type 'BankrollStats'.
src/services/bankroll.ts(193,37): error TS2367: This comparison appears to be unintentional because the types '"bet" | "win" | "loss" | "deposit" | "withdraw"' and '"withdrawal"' have no overlap.
src/services/bankroll.ts(287,74): error TS2339: Property 'startsWith' does not exist on type 'Date'.
src/services/betting/PlayerPropService.ts(2,40): error TS1261: Already included file name 'C:/Users/bcmad/Downloads/A1Betting-master (7)/A1Betting-master/frontend/src/services/data/dataIntegrationService.ts' differs from file name 'C:/Users/bcmad/Downloads/A1Betting-master (7)/A1Betting-master/frontend/src/services/data/DataIntegrationService.ts' only in casing.
  The file is in the program because:
    Imported via '../data/dataIntegrationService' from file 'C:/Users/bcmad/Downloads/A1Betting-master (7)/A1Betting-master/frontend/src/services/betting/PlayerPropService.ts'
    Imported via '../data/dataIntegrationService' from file 'C:/Users/bcmad/Downloads/A1Betting-master (7)/A1Betting-master/frontend/src/services/analytics/BacktestingService.ts'
    Imported via '../data/dataIntegrationService' from file 'C:/Users/bcmad/Downloads/A1Betting-master (7)/A1Betting-master/frontend/src/services/analytics/featureEngineeringService.ts'
    Matched by include pattern 'src/**/*' in 'C:/Users/bcmad/Downloads/A1Betting-master (7)/A1Betting-master/frontend/tsconfig.json'
src/services/betting/PlayerPropService.ts(58,59): error TS2345: Argument of type '"stats"' is not assignable to parameter of type '"news"'.
src/services/betting/PlayerPropService.ts(59,52): error TS2345: Argument of type '"odds"' is not assignable to parameter of type '"news"'.
src/services/betting/PlayerPropService.ts(61,57): error TS2345: Argument of type '"injuries"' is not assignable to parameter of type '"news"'.
src/services/betting/PlayerPropService.ts(97,7): error TS2322: Type 'Record<string, number[]>' is not assignable to type 'number'.
src/services/betting/PlayerPropService.ts(98,7): error TS2322: Type '{ player: string; prop: string; target: number; timestamp: number; }' is not assignable to type 'number'.
src/services/betting/PlayerPropService.ts(121,7): error TS2322: Type '{ modelId: string; prediction: number; confidence: unknown; }[]' is not assignable to type '{ modelId: string; prediction: number; confidence: number; }[]'.
  Type '{ modelId: string; prediction: number; confidence: unknown; }' is not assignable to type '{ modelId: string; prediction: number; confidence: number; }'.
    Types of property 'confidence' are incompatible.
      Type 'unknown' is not assignable to type 'number'.
src/services/betting/PlayerPropService.ts(121,41): error TS2339: Property 'modelContributions' does not exist on type '{ prediction: number; confidence: number; features: Record<string, number>; modelVersion: string; timestamp: number; }'.
src/services/betting/sportsBettingService.ts(1,47): error TS2306: File 'C:/Users/bcmad/Downloads/A1Betting-master (7)/A1Betting-master/frontend/src/services/analytics/predictionOptimizationService.ts' is not a module.
src/services/betting/sportsBettingService.ts(2,27): error TS2306: File 'C:/Users/bcmad/Downloads/A1Betting-master (7)/A1Betting-master/frontend/src/services/analytics/mlService.ts' is not a module.
src/services/betting/sportsBettingService.ts(4,35): error TS2306: File 'C:/Users/bcmad/Downloads/A1Betting-master (7)/A1Betting-master/frontend/src/services/analytics/timeSeriesService.ts' is not a module.
src/services/betting/sportsBettingService.ts(5,37): error TS2306: File 'C:/Users/bcmad/Downloads/A1Betting-master (7)/A1Betting-master/frontend/src/services/analytics/riskModelingService.ts' is not a module.
src/services/betting/sportsBettingService.ts(101,56): error TS2339: Property 'engineerFeatures' does not exist on type 'FeatureEngineeringService'.
src/services/bettingOpportunityService.ts(4,10): error TS2724: '"./predictionService"' has no exported member named 'PredictionService'. Did you mean 'predictionService'?
src/services/bettingOpportunityService.ts(5,43): error TS2307: Cannot find module './advancedPredictionService' or its corresponding type declarations.
src/services/bettingOpportunityService.ts(15,10): error TS2305: Module '"../types/core"' has no exported member 'MarketContext'.
src/services/bettingOpportunityService.ts(53,27): error TS2339: Property 'on' does not exist on type 'ArbitrageService'.
src/services/bettingOpportunityService.ts(214,27): error TS2551: Property 'monitorOpportunities' does not exist on type 'ArbitrageService'. Did you mean 'getOpportunities'?
src/services/bettingOpportunityService.ts(224,16): error TS2339: Property 'marketContext' does not exist on type 'LineShoppingResult'.
src/services/bettingOpportunityService.ts(245,11): error TS2740: Type '{ playerId: string; propId: string; odds: number; timestamp: number; marketContext: { volume: number; movement: number; liquidity: number; }; historicalContext: { recentPerformance: number[]; trend: number; volatility: number; }; }' is missing the following properties from type 'BettingContext': bankroll, maxRiskPerBet, minOdds, maxOdds, and 2 more.
src/services/bettingOpportunityService.ts(372,27): error TS2551: Property 'clearExpiredOpportunities' does not exist on type 'ArbitrageService'. Did you mean 'clearOpportunities'?
src/services/bettingStrategy.ts(59,13): error TS2741: Property 'eventId' is missing in type '{ id: string; name: string; type: string; status: "open"; selections: undefined[]; }' but required in type 'Market'.
src/services/bettingStrategy.ts(123,17): error TS2741: Property 'eventId' is missing in type '{ id: string; name: string; type: string; status: "open"; selections: undefined[]; }' but required in type 'Market'.
src/services/bettingStrategy.ts(307,7): error TS2741: Property 'eventId' is missing in type '{ id: string; name: string; type: string; status: "open"; selections: undefined[]; }' but required in type 'Market'.
src/services/cache.ts(1,10): error TS2305: Module '"@/types"' has no exported member 'CacheService'.
src/services/configService.ts(4,3): error TS2305: Module '"../core/UnifiedConfig"' has no exported member 'UnifiedApplicationConfig'.
src/services/core/UnifiedErrorService.ts(57,7): error TS2345: Argument of type 'string' is not assignable to parameter of type 'Error'.
src/services/core/UnifiedNotificationService.ts(36,56): error TS2559: Type '"notification"' has no properties in common with type 'Partial<LogContext>'.
src/services/core/UnifiedNotificationService.ts(40,57): error TS2559: Type '"notification"' has no properties in common with type 'Partial<LogContext>'.
src/services/core/UnifiedNotificationService.ts(55,7): error TS2554: Expected 1-2 arguments, but got 3.
src/services/core/UnifiedSettingsService.ts(33,56): error TS2559: Type '"settings"' has no properties in common with type 'Partial<LogContext>'.
src/services/core/UnifiedSettingsService.ts(35,52): error TS2345: Argument of type 'string' is not assignable to parameter of type 'Error'.
src/services/core/UnifiedSettingsService.ts(80,55): error TS2559: Type '"settings"' has no properties in common with type 'Partial<LogContext>'.
src/services/core/UnifiedSettingsService.ts(82,52): error TS2345: Argument of type 'string' is not assignable to parameter of type 'Error'.
src/services/dailyFantasy.ts(1,10): error TS2724: '"./api"' has no exported member named 'apiService'. Did you mean 'ApiService'?
src/services/dailyFantasyService.ts(50,7): error TS2740: Type '{}' is missing the following properties from type 'DailyFantasyContest[]': length, pop, push, concat, and 29 more.
src/services/dailyFantasyService.ts(60,7): error TS2740: Type '{}' is missing the following properties from type 'DailyFantasyPlayer[]': length, pop, push, concat, and 29 more.
src/services/dailyFantasyService.ts(70,28): error TS2339: Property 'projectedPoints' does not exist on type 'unknown'.
src/services/dailyFantasyService.ts(82,7): error TS2739: Type '{}' is missing the following properties from type 'DailyFantasyLineup': id, contestId, players, totalSalary, projectedPoints
src/services/dailyFantasyService.ts(92,7): error TS2740: Type '{}' is missing the following properties from type 'DailyFantasyLineup[]': length, pop, push, concat, and 29 more.
src/services/dailyFantasyService.ts(122,7): error TS2322: Type 'unknown' is not assignable to type 'Record<string, number>'.
  Index signature for type 'string' is missing in type '{}'.
src/services/dailyFantasyService.ts(132,7): error TS2322: Type 'unknown' is not assignable to type 'Record<string, number>'.
  Index signature for type 'string' is missing in type '{}'.
src/services/data/dataIntegrationService.ts(2,29): error TS2307: Cannot find module '../services/newsService' or its corresponding type declarations.
src/services/data/dataIntegrationService.ts(3,35): error TS2307: Cannot find module '../types/index' or its corresponding type declarations.
src/services/data/HistoricalDataService.ts(350,24): error TS2339: Property 'name' does not exist on type 'ZodType<T, ZodTypeDef, T>'.
src/services/data/UnifiedDataPipeline.ts(916,3): error TS2484: Export declaration conflicts with exported declaration of 'GameData'.
src/services/data/UnifiedDataPipeline.ts(917,3): error TS2484: Export declaration conflicts with exported declaration of 'TeamData'.
src/services/data/UnifiedDataPipeline.ts(918,3): error TS2484: Export declaration conflicts with exported declaration of 'PlayerData'.
src/services/data/UnifiedDataPipeline.ts(919,3): error TS2484: Export declaration conflicts with exported declaration of 'OddsData'.
src/services/data/UnifiedDataPipeline.ts(920,3): error TS2484: Export declaration conflicts with exported declaration of 'InjuryData'.
src/services/data/UnifiedDataPipeline.ts(921,3): error TS2484: Export declaration conflicts with exported declaration of 'MarketData'.
src/services/data/UnifiedDataPipeline.ts(922,3): error TS2484: Export declaration conflicts with exported declaration of 'WeatherData'.
src/services/data/UnifiedDataPipeline.ts(923,3): error TS2484: Export declaration conflicts with exported declaration of 'LineMovement'.
src/services/dataOrchestrator.ts(44,7): error TS2345: Argument of type 'string | {}' is not assignable to parameter of type 'BaseModel'.
  Type 'string' is not assignable to type 'BaseModel'.
src/services/dataScrapingService.ts(2,10): error TS2305: Module '"@/types"' has no exported member 'DailyFantasyProjection'.
src/services/dataScrapingService.ts(72,7): error TS2554: Expected 1-3 arguments, but got 4.
src/services/dataScrapingService.ts(140,7): error TS2554: Expected 1-3 arguments, but got 4.
src/services/enhancedIntegrationBridge.ts(68,30): error TS2339: Property 'getAdvancedAnalytics' does not exist on type 'IntegrationService'.
src/services/enhancedIntegrationBridge.ts(115,32): error TS2339: Property 'total_profit' does not exist on type '{ overview: { totalProfit: number; winRate: number; avgConfidence: number; totalBets: number; accuracy: any; }; recentPerformance: any; topSports: any; monthlyTrends: any; riskMetrics: { currentRisk: number; maxDrawdown: number; sharpeRatio: number; kelly: number; }; }'.
src/services/enhancedIntegrationBridge.ts(116,40): error TS2339: Property 'win_rate' does not exist on type '{ overview: { totalProfit: number; winRate: number; avgConfidence: number; totalBets: number; accuracy: any; }; recentPerformance: any; topSports: any; monthlyTrends: any; riskMetrics: { currentRisk: number; maxDrawdown: number; sharpeRatio: number; kelly: number; }; }'.
src/services/enhancedIntegrationBridge.ts(117,24): error TS2339: Property 'roi' does not exist on type '{ overview: { totalProfit: number; winRate: number; avgConfidence: number; totalBets: number; accuracy: any; }; recentPerformance: any; topSports: any; monthlyTrends: any; riskMetrics: { currentRisk: number; maxDrawdown: number; sharpeRatio: number; kelly: number; }; }'.
src/services/enhancedIntegrationBridge.ts(118,36): error TS2339: Property 'length' does not exist on type '{ opportunities: BettingOpportunity[]; summary: { total: number; avgValue: number; topSports: string[]; }; }'.
src/services/enhancedIntegrationBridge.ts(120,25): error TS2339: Property 'filter' does not exist on type '{ opportunities: BettingOpportunity[]; summary: { total: number; avgValue: number; topSports: string[]; }; }'.
src/services/enhancedIntegrationBridge.ts(122,50): error TS2339: Property 'overall_accuracy' does not exist on type '{ overall: any; bySport: { NBA: number; NFL: number; MLB: number; NHL: number; Soccer: number; }; byBetType: { spread: number; totals: number; moneyline: number; props: number; }; trend: string; confidence: number; } | { ...; }'.
  Property 'overall_accuracy' does not exist on type '{ overall: any; bySport: { NBA: number; NFL: number; MLB: number; NHL: number; Soccer: number; }; byBetType: { spread: number; totals: number; moneyline: number; props: number; }; trend: string; confidence: number; }'.
src/services/enhancedIntegrationBridge.ts(123,55): error TS2345: Argument of type '{ opportunities: BettingOpportunity[]; summary: { total: number; avgValue: number; topSports: string[]; }; }' is not assignable to parameter of type 'any[]'.
  Type '{ opportunities: BettingOpportunity[]; summary: { total: number; avgValue: number; topSports: string[]; }; }' is missing the following properties from type 'any[]': length, pop, push, concat, and 29 more.
src/services/enhancedIntegrationBridge.ts(145,19): error TS2339: Property 'forEach' does not exist on type '{ opportunities: BettingOpportunity[]; summary: { total: number; avgValue: number; topSports: string[]; }; }'.
src/services/enhancedIntegrationBridge.ts(160,21): error TS2339: Property 'forEach' does not exist on type '{ opportunities: ArbitrageOpportunity[]; summary: { total: number; totalValue: any; avgReturn: number; }; }'.
src/services/enhancedIntegrationBridge.ts(186,39): error TS2339: Property 'getUltraAccuracyPredictions' does not exist on type 'IntegrationService'.
src/services/enhancedIntegrationBridge.ts(355,48): error TS2339: Property 'overall_accuracy' does not exist on type '{ overall: any; bySport: { NBA: number; NFL: number; MLB: number; NHL: number; Soccer: number; }; byBetType: { spread: number; totals: number; moneyline: number; props: number; }; trend: string; confidence: number; } | { ...; }'.
  Property 'overall_accuracy' does not exist on type '{ overall: any; bySport: { NBA: number; NFL: number; MLB: number; NHL: number; Soccer: number; }; byBetType: { spread: number; totals: number; moneyline: number; props: number; }; trend: string; confidence: number; }'.
src/services/enhancedIntegrationBridge.ts(364,28): error TS2339: Property 'slice' does not exist on type '{ opportunities: BettingOpportunity[]; summary: { total: number; avgValue: number; topSports: string[]; }; }'.
src/services/espn/index.ts(2,10): error TS2614: Module '"../adapters"' has no exported member 'ESPNAdapter'. Did you mean to use 'import ESPNAdapter from "../adapters"' instead?
src/services/espn/index.ts(4,10): error TS2305: Module '"@/types"' has no exported member 'Headline'.
src/services/espn/index.ts(4,20): error TS2305: Module '"@/types"' has no exported member 'GameSummary'.
src/services/espn/index.ts(4,33): error TS2305: Module '"@/types"' has no exported member 'PlayerNews'.
src/services/ESPNService.ts(1,15): error TS2305: Module '"axios"' has no exported member 'AxiosInstance'.
src/services/index.ts(33,34): error TS2304: Cannot find name 'UniversalServiceFactory'.
src/services/index.ts(34,31): error TS2304: Cannot find name 'UniversalServiceFactory'.
src/services/index.ts(35,28): error TS2304: Cannot find name 'UniversalServiceFactory'.
src/services/index.ts(36,33): error TS2304: Cannot find name 'UniversalServiceFactory'.
src/services/injuryService.ts(2,15): error TS2305: Module '"../types/core.js"' has no exported member 'InjuryData'.
src/services/injuryService.ts(53,28): error TS2347: Untyped function calls may not accept type arguments.
src/services/integrations/apiBase.ts(2,17): error TS2305: Module '"axios"' has no exported member 'AxiosInstance'.
src/services/integrations/apiBase.ts(2,32): error TS2305: Module '"axios"' has no exported member 'AxiosRequestConfig'.
src/services/logger.ts(1,10): error TS2305: Module '"@/types"' has no exported member 'Logger'.
src/services/marketAnalysisService.ts(28,10): error TS2305: Module '"../types/core"' has no exported member 'MarketContext'.
src/services/marketAnalysisService.ts(181,31): error TS2339: Property 'predictVolumeAnomaly' does not exist on type 'AdvancedMLService'.
src/services/marketAnalysisService.ts(229,34): error TS2339: Property 'predictPriceAnomaly' does not exist on type 'HyperAdvancedMLService'.
src/services/marketAnalysisService.ts(250,49): error TS2339: Property 'predictSpreadAnomaly' does not exist on type 'UltraMLService'.
src/services/marketAnalysisService.ts(272,55): error TS2339: Property 'predictLiquidityAnomaly' does not exist on type 'AdvancedMLService'.
src/services/marketAnalysisService.ts(423,42): error TS2554: Expected 2 arguments, but got 3.
src/services/ml/config/modelConfig.ts(1,10): error TS2305: Module '"@/types"' has no exported member 'ModelConfig'.
src/services/ml/config/modelConfig.ts(1,23): error TS2305: Module '"@/types"' has no exported member 'AdvancedEnsembleConfig'.
src/services/ml/ensemble/EnsemblePredictor.ts(212,25): error TS2554: Expected 2 arguments, but got 1.
src/services/ml/evaluation/ModelEvaluator.ts(5,23): error TS2307: Cannot find module 'shap' or its corresponding type declarations.
src/services/ml/evaluation/ModelEvaluator.ts(9,32): error TS2307: Cannot find module '../../core/UnifiedMonitor' or its corresponding type declarations.
src/services/ml/evaluation/ModelEvaluator.ts(74,35): error TS2339: Property 'accuracy' does not exist on type 'BetSelection'.
src/services/ml/evaluation/ModelEvaluator.ts(75,30): error TS2339: Property 'roi' does not exist on type 'BetSelection'.
src/services/ml/evaluation/ModelEvaluator.ts(81,7): error TS2322: Type 'Partial<ModelMetrics>' is not assignable to type 'ModelMetrics'.
  Property 'accuracy' is optional in type 'Partial<ModelMetrics>' but required in type 'ModelMetrics'.
src/services/ml/evaluation/ModelEvaluator.ts(95,59): error TS2345: Argument of type 'number | number[] | number[][] | number[][][] | number[][][][] | number[][][][][] | number[][][][][][]' is not assignable to parameter of type 'number[][]'.
  Type 'number' is not assignable to type 'number[][]'.
src/services/ml/evaluation/ModelEvaluator.ts(100,41): error TS2345: Argument of type 'number | number[] | number[][] | number[][][] | number[][][][] | number[][][][][] | number[][][][][][]' is not assignable to parameter of type 'number[][]'.
  Type 'number' is not assignable to type 'number[][]'.
src/services/ml/evaluation/ModelEvaluator.ts(134,7): error TS2322: Type 'number | number[] | number[][] | number[][][] | number[][][][] | number[][][][][] | number[][][][][][]' is not assignable to type 'number'.
  Type 'number[]' is not assignable to type 'number'.
src/services/ml/evaluation/ModelEvaluator.ts(144,35): error TS2339: Property 'map' does not exist on type 'number | number[] | number[][] | number[][][] | number[][][][] | number[][][][][] | number[][][][][][]'.
  Property 'map' does not exist on type 'number'.
src/services/ml/evaluation/ModelEvaluator.ts(189,54): error TS2345: Argument of type 'number | number[] | number[][] | number[][][] | number[][][][] | number[][][][][] | number[][][][][][]' is not assignable to parameter of type 'number[][]'.
  Type 'number' is not assignable to type 'number[][]'.
src/services/ml/evaluation/ModelEvaluator.ts(249,29): error TS2339: Property 'map' does not exist on type 'number | number[] | number[][] | number[][][] | number[][][][] | number[][][][][] | number[][][][][][]'.
  Property 'map' does not exist on type 'number'.
src/services/ml/factory/ModelFactory.ts(9,10): error TS2305: Module '"@/types"' has no exported member 'ModelConfig'.
src/services/ml/factory/ModelFactory.ts(9,23): error TS2305: Module '"@/types"' has no exported member 'AdvancedEnsembleConfig'.
src/services/ml/factory/ModelFactory.ts(11,37): error TS2307: Cannot find module '../../core/UnifiedErrorHandler' or its corresponding type declarations.
src/services/ml/factory/ModelFactory.ts(13,32): error TS2307: Cannot find module '../../core/UnifiedMonitor' or its corresponding type declarations.
src/services/ml/factory/ModelFactory.ts(20,8): error TS2307: Cannot find module '../../core/UnifiedError' or its corresponding type declarations.
src/services/ml/factory/ModelFactory.ts(72,52): error TS2554: Expected 1 arguments, but got 2.
src/services/ml/factory/ModelFactory.ts(75,52): error TS2554: Expected 1 arguments, but got 2.
src/services/ml/factory/ModelFactory.ts(78,57): error TS2554: Expected 1 arguments, but got 2.
src/services/ml/factory/ModelFactory.ts(81,55): error TS2554: Expected 1 arguments, but got 2.
src/services/ml/featureEngineering/AdvancedFeatureEngineeringService.ts(403,26): error TS2339: Property 'name' does not exist on type 'ZodType<T, ZodTypeDef, T>'.
src/services/ml/index.ts(1,10): error TS2305: Module '"@/types"' has no exported member 'MLServiceConfig'.
src/services/ml/index.ts(1,27): error TS2305: Module '"@/types"' has no exported member 'PredictionResult'.
src/services/ml/index.ts(1,45): error TS2305: Module '"@/types"' has no exported member 'ModelMetrics'.
src/services/ml/manager/ModelManager.ts(3,10): error TS2459: Module '"../models/AdvancedEnsembleModel"' declares 'AdvancedEnsembleConfig' locally, but it is not exported.
src/services/ml/manager/ModelManager.ts(9,25): error TS2459: Module '"../registry/ModelRegistry"' declares 'ModelType' locally, but it is not exported.
src/services/ml/manager/ModelManager.ts(37,48): error TS2339: Property 'getDefaultConfig' does not exist on type 'ModelRegistry'.
src/services/ml/manager/ModelManager.ts(50,56): error TS2554: Expected 1 arguments, but got 2.
src/services/ml/manager/ModelManager.ts(93,47): error TS2339: Property 'evaluateModel' does not exist on type 'ModelFactory'.
src/services/ml/manager/ModelManager.ts(108,31): error TS2339: Property 'updateModel' does not exist on type 'ModelFactory'.
src/services/ml/manager/ModelManager.ts(184,31): error TS2339: Property 'getAvailableModelTypes' does not exist on type 'ModelRegistry'.
src/services/ml/manager/ModelManager.ts(188,31): error TS2339: Property 'getModelTypeInfo' does not exist on type 'ModelRegistry'.
src/services/ml/models/AdvancedEnsembleModel.ts(6,10): error TS2305: Module '"@/types"' has no exported member 'AdvancedEnsembleConfig'.
src/services/ml/models/AdvancedEnsembleModel.ts(6,34): error TS2305: Module '"@/types"' has no exported member 'ModelMetrics'.
src/services/ml/models/AdvancedEnsembleModel.ts(6,48): error TS2305: Module '"@/types"' has no exported member 'ModelPrediction'.
src/services/ml/models/AdvancedEnsembleModel.ts(8,37): error TS2307: Cannot find module '../../core/UnifiedErrorHandler' or its corresponding type declarations.
src/services/ml/models/AdvancedEnsembleModel.ts(14,22): error TS2612: Property 'logger' will overwrite the base property in 'BaseModel'. If this is intentional, add an initializer. Otherwise, add a 'declare' modifier or remove the redundant declaration.
src/services/ml/models/AdvancedEnsembleModel.ts(15,22): error TS2612: Property 'errorHandler' will overwrite the base property in 'BaseModel'. If this is intentional, add an initializer. Otherwise, add a 'declare' modifier or remove the redundant declaration.
src/services/ml/models/AdvancedEnsembleModel.ts(121,59): error TS2362: The left-hand side of an arithmetic operation must be of type 'any', 'number', 'bigint' or an enum type.
src/services/ml/models/AdvancedModelArchitectureService.ts(275,26): error TS2339: Property 'name' does not exist on type 'ZodType<T, ZodTypeDef, T>'.
src/services/ml/models/AlternativeDataModel.ts(6,10): error TS2305: Module '"@/types"' has no exported member 'ModelConfig'.
src/services/ml/models/AlternativeDataModel.ts(6,23): error TS2305: Module '"@/types"' has no exported member 'ModelMetrics'.
src/services/ml/models/AlternativeDataModel.ts(6,37): error TS2305: Module '"@/types"' has no exported member 'ModelPrediction'.
src/services/ml/models/AlternativeDataModel.ts(21,13): error TS2612: Property 'config' will overwrite the base property in 'BaseModel'. If this is intentional, add an initializer. Otherwise, add a 'declare' modifier or remove the redundant declaration.
src/services/ml/models/BaseModel.ts(20,21): error TS2307: Cannot find module '@tensorflow/tfjs-node' or its corresponding type declarations.
src/services/ml/models/BaseModel.ts(21,10): error TS2305: Module '"@/types"' has no exported member 'ModelConfig'.
src/services/ml/models/BaseModel.ts(21,23): error TS2305: Module '"@/types"' has no exported member 'ModelMetrics'.
src/services/ml/models/BaseModel.ts(21,37): error TS2305: Module '"@/types"' has no exported member 'ModelPrediction'.
src/services/ml/models/BaseModel.ts(21,54): error TS2305: Module '"@/types"' has no exported member 'ModelType'.
src/services/ml/models/BaseModel.ts(77,19): error TS2512: Overload signatures must all be abstract or non-abstract.
src/services/ml/models/BaseModel.ts(77,19): error TS2516: All declarations of an abstract method must be consecutive.
src/services/ml/models/BaseModel.ts(131,26): error TS2304: Cannot find name 'CoreModelError'.
src/services/ml/models/BaseModel.ts(134,16): error TS2304: Cannot find name 'CoreModelError'.
src/services/ml/models/EnsembleMLService.ts(2,10): error TS2305: Module '"./TraditionalModels"' has no exported member 'TraditionalModels'.
src/services/ml/models/EnsembleMLService.ts(3,10): error TS2305: Module '"./DeepLearningModels"' has no exported member 'DeepLearningModels'.
src/services/ml/models/EnsembleMLService.ts(4,10): error TS2305: Module '"./TimeSeriesModels"' has no exported member 'TimeSeriesModels'.
src/services/ml/models/EnsembleMLService.ts(5,10): error TS2305: Module '"./OptimizationModels"' has no exported member 'OptimizationModels'.
src/services/ml/models/GameTheoryModel.ts(5,51): error TS2460: Module '"./BaseModel"' declares 'ModelMetrics' locally, but it is exported as 'ModelConfig'.
src/services/ml/models/GameTheoryModel.ts(9,19): error TS2554: Expected 1 arguments, but got 2.
src/services/ml/models/LSTMModel.ts(113,80): error TS2345: Argument of type 'TrainingOptions' is not assignable to parameter of type 'Record<string, unknown>'.
  Index signature for type 'string' is missing in type 'TrainingOptions'.
src/services/ml/models/MarketIntelligenceModel.ts(6,10): error TS2305: Module '"@/types"' has no exported member 'ModelConfig'.
src/services/ml/models/MarketIntelligenceModel.ts(6,23): error TS2305: Module '"@/types"' has no exported member 'ModelMetrics'.
src/services/ml/models/MarketIntelligenceModel.ts(6,37): error TS2305: Module '"@/types"' has no exported member 'ModelPrediction'.
src/services/ml/models/MarketIntelligenceModel.ts(8,37): error TS2307: Cannot find module '../../core/UnifiedErrorHandler' or its corresponding type declarations.
src/services/ml/models/MarketIntelligenceModel.ts(51,22): error TS2612: Property 'logger' will overwrite the base property in 'BaseModel'. If this is intentional, add an initializer. Otherwise, add a 'declare' modifier or remove the redundant declaration.
src/services/ml/models/MarketIntelligenceModel.ts(52,22): error TS2612: Property 'errorHandler' will overwrite the base property in 'BaseModel'. If this is intentional, add an initializer. Otherwise, add a 'declare' modifier or remove the redundant declaration.
src/services/ml/models/QuantumProbabilityModel.ts(6,10): error TS2305: Module '"@/types"' has no exported member 'ModelConfig'.
src/services/ml/models/QuantumProbabilityModel.ts(6,23): error TS2305: Module '"@/types"' has no exported member 'ModelMetrics'.
src/services/ml/models/QuantumProbabilityModel.ts(6,37): error TS2305: Module '"@/types"' has no exported member 'ModelPrediction'.
src/services/ml/models/QuantumProbabilityModel.ts(21,13): error TS2612: Property 'config' will overwrite the base property in 'BaseModel'. If this is intentional, add an initializer. Otherwise, add a 'declare' modifier or remove the redundant declaration.
src/services/ml/models/RealityExploitationEngine.ts(6,10): error TS2305: Module '"@/types"' has no exported member 'ModelConfig'.
src/services/ml/models/RealityExploitationEngine.ts(6,23): error TS2305: Module '"@/types"' has no exported member 'ModelMetrics'.
src/services/ml/models/RealityExploitationEngine.ts(6,37): error TS2305: Module '"@/types"' has no exported member 'ModelPrediction'.
src/services/ml/models/RealityExploitationEngine.ts(22,13): error TS2612: Property 'config' will overwrite the base property in 'BaseModel'. If this is intentional, add an initializer. Otherwise, add a 'declare' modifier or remove the redundant declaration.
src/services/ml/models/TemporalPatternModel.ts(6,10): error TS2305: Module '"@/types"' has no exported member 'ModelConfig'.
src/services/ml/models/TemporalPatternModel.ts(6,23): error TS2305: Module '"@/types"' has no exported member 'ModelMetrics'.
src/services/ml/models/TemporalPatternModel.ts(6,37): error TS2305: Module '"@/types"' has no exported member 'ModelPrediction'.
src/services/ml/models/TemporalPatternModel.ts(21,13): error TS2612: Property 'config' will overwrite the base property in 'BaseModel'. If this is intentional, add an initializer. Otherwise, add a 'declare' modifier or remove the redundant declaration.
src/services/ml/optimization/BayesianOptimization.ts(159,28): error TS2339: Property 'erf' does not exist on type 'Math'.
src/services/ml/optimization/OptimizationStrategy.ts(213,52): error TS2339: Property 'timestamp' does not exist on type '{ iteration: number; bestValue: number; parameters: number[]; }'.
src/services/ml/registry/ModelRegistry.ts(2,10): error TS2305: Module '"@/types"' has no exported member 'ModelConfig'.
src/services/ml/registry/ModelRegistry.ts(2,23): error TS2305: Module '"@/types"' has no exported member 'ModelMetrics'.
src/services/ml/registry/ModelRegistry.ts(2,37): error TS2305: Module '"@/types"' has no exported member 'ModelType'.
src/services/ml/resources/ResourceManager.ts(64,27): error TS2445: Property 'config' is protected and only accessible within class 'BaseModel' and its subclasses.
src/services/ml/resources/ResourceManager.ts(113,19): error TS2445: Property 'config' is protected and only accessible within class 'BaseModel' and its subclasses.
src/services/ml/resources/ResourceManager.ts(185,11): error TS2304: Cannot find name 'tf'.
src/services/ml/service/ModelService.ts(3,10): error TS2459: Module '"../models/AdvancedEnsembleModel"' declares 'AdvancedEnsembleConfig' locally, but it is not exported.
src/services/ml/service/ModelService.ts(4,10): error TS2459: Module '"../registry/ModelRegistry"' declares 'ModelType' locally, but it is not exported.
src/services/ml/strategies/BestBetSelector.ts(39,54): error TS2345: Argument of type 'number | number[] | number[][] | number[][][] | number[][][][] | number[][][][][] | number[][][][][][]' is not assignable to parameter of type 'number[][]'.
  Type 'number' is not assignable to type 'number[][]'.
src/services/ml/strategies/BestBetSelector.ts(42,44): error TS2345: Argument of type 'number | number[] | number[][] | number[][][] | number[][][][] | number[][][][][] | number[][][][][][]' is not assignable to parameter of type 'number[][]'.
  Type 'number' is not assignable to type 'number[][]'.
src/services/ml/strategies/BestBetSelector.ts(241,38): error TS2488: Type 'number' must have a '[Symbol.iterator]()' method that returns an iterator.
src/services/ml/strategies/BestBetSelector.ts(243,9): error TS2345: Argument of type '{ fraction: number; expectedValue: number; riskAdjustedReturn: number; optimalStake: number; confidence: number; }' is not assignable to parameter of type 'KellyMetrics'.
  Type '{ fraction: number; expectedValue: number; riskAdjustedReturn: number; optimalStake: number; confidence: number; }' is missing the following properties from type 'KellyMetrics': uncertainty, volatility, sharpeRatio, maxDrawdown, and 2 more.
src/services/ml/strategies/KellyCriterion.ts(3,30): error TS2307: Cannot find module '../../core/UnifiedCache' or its corresponding type declarations.
src/services/ml/training/ModelTrainer.ts(1,37): error TS2460: Module '"../models/BaseModel"' declares 'ModelMetrics' locally, but it is exported as 'ModelConfig'.
src/services/ml/training/ModelTrainer.ts(3,21): error TS2307: Cannot find module '@tensorflow/tfjs-node' or its corresponding type declarations.
src/services/ml/training/ModelTrainer.ts(29,27): error TS2445: Property 'config' is protected and only accessible within class 'BaseModel' and its subclasses.
src/services/ml/training/ModelTrainer.ts(64,27): error TS2445: Property 'config' is protected and only accessible within class 'BaseModel' and its subclasses.
src/services/ml/training/ModelTrainer.ts(65,43): error TS2445: Property 'config' is protected and only accessible within class 'BaseModel' and its subclasses.
src/services/ml/training/ModelTrainer.ts(66,49): error TS2445: Property 'config' is protected and only accessible within class 'BaseModel' and its subclasses.
src/services/ml/training/ModelTrainer.ts(138,16): error TS2445: Property 'config' is protected and only accessible within class 'BaseModel' and its subclasses.
src/services/ml/training/ModelTrainer.ts(148,52): error TS2445: Property 'config' is protected and only accessible within class 'BaseModel' and its subclasses.
src/services/ml/UnifiedMLEngine.ts(953,3): error TS2484: Export declaration conflicts with exported declaration of 'MLModelConfig'.
src/services/ml/UnifiedMLEngine.ts(954,3): error TS2484: Export declaration conflicts with exported declaration of 'FeatureVector'.
src/services/ml/UnifiedMLEngine.ts(955,3): error TS2484: Export declaration conflicts with exported declaration of 'PredictionInput'.
src/services/ml/UnifiedMLEngine.ts(956,3): error TS2484: Export declaration conflicts with exported declaration of 'ModelPrediction'.
src/services/ml/UnifiedMLEngine.ts(957,3): error TS2484: Export declaration conflicts with exported declaration of 'EnsemblePrediction'.
src/services/ml/UnifiedMLEngine.ts(958,3): error TS2484: Export declaration conflicts with exported declaration of 'FeatureImportance'.
src/services/ml/UnifiedMLEngine.ts(959,3): error TS2484: Export declaration conflicts with exported declaration of 'ModelPerformanceMetrics'.
src/services/ml_service.ts(3,15): error TS2305: Module '"@/types"' has no exported member 'ModelVersionMetrics'.
src/services/ml_service.ts(3,36): error TS2305: Module '"@/types"' has no exported member 'RiskMetrics'.
src/services/ml_service.ts(4,27): error TS2306: File 'C:/Users/bcmad/Downloads/A1Betting-master (7)/A1Betting-master/frontend/src/services/analytics/mlService.ts' is not a module.
src/services/newsService.ts(1,17): error TS2305: Module '"axios"' has no exported member 'AxiosInstance'.
src/services/newsService.ts(65,7): error TS2304: Cannot find name 'reportStatus'.
src/services/newsService.ts(68,7): error TS2304: Cannot find name 'reportStatus'.
src/services/newsService.ts(72,22): error TS2304: Cannot find name 'NEWS_PUBLIC_ENDPOINT'.
src/services/newsService.ts(77,11): error TS2304: Cannot find name 'reportStatus'.
src/services/newsService.ts(93,7): error TS2304: Cannot find name 'reportStatus'.
src/services/newsService.ts(95,7): error TS2304: Cannot find name 'reportStatus'.
src/services/newsService.ts(100,5): error TS2304: Cannot find name 'reportStatus'.
src/services/newsService.ts(101,12): error TS2304: Cannot find name 'simulatedHeadlines'.
src/services/notification.ts(3,10): error TS2305: Module '"@/types"' has no exported member 'ToastNotification'.
src/services/notification/notificationManager.ts(129,19): error TS2339: Property 'profitMargin' does not exist on type 'ArbitrageOpportunity'.
src/services/notification/notificationManager.ts(130,19): error TS2339: Property 'risk' does not exist on type 'ArbitrageOpportunity'.
src/services/notification/notificationManager.ts(138,28): error TS2339: Property 'profitMargin' does not exist on type 'ArbitrageOpportunity'.
src/services/notification/notificationManager.ts(139,21): error TS2339: Property 'legs' does not exist on type 'ArbitrageOpportunity'.
src/services/oddsjam.ts(1,10): error TS2724: '"./api"' has no exported member named 'apiService'. Did you mean 'ApiService'?
src/services/oddsModern.ts(76,41): error TS2339: Property 'getOdds' does not exist on type 'ApiService'.
src/services/performanceTracking.ts(1,10): error TS2614: Module '"./bettingStrategy"' has no exported member 'BookOdds'. Did you mean to use 'import BookOdds from "./bettingStrategy"' instead?
src/services/performanceTracking.ts(1,20): error TS2614: Module '"./bettingStrategy"' has no exported member 'BettingOpportunity'. Did you mean to use 'import BettingOpportunity from "./bettingStrategy"' instead?
src/services/PerformanceTrackingService.ts(2,34): error TS2307: Cannot find module './UnifiedPredictionService' or its corresponding type declarations.
src/services/prediction/AdvancedEnsemble.ts(1,10): error TS2305: Module '"../../types/prediction"' has no exported member 'ModelEnsemble'.
src/services/prediction/AdvancedEnsemble.ts(1,25): error TS2305: Module '"../../types/prediction"' has no exported member 'AdvancedPrediction'.
src/services/prediction/AdvancedEnsemble.ts(2,10): error TS2305: Module '"@/types/core"' has no exported member 'MarketContext'.
src/services/prediction/AdvancedEnsemble.ts(125,40): error TS2362: The left-hand side of an arithmetic operation must be of type 'any', 'number', 'bigint' or an enum type.
src/services/prediction/AdvancedEnsemble.ts(126,42): error TS2362: The left-hand side of an arithmetic operation must be of type 'any', 'number', 'bigint' or an enum type.
src/services/prediction/AdvancedEnsemble.ts(133,32): error TS2362: The left-hand side of an arithmetic operation must be of type 'any', 'number', 'bigint' or an enum type.
src/services/prediction/AdvancedEnsemble.ts(137,48): error TS2362: The left-hand side of an arithmetic operation must be of type 'any', 'number', 'bigint' or an enum type.
src/services/prediction/AdvancedEnsemble.ts(142,33): error TS2362: The left-hand side of an arithmetic operation must be of type 'any', 'number', 'bigint' or an enum type.
src/services/prediction/AdvancedEnsemble.ts(143,34): error TS2362: The left-hand side of an arithmetic operation must be of type 'any', 'number', 'bigint' or an enum type.
src/services/prediction/AdvancedEnsemble.ts(144,38): error TS2362: The left-hand side of an arithmetic operation must be of type 'any', 'number', 'bigint' or an enum type.
src/services/prediction/AdvancedEnsemble.ts(272,33): error TS2362: The left-hand side of an arithmetic operation must be of type 'any', 'number', 'bigint' or an enum type.
src/services/prediction/AdvancedEnsemble.ts(275,38): error TS2362: The left-hand side of an arithmetic operation must be of type 'any', 'number', 'bigint' or an enum type.
src/services/prediction/AdvancedEnsemble.ts(276,39): error TS2362: The left-hand side of an arithmetic operation must be of type 'any', 'number', 'bigint' or an enum type.
src/services/prediction/AdvancedEnsemble.ts(277,43): error TS2362: The left-hand side of an arithmetic operation must be of type 'any', 'number', 'bigint' or an enum type.
src/services/prediction/AdvancedEnsemble.ts(283,7): error TS2362: The left-hand side of an arithmetic operation must be of type 'any', 'number', 'bigint' or an enum type.
src/services/prediction/DailyFantasyService.ts(5,15): error TS2305: Module '"@/types"' has no exported member 'DailyFantasyRecommendation'.
src/services/prediction/ModelComparisonService.ts(7,15): error TS2305: Module '"@/types"' has no exported member 'ModelComparisonResult'.
src/services/prediction/RealityExploitationService.ts(313,9): error TS2362: The left-hand side of an arithmetic operation must be of type 'any', 'number', 'bigint' or an enum type.
src/services/prediction/types.ts(100,13): error TS2300: Duplicate identifier 'PredictionResult'.
src/services/prediction/types.ts(168,18): error TS2300: Duplicate identifier 'PredictionResult'.
src/services/predictionService.ts(82,43): error TS2339: Property 'response' does not exist on type 'unknown'.
src/services/predictionService.ts(108,43): error TS2339: Property 'response' does not exist on type 'unknown'.
src/services/predictionService.ts(152,43): error TS2339: Property 'response' does not exist on type 'unknown'.
src/services/predictionService.ts(176,43): error TS2339: Property 'response' does not exist on type 'unknown'.
src/services/predictionService.ts(200,43): error TS2339: Property 'response' does not exist on type 'unknown'.
src/services/prizepicks/index.ts(40,42): error TS2694: Namespace '"C:/Users/bcmad/Downloads/A1Betting-master (7)/A1Betting-master/frontend/src/types"' has no exported member 'PrizePicksAdapter'.
src/services/prizepicks/index.ts(45,46): error TS2304: Cannot find name 'PrizePicksAdapter'.
src/services/prizepicks/MultiplierService.ts(94,9): error TS2322: Type 'number' is not assignable to type 'string'.
src/services/PrizePicksAPI.ts(1,17): error TS2305: Module '"axios"' has no exported member 'AxiosInstance'.
src/services/PrizePicksAPI.ts(133,5): error TS2322: Type '{ id: string; player: { id: string; name: string; team: string; position: string; sport: Sport; stats: { points: number; rebounds: number; assists: number; }; }; propType: PropType; line: number; ... 4 more ...; updatedAt: string; }[]' is not assignable to type 'Projection[]'.
  Type '{ id: string; player: { id: string; name: string; team: string; position: string; sport: Sport; stats: { points: number; rebounds: number; assists: number; }; }; propType: PropType; line: number; ... 4 more ...; updatedAt: string; }' is missing the following properties from type 'Projection': playerId, playerName, team, opponent, and 7 more.
src/services/PrizePicksApiService.ts(1,17): error TS2305: Module '"axios"' has no exported member 'AxiosInstance'.
src/services/prizePicksService.ts(5,3): error TS2305: Module '"@/types"' has no exported member 'PrizePicksProps'.
src/services/prizePicksService.ts(6,3): error TS2305: Module '"@/types"' has no exported member 'PrizePicksPlayer'.
src/services/prizePicksService.ts(7,3): error TS2305: Module '"@/types"' has no exported member 'PrizePicksLines'.
src/services/prizePicksService.ts(74,13): error TS2339: Property 'get' does not exist on type 'typeof import("C:/Users/bcmad/Downloads/A1Betting-master (7)/A1Betting-master/frontend/src/services/api")'.
src/services/prizePicksService.ts(106,97): error TS2554: Expected 1-3 arguments, but got 4.
src/services/prizePicksService.ts(120,13): error TS2339: Property 'get' does not exist on type 'typeof import("C:/Users/bcmad/Downloads/A1Betting-master (7)/A1Betting-master/frontend/src/services/api")'.
src/services/prizePicksService.ts(163,13): error TS2339: Property 'get' does not exist on type 'typeof import("C:/Users/bcmad/Downloads/A1Betting-master (7)/A1Betting-master/frontend/src/services/api")'.
src/services/proxyService.ts(20,28): error TS2348: Value of type 'typeof ApiService' is not callable. Did you mean to include 'new'?
src/services/realTimeDataAggregator.ts(2,10): error TS2440: Import declaration conflicts with local declaration of 'RealDataSource'.
src/services/RealTimeMoneyMakingService.ts(75,46): error TS2339: Property 'getInstance' does not exist on type 'typeof UnifiedWebSocketService'.
src/services/RealTimeMoneyMakingService.ts(110,65): error TS2345: Argument of type '{ sports: string[]; minConfidence: number; maxExposure: number; scanIntervalMs: number; strategies: string[]; }' is not assignable to parameter of type 'string'.
src/services/RealTimeMoneyMakingService.ts(156,53): error TS2345: Argument of type '{ error: any; }' is not assignable to parameter of type 'string'.
src/services/RealTimeMoneyMakingService.ts(177,45): error TS2345: Argument of type '{ error: any; }' is not assignable to parameter of type 'string'.
src/services/RealTimeMoneyMakingService.ts(184,50): error TS2339: Property 'getAvailableProps' does not exist on type 'PrizePicksAPI'.
src/services/RealTimeMoneyMakingService.ts(238,51): error TS2345: Argument of type '{ error: any; }' is not assignable to parameter of type 'string'.
src/services/RealTimeMoneyMakingService.ts(279,50): error TS2345: Argument of type '{ error: any; }' is not assignable to parameter of type 'string'.
src/services/RealTimeMoneyMakingService.ts(321,50): error TS2345: Argument of type '{ error: any; }' is not assignable to parameter of type 'string'.
src/services/RealTimeMoneyMakingService.ts(502,48): error TS2345: Argument of type '{ error: any; opportunityId: string; }' is not assignable to parameter of type 'string'.
src/services/risk/RiskProfileService.ts(39,9): error TS2353: Object literal may only specify known properties, and 'minStake' does not exist in type 'RiskProfile'.
src/services/risk/RiskProfileService.ts(52,9): error TS2353: Object literal may only specify known properties, and 'minStake' does not exist in type 'RiskProfile'.
src/services/risk/RiskProfileService.ts(65,9): error TS2353: Object literal may only specify known properties, and 'minStake' does not exist in type 'RiskProfile'.
src/services/risk/RiskProfileService.ts(85,22): error TS2345: Argument of type '"prediction:update"' is not assignable to parameter of type 'keyof EventMap'.
src/services/risk/RiskProfileService.ts(89,22): error TS2345: Argument of type '"risk:update"' is not assignable to parameter of type 'keyof EventMap'.
src/services/risk/RiskProfileService.ts(89,53): error TS2339: Property 'risk:update' does not exist on type 'EventMap'.
src/services/risk/RiskProfileService.ts(105,26): error TS2345: Argument of type '"risk:assessment"' is not assignable to parameter of type 'keyof EventMap'.
src/services/risk/RiskProfileService.ts(114,26): error TS2345: Argument of type '"risk:profile:updated"' is not assignable to parameter of type 'keyof EventMap'.
src/services/risk/RiskProfileService.ts(120,66): error TS2339: Property 'risk:assessment' does not exist on type 'EventMap'.
src/services/risk/RiskProfileService.ts(123,38): error TS2339: Property 'risk:assessment' does not exist on type 'EventMap'.
src/services/risk/RiskProfileService.ts(142,13): error TS2339: Property 'confidenceThreshold' does not exist on type 'RiskProfile'.
src/services/risk/RiskProfileService.ts(155,23): error TS2339: Property 'minStake' does not exist on type 'RiskProfile'.
src/services/risk/RiskProfileService.ts(180,36): error TS2339: Property 'minStake' does not exist on type 'RiskProfile'.
src/services/risk/RiskProfileService.ts(184,13): error TS2339: Property 'updatedAt' does not exist on type 'RiskProfile'.
src/services/risk/RiskProfileService.ts(198,24): error TS2345: Argument of type '"risk:profile:activated"' is not assignable to parameter of type 'keyof EventMap'.
src/services/riskManagement.ts(3,30): error TS2307: Cannot find module './mlPredictions' or its corresponding type declarations.
src/services/RiskManagerService.ts(139,56): error TS2339: Property 'data' does not exist on type 'unknown'.
src/services/RiskManagerService.ts(153,29): error TS2339: Property 'data' does not exist on type 'unknown'.
src/services/RiskManagerService.ts(160,37): error TS2339: Property 'data' does not exist on type 'unknown'.
src/services/RiskManagerService.ts(167,31): error TS2339: Property 'data' does not exist on type 'unknown'.
src/services/RiskManagerService.ts(218,58): error TS2538: Type 'unknown' cannot be used as an index type.
src/services/RiskManagerService.ts(219,58): error TS2538: Type 'unknown' cannot be used as an index type.
src/services/RiskManagerService.ts(236,46): error TS2339: Property 'volatility' does not exist on type 'unknown'.
src/services/RiskManagerService.ts(253,47): error TS2339: Property 'timeToEvent' does not exist on type 'unknown'.
src/services/RiskManagerService.ts(275,30): error TS2339: Property 'eventTime' does not exist on type 'unknown'.
src/services/RiskManagerService.ts(276,7): error TS2363: The right-hand side of an arithmetic operation must be of type 'any', 'number', 'bigint' or an enum type.
src/services/RiskManagerService.ts(313,58): error TS2538: Type 'unknown' cannot be used as an index type.
src/services/RiskManagerService.ts(318,58): error TS2538: Type 'unknown' cannot be used as an index type.
src/services/RiskManagerService.ts(420,36): error TS2367: This comparison appears to be unintentional because the types 'BetResult' and '"pending"' have no overlap.
src/services/RiskManagerService.ts(421,51): error TS2367: This comparison appears to be unintentional because the types 'BetResult' and '"win"' have no overlap.
src/services/sentiment.ts(2,26): error TS2307: Cannot find module 'cheerio' or its corresponding type declarations.
src/services/sentiment.ts(106,35): error TS2339: Property 'data' does not exist on type 'unknown'.
src/services/sentimentService.ts(2,10): error TS2305: Module '"@/types"' has no exported member 'SocialSentimentData'.
src/services/sentimentService.ts(100,7): error TS2554: Expected 1-3 arguments, but got 4.
src/services/sportradar.ts(1,10): error TS2724: '"./api"' has no exported member named 'apiService'. Did you mean 'ApiService'?
src/services/SportradarService.ts(1,15): error TS2305: Module '"axios"' has no exported member 'AxiosInstance'.
src/services/sportsradar/index.ts(2,10): error TS2614: Module '"../adapters"' has no exported member 'SportsRadarAdapter'. Did you mean to use 'import SportsRadarAdapter from "../adapters"' instead?
src/services/sportsradar/index.ts(4,10): error TS2305: Module '"@/types"' has no exported member 'LiveScore'.
src/services/sportsradar/index.ts(4,21): error TS2305: Module '"@/types"' has no exported member 'GameDetails'.
src/services/sportsradar/index.ts(4,34): error TS2305: Module '"@/types"' has no exported member 'PlayerStats'.
src/services/strategy.ts(1,10): error TS2724: '"./api"' has no exported member named 'apiService'. Did you mean 'ApiService'?
src/services/twitter.ts(139,7): error TS2739: Type '{}' is missing the following properties from type '{ overall: number; recent: number; topics: { [key: string]: number; }; }': overall, recent, topics
src/services/UltraAccuracyIntegrationService.ts(92,5): error TS2322: Type 'Timeout' is not assignable to type 'number'.
src/services/unified/analyticsService.ts(4,35): error TS1149: File name 'C:/Users/bcmad/Downloads/A1Betting-master (7)/A1Betting-master/frontend/src/services/unified/bettingService.ts' differs from already included file name 'C:/Users/bcmad/Downloads/A1Betting-master (7)/A1Betting-master/frontend/src/services/unified/BettingService.ts' only in casing.
  The file is in the program because:
    Matched by include pattern 'src/**/*' in 'C:/Users/bcmad/Downloads/A1Betting-master (7)/A1Betting-master/frontend/tsconfig.json'
    Imported via "./bettingService" from file 'C:/Users/bcmad/Downloads/A1Betting-master (7)/A1Betting-master/frontend/src/services/unified/analyticsService.ts'
src/services/unified/analyticsService.ts(8,3): error TS2724: '"../../types/betting"' has no exported member named 'BettingStats'. Did you mean 'BettingState'?
src/services/unified/analyticsService.ts(57,7): error TS2740: Type '{}' is missing the following properties from type 'BettingMetrics': totalBets, winningBets, losingBets, totalStake, and 7 more.
src/services/unified/analyticsService.ts(67,7): error TS2561: Object literal may only specify known properties, but 'total_bets' does not exist in type 'BettingMetrics'. Did you mean to write 'totalBets'?
src/services/unified/analyticsService.ts(87,7): error TS2740: Type '{}' is missing the following properties from type 'ModelPerformance[]': length, pop, push, concat, and 29 more.
src/services/unified/analyticsService.ts(132,7): error TS2740: Type '{}' is missing the following properties from type 'LineMovement[]': length, pop, push, concat, and 29 more.
src/services/unified/analyticsService.ts(148,7): error TS2740: Type '{}' is missing the following properties from type 'ArbitrageOpportunity[]': length, pop, push, concat, and 29 more.
src/services/unified/ApiService.ts(2,10): error TS2305: Module '"axios"' has no exported member 'AxiosInstance'.
src/services/unified/BaseService.ts(2,3): error TS2305: Module '"axios"' has no exported member 'AxiosError'.
src/services/unified/BaseService.ts(3,3): error TS2305: Module '"axios"' has no exported member 'AxiosInstance'.
src/services/unified/BaseService.ts(4,3): error TS2305: Module '"axios"' has no exported member 'AxiosResponse'.
src/services/unified/BaseService.ts(5,3): error TS2305: Module '"axios"' has no exported member 'InternalAxiosRequestConfig'.
src/services/unified/BaseService.ts(71,35): error TS2339: Property 'getAuthToken' does not exist on type 'UnifiedConfig'.
src/services/unified/BaseService.ts(97,7): error TS2345: Argument of type 'string' is not assignable to parameter of type 'Error'.
src/services/unified/BaseService.ts(150,59): error TS2559: Type 'string' has no properties in common with type 'Partial<LogContext>'.
src/services/unified/BaseService.ts(155,58): error TS2559: Type 'string' has no properties in common with type 'Partial<LogContext>'.
src/services/unified/CacheService.ts(7,35): error TS2339: Property 'value' does not exist on type 'unknown'.
src/services/unified/EnhancedBackendApiService.ts(6,17): error TS2305: Module '"axios"' has no exported member 'AxiosInstance'.
src/services/unified/EnhancedBackendApiService.ts(6,32): error TS2305: Module '"axios"' has no exported member 'AxiosResponse'.
src/services/unified/EnhancedBackendApiService.ts(227,45): error TS2554: Expected 1 arguments, but got 0.
src/services/unified/EnhancedBackendApiService.ts(252,58): error TS2345: Argument of type '{ url: any; method: any; timestamp: string; }' is not assignable to parameter of type 'string'.
src/services/unified/EnhancedBackendApiService.ts(260,46): error TS2345: Argument of type 'string' is not assignable to parameter of type 'ErrorDetails'.
src/services/unified/EnhancedBackendApiService.ts(268,59): error TS2345: Argument of type '{ url: any; status: any; responseTime: any; timestamp: string; }' is not assignable to parameter of type 'string'.
src/services/unified/EnhancedBackendApiService.ts(277,46): error TS2345: Argument of type 'string' is not assignable to parameter of type 'ErrorDetails'.
src/services/unified/EnhancedBackendApiService.ts(293,80): error TS2345: Argument of type '{ eventId: string; }' is not assignable to parameter of type 'string'.
src/services/unified/EnhancedBackendApiService.ts(296,9): error TS2740: Type '{}' is missing the following properties from type 'EnhancedPredictionResponse': event_id, strategy_used, base_prediction, neuromorphic_enhancement, and 32 more.
src/services/unified/EnhancedBackendApiService.ts(309,71): error TS2345: Argument of type '{ eventId: string; finalPrediction: any; confidence: any; mathematicalGuarantees: number; processingTime: any; }' is not assignable to parameter of type 'string'.
src/services/unified/EnhancedBackendApiService.ts(321,69): error TS2345: Argument of type '{ error: any; request: EnhancedPredictionRequest; }' is not assignable to parameter of type 'string'.
src/services/unified/EnhancedBackendApiService.ts(339,66): error TS2345: Argument of type '{ originalDim: any; reducedDim: any; explainedVariance: any; processingTime: any; }' is not assignable to parameter of type 'string'.
src/services/unified/EnhancedBackendApiService.ts(349,64): error TS2345: Argument of type '{ error: any; request: FeatureEngineeringRequest; }' is not assignable to parameter of type 'string'.
src/services/unified/EnhancedBackendApiService.ts(367,62): error TS2345: Argument of type '{ valueAtRisk: any; expectedShortfall: any; tailIndex: any; processingTime: any; }' is not assignable to parameter of type 'string'.
src/services/unified/EnhancedBackendApiService.ts(376,60): error TS2345: Argument of type '{ error: any; request: RiskAssessmentRequest; }' is not assignable to parameter of type 'string'.
src/services/unified/EnhancedBackendApiService.ts(394,59): error TS2345: Argument of type '{ analysisDepth: any; rigorScore: any; samplesProcessed: any; analysisTime: any; }' is not assignable to parameter of type 'string'.
src/services/unified/EnhancedBackendApiService.ts(403,57): error TS2345: Argument of type '{ error: any; request: MathematicalAnalysisRequest; }' is not assignable to parameter of type 'string'.
src/services/unified/EnhancedBackendApiService.ts(432,67): error TS2345: Argument of type '{ error: any; }' is not assignable to parameter of type 'string'.
src/services/unified/EnhancedBackendApiService.ts(446,59): error TS2345: Argument of type '{ totalModels: any; activeModels: any; overallStatus: any; errorRate: any; }' is not assignable to parameter of type 'string'.
src/services/unified/EnhancedBackendApiService.ts(456,64): error TS2345: Argument of type '{ error: any; }' is not assignable to parameter of type 'string'.
src/services/unified/EnhancedBackendApiService.ts(615,56): error TS2345: Argument of type '{ eventId: string; processingLevel: "advanced" | "basic" | "revolutionary" | "research_grade"; unifiedConfidence: number; totalTime: number; guaranteesMet: number; }' is not assignable to parameter of type 'string'.
src/services/unified/EnhancedBackendApiService.ts(625,54): error TS2345: Argument of type '{ error: any; request: { event_id: string; sport: string; features: Record<string, number>; include_all_enhancements: boolean; processing_level: "basic" | "advanced" | "research_grade" | "revolutionary"; }; }' is not assignable to parameter of type 'string'.
src/services/unified/EnhancedBackendApiService.ts(655,56): error TS2345: Argument of type '{ error: any; responseTime: number; }' is not assignable to parameter of type 'string'.
src/services/unified/ExternalApiService.ts(38,76): error TS2345: Argument of type 'number' is not assignable to parameter of type 'string'.
src/services/unified/predictionService.ts(293,28): error TS2339: Property 'patterns' does not exist on type 'unknown'.
src/services/unified/predictionService.ts(315,38): error TS2345: Argument of type 'unknown' is not assignable to parameter of type 'ModelPrediction[]'.
  Type '{}' is missing the following properties from type 'ModelPrediction[]': length, pop, push, concat, and 29 more.
src/services/unified/predictionService.ts(328,58): error TS2345: Argument of type 'ModelPerformance' is not assignable to parameter of type 'Record<string, unknown>'.
  Index signature for type 'string' is missing in type 'ModelPerformance'.
src/services/unified/predictionService.ts(334,54): error TS2339: Property 'modelType' does not exist on type 'ModelPrediction'.
src/services/unified/predictionService.ts(344,5): error TS2322: Type 'unknown' is not assignable to type 'number'.
src/services/unified/predictionService.ts(365,7): error TS2740: Type '{}' is missing the following properties from type 'Prediction[]': length, pop, push, concat, and 29 more.
src/services/unified/predictionService.ts(378,7): error TS2740: Type '{}' is missing the following properties from type 'Prediction': id, timestamp, prediction, confidence, and 3 more.
src/services/unified/predictionService.ts(388,7): error TS2322: Type 'unknown' is not assignable to type 'Record<string, unknown>'.
  Index signature for type 'string' is missing in type '{}'.
src/services/unified/predictionService.ts(400,7): error TS2322: Type 'unknown' is not assignable to type 'Record<string, unknown>'.
  Index signature for type 'string' is missing in type '{}'.
src/services/unified/predictionService.ts(412,7): error TS2322: Type 'unknown' is not assignable to type 'Record<string, number>'.
  Index signature for type 'string' is missing in type '{}'.
src/services/unified/predictionService.ts(422,7): error TS2322: Type 'unknown' is not assignable to type 'Record<string, number>'.
  Index signature for type 'string' is missing in type '{}'.
src/services/unified/PrizePicksApiService.ts(2,15): error TS2305: Module '"axios"' has no exported member 'AxiosInstance'.
src/services/unified/stateService.ts(3,3): error TS2305: Module '"@/types/betting"' has no exported member 'BettingEvent'.
src/services/unified/UnifiedAnalyticsService.ts(205,32): error TS2551: Property 'getPredictions' does not exist on type 'UnifiedPredictionService'. Did you mean 'getPrediction'?
src/services/unified/UnifiedAnalyticsService.ts(233,9): error TS2322: Type 'number' is not assignable to type 'string'.
src/services/unified/UnifiedAnalyticsService.ts(249,32): error TS2551: Property 'getRecentPredictions' does not exist on type 'UnifiedPredictionService'. Did you mean 'getActivePredictions'?
src/services/unified/UnifiedAnalyticsService.ts(250,32): error TS2339: Property 'getRecentOpportunities' does not exist on type 'UnifiedPredictionService'.
src/services/unified/UnifiedBackupService.ts(56,30): error TS2339: Property 'get' does not exist on type 'UnifiedSettingsService'.
src/services/unified/UnifiedBackupService.ts(57,31): error TS2339: Property 'get' does not exist on type 'UnifiedSettingsService'.
src/services/unified/UnifiedBackupService.ts(58,36): error TS2339: Property 'get' does not exist on type 'UnifiedSettingsService'.
src/services/unified/UnifiedBackupService.ts(59,33): error TS2339: Property 'get' does not exist on type 'UnifiedSettingsService'.
src/services/unified/UnifiedBackupService.ts(60,39): error TS2339: Property 'get' does not exist on type 'UnifiedSettingsService'.
src/services/unified/UnifiedBackupService.ts(61,35): error TS2339: Property 'get' does not exist on type 'UnifiedSettingsService'.
src/services/unified/UnifiedBackupService.ts(62,34): error TS2339: Property 'get' does not exist on type 'UnifiedSettingsService'.
src/services/unified/UnifiedBackupService.ts(63,34): error TS2339: Property 'get' does not exist on type 'UnifiedSettingsService'.
src/services/unified/UnifiedBackupService.ts(64,33): error TS2339: Property 'get' does not exist on type 'UnifiedSettingsService'.
src/services/unified/UnifiedBackupService.ts(65,36): error TS2339: Property 'get' does not exist on type 'UnifiedSettingsService'.
src/services/unified/UnifiedBackupService.ts(71,54): error TS2559: Type '"backup"' has no properties in common with type 'Partial<LogContext>'.
src/services/unified/UnifiedBackupService.ts(118,67): error TS2554: Expected 1-2 arguments, but got 3.
src/services/unified/UnifiedBackupService.ts(122,59): error TS2345: Argument of type 'string' is not assignable to parameter of type 'Error'.
src/services/unified/UnifiedBackupService.ts(123,54): error TS2554: Expected 2 arguments, but got 3.
src/services/unified/UnifiedBackupService.ts(135,36): error TS2339: Property 'get' does not exist on type 'UnifiedSettingsService'.
src/services/unified/UnifiedBackupService.ts(239,68): error TS2554: Expected 1-2 arguments, but got 3.
src/services/unified/UnifiedBackupService.ts(243,72): error TS2345: Argument of type 'string' is not assignable to parameter of type 'Error'.
src/services/unified/UnifiedBackupService.ts(261,60): error TS2559: Type '"backup"' has no properties in common with type 'Partial<LogContext>'.
src/services/unified/UnifiedBackupService.ts(266,75): error TS2345: Argument of type 'string' is not assignable to parameter of type 'Error'.
src/services/unified/UnifiedBettingAnalytics.ts(87,5): error TS2578: Unused '@ts-expect-error' directive.
src/services/unified/UnifiedBettingAnalytics.ts(93,5): error TS2578: Unused '@ts-expect-error' directive.
src/services/unified/UnifiedBettingCore.ts(2,53): error TS2307: Cannot find module '../types/core' or its corresponding type declarations.
src/services/unified/UnifiedBettingCore.ts(3,10): error TS2305: Module '"@/types"' has no exported member 'BettingContext'.
src/services/unified/UnifiedBettingCore.ts(3,26): error TS2305: Module '"@/types"' has no exported member 'BettingDecision'.
src/services/unified/UnifiedBettingCore.ts(3,43): error TS2305: Module '"@/types"' has no exported member 'PerformanceMetrics'.
src/services/unified/UnifiedBettingCore.ts(3,63): error TS2305: Module '"@/types"' has no exported member 'PredictionResult'.
src/services/unified/UnifiedBettingService.ts(6,10): error TS2305: Module '"@/types"' has no exported member 'BettingContext'.
src/services/unified/UnifiedBettingService.ts(6,26): error TS2305: Module '"@/types"' has no exported member 'MarketContext'.
src/services/unified/UnifiedBettingService.ts(6,41): error TS2305: Module '"@/types"' has no exported member 'PredictionResult'.
src/services/unified/UnifiedBettingService.ts(11,3): error TS2440: Import declaration conflicts with local declaration of 'Bet'.
src/services/unified/UnifiedBettingService.ts(14,3): error TS2724: '"../../types/betting"' has no exported member named 'BettingStats'. Did you mean 'BettingState'?
src/services/unified/UnifiedBettingService.ts(15,3): error TS2440: Import declaration conflicts with local declaration of 'BettingOpportunity'.
src/services/unified/UnifiedBettingService.ts(63,20): error TS2416: Property 'logger' in type 'UnifiedBettingService' is not assignable to the same property in base type 'BaseService'.
  Type 'UnifiedLogger' is missing the following properties from type 'UnifiedLogger': config, serviceName, configure, formatMessage, trace
src/services/unified/UnifiedBettingService.ts(98,55): error TS2551: Property 'generatePrediction' does not exist on type 'UnifiedPredictionService'. Did you mean 'getPrediction'?
src/services/unified/UnifiedBettingService.ts(110,65): error TS2345: Argument of type 'Promise<number>' is not assignable to parameter of type 'number'.
src/services/unified/UnifiedBettingService.ts(118,9): error TS2322: Type 'string' is not assignable to type 'Selection'.
src/services/unified/UnifiedBettingService.ts(121,9): error TS2322: Type 'number' is not assignable to type 'string'.
src/services/unified/UnifiedBettingService.ts(136,66): error TS2345: Argument of type '{ error: any; marketContext: MarketContext; bettingContext: BettingContext; }' is not assignable to parameter of type 'string'.
src/services/unified/UnifiedBettingService.ts(163,7): error TS2365: Operator '<=' cannot be applied to types 'number' and 'unknown'.
src/services/unified/UnifiedBettingService.ts(170,45): error TS2339: Property 'entries' does not exist on type 'UnifiedCache'.
src/services/unified/UnifiedBettingService.ts(177,64): error TS2345: Argument of type '{ error: any; }' is not assignable to parameter of type 'string'.
src/services/unified/UnifiedBettingService.ts(197,24): error TS2362: The left-hand side of an arithmetic operation must be of type 'any', 'number', 'bigint' or an enum type.
src/services/unified/UnifiedBettingService.ts(197,47): error TS2339: Property 'kellyFraction' does not exist on type 'BettingOpportunity'.
src/services/unified/UnifiedBettingService.ts(198,28): error TS2362: The left-hand side of an arithmetic operation must be of type 'any', 'number', 'bigint' or an enum type.
src/services/unified/UnifiedBettingService.ts(198,39): error TS2363: The right-hand side of an arithmetic operation must be of type 'any', 'number', 'bigint' or an enum type.
src/services/unified/UnifiedBettingService.ts(199,29): error TS2362: The left-hand side of an arithmetic operation must be of type 'any', 'number', 'bigint' or an enum type.
src/services/unified/UnifiedBettingService.ts(199,40): error TS2363: The right-hand side of an arithmetic operation must be of type 'any', 'number', 'bigint' or an enum type.
src/services/unified/UnifiedBettingService.ts(211,24): error TS2365: Operator '>=' cannot be applied to types 'string' and 'number'.
src/services/unified/UnifiedBettingService.ts(212,25): error TS2362: The left-hand side of an arithmetic operation must be of type 'any', 'number', 'bigint' or an enum type.
src/services/unified/UnifiedBettingService.ts(212,39): error TS2363: The right-hand side of an arithmetic operation must be of type 'any', 'number', 'bigint' or an enum type.
src/services/unified/UnifiedBettingService.ts(226,25): error TS2362: The left-hand side of an arithmetic operation must be of type 'any', 'number', 'bigint' or an enum type.
src/services/unified/UnifiedBettingService.ts(226,39): error TS2363: The right-hand side of an arithmetic operation must be of type 'any', 'number', 'bigint' or an enum type.
src/services/unified/UnifiedBettingService.ts(246,11): error TS2551: Property 'selections' does not exist on type 'Bet'. Did you mean 'selection'?
src/services/unified/UnifiedBettingService.ts(382,38): error TS2339: Property 'id' does not exist on type 'Odds'.
src/services/unified/UnifiedBettingService.ts(490,7): error TS2741: Property 'warnings' is missing in type '{ isValid: false; errors: string[]; }' but required in type 'BettingValidation'.
src/services/unified/UnifiedDataService.ts(2,17): error TS2305: Module '"axios"' has no exported member 'AxiosInstance'.
src/services/unified/UnifiedDataService.ts(3,28): error TS2307: Cannot find module 'socket.io-client' or its corresponding type declarations.
src/services/unified/UnifiedDataService.ts(206,14): error TS2339: Property 'disconnect' does not exist on type 'WebSocket'.
src/services/unified/UnifiedEnhancedPredictionService.ts(215,64): error TS2345: Argument of type '{ predictionId: string; eventId: string; sport: "soccer" | "basketball" | "football" | "baseball" | "hockey"; processingLevel: "advanced" | "basic" | "revolutionary" | "research_grade"; }' is not assignable to parameter of type 'string'.
src/services/unified/UnifiedEnhancedPredictionService.ts(315,11): error TS2322: Type 'Record<string, number[]>' is not assignable to type 'Record<string, number>'.
  'string' index signatures are incompatible.
    Type 'number[]' is not assignable to type 'number'.
src/services/unified/UnifiedEnhancedPredictionService.ts(371,78): error TS2345: Argument of type '{ predictionId: string; eventId: string; finalPrediction: number; confidence: number; rigorScore: number; processingTime: number; }' is not assignable to parameter of type 'string'.
src/services/unified/UnifiedEnhancedPredictionService.ts(382,63): error TS2345: Argument of type '{ predictionId: string; eventId: string; error: any; processingTime: number; }' is not assignable to parameter of type 'string'.
src/services/unified/UnifiedEnhancedPredictionService.ts(399,7): error TS2322: Type '{ model_id: string; model_name: string; accuracy: number; precision: number; recall: number; f1_score: number; auc_roc: number; calibration_score: number; prediction_speed: number; memory_usage: number; last_update: string; training_data_size: number; feature_count: number; mathematical_properties: { ...; }; }[]' is not assignable to type 'ModelPerformanceMetrics[]'.
  Type '{ model_id: string; model_name: string; accuracy: number; precision: number; recall: number; f1_score: number; auc_roc: number; calibration_score: number; prediction_speed: number; memory_usage: number; last_update: string; training_data_size: number; feature_count: number; mathematical_properties: { ...; }; }' is not assignable to type 'ModelPerformanceMetrics'.
    Types of property 'mathematical_properties' are incompatible.
      Property 'theoretical_bounds_satisfied' is missing in type '{ convergence_verified: boolean; stability_guaranteed: boolean; theoretical_bounds: boolean; }' but required in type '{ convergence_verified: boolean; stability_guaranteed: boolean; theoretical_bounds_satisfied: boolean; }'.
src/services/unified/UnifiedEnhancedPredictionService.ts(432,9): error TS2322: Type '{ [x: string]: boolean; }' is not assignable to type 'Record<string, "failed" | "degraded" | "healthy">'.
  'string' index signatures are incompatible.
    Type 'boolean' is not assignable to type '"failed" | "degraded" | "healthy"'.
src/services/unified/UnifiedEnhancedPredictionService.ts(470,54): error TS2345: Argument of type '{ batchIndex: number; error: any; }' is not assignable to parameter of type 'string'.
src/services/unified/UnifiedEnhancedPredictionService.ts(478,53): error TS2345: Argument of type '{ totalRequests: number; successfulPredictions: number; failedPredictions: number; }' is not assignable to parameter of type 'string'.
src/services/unified/UnifiedEnhancedPredictionService.ts(509,66): error TS2345: Argument of type '{ predictionId: string; confidence: number; }' is not assignable to parameter of type 'string'.
src/services/unified/UnifiedEnhancedPredictionService.ts(514,7): error TS2322: Type '{ timestamp: string; prediction_confidence: number; mathematical_analysis: { stability_verified: boolean; convergence_achieved: boolean; }; performance_metrics: { cache_hit_rate: number; accuracy_estimate: number; }; }' is not assignable to type 'Partial<UnifiedPredictionResponse>'.
  Types of property 'mathematical_analysis' are incompatible.
    Type '{ stability_verified: boolean; convergence_achieved: boolean; }' is missing the following properties from type '{ rigor_score: number; stability_verified: boolean; convergence_achieved: boolean; theoretical_guarantees: Record<string, boolean>; numerical_stability: Record<string, boolean>; complexity_analysis: Record<...>; }': rigor_score, theoretical_guarantees, numerical_stability, complexity_analysis
src/services/unified/UnifiedEnhancedPredictionService.ts(516,71): error TS2345: Argument of type '{ predictionId: string; error: any; }' is not assignable to parameter of type 'string'.
src/services/unified/UnifiedErrorService.ts(28,20): error TS2416: Property 'logger' in type 'UnifiedErrorService' is not assignable to the same property in base type 'BaseService'.
  Type 'UnifiedLogger' is missing the following properties from type 'UnifiedLogger': config, serviceName, configure, formatMessage, trace
src/services/unified/UnifiedErrorService.ts(97,28): error TS2339: Property 'getTimeRangeInMs' does not exist on type 'UnifiedErrorService'.
src/services/unified/UnifiedErrorService.ts(154,29): error TS2339: Property 'includes' does not exist on type 'unknown'.
src/services/unified/UnifiedRecoveryService.ts(73,30): error TS2339: Property 'get' does not exist on type 'UnifiedSettingsService'.
src/services/unified/UnifiedRecoveryService.ts(74,35): error TS2339: Property 'get' does not exist on type 'UnifiedSettingsService'.
src/services/unified/UnifiedRecoveryService.ts(75,33): error TS2339: Property 'get' does not exist on type 'UnifiedSettingsService'.
src/services/unified/UnifiedRecoveryService.ts(76,33): error TS2339: Property 'get' does not exist on type 'UnifiedSettingsService'.
src/services/unified/UnifiedRecoveryService.ts(77,41): error TS2339: Property 'get' does not exist on type 'UnifiedSettingsService'.
src/services/unified/UnifiedRecoveryService.ts(78,42): error TS2339: Property 'get' does not exist on type 'UnifiedSettingsService'.
src/services/unified/UnifiedRecoveryService.ts(108,84): error TS2559: Type '"recovery"' has no properties in common with type 'Partial<LogContext>'.
src/services/unified/UnifiedRecoveryService.ts(132,61): error TS2345: Argument of type 'string' is not assignable to parameter of type 'Error'.
src/services/unified/UnifiedRecoveryService.ts(133,56): error TS2554: Expected 2 arguments, but got 3.
src/services/unified/UnifiedRecoveryService.ts(154,39): error TS2339: Property 'get' does not exist on type 'UnifiedSettingsService'.
src/services/unified/UnifiedRecoveryService.ts(163,56): error TS2345: Argument of type 'string' is not assignable to parameter of type 'Error'.
src/services/unified/UnifiedRecoveryService.ts(185,38): error TS2339: Property 'get' does not exist on type 'UnifiedSettingsService'.
src/services/unified/UnifiedServiceBase.ts(16,57): error TS2554: Expected 0 arguments, but got 1.
src/services/unified/UnifiedServiceBase.ts(17,71): error TS2554: Expected 0 arguments, but got 1.
src/services/unified/UnifiedServiceBase.ts(18,61): error TS2554: Expected 0 arguments, but got 1.
src/services/unified/UnifiedServiceBase.ts(19,63): error TS2554: Expected 0 arguments, but got 1.
src/services/unified/UnifiedServiceRegistry.ts(44,74): error TS2554: Expected 0 arguments, but got 1.
src/services/unified/UnifiedServiceRegistry.ts(126,19): error TS2345: Argument of type 'unknown' is not assignable to parameter of type 'WebSocketData'.
src/services/unified/UnifiedSettingsService.ts(102,49): error TS2345: Argument of type '(event: { currentSettings: AppSettings; }) => void' is not assignable to parameter of type 'EventHandler'.
  Types of parameters 'event' and 'data' are incompatible.
    Type 'WebSocketData' is not assignable to type '{ currentSettings: AppSettings; }'.
      Property 'currentSettings' is missing in type 'BetData' but required in type '{ currentSettings: AppSettings; }'.
src/services/unified/UnifiedSettingsService.ts(103,63): error TS2345: Argument of type '(event: { currentSettings: AppSettings; }) => void' is not assignable to parameter of type 'EventHandler'.
  Types of parameters 'event' and 'data' are incompatible.
    Type 'WebSocketData' is not assignable to type '{ currentSettings: AppSettings; }'.
      Property 'currentSettings' is missing in type 'BetData' but required in type '{ currentSettings: AppSettings; }'.
src/services/unified/UnifiedSettingsService.ts(167,32): error TS2345: Argument of type 'AppSettings' is not assignable to parameter of type 'Record<string, unknown>'.
  Index signature for type 'string' is missing in type 'AppSettings'.
src/services/unified/UnifiedSettingsService.ts(172,49): error TS2345: Argument of type 'AppSettings' is not assignable to parameter of type 'Record<string, unknown>'.
  Index signature for type 'string' is missing in type 'AppSettings'.
src/services/unified/UnifiedSettingsService.ts(173,27): error TS2345: Argument of type 'AppSettings' is not assignable to parameter of type 'Record<string, unknown>'.
  Index signature for type 'string' is missing in type 'AppSettings'.
src/services/unified/UnifiedWebSocketService.ts(58,11): error TS2559: Type 'string' has no properties in common with type 'Partial<LogContext>'.
src/services/unified/UnifiedWebSocketService.ts(66,47): error TS2559: Type 'string' has no properties in common with type 'Partial<LogContext>'.
src/services/unified/UnifiedWebSocketService.ts(84,48): error TS2559: Type 'string' has no properties in common with type 'Partial<LogContext>'.
src/services/unified/UnifiedWebSocketService.ts(99,15): error TS2353: Object literal may only specify known properties, and 'channel' does not exist in type 'WebSocketData'.
src/services/unified/UnifiedWebSocketService.ts(112,21): error TS2353: Object literal may only specify known properties, and 'channel' does not exist in type 'WebSocketData'.
src/services/unified/UnifiedWebSocketService.ts(144,60): error TS2559: Type 'string' has no properties in common with type 'Partial<LogContext>'.
src/services/unified/UnifiedWebSocketService.ts(209,32): error TS2339: Property 'message' does not exist on type 'WebSocketData'.
  Property 'message' does not exist on type 'BetData'.
src/services/unified/UnifiedWebSocketService.ts(230,9): error TS2559: Type 'string' has no properties in common with type 'Partial<LogContext>'.
src/services/unified/UnifiedWebSocketService.ts(233,56): error TS2345: Argument of type 'string' is not assignable to parameter of type 'Error'.
src/services/unified/UnifiedWebSocketService.ts(290,55): error TS2559: Type 'string' has no properties in common with type 'Partial<LogContext>'.
src/services/unified/WebSocketManager.ts(73,49): error TS2339: Property 'id' does not exist on type 'string'.
src/services/UnifiedDataService.ts(123,5): error TS2578: Unused '@ts-expect-error' directive.
src/services/UniversalServiceLayer.ts(198,14): error TS2323: Cannot redeclare exported variable 'UniversalPredictionService'.
src/services/UniversalServiceLayer.ts(294,14): error TS2323: Cannot redeclare exported variable 'UniversalBettingService'.
src/services/UniversalServiceLayer.ts(358,14): error TS2323: Cannot redeclare exported variable 'UniversalUserService'.
src/services/UniversalServiceLayer.ts(418,14): error TS2323: Cannot redeclare exported variable 'UniversalAnalyticsService'.
src/services/UniversalServiceLayer.ts(529,3): error TS2323: Cannot redeclare exported variable 'UniversalPredictionService'.
src/services/UniversalServiceLayer.ts(529,3): error TS2484: Export declaration conflicts with exported declaration of 'UniversalPredictionService'.
src/services/UniversalServiceLayer.ts(530,3): error TS2323: Cannot redeclare exported variable 'UniversalBettingService'.
src/services/UniversalServiceLayer.ts(530,3): error TS2484: Export declaration conflicts with exported declaration of 'UniversalBettingService'.
src/services/UniversalServiceLayer.ts(531,3): error TS2323: Cannot redeclare exported variable 'UniversalUserService'.
src/services/UniversalServiceLayer.ts(531,3): error TS2484: Export declaration conflicts with exported declaration of 'UniversalUserService'.
src/services/UniversalServiceLayer.ts(532,3): error TS2323: Cannot redeclare exported variable 'UniversalAnalyticsService'.
src/services/UniversalServiceLayer.ts(532,3): error TS2484: Export declaration conflicts with exported declaration of 'UniversalAnalyticsService'.
src/services/UniversalServiceLayer.ts(537,3): error TS2484: Export declaration conflicts with exported declaration of 'APIResponse'.
src/services/UniversalServiceLayer.ts(538,3): error TS2484: Export declaration conflicts with exported declaration of 'ServiceConfig'.
src/services/UniversalServiceLayer.ts(539,3): error TS2484: Export declaration conflicts with exported declaration of 'CacheConfig'.
src/services/UniversalServiceLayer.ts(540,3): error TS2484: Export declaration conflicts with exported declaration of 'Prediction'.
src/services/UniversalServiceLayer.ts(541,3): error TS2484: Export declaration conflicts with exported declaration of 'EngineMetrics'.
src/services/UniversalServiceLayer.ts(542,3): error TS2484: Export declaration conflicts with exported declaration of 'BetOpportunity'.
src/services/UniversalServiceLayer.ts(543,3): error TS2484: Export declaration conflicts with exported declaration of 'UserProfile'.
src/services/userService.ts(5,15): error TS2305: Module '"@/types"' has no exported member 'PrizePicksEntry'.
src/services/utils/index.ts(13,24): error TS2304: Cannot find name 'APIError'.
src/services/utils/index.ts(14,24): error TS2304: Cannot find name 'AppError'.
src/services/utils/index.ts(16,13): error TS2304: Cannot find name 'AppError'.
src/services/utils/index.ts(35,15): error TS2304: Cannot find name 'AppError'.
src/services/venue/VenueService.ts(3,17): error TS2305: Module '"axios"' has no exported member 'AxiosResponse'.
src/services/weatherModern.ts(22,26): error TS2345: Argument of type '"error:occurred"' is not assignable to parameter of type 'keyof EventMap'.
src/services/weatherModern.ts(35,26): error TS2345: Argument of type '"error:occurred"' is not assignable to parameter of type 'keyof EventMap'.
src/services/weatherModern.ts(47,26): error TS2345: Argument of type '"error:occurred"' is not assignable to parameter of type 'keyof EventMap'.
src/services/weatherModern.ts(53,26): error TS2345: Argument of type '"error:occurred"' is not assignable to parameter of type 'keyof EventMap'.
src/services/weatherModern.ts(65,26): error TS2345: Argument of type '"error:occurred"' is not assignable to parameter of type 'keyof EventMap'.
src/services/weatherModern.ts(71,26): error TS2345: Argument of type '"error:occurred"' is not assignable to parameter of type 'keyof EventMap'.
src/store/index.ts(1,10): error TS2305: Module '"@/types"' has no exported member 'Bet'.
src/store/index.ts(1,15): error TS2305: Module '"@/types"' has no exported member 'Headline'.
src/store/index.ts(1,25): error TS2305: Module '"@/types"' has no exported member 'PerformanceData'.
src/store/index.ts(1,42): error TS2305: Module '"@/types"' has no exported member 'Prop'.
src/store/index.ts(1,48): error TS2305: Module '"@/types"' has no exported member 'User'.
src/store/index.ts(1,54): error TS2305: Module '"@/types"' has no exported member 'UserStats'.
src/store/index.ts(98,10): error TS2305: Module '"./useAppStore"' has no exported member 'default'.
src/store/predictionStore.ts(2,31): error TS2305: Module '"@/types/predictions"' has no exported member 'MoneyMakerOpportunity'.
src/store/slices/betSlipSlice.ts(2,27): error TS2307: Cannot find module '../../../../shared/betting' or its corresponding type declarations.
src/store/slices/notificationSlice.ts(2,35): error TS2307: Cannot find module '../../../../shared/formatters' or its corresponding type declarations.
src/store/slices/prizePicksSlice.ts(7,8): error TS2307: Cannot find module '../../../../shared/prizePicks' or its corresponding type declarations.
src/stores/index.ts(4,27): error TS2724: '"./bettingStore"' has no exported member named 'BettingStore'. Did you mean 'useBettingStore'?
src/stores/index.ts(8,10): error TS2305: Module '"./slices/bettingSlice"' has no exported member 'BettingSlice'.
src/stores/index.ts(9,10): error TS2305: Module '"./slices/mlSlice"' has no exported member 'MLSlice'.
src/stores/index.ts(10,40): error TS2307: Cannot find module './slices/uiSlice' or its corresponding type declarations.
src/stores/index.ts(11,54): error TS2307: Cannot find module './slices/websocketSlice' or its corresponding type declarations.
src/stores/index.ts(46,18): error TS2304: Cannot find name 'createJSONStorage'.
src/stores/index.ts(91,40): error TS2339: Property 'placeBet' does not exist on type 'BettingState'.
src/stores/index.ts(92,47): error TS2339: Property 'updateActiveBet' does not exist on type 'BettingState'.
src/stores/index.ts(93,50): error TS2339: Property 'clearOpportunities' does not exist on type 'BettingState'.
src/stores/index.ts(108,50): error TS2339: Property 'loadInitialData' does not exist on type 'MoneyMakerStoreState & MoneyMakerStoreActions'.
src/stores/index.ts(109,49): error TS2339: Property 'handlePlaceBet' does not exist on type 'MoneyMakerStoreState & MoneyMakerStoreActions'.
src/stores/moneyMakerStore.ts(155,15): error TS2345: Argument of type '(state: MoneyMakerStoreState & MoneyMakerStoreActions) => { predictions: (MoneyMakerPrediction | { ...; })[]; }' is not assignable to parameter of type '(MoneyMakerStoreState & MoneyMakerStoreActions) | Partial<MoneyMakerStoreState & MoneyMakerStoreActions> | ((state: MoneyMakerStoreState & MoneyMakerStoreActions) => (MoneyMakerStoreState & MoneyMakerStoreActions) | Partial<...>)'.
  Type '(state: MoneyMakerStoreState & MoneyMakerStoreActions) => { predictions: (MoneyMakerPrediction | { ...; })[]; }' is not assignable to type '(state: MoneyMakerStoreState & MoneyMakerStoreActions) => (MoneyMakerStoreState & MoneyMakerStoreActions) | Partial<...>'.
    Type '{ predictions: (MoneyMakerPrediction | { riskProfile: RiskProfile; lastUpdate: string; eventId: string; marketType: string; selection: string; ... 10 more ...; status: "pending" | "active" | "completed" | "cancelled"; })[]; }' is not assignable to type '(MoneyMakerStoreState & MoneyMakerStoreActions) | Partial<MoneyMakerStoreState & MoneyMakerStoreActions>'.
      Type '{ predictions: (MoneyMakerPrediction | { riskProfile: RiskProfile; lastUpdate: string; eventId: string; marketType: string; selection: string; ... 10 more ...; status: "pending" | "active" | "completed" | "cancelled"; })[]; }' is not assignable to type 'Partial<MoneyMakerStoreState & MoneyMakerStoreActions>'.
        Types of property 'predictions' are incompatible.
          Type '(MoneyMakerPrediction | { riskProfile: RiskProfile; lastUpdate: string; eventId: string; marketType: string; selection: string; odds: number; confidence: number; ... 8 more ...; status: "pending" | ... 2 more ... | "cancelled"; })[]' is not assignable to type 'MoneyMakerPrediction[]'.
            Type 'MoneyMakerPrediction | { riskProfile: RiskProfile; lastUpdate: string; eventId: string; marketType: string; selection: string; odds: number; confidence: number; ... 8 more ...; status: "pending" | ... 2 more ... | "cancelled"; }' is not assignable to type 'MoneyMakerPrediction'.
              Type '{ riskProfile: RiskProfile; lastUpdate: string; eventId: string; marketType: string; selection: string; odds: number; confidence: number; expectedValue: number; kellyFraction: number; ... 6 more ...; status: "pending" | "active" | "completed" | "cancelled"; }' is not assignable to type 'MoneyMakerPrediction'.
                Types of property 'riskProfile' are incompatible.
                  Type 'RiskProfile' is missing the following properties from type '{ level: RiskLevel; score: number; factors: { name: string; impact: number; weight: number; }[]; }': score, factors
src/stores/moneyMakerStore.ts(248,59): error TS2551: Property 'getPredictions' does not exist on type 'PredictionService'. Did you mean 'getPrediction'?
src/stores/moneyMakerStore.ts(269,9): error TS2322: Type '(predictionId: string) => Promise<Record<string, unknown>>' is not assignable to type '(predictionId: string) => Promise<void>'.
  Type 'Promise<Record<string, unknown>>' is not assignable to type 'Promise<void>'.
    Type 'Record<string, unknown>' is not assignable to type 'void'.
src/stores/moneyMakerStore.ts(308,55): error TS2339: Property 'getModelMetrics' does not exist on type 'PredictionService'.
src/stores/slices/bettingSlice.ts(2,10): error TS2305: Module '"@/types"' has no exported member 'BettingState'.
src/stores/slices/bettingSlice.ts(2,24): error TS2305: Module '"@/types"' has no exported member 'RootState'.
src/stores/slices/mlSlice.ts(2,10): error TS2305: Module '"@/types"' has no exported member 'MLState'.
src/stores/slices/mlSlice.ts(2,19): error TS2305: Module '"@/types"' has no exported member 'RootState'.
src/stores/slices/mlSlice.ts(2,30): error TS2305: Module '"@/types"' has no exported member 'ModelMetrics'.
src/stores/slices/mlSlice.ts(2,44): error TS2305: Module '"@/types"' has no exported member 'Prediction'.
src/stores/slices/mlSlice.ts(2,56): error TS2305: Module '"@/types"' has no exported member 'DriftAlert'.
src/stores/slices/toastSlice.ts(2,10): error TS2305: Module '"@/types"' has no exported member 'Toast'.
src/stores/websocketStore.ts(3,10): error TS2300: Duplicate identifier 'webSocketManager'.
src/stores/websocketStore.ts(32,10): error TS2300: Duplicate identifier 'webSocketManager'.
src/stories/PredictionSummaryCard.stories.tsx(2,32): error TS2307: Cannot find module '@storybook/react' or its corresponding type declarations.
src/strategies/bettingStrategy.ts(11,8): error TS2307: Cannot find module '../../../shared/betting' or its corresponding type declarations.
src/strategies/bettingStrategy.ts(143,7): error TS2554: Expected 1-3 arguments, but got 4.
src/strategies/bettingStrategy.ts(225,7): error TS2554: Expected 1-3 arguments, but got 4.
src/strategies/ProjectionBettingStrategy.ts(41,11): error TS2740: Type '{ totalBets: number; winRate: number; averageOdds: number; roi: number; maxDrawdown: number; sharpeRatio: number; betterThanExpected: number; profitLoss: number; }' is missing the following properties from type 'PerformanceMetrics': clvAverage, edgeRetention, kellyMultiplier, marketEfficiencyScore, and 12 more.
src/strategies/ProjectionBettingStrategy.ts(62,11): error TS2352: Conversion of type 'IntegratedData' to type 'Record<string, unknown>' may be a mistake because neither type sufficiently overlaps with the other. If this was intentional, convert the expression to 'unknown' first.
  Index signature for type 'string' is missing in type 'IntegratedData'.
src/strategies/ProjectionBettingStrategy.ts(72,9): error TS2345: Argument of type 'unknown' is not assignable to parameter of type 'Record<string, unknown>'.
  Index signature for type 'string' is missing in type '{}'.
src/strategies/ProjectionBettingStrategy.ts(72,10): error TS2352: Conversion of type 'IntegratedData' to type 'Record<string, unknown>' may be a mistake because neither type sufficiently overlaps with the other. If this was intentional, convert the expression to 'unknown' first.
  Index signature for type 'string' is missing in type 'IntegratedData'.
src/strategies/ProjectionBettingStrategy.ts(76,48): error TS2339: Property 'startSpan' does not exist on type 'PerformanceMonitor'.
src/strategies/ProjectionBettingStrategy.ts(88,35): error TS2339: Property 'endSpan' does not exist on type 'PerformanceMonitor'.
src/strategies/ProjectionBettingStrategy.ts(90,35): error TS2339: Property 'endSpan' does not exist on type 'PerformanceMonitor'.
src/strategies/ProjectionBettingStrategy.ts(126,15): error TS2345: Argument of type 'unknown' is not assignable to parameter of type 'Record<string, unknown>'.
  Index signature for type 'string' is missing in type '{}'.
src/strategies/ProjectionBettingStrategy.ts(126,16): error TS2352: Conversion of type 'IntegratedData' to type 'Record<string, unknown>' may be a mistake because neither type sufficiently overlaps with the other. If this was intentional, convert the expression to 'unknown' first.
  Index signature for type 'string' is missing in type 'IntegratedData'.
src/strategies/ProjectionBettingStrategy.ts(130,18): error TS2352: Conversion of type 'IntegratedData' to type 'Record<string, unknown>' may be a mistake because neither type sufficiently overlaps with the other. If this was intentional, convert the expression to 'unknown' first.
  Index signature for type 'string' is missing in type 'IntegratedData'.
src/strategies/ProjectionBettingStrategy.ts(135,13): error TS2345: Argument of type 'Record<string, unknown>' is not assignable to parameter of type 'IntegratedData'.
  Type 'Record<string, unknown>' is missing the following properties from type 'IntegratedData': historical, market, sentiment, correlations, metadata
src/strategies/ProjectionBettingStrategy.ts(135,13): error TS2352: Conversion of type 'IntegratedData' to type 'Record<string, unknown>' may be a mistake because neither type sufficiently overlaps with the other. If this was intentional, convert the expression to 'unknown' first.
  Index signature for type 'string' is missing in type 'IntegratedData'.
src/strategies/ProjectionBettingStrategy.ts(138,13): error TS2352: Conversion of type 'IntegratedData' to type 'Record<string, unknown>' may be a mistake because neither type sufficiently overlaps with the other. If this was intentional, convert the expression to 'unknown' first.
  Index signature for type 'string' is missing in type 'IntegratedData'.
src/strategies/ProjectionBettingStrategy.ts(151,24): error TS2352: Conversion of type 'IntegratedData' to type 'Record<string, unknown>' may be a mistake because neither type sufficiently overlaps with the other. If this was intentional, convert the expression to 'unknown' first.
  Index signature for type 'string' is missing in type 'IntegratedData'.
src/strategies/ProjectionBettingStrategy.ts(166,5): error TS2322: Type '{ player: string; confidence: unknown; predictions: { points: { predicted: number; confidence: unknown; range: { min: number; max: number; }; }; rebounds: { predicted: number; confidence: unknown; range: { min: number; max: number; }; }; ... 4 more ...; minutes: { ...; }; }; metadata: { ...; }; }[]' is not assignable to type 'ProjectionAnalysis[]'.
  Type '{ player: string; confidence: unknown; predictions: { points: { predicted: number; confidence: unknown; range: { min: number; max: number; }; }; rebounds: { predicted: number; confidence: unknown; range: { min: number; max: number; }; }; ... 4 more ...; minutes: { ...; }; }; metadata: { ...; }; }' is not assignable to type 'ProjectionAnalysis'.
    The types of 'predictions.points.confidence' are incompatible between these types.
      Type 'unknown' is not assignable to type 'number'.
src/strategies/ProjectionBettingStrategy.ts(257,25): error TS2352: Conversion of type 'IntegratedData' to type 'Record<string, unknown>' may be a mistake because neither type sufficiently overlaps with the other. If this was intentional, convert the expression to 'unknown' first.
  Index signature for type 'string' is missing in type 'IntegratedData'.
src/strategies/ProjectionBettingStrategy.ts(301,24): error TS2352: Conversion of type 'IntegratedData' to type 'Record<string, unknown>' may be a mistake because neither type sufficiently overlaps with the other. If this was intentional, convert the expression to 'unknown' first.
  Index signature for type 'string' is missing in type 'IntegratedData'.
src/strategies/ProjectionBettingStrategy.ts(307,9): error TS2345: Argument of type 'unknown' is not assignable to parameter of type 'unknown[]'.
  Type '{}' is missing the following properties from type 'unknown[]': length, pop, push, concat, and 29 more.
src/strategies/ProjectionBettingStrategy.ts(337,57): error TS2345: Argument of type 'Record<string, unknown>' is not assignable to parameter of type 'IntegratedData'.
  Type 'Record<string, unknown>' is missing the following properties from type 'IntegratedData': historical, market, sentiment, correlations, metadata
src/strategies/ProjectionBettingStrategy.ts(374,50): error TS2339: Property 'isEnabled' does not exist on type 'FeatureFlags'.
src/test/integration/CompleteIntegrationTest.tsx(304,62): error TS2345: Argument of type '{ overall_status: "healthy"; component_status: { prediction_engine: string; feature_engineering: string; risk_management: string; data_pipeline: string; neuromorphic_engine: string; mamba_engine: string; causal_engine: string; topological_engine: string; riemannian_engine: string; }; ... 8 more ...; mathematical_rig...' is not assignable to parameter of type 'SystemHealthMetrics'.
  Types of property 'component_status' are incompatible.
    Type '{ prediction_engine: string; feature_engineering: string; risk_management: string; data_pipeline: string; neuromorphic_engine: string; mamba_engine: string; causal_engine: string; topological_engine: string; riemannian_engine: string; }' is not assignable to type 'Record<string, "failed" | "degraded" | "healthy">'.
      Property 'prediction_engine' is incompatible with index signature.
        Type 'string' is not assignable to type '"failed" | "degraded" | "healthy"'.
src/test/integration/CompleteIntegrationTest.tsx(398,9): error TS2339: Property 'toBeInTheDocument' does not exist on type 'Matchers<void, HTMLElement> & SnapshotMatchers<void, HTMLElement> & Inverse<JestMatchers<void, HTMLElement>> & PromiseMatchers<...>'.
src/test/integration/CompleteIntegrationTest.tsx(401,9): error TS2339: Property 'toBeInTheDocument' does not exist on type 'Matchers<void, HTMLElement> & SnapshotMatchers<void, HTMLElement> & Inverse<JestMatchers<void, HTMLElement>> & PromiseMatchers<...>'.
src/test/integration/CompleteIntegrationTest.tsx(404,9): error TS2339: Property 'toBeInTheDocument' does not exist on type 'Matchers<void, HTMLElement> & SnapshotMatchers<void, HTMLElement> & Inverse<JestMatchers<void, HTMLElement>> & PromiseMatchers<...>'.
src/test/integration/CompleteIntegrationTest.tsx(429,33): error TS2339: Property 'checked' does not exist on type 'HTMLElement'.
src/test/integration/CompleteIntegrationTest.tsx(430,26): error TS2339: Property 'checked' does not exist on type 'HTMLElement'.
src/test/integration/CompleteIntegrationTest.tsx(431,27): error TS2339: Property 'checked' does not exist on type 'HTMLElement'.
src/test/integration/CompleteIntegrationTest.tsx(432,32): error TS2339: Property 'checked' does not exist on type 'HTMLElement'.
src/test/integration/CompleteIntegrationTest.tsx(433,31): error TS2339: Property 'checked' does not exist on type 'HTMLElement'.
src/test/integration/CompleteIntegrationTest.tsx(460,43): error TS2339: Property 'toBeInTheDocument' does not exist on type 'Matchers<void, HTMLElement> & SnapshotMatchers<void, HTMLElement> & Inverse<JestMatchers<void, HTMLElement>> & PromiseMatchers<...>'.
src/test/integration/CompleteIntegrationTest.tsx(461,43): error TS2339: Property 'toBeInTheDocument' does not exist on type 'Matchers<void, HTMLElement> & SnapshotMatchers<void, HTMLElement> & Inverse<JestMatchers<void, HTMLElement>> & PromiseMatchers<...>'.
src/test/integration/CompleteIntegrationTest.tsx(478,43): error TS2339: Property 'toBeInTheDocument' does not exist on type 'Matchers<void, HTMLElement> & SnapshotMatchers<void, HTMLElement> & Inverse<JestMatchers<void, HTMLElement>> & PromiseMatchers<...>'.
src/test/integration/CompleteIntegrationTest.tsx(486,60): error TS2339: Property 'toBeInTheDocument' does not exist on type 'Matchers<void, HTMLElement> & SnapshotMatchers<void, HTMLElement> & Inverse<JestMatchers<void, HTMLElement>> & PromiseMatchers<...>'.
src/test/integration/CompleteIntegrationTest.tsx(487,52): error TS2339: Property 'toBeInTheDocument' does not exist on type 'Matchers<void, HTMLElement> & SnapshotMatchers<void, HTMLElement> & Inverse<JestMatchers<void, HTMLElement>> & PromiseMatchers<...>'.
src/test/integration/CompleteIntegrationTest.tsx(488,53): error TS2339: Property 'toBeInTheDocument' does not exist on type 'Matchers<void, HTMLElement> & SnapshotMatchers<void, HTMLElement> & Inverse<JestMatchers<void, HTMLElement>> & PromiseMatchers<...>'.
src/test/integration/CompleteIntegrationTest.tsx(489,57): error TS2339: Property 'toBeInTheDocument' does not exist on type 'Matchers<void, HTMLElement> & SnapshotMatchers<void, HTMLElement> & Inverse<JestMatchers<void, HTMLElement>> & PromiseMatchers<...>'.
src/test/integration/CompleteIntegrationTest.tsx(490,57): error TS2339: Property 'toBeInTheDocument' does not exist on type 'Matchers<void, HTMLElement> & SnapshotMatchers<void, HTMLElement> & Inverse<JestMatchers<void, HTMLElement>> & PromiseMatchers<...>'.
src/test/integration/CompleteIntegrationTest.tsx(505,43): error TS2339: Property 'toBeInTheDocument' does not exist on type 'Matchers<void, HTMLElement> & SnapshotMatchers<void, HTMLElement> & Inverse<JestMatchers<void, HTMLElement>> & PromiseMatchers<...>'.
src/test/integration/CompleteIntegrationTest.tsx(515,9): error TS2339: Property 'toBeInTheDocument' does not exist on type 'Matchers<void, HTMLElement> & SnapshotMatchers<void, HTMLElement> & Inverse<JestMatchers<void, HTMLElement>> & PromiseMatchers<...>'.
src/test/integration/CompleteIntegrationTest.tsx(516,59): error TS2339: Property 'toBeInTheDocument' does not exist on type 'Matchers<void, HTMLElement> & SnapshotMatchers<void, HTMLElement> & Inverse<JestMatchers<void, HTMLElement>> & PromiseMatchers<...>'.
src/test/integration/CompleteIntegrationTest.tsx(526,9): error TS2339: Property 'toBeInTheDocument' does not exist on type 'Matchers<void, HTMLElement> & SnapshotMatchers<void, HTMLElement> & Inverse<JestMatchers<void, HTMLElement>> & PromiseMatchers<...>'.
src/test/integration/CompleteIntegrationTest.tsx(531,9): error TS2339: Property 'toBeInTheDocument' does not exist on type 'Matchers<void, HTMLElement> & SnapshotMatchers<void, HTMLElement> & Inverse<JestMatchers<void, HTMLElement>> & PromiseMatchers<...>'.
src/test/integration/CompleteIntegrationTest.tsx(544,45): error TS2339: Property 'toBeInTheDocument' does not exist on type 'Matchers<void, HTMLElement> & SnapshotMatchers<void, HTMLElement> & Inverse<JestMatchers<void, HTMLElement>> & PromiseMatchers<...>'.
src/test/integration/CompleteIntegrationTest.tsx(545,43): error TS2339: Property 'toBeInTheDocument' does not exist on type 'Matchers<void, HTMLElement> & SnapshotMatchers<void, HTMLElement> & Inverse<JestMatchers<void, HTMLElement>> & PromiseMatchers<...>'.
src/test/integration/CompleteIntegrationTest.tsx(546,40): error TS2339: Property 'toBeInTheDocument' does not exist on type 'Matchers<void, HTMLElement> & SnapshotMatchers<void, HTMLElement> & Inverse<JestMatchers<void, HTMLElement>> & PromiseMatchers<...>'.
src/test/integration/CompleteIntegrationTest.tsx(567,11): error TS2339: Property 'toBeInTheDocument' does not exist on type 'Matchers<void, HTMLElement> & SnapshotMatchers<void, HTMLElement> & Inverse<JestMatchers<void, HTMLElement>> & PromiseMatchers<...>'.
src/test/integration/CompleteIntegrationTest.tsx(570,11): error TS2339: Property 'toBeInTheDocument' does not exist on type 'Matchers<void, HTMLElement> & SnapshotMatchers<void, HTMLElement> & Inverse<JestMatchers<void, HTMLElement>> & PromiseMatchers<...>'.
src/test/integration/CompleteIntegrationTest.tsx(593,43): error TS2339: Property 'toBeInTheDocument' does not exist on type 'Matchers<void, HTMLElement> & SnapshotMatchers<void, HTMLElement> & Inverse<JestMatchers<void, HTMLElement>> & PromiseMatchers<...>'.
src/test/integration/CompleteIntegrationTest.tsx(615,58): error TS2339: Property 'toBeInTheDocument' does not exist on type 'Matchers<void, HTMLElement> & SnapshotMatchers<void, HTMLElement> & Inverse<JestMatchers<void, HTMLElement>> & PromiseMatchers<...>'.
src/test/integration/CompleteIntegrationTest.tsx(616,47): error TS2339: Property 'toBeInTheDocument' does not exist on type 'Matchers<void, HTMLElement> & SnapshotMatchers<void, HTMLElement> & Inverse<JestMatchers<void, HTMLElement>> & PromiseMatchers<...>'.
src/test/integration/CompleteIntegrationTest.tsx(617,50): error TS2339: Property 'toBeInTheDocument' does not exist on type 'Matchers<void, HTMLElement> & SnapshotMatchers<void, HTMLElement> & Inverse<JestMatchers<void, HTMLElement>> & PromiseMatchers<...>'.
src/test/integration/CompleteIntegrationTest.tsx(670,43): error TS2339: Property 'toBeInTheDocument' does not exist on type 'Matchers<void, HTMLElement> & SnapshotMatchers<void, HTMLElement> & Inverse<JestMatchers<void, HTMLElement>> & PromiseMatchers<...>'.
src/test/integration/CompleteIntegrationTest.tsx(680,9): error TS2339: Property 'toBeInTheDocument' does not exist on type 'Matchers<void, HTMLElement> & SnapshotMatchers<void, HTMLElement> & Inverse<JestMatchers<void, HTMLElement>> & PromiseMatchers<...>'.
src/test/integration/CompleteIntegrationTest.tsx(700,41): error TS2339: Property 'toBeInTheDocument' does not exist on type 'Matchers<void, HTMLElement> & SnapshotMatchers<void, HTMLElement> & Inverse<JestMatchers<void, HTMLElement>> & PromiseMatchers<...>'.
src/test/integration/CompleteIntegrationTest.tsx(718,43): error TS2339: Property 'toBeInTheDocument' does not exist on type 'Matchers<void, HTMLElement> & SnapshotMatchers<void, HTMLElement> & Inverse<JestMatchers<void, HTMLElement>> & PromiseMatchers<...>'.
src/test/performanceMonitor.ts(2,23): error TS2323: Cannot redeclare exported variable 'measurePerformance'.
src/test/performanceMonitor.ts(15,10): error TS2323: Cannot redeclare exported variable 'measurePerformance'.
src/test/performanceMonitor.ts(15,10): error TS2484: Export declaration conflicts with exported declaration of 'measurePerformance'.
src/test/setup.ts(11,34): error TS2304: Cannot find name 'vi'.
src/test/setup.ts(20,28): error TS2304: Cannot find name 'vi'.
src/test/setup.ts(31,10): error TS2304: Cannot find name 'vi'.
src/test/setup.ts(35,18): error TS2304: Cannot find name 'vi'.
src/test/setup.ts(36,21): error TS2304: Cannot find name 'vi'.
src/test/setup.ts(37,23): error TS2304: Cannot find name 'vi'.
src/test/setup.ts(38,26): error TS2304: Cannot find name 'vi'.
src/test/setup.ts(39,20): error TS2304: Cannot find name 'vi'.
src/test/setup.ts(45,12): error TS2304: Cannot find name 'vi'.
src/test/setup.ts(46,12): error TS2304: Cannot find name 'vi'.
src/test/setup.ts(47,15): error TS2304: Cannot find name 'vi'.
src/test/setup.ts(48,10): error TS2304: Cannot find name 'vi'.
src/test/setup.ts(127,10): error TS2304: Cannot find name 'vi'.
src/test/setup.ts(129,24): error TS2304: Cannot find name 'vi'.
src/tests/PredictionPipelineTest.ts(46,48): error TS2339: Property 'length' does not exist on type 'unknown'.
src/types/index.ts(338,17): error TS2304: Cannot find name 'Sport'.
src/types/index.ts(350,13): error TS2304: Cannot find name 'PropType'.
src/types/index.ts(355,10): error TS2304: Cannot find name 'Sport'.
src/types/lineup.ts(1,10): error TS2305: Module '"./predictions"' has no exported member 'MoneyMakerLeg'.
src/types/lineup.ts(106,37): error TS2339: Property 'prediction' does not exist on type '{ probability: number; confidence: number; edge: number; }'.
src/types/lineup.ts(107,36): error TS2339: Property 'prediction' does not exist on type '{ probability: number; confidence: number; edge: number; }'.
src/types/lineup.ts(108,30): error TS2339: Property 'prediction' does not exist on type '{ probability: number; confidence: number; edge: number; }'.
src/types/prediction.ts(214,3): error TS2717: Subsequent property declarations must have the same type.  Property 'prediction' must be of type 'ModelOutput', but here has type 'PredictionModel'.
src/types/prediction.ts(215,3): error TS2717: Subsequent property declarations must have the same type.  Property 'metrics' must be of type 'PredictionMetrics', but here has type 'ModelMetrics'.
src/types/prediction.ts(253,3): error TS2717: Subsequent property declarations must have the same type.  Property 'features' must be of type 'Record<string, number>', but here has type 'Record<string, any>'.
src/types/prizePicks.ts(77,18): error TS2304: Cannot find name 'DetailedProp'.
src/types/shared.ts(6,15): error TS2305: Module '"./core.js"' has no exported member 'ModelPerformance'.
src/types/shared.ts(6,33): error TS2305: Module '"./core.js"' has no exported member 'ShapExplanation'.
src/unified/PerformanceMonitor.ts(131,5): error TS2740: Type '{ timestamp: number; cpu: { usage: number; cores: number; temperature: number; }; memory: { total: number; used: number; free: number; swap: number; }; network: { bytesIn: number; bytesOut: number; connections: number; latency: number; }; ... 4 more ...; uptime: number; }' is missing the following properties from type 'PerformanceMetrics': totalBets, winRate, roi, profitLoss, and 11 more.
src/unified/PerformanceMonitor.ts(199,21): error TS2339: Property 'memory' does not exist on type 'Performance'.
src/unified/PerformanceMonitor.ts(201,28): error TS2339: Property 'memory' does not exist on type 'Performance'.
src/unified/PerformanceMonitor.ts(202,27): error TS2339: Property 'memory' does not exist on type 'Performance'.
src/unified/PerformanceMonitor.ts(203,27): error TS2339: Property 'memory' does not exist on type 'Performance'.
src/unified/PerformanceMonitor.ts(203,64): error TS2339: Property 'memory' does not exist on type 'Performance'.
src/unified/PerformanceMonitor.ts(209,19): error TS2339: Property 'connection' does not exist on type 'Navigator'.
src/unified/PerformanceMonitor.ts(210,43): error TS2339: Property 'connection' does not exist on type 'Navigator'.
src/unified/PerformanceMonitor.ts(240,44): error TS2345: Argument of type '{ lastUpdate: number; component: string; timestamp: number; value?: number; errorRate?: number; throughput?: number; resourceUsage?: { cpu: number; memory: number; network: number; }; riskMitigation?: { ...; }; renderCount: number; renderTime: number; memoryUsage: number; errorCount: number; } | { ...; }' is not assignable to parameter of type 'ComponentMetrics'.
  Type '{ lastUpdate: number; component?: string; timestamp?: number; value?: number; errorRate?: number; throughput?: number; resourceUsage?: { cpu: number; memory: number; network: number; }; ... 4 more ...; errorCount: number; }' is not assignable to type 'ComponentMetrics'.
    Property 'component' is optional in type '{ lastUpdate: number; component?: string; timestamp?: number; value?: number; errorRate?: number; throughput?: number; resourceUsage?: { cpu: number; memory: number; network: number; }; riskMitigation?: { ...; }; renderCount: number; renderTime: number; memoryUsage: number; errorCount: number; }' but required in type 'ComponentMetrics'.
src/unified/PerformanceMonitor.ts(263,5): error TS2740: Type '{ timestamp: number; cpu: { usage: number; cores: number; temperature: number; }; memory: { total: number; used: number; free: number; swap: number; }; network: { bytesIn: number; bytesOut: number; connections: number; latency: number; }; ... 4 more ...; uptime: number; }' is missing the following properties from type 'PerformanceMetrics': totalBets, winRate, roi, profitLoss, and 11 more.
src/utils/AdvancedAnalysisEngine.ts(107,21): error TS2339: Property 'publish' does not exist on type 'EventBus'.
src/utils/AnalysisFramework.ts(1,26): error TS2307: Cannot find module './EventBus' or its corresponding type declarations.
src/utils/AnalysisFramework.ts(3,49): error TS2307: Cannot find module '../core/types/core' or its corresponding type declarations.
src/utils/AnalysisFramework.ts(4,32): error TS2307: Cannot find module './UnifiedMonitor' or its corresponding type declarations.
src/utils/AnalysisFramework.ts(128,75): error TS2554: Expected 1 arguments, but got 2.
src/utils/analyticsHelpers.ts(1,33): error TS2307: Cannot find module '../frontend/src/types' or its corresponding type declarations.
src/utils/api.ts(1,17): error TS2305: Module '"axios"' has no exported member 'AxiosInstance'.
src/utils/api.ts(1,32): error TS2305: Module '"axios"' has no exported member 'AxiosRequestConfig'.
src/utils/api.ts(1,52): error TS2305: Module '"axios"' has no exported member 'AxiosResponse'.
src/utils/api.ts(1,67): error TS2305: Module '"axios"' has no exported member 'AxiosError'.
src/utils/apiUtils.ts(1,17): error TS2305: Module '"axios"' has no exported member 'AxiosError'.
src/utils/apiUtils.ts(1,29): error TS2305: Module '"axios"' has no exported member 'AxiosRequestConfig'.
src/utils/apiUtils.ts(27,7): error TS2322: Type 'unknown' is not assignable to type 'T'.
  'T' could be instantiated with an arbitrary type which could be unrelated to 'unknown'.
src/utils/app.ts(1,40): error TS2307: Cannot find module './services/unified/UnifiedServiceRegistry' or its corresponding type declarations.
src/utils/app.ts(2,31): error TS2307: Cannot find module './unified/UnifiedLogger' or its corresponding type declarations.
src/utils/app.ts(3,37): error TS2307: Cannot find module './services/unified/UnifiedErrorService' or its corresponding type declarations.
src/utils/app.ts(4,41): error TS2307: Cannot find module './services/unified/UnifiedWebSocketService' or its corresponding type declarations.
src/utils/app.ts(5,37): error TS2307: Cannot find module './services/unified/UnifiedStateService' or its corresponding type declarations.
src/utils/app.ts(6,40): error TS2307: Cannot find module './services/unified/UnifiedSettingsService' or its corresponding type declarations.
src/utils/app.ts(7,44): error TS2307: Cannot find module './services/unified/UnifiedNotificationService' or its corresponding type declarations.
src/utils/backendStarter.ts(38,28): error TS2339: Property 'status' does not exist on type 'unknown'.
src/utils/browser.ts(1,10): error TS2305: Module '"@/types"' has no exported member 'Player'.
src/utils/browser.ts(1,18): error TS2305: Module '"@/types"' has no exported member 'Entry'.
src/utils/browser.ts(1,25): error TS2305: Module '"@/types"' has no exported member 'Lineup'.
src/utils/browser.ts(1,33): error TS2305: Module '"@/types"' has no exported member 'EntryStatus'.
src/utils/browser.ts(1,46): error TS2305: Module '"@/types"' has no exported member 'LineupType'.
src/utils/browser.ts(1,58): error TS2305: Module '"@/types"' has no exported member 'PropType'.
src/utils/combinationsWorker.ts(1,10): error TS2724: '"../api/PrizePicksAPI"' has no exported member named 'PrizePicksProjection'. Did you mean 'RawPrizePicksProjection'?
src/utils/DailyFantasyAdapter.ts(69,46): error TS2339: Property 'startSpan' does not exist on type 'PerformanceMonitor'.
src/utils/DailyFantasyAdapter.ts(85,31): error TS2339: Property 'endSpan' does not exist on type 'PerformanceMonitor'.
src/utils/DailyFantasyAdapter.ts(94,27): error TS2339: Property 'publish' does not exist on type 'EventBus'.
src/utils/DataIntegrationHub.ts(6,51): error TS2307: Cannot find module '../betaTest4/src/adapters/PrizePicksAdapter' or its corresponding type declarations.
src/utils/DataIntegrationHub.ts(119,57): error TS2554: Expected 0 arguments, but got 1.
src/utils/DataIntegrationHub.ts(332,17): error TS2339: Property 'playerId' does not exist on type '{ name: string; team: string; position: string; opp_team: string; game_date: string; is_home: boolean; pts: number; reb: number; ast: number; stl: number; blk: number; three_pt: number; min: number; }'.
src/utils/DataIntegrationHub.ts(332,35): error TS2339: Property 'stats' does not exist on type '{ name: string; team: string; position: string; opp_team: string; game_date: string; is_home: boolean; pts: number; reb: number; ast: number; stl: number; blk: number; three_pt: number; min: number; }'.
src/utils/DataIntegrationHub.ts(334,32): error TS2339: Property 'playerId' does not exist on type '{ name: string; team: string; position: string; opp_team: string; game_date: string; is_home: boolean; pts: number; reb: number; ast: number; stl: number; blk: number; three_pt: number; min: number; }'.
src/utils/DataIntegrationHub.ts(335,21): error TS2339: Property 'stats' does not exist on type '{ name: string; team: string; position: string; opp_team: string; game_date: string; is_home: boolean; pts: number; reb: number; ast: number; stl: number; blk: number; three_pt: number; min: number; }'.
src/utils/DataIntegrationHub.ts(336,26): error TS2339: Property 'confidence' does not exist on type '{ name: string; team: string; position: string; opp_team: string; game_date: string; is_home: boolean; pts: number; reb: number; ast: number; stl: number; blk: number; three_pt: number; min: number; }'.
src/utils/DataIntegrationHub.ts(336,58): error TS2339: Property 'confidence' does not exist on type '{ name: string; team: string; position: string; opp_team: string; game_date: string; is_home: boolean; pts: number; reb: number; ast: number; stl: number; blk: number; three_pt: number; min: number; }'.
src/utils/DataIntegrationHub.ts(337,27): error TS2339: Property 'lastUpdated' does not exist on type '{ name: string; team: string; position: string; opp_team: string; game_date: string; is_home: boolean; pts: number; reb: number; ast: number; stl: number; blk: number; three_pt: number; min: number; }'.
src/utils/DataIntegrationHub.ts(590,30): error TS2339: Property 'sourceId' does not exist on type 'unknown'.
src/utils/DataIntegrationHub.ts(599,17): error TS2339: Property 'source' does not exist on type 'unknown'.
src/utils/DataIntegrationHub.ts(599,43): error TS2339: Property 'source' does not exist on type 'unknown'.
src/utils/DataIntegrationHub.ts(609,17): error TS2339: Property 'section' does not exist on type 'unknown'.
src/utils/DataIntegrationHub.ts(609,52): error TS2339: Property 'section' does not exist on type 'unknown'.
src/utils/DataPipeline.ts(107,19): error TS2339: Property 'publish' does not exist on type 'EventBus'.
src/utils/DataPipeline.ts(130,19): error TS2339: Property 'publish' does not exist on type 'EventBus'.
src/utils/DataPipeline.ts(142,79): error TS2554: Expected 1 arguments, but got 2.
src/utils/DataPipeline.ts(186,21): error TS2339: Property 'publish' does not exist on type 'EventBus'.
src/utils/DataPipeline.ts(201,21): error TS2339: Property 'publish' does not exist on type 'EventBus'.
src/utils/encryption.ts(1,26): error TS2307: Cannot find module 'crypto-js' or its corresponding type declarations.
src/utils/errorHandler.ts(4,32): error TS2307: Cannot find module '../unified/UnifiedMonitor' or its corresponding type declarations.
src/utils/errorHandler.ts(5,10): error TS2305: Module '"../unified/UnifiedConfig"' has no exported member 'UnifiedConfigManager'.
src/utils/errorHandler.ts(16,8): error TS2307: Cannot find module '../unified/UnifiedError' or its corresponding type declarations.
src/utils/errorHandler.ts(171,26): error TS2345: Argument of type '"data:updated"' is not assignable to parameter of type 'keyof EventMap'.
src/utils/errorHandler.ts(269,24): error TS2345: Argument of type '"data:updated"' is not assignable to parameter of type 'keyof EventMap'.
src/utils/ESPNAdapter.ts(62,21): error TS2339: Property 'publish' does not exist on type 'EventBus'.
src/utils/FeatureComposition.ts(47,87): error TS2554: Expected 1 arguments, but got 2.
src/utils/FeatureComposition.ts(65,21): error TS2339: Property 'publish' does not exist on type 'EventBus'.
src/utils/FeatureComposition.ts(87,21): error TS2339: Property 'publish' does not exist on type 'EventBus'.
src/utils/FeatureComposition.ts(156,19): error TS2339: Property 'publish' does not exist on type 'EventBus'.
src/utils/performanceTracking.ts(14,38): error TS2339: Property 'startTransaction' does not exist on type 'typeof import("C:/Users/bcmad/Downloads/A1Betting-master (7)/A1Betting-master/frontend/node_modules/@sentry/react/build/types/index")'.
src/utils/performanceTracking.ts(43,34): error TS2339: Property 'startTransaction' does not exist on type 'typeof import("C:/Users/bcmad/Downloads/A1Betting-master (7)/A1Betting-master/frontend/node_modules/@sentry/react/build/types/index")'.
src/utils/performanceTracking.ts(81,36): error TS2339: Property 'startChild' does not exist on type 'Span'.
src/utils/performanceTracking.ts(101,14): error TS2339: Property 'finish' does not exist on type 'Span'.
src/utils/performanceTracking.ts(151,25): error TS2339: Property 'data' does not exist on type 'Span'.
src/utils/performanceTracking.ts(151,42): error TS2339: Property 'data' does not exist on type 'Span'.
src/utils/performanceTracking.ts(152,20): error TS2339: Property 'setMeasurement' does not exist on type 'Span'.
src/utils/performanceTracking.ts(156,24): error TS2339: Property 'setTag' does not exist on type 'Span'.
src/utils/PredictionEngine.ts(200,30): error TS2304: Cannot find name 'EventBus'.
src/utils/PredictionEngine.ts(219,21): error TS2304: Cannot find name 'EventBus'.
src/utils/PredictionEngine.ts(286,37): error TS2345: Argument of type 'StreamingDataPipeline<unknown, unknown>' is not assignable to parameter of type 'StreamingDataPipeline<Record<string, unknown>, Record<string, unknown>>'.
  Type 'unknown' is not assignable to type 'Record<string, unknown>'.
    Index signature for type 'string' is missing in type '{}'.
src/utils/PredictionEngine.ts(329,54): error TS2339: Property 'listPlugins' does not exist on type 'AnalysisRegistry'.
src/utils/PredictionEngine.ts(365,23): error TS2304: Cannot find name 'PlayerProp'.
src/utils/PredictionEngine.ts(380,39): error TS2304: Cannot find name 'PlayerProp'.
src/utils/PredictionEngine.ts(385,45): error TS2304: Cannot find name 'PlayerProp'.
src/utils/ProjectionAnalyzer.ts(63,48): error TS2339: Property 'startSpan' does not exist on type 'PerformanceMonitor'.
src/utils/ProjectionAnalyzer.ts(75,35): error TS2339: Property 'endSpan' does not exist on type 'PerformanceMonitor'.
src/utils/ProjectionAnalyzer.ts(77,35): error TS2339: Property 'endSpan' does not exist on type 'PerformanceMonitor'.
src/utils/ProjectionAnalyzer.ts(124,19): error TS2339: Property 'publish' does not exist on type 'EventBus'.
src/utils/security.ts(1,23): error TS2307: Cannot find module 'dompurify' or its corresponding type declarations.
src/utils/setupE2ETests.ts(5,7): error TS2420: Class 'MockWebSocket' incorrectly implements interface 'WebSocket'.
  Type 'MockWebSocket' is missing the following properties from type 'WebSocket': CONNECTING, OPEN, CLOSING, CLOSED
src/utils/setupE2ETests.ts(35,7): error TS2684: The 'this' context of type 'this' is not assignable to method's 'this' of type 'WebSocket'.
  Type 'MockWebSocket' is missing the following properties from type 'WebSocket': CONNECTING, OPEN, CLOSING, CLOSED
src/utils/setupE2ETests.ts(52,7): error TS2684: The 'this' context of type 'this' is not assignable to method's 'this' of type 'WebSocket'.
  Type 'MockWebSocket' is missing the following properties from type 'WebSocket': CONNECTING, OPEN, CLOSING, CLOSED
src/utils/setupE2ETests.ts(62,7): error TS2684: The 'this' context of type 'this' is not assignable to method's 'this' of type 'WebSocket'.
  Type 'MockWebSocket' is missing the following properties from type 'WebSocket': CONNECTING, OPEN, CLOSING, CLOSED
src/utils/setupE2ETests.ts(69,7): error TS2684: The 'this' context of type 'this' is not assignable to method's 'this' of type 'WebSocket'.
  Type 'MockWebSocket' is missing the following properties from type 'WebSocket': CONNECTING, OPEN, CLOSING, CLOSED
src/utils/setupE2ETests.ts(185,3): error TS2322: Type 'string' is not assignable to type '{ (regexp: string | RegExp): number; (searcher: { [Symbol.search](string: string): number; }): number; } & string'.
  Type 'string' is not assignable to type '{ (regexp: string | RegExp): number; (searcher: { [Symbol.search](string: string): number; }): number; }'.
src/utils/setupE2ETests.ts(188,3): error TS2322: Type 'Mock<UnknownFunction>' is not assignable to type '{ (searchValue: string | RegExp, replaceValue: string): string; (searchValue: string | RegExp, replacer: (substring: string, ...args: any[]) => string): string; (searchValue: { ...; }, replaceValue: string): string; (searchValue: { ...; }, replacer: (substring: string, ...args: any[]) => string): string; } & ((url: ...'.
  Type 'Mock<UnknownFunction>' is not assignable to type '{ (searchValue: string | RegExp, replaceValue: string): string; (searchValue: string | RegExp, replacer: (substring: string, ...args: any[]) => string): string; (searchValue: { ...; }, replaceValue: string): string; (searchValue: { ...; }, replacer: (substring: string, ...args: any[]) => string): string; }'.
    Type 'unknown' is not assignable to type 'string'.
src/utils/setupE2ETests.ts(231,14): error TS2304: Cannot find name 'args'.
src/utils/setupE2ETests.ts(232,7): error TS2304: Cannot find name 'args'.
src/utils/setupE2ETests.ts(236,36): error TS2304: Cannot find name 'args'.
src/utils/setupIntegrationTests.ts(5,7): error TS2420: Class 'MockWebSocket' incorrectly implements interface 'WebSocket'.
  Type 'MockWebSocket' is missing the following properties from type 'WebSocket': CONNECTING, OPEN, CLOSING, CLOSED
src/utils/setupIntegrationTests.ts(30,7): error TS2684: The 'this' context of type 'this' is not assignable to method's 'this' of type 'WebSocket'.
  Type 'MockWebSocket' is missing the following properties from type 'WebSocket': CONNECTING, OPEN, CLOSING, CLOSED
src/utils/setupIntegrationTests.ts(47,7): error TS2684: The 'this' context of type 'this' is not assignable to method's 'this' of type 'WebSocket'.
  Type 'MockWebSocket' is missing the following properties from type 'WebSocket': CONNECTING, OPEN, CLOSING, CLOSED
src/utils/setupIntegrationTests.ts(57,7): error TS2684: The 'this' context of type 'this' is not assignable to method's 'this' of type 'WebSocket'.
  Type 'MockWebSocket' is missing the following properties from type 'WebSocket': CONNECTING, OPEN, CLOSING, CLOSED
src/utils/setupIntegrationTests.ts(64,7): error TS2684: The 'this' context of type 'this' is not assignable to method's 'this' of type 'WebSocket'.
  Type 'MockWebSocket' is missing the following properties from type 'WebSocket': CONNECTING, OPEN, CLOSING, CLOSED
src/utils/setupIntegrationTests.ts(173,14): error TS2304: Cannot find name 'args'.
src/utils/setupIntegrationTests.ts(174,7): error TS2304: Cannot find name 'args'.
src/utils/setupIntegrationTests.ts(178,36): error TS2304: Cannot find name 'args'.
src/utils/setupTests.ts(9,1): error TS2304: Cannot find name 'globalAny'.
src/utils/setupTests.ts(9,20): error TS2304: Cannot find name 'globalAny'.
src/utils/setupTests.ts(10,1): error TS2304: Cannot find name 'globalAny'.
src/utils/setupTests.ts(10,25): error TS2304: Cannot find name 'globalAny'.
src/utils/setupTests.ts(11,1): error TS2304: Cannot find name 'globalAny'.
src/utils/setupTests.ts(11,29): error TS2304: Cannot find name 'globalAny'.
src/utils/setupTests.ts(15,1): error TS2304: Cannot find name 'globalAny'.
src/utils/setupTests.ts(16,1): error TS2304: Cannot find name 'globalAny'.
src/utils/setupTests.ts(17,1): error TS2304: Cannot find name 'globalAny'.
src/utils/setupTests.ts(21,1): error TS2304: Cannot find name 'globalAny'.
src/utils/setupTests.ts(22,1): error TS2304: Cannot find name 'globalAny'.
src/utils/setupTests.ts(23,1): error TS2304: Cannot find name 'globalAny'.
src/utils/setupTests.ts(207,14): error TS2304: Cannot find name 'args'.
src/utils/setupTests.ts(208,7): error TS2304: Cannot find name 'args'.
src/utils/setupTests.ts(212,36): error TS2304: Cannot find name 'args'.
src/utils/StrategyComposition.ts(44,30): error TS2304: Cannot find name 'EventBus'.
src/utils/StrategyComposition.ts(45,40): error TS2304: Cannot find name 'PerformanceMonitor'.
src/utils/StrategyComposition.ts(49,21): error TS2304: Cannot find name 'EventBus'.
src/utils/StrategyComposition.ts(50,31): error TS2304: Cannot find name 'PerformanceMonitor'.
src/utils/StrategyComposition.ts(204,35): error TS2322: Type 'unknown' is not assignable to type 'number'.
src/utils/StrategyComposition.ts(205,36): error TS2322: Type 'unknown' is not assignable to type 'number'.
src/utils/StrategyComposition.ts(206,30): error TS2322: Type 'unknown' is not assignable to type 'number'.
src/utils/StrategyComposition.ts(221,33): error TS2322: Type 'unknown' is not assignable to type 'number'.
src/utils/StrategyComposition.ts(222,35): error TS2322: Type 'unknown' is not assignable to type 'number'.
src/utils/StrategyComposition.ts(229,36): error TS2322: Type 'unknown' is not assignable to type 'number'.
src/utils/StrategyComposition.ts(230,34): error TS2322: Type 'unknown' is not assignable to type 'number'.
src/utils/StrategyComposition.ts(237,36): error TS2322: Type 'unknown' is not assignable to type 'number'.
src/utils/StrategyComposition.ts(238,35): error TS2322: Type 'unknown' is not assignable to type 'number'.
src/utils/StrategyEngine.ts(340,7): error TS2353: Object literal may only specify known properties, and 'analysis' does not exist in type 'StrategyRecommendation'.
src/utils/StrategyEngine.ts(469,7): error TS2353: Object literal may only specify known properties, and 'level' does not exist in type 'RiskAssessment'.
src/utils/StrategyEngine.ts(736,31): error TS2339: Property 'expectedValue' does not exist on type 'StrategyRecommendation'.
src/utils/StrategyEngine.ts(736,76): error TS2339: Property 'expectedValue' does not exist on type 'StrategyRecommendation'.
src/utils/StrategyEngine.ts(739,74): error TS2339: Property 'level' does not exist on type 'RiskAssessment'.
src/utils/StrategyEngine.ts(762,60): error TS2339: Property 'level' does not exist on type 'RiskAssessment'.
src/utils/StrategyEngine.ts(783,9): error TS2353: Object literal may only specify known properties, and 'expectedValue' does not exist in type 'StrategyRecommendation'.
src/utils/TheOddsAdapter.ts(81,21): error TS2339: Property 'publish' does not exist on type 'EventBus'.
src/utils/UltimateUtils.ts(250,54): error TS2322: Type 'string' is not assignable to type '"win" | "loss"'.
src/utils/UnifiedBettingAnalytics-MyPC.ts(1,8): error TS2300: Duplicate identifier 'EventEmitter'.
src/utils/UnifiedBettingAnalytics-MyPC.ts(36,8): error TS2300: Duplicate identifier 'EventEmitter'.
src/utils/UnifiedBettingAnalytics-MyPC.ts(63,32): error TS2345: Argument of type 'unknown' is not assignable to parameter of type 'Record<string, unknown>'.
  Index signature for type 'string' is missing in type '{}'.
src/utils/UnifiedBettingAnalytics-MyPC.ts(68,30): error TS2345: Argument of type 'unknown' is not assignable to parameter of type 'Record<string, unknown>'.
  Index signature for type 'string' is missing in type '{}'.
src/utils/UnifiedBettingAnalytics-MyPC.ts(93,64): error TS2345: Argument of type 'unknown' is not assignable to parameter of type 'Record<string, unknown>'.
  Index signature for type 'string' is missing in type '{}'.
src/utils/UnifiedBettingAnalytics-MyPC.ts(99,50): error TS2345: Argument of type 'unknown' is not assignable to parameter of type 'Record<string, unknown>'.
  Index signature for type 'string' is missing in type '{}'.
src/utils/UnifiedBettingAnalytics-MyPC.ts(149,40): error TS2339: Property 'shap_values' does not exist on type 'AnalysisResult'.
src/utils/UnifiedBettingAnalytics-MyPC.ts(150,64): error TS2339: Property 'expected_value' does not exist on type '{ data_quality: number; prediction_stability: number; market_efficiency: number; playerId: string; metric: string; }'.
src/utils/UnifiedBettingCore.ts(37,7): error TS2353: Object literal may only specify known properties, and 'clvAverage' does not exist in type 'PerformanceMetrics'.
src/utils/UnifiedBettingCore.ts(55,35): error TS2339: Property 'playerId' does not exist on type 'BettingContext'.
src/utils/UnifiedBettingCore.ts(55,70): error TS2339: Property 'metrics' does not exist on type 'BettingContext'.
