============================= test session starts =============================
platform win32 -- Python 3.12.0, pytest-8.4.1, pluggy-1.6.0
rootdir: C:\Users\bcmad\Downloads\A1Betting7-13.2\backend
configfile: pytest.ini
plugins: anyio-4.9.0, asyncio-1.1.0
asyncio: mode=Mode.STRICT, asyncio_default_fixture_loop_scope=None, asyncio_default_test_loop_scope=function
collected 18 items

backend\test_main_endpoints.py ..................                        [100%]

============================= 18 passed in 0.45s ==============================
